
> pokko-fushigi-zukan-app@0.0.0 build
> tsc -b && vite build && npm run assets:check

vite v7.3.1 building client environment for production...
transforming...
Browserslist: browsers data (caniuse-lite) is 8 months old. Please run:
  npx update-browserslist-db@latest
  Why you should do it regularly: https://github.com/browserslist/update-db#readme
✓ 3573 modules transformed.
Generated an empty chunk: "pdf".
rendering chunks...
computing gzip size...
dist/version.json                                   0.42 kB │ gzip:   0.25 kB
dist/index.html                                     1.58 kB │ gzip:   0.72 kB
dist/assets/NotoSansJP-C_ziqpoc.woff2              13.06 kB
dist/assets/IslandWelcome-BJp8Sa-m.css              2.05 kB │ gzip:   0.72 kB
dist/assets/Island-DldxCEPA.css                    23.59 kB │ gzip:   4.86 kB
dist/assets/Island-Hq-fGzgz.css                    75.88 kB │ gzip:  12.53 kB
dist/assets/index-BLZp6t_E.css                    251.74 kB │ gzip:  42.56 kB
dist/assets/pdf-l0sNRNKZ.js                         0.00 kB │ gzip:   0.02 kB
dist/assets/IslandWelcome-vCMHqB31.js               1.94 kB │ gzip:   1.04 kB
dist/assets/IslandOnboarding-CpicvWbs.js            3.45 kB │ gzip:   1.50 kB
dist/assets/ThreeParkStage-C8NvWrf-.js             15.55 kB │ gzip:   6.82 kB
dist/assets/LearningAnswerForm-D20jEG_L.js         16.02 kB │ gzip:   6.56 kB
dist/assets/Park-dq5NkqxH.js                       16.50 kB │ gzip:   5.77 kB
dist/assets/icons-CEU_tEBR.js                      26.13 kB │ gzip:   9.72 kB
dist/assets/audio-DwtSHwBT.js                      36.13 kB │ gzip:   9.75 kB
dist/assets/islandFurniturePlacement-CNWuB7ef.js   42.09 kB │ gzip:  12.18 kB
dist/assets/react-DcHpdqMy.js                      48.53 kB │ gzip:  17.24 kB
dist/assets/Island-BE6wKJe4.js                     63.87 kB │ gzip:  19.83 kB
dist/assets/data-DHx4MMMe.js                       96.36 kB │ gzip:  32.45 kB
dist/assets/motion-iLBaTeAD.js                    119.65 kB │ gzip:  39.54 kB
dist/assets/Island-B4dBYbGP.js                    265.63 kB │ gzip:  76.34 kB
dist/assets/charts-Dqb-tBNT.js                    371.57 kB │ gzip: 108.42 kB
dist/assets/runtime-D770uTig.js                   393.72 kB │ gzip: 126.73 kB
dist/assets/RoundedBoxGeometry-CywKceG_.js        571.97 kB │ gzip: 145.61 kB
dist/assets/index-DyYIWw5l.js                     980.16 kB │ gzip: 275.24 kB

(!) Some chunks are larger than 500 kB after minification. Consider:
- Using dynamic import() to code-split the application
- Use build.rollupOptions.output.manualChunks to improve chunking: https://rollupjs.org/configuration-options/#output-manualchunks
- Adjust chunk size limit for this warning via build.chunkSizeWarningLimit.
✓ built in 4.16s

PWA v1.2.0
mode      generateSW
precache  145 entries (4470.68 KiB)
files generated
  dist/sw.js
  dist/workbox-fc21a5da.js

> pokko-fushigi-zukan-app@0.0.0 assets:check
> node tools/check-asset-budget.mjs

PASS assets:check
- PWA precache: 145 unique files, 10.79 MiB / 12.00 MiB
- Explore artwork: 27 production files, 4.92 MiB / 8.00 MiB
- Production-input contract: docs/design only; absent from public and precache
