
> pokko-fushigi-zukan-app@0.0.0 e2e:smoke
> node tools/e2e-smoke.mjs

Starting dev server on http://127.0.0.1:4173...

> pokko-fushigi-zukan-app@0.0.0 dev
> vite --host 127.0.0.1 --port 4173 --strictPort

4:10:31 PM [vite] (client) Re-optimizing dependencies because vite config has changed

  VITE v7.3.1  ready in 130 ms

  ➜  Local:   http://127.0.0.1:4173/
Dev server ready on http://127.0.0.1:4173.
Browserslist: browsers data (caniuse-lite) is 8 months old. Please run:
  npx update-browserslist-db@latest
  Why you should do it regularly: https://github.com/browserslist/update-db#readme
PASS redirects to onboarding when no profile (2694ms)
PASS completes onboarding, chooses a route, and opens Makimodon (1561ms)
PASS keeps the classic opening playable with expanded mobile browser chrome (1438ms)
PASS keeps the direct study route working (2435ms)
PASS keeps the direct review route working (1331ms)
PASS keeps the direct settings route working (1317ms)
PASS keeps legacy fuwafuwa album out of child records (1368ms)
PASS completes periodic test from stats and opens results (3191ms)
PASS launches explore immediately and safely returns at a route break (2417ms)
PASS keeps the 390x800 route boundary fully visible (2413ms)
PASS runs Root Pull v2 inline with reduced motion and the numeric keypad (2319ms)
Snap Root measured ms { firstIncorrect: 439, secondIncorrect: 541, correct: [ 123, 129 ] }
PASS runs the Snap Root breakthrough loop at 390px (4447ms)
PASS keeps the Snap Root breakthrough loop playable on tablet (2352ms)
PASS can exit safely after explore start persistence fails (1101ms)
PASS safely exits and retries from a pending explore problem (1457ms)
PASS commits one explore answer under rapid double submit (1530ms)
PASS retries the same explore attempt after a save failure (1394ms)
PASS resumes fixed-ten explore across retry, route, discovery, and partial-input boundaries (5113ms)
PASS finishes last-light rescue without blocking on an ordinary clue (1428ms)
4:11:14 PM [vite] (client) hmr update /src/index.css
PASS retries voluntary return without early terminal progress (2471ms)
4:11:18 PM [vite] (client) hmr update /src/index.css
4:11:18 PM [vite] (client) hmr update /src/index.css
PASS grows the immersive light bridge from an addition answer (3982ms)
PASS keeps the light bridge playable on tablet (4042ms)
PASS keeps the light bridge connected on a landscape tablet (4045ms)
PASS keeps the light bridge playable on a 1024px portrait tablet (4063ms)
PASS keeps the light bridge playable on a wide portrait tablet (4017ms)
PASS opens the root tangle with profile-near subtraction (5080ms)
PASS keeps the root tangle playable on tablet (5082ms)
PASS keeps the root tangle playable on a landscape tablet (5223ms)
PASS keeps the root tangle playable on a 1024px portrait tablet (5144ms)
PASS keeps the root tangle playable on a wide portrait tablet (5192ms)
PASS guards /parents route behind parent gate (1349ms)
