
> pokko-fushigi-zukan-app@0.0.0 verify:core
> npm run docs:check && npm run lint && npm run typecheck && npm run test:run && npm run build


> pokko-fushigi-zukan-app@0.0.0 docs:check
> node tools/check-docs.mjs

WARN
- docs/tasks/design-refresh-status.md: 次回棚卸し目安 (2026-05-15) is in the past
- docs/tasks/backlog.md: 次回棚卸し目安 (2026-05-15) is in the past
- docs/tasks/ui-fix-tasklist.md: 次回棚卸し目安 (2026-05-15) is in the past
- docs/tasks/active/2026-03-17-v1-core-stabilization-plan.md: Review By (2026-05-15) is in the past
- docs/tasks/active/2026-07-19-root-tangle-observation-morph.md: Review By (2026-07-26) is in the past
- docs/tasks/active/2026-07-21-cold-open-value-loop.md: Review By (2026-07-28) is in the past
- docs/tasks/active/2026-07-23-whole-app-brand-coherence.md: Review By (2026-07-30) is in the past
PASS docs:check

> pokko-fushigi-zukan-app@0.0.0 lint
> eslint .


/private/tmp/sansu-display-v5-8vb0KU/src/components/island/IslandMilestone.tsx
  16:17  warning  Fast refresh only works when a file only exports components. Use a new file to share constants or functions between components  react-refresh/only-export-components

✖ 1 problem (0 errors, 1 warning)


> pokko-fushigi-zukan-app@0.0.0 typecheck
> tsc -b --pretty false


> pokko-fushigi-zukan-app@0.0.0 test:run
> vitest run


 RUN  v2.1.9 /private/tmp/sansu-display-v5-8vb0KU

 ✓ src/components/island/three/sharedDisplayScene.test.ts (13 tests) 1754ms
   ✓ shared display geometry, anchors and lifecycle > exposes one opaque tabletop surface after batching while retaining the actual support and contact heights 472ms
   ✓ shared display geometry, anchors and lifecycle > keeps every real table, tray, object, petal and selection vertex inside the shared placement footprint 634ms
 ✓ src/domain/explore/__tests__/persistenceRepository.test.ts (38 tests) 1065ms
 ✓ src/domain/explore/__tests__/learningPlannerSegment.test.ts (15 tests) 931ms
 ✓ src/domain/island/expressionRepository.test.ts (11 tests) 1770ms
   ✓ expression ownership with the existing learning and photo stores > earns ordinary stars without materializing expression, acquires separately, reloads and resumes the exact same learning plan 676ms
   ✓ expression ownership with the existing learning and photo stores > old saved butterfly observations qualify both products without auto-granting or rewriting learning and photographs 368ms
 ✓ src/domain/island/rewardGoalRepository.test.ts (14 tests) 1945ms
   ✓ reward goals and the real island storage boundary > earns the desired furniture through ordinary learning, preserves photographs and old memories, then resumes the same reservation 977ms
 ✓ src/hooks/useStudySession.logic.test.ts (40 tests) 19ms
 ✓ src/domain/math/generators/counting.test.ts (51 tests) 38ms
 ✓ src/hooks/blockGenerators.test.ts (32 tests) 30ms
 ✓ src/domain/island/sharedMemories.test.ts (14 tests) 98ms
 ✓ src/components/island/three/sharedActivities.test.ts (23 tests) 741ms
 ✓ src/domain/island/island.test.ts (19 tests) 4515ms
   ✓ island frozen learning sets > reserves three introductory questions, then six familiar questions, and restores the exact plan 959ms
   ✓ island frozen learning sets > keeps wrong answers on the same problem and assistance sticky without fabricating mastery 681ms
   ✓ island frozen learning sets > supports mixed vocabulary sets and applies vocabulary progression only to independent answers 1253ms
   ✓ island frozen learning sets > preserves fraction multi-input and stepwise written arithmetic in complete reserved plans 1081ms
 ✓ src/domain/explore/__tests__/reducer.test.ts (29 tests) 101ms
 ✓ src/components/island/three/workshopScene.test.ts (22 tests) 730ms
 ✓ src/components/island/three/residentRig.test.ts (38 tests) 8424ms
   ✓ resident local rig and furniture contact > blends the flower lean out before carrying and restores it without accumulation 436ms
   ✓ resident local rig and furniture contact > settles reduced point walks immediately but rejects malformed routes 466ms
   ✓ resident local rig and furniture contact > can leave a cancelled seat approach without claiming its seat or changing the stopped position 546ms
   ✓ resident local rig and furniture contact > retains a true seat departure through an immediately stopped point walk and clears it after escape 307ms
   ✓ resident local rig and furniture contact > bench supports each resident at the real surface through all rotations 1189ms
   ✓ resident local rig and furniture contact > swing supports each resident at the real surface through all rotations 679ms
   ✓ resident local rig and furniture contact > mushroom supports each resident at the real surface through all rotations 932ms
   ✓ resident interest stays a removable layer on the real rig > otter keeps real feet, root, seat and shoulder joints on rotated ordinary objects 1502ms
 ✓ src/domain/explore/__tests__/g0NumberVessel.test.ts (13 tests) 7ms
 ✓ src/domain/math/planner.test.ts (35 tests) 45ms
 ✓ tools/expression-audio/audio-analysis.test.mjs (53 tests) 11938ms
   ✓ evening acceptance measures its insect band and all three 2-second calls at native sample rates 710ms
   ✓ insect-band classification rejects absent insects and actual wind or water even when made quiet 1126ms
   ✓ an uninterrupted high tone, wrong cadence or missing call cannot impersonate evening insects 857ms
   ✓ delivered-output test rejects silence, missing repeated phrase and an audible phrase gap 588ms
   ✓ every retained pitch, correspondence, silence and end window uses the same native source clock 766ms
   ✓ raw02 loop prefix positions are missing first-pitch evidence, not proof of an overlapping loop 830ms
   ✓ one missing first-pitch sample or final required sample fails without shortening either window 1338ms
   ✓ the complete native silence window rejects contamination in its first sample that a shifted range misses 696ms
   ✓ one-sample and wrong-sign native offsets fail instead of choosing a better waveform lag 598ms
   ✓ unknown, nonfinite, fractional and mismatched native metadata fail rather than falling back to signal alignment 435ms
   ✓ real-answer cue history can exceed 256 sources, while the finite source cap still cannot block native playback or close 1756ms
 ✓ src/domain/island/workshop.test.ts (14 tests) 114ms
Browserslist: browsers data (caniuse-lite) is 8 months old. Please run:
  npx update-browserslist-db@latest
  Why you should do it regularly: https://github.com/browserslist/update-db#readme
 ✓ src/components/island/three/livingRuntime.test.ts (18 tests) 2617ms
   ✓ runtime life cancellation and actual observations > checks a landed bird face in the actual rendered frame, preserves old records and recovers once (reduced=false) 437ms
   ✓ runtime life cancellation and actual observations > checks a landed bird face in the actual rendered frame, preserves old records and recovers once (reduced=true) 330ms
   ✓ runtime life cancellation and actual observations > uses exactly the same all camera and world scale for past and present 309ms
 ✓ src/domain/logic.test.ts (26 tests) 13ms
 ✓ src/components/island/three/sharedJobController.test.ts (23 tests) 5365ms
   ✓ shared work after-render and actual object continuity > borrows the actual hand, lamp and receiver for framing without turning strict camera diagnostics into a save gate 950ms
   ✓ shared work after-render and actual object continuity > revisits the remembered actual target with rabbit after its display is stored 370ms
   ✓ shared work after-render and actual object continuity > revisits the remembered actual target with fox after its display is stored 306ms
 ✓ src/domain/algorithms/srs.test.ts (60 tests) 51ms
 ✓ src/components/island/IslandAnswerForm.test.tsx (38 tests) 827ms
   ✓ Island problem semantic presentation > has a curated equivalent for every symbol actually emitted by the current math generators 695ms
 ✓ src/domain/island/experienceRepository.test.ts (12 tests) 5220ms
   ✓ owned atomic experience persistence > rolls back a failed layout application receipt including all positions, cosmetics and optional expression state 2377ms
   ✓ saved layout application against the current earned world > keeps real later learning/growth, earned new items, spent stars and the saved next plan when restoring an old layout 2269ms
 ✓ src/domain/island/photosRepository.test.ts (11 tests) 1237ms
   ✓ atomic limits, abort and deletion > enforces combined full+thumbnail 24MiB even before the twelfth photo 427ms
 ✓ src/components/island/useIslandCustomization.test.ts (27 tests) 749ms
 ✓ src/domain/island/learningObservationCommit.test.ts (28 tests) 1810ms
 ✓ src/domain/island/sharedMemoriesRepository.test.ts (9 tests) 1317ms
   ✓ shared memory persistence and learning boundaries > keeps the twelve-item shelf bounded while saving the full thirteenth result, then re-collects it without changing first time/order 536ms
 ✓ src/components/island/islandWorkshopQueue.test.ts (20 tests) 315ms
 ✓ src/domain/island/learningContinuity.test.ts (13 tests) 3650ms
   ✓ island learning continuity > lets the next overdue word appear while the oldest supported word remains Due 383ms
   ✓ island learning continuity > shares review opportunities across 6-question 'math' sets 457ms
   ✓ island learning continuity > shares review opportunities across 3-question 'math' sets 404ms
   ✓ island learning continuity > shares review opportunities across 3-question 'mix' sets 676ms
   ✓ island learning continuity > does not disguise unselected pending checks as ordinary Due across repeated short sets 709ms
 ✓ src/domain/island/workshopLayout.test.ts (17 tests) 25ms
 ✓ src/components/island/useIslandExperience.test.ts (16 tests) 1272ms
 ✓ src/domain/island/workshopRepository.test.ts (9 tests) 997ms
   ✓ optional workshop ownership and unchanged learning > reloads partial cleaning, first observations, names, shelves, both works and checkpoint history without changing any learning table, stars or growth 333ms
 ✓ src/domain/island/learningKeepsakesRepository.test.ts (10 tests) 1225ms
   ✓ atomic owned learning keepsakes > earns first and five-section awards through real learning, changes only shelf+receipt, and preserves the same reservation 462ms
   ✓ atomic owned learning keepsakes > a bulk retry after more real learning cannot automatically display newly eligible keepsakes 322ms
 ✓ src/domain/island/expression.test.ts (16 tests) 26ms
 ✓ src/domain/island/growthRepository.test.ts (11 tests) 3125ms
   ✓ owned atomic living island persistence > aborts growth, snapshot, answer, profile and completion together then saves each once on retry 2094ms
 ✓ src/domain/island/customizationRepository.test.ts (16 tests) 949ms
 ✓ src/components/island/useIslandSharedMemories.test.ts (13 tests) 1331ms
 ✓ src/domain/explore/__tests__/learningSegmentPersistence.test.ts (7 tests) 156ms
 ✓ src/domain/park/park.test.ts (131 tests) 471ms
 ✓ src/components/island/three/growthVisuals.test.ts (21 tests) 1011ms
 ✓ src/domain/learning/attemptPersistence.test.ts (24 tests) 645ms
 ✓ src/components/island/three/navigation.test.ts (19 tests) 166ms
 ✓ src/domain/explore/__tests__/learningPlanner.test.ts (8 tests) 395ms
 ✓ src/domain/island/furnitureRepository.test.ts (11 tests) 2496ms
   ✓ atomic optional furniture acquisition > earns stars through ordinary answers, acquires telescope, reloads and resumes the same learning reservation 785ms
   ✓ atomic optional furniture acquisition > earns stars through ordinary answers, acquires hammock, reloads and resumes the same learning reservation 548ms
   ✓ atomic optional furniture acquisition > earns stars through ordinary answers, acquires tea-table, reloads and resumes the same learning reservation 846ms
 ✓ src/domain/explore/__tests__/problemAdapter.test.ts (38 tests) 102ms
 ✓ src/domain/island/learningSession.test.ts (10 tests) 1071ms
 ✓ src/components/island/three/runtimeExpressionEnvironment.test.ts (10 tests) 16012ms
   ✓ runtime environment/flag ownership boundary > restores occlusion then seasonal materials before appearance and growth rebuild, using the same camera and rig roots 2702ms
   ✓ runtime environment/flag ownership boundary > shows the actual trim even with default identity, reports its actual visibility, and keeps old memories bare 1831ms
   ✓ runtime environment/flag ownership boundary > does not overwrite captured look/flag/environment state or the learning camera when hidden learning receives a saved scene 832ms
   ✓ runtime environment/flag ownership boundary > restores each saved free look on the same three rigs after removing raincoat 981ms
   ✓ runtime environment/flag ownership boundary > restores each saved free look on the same three rigs after removing star-beret 864ms
   ✓ runtime environment/flag ownership boundary > cancels the actual walk and clears live foot marks on learning 2270ms
   ✓ runtime environment/flag ownership boundary > cancels the actual walk and clears live foot marks on exit 2338ms
   ✓ runtime environment/flag ownership boundary > cancels the actual walk and clears live foot marks on selection-change 2535ms
   ✓ runtime environment/flag ownership boundary > does not pass a fresh walk request to the controller while the document is hidden 941ms
   ✓ runtime environment/flag ownership boundary > releases seasonal clones before the world can dispose their source materials 718ms
 ✓ src/components/island/three/sharedActivityFraming.test.ts (26 tests) 32230ms
   ✓ body identity keeps the actual articulated tail > otter retains tail surfaces in every held pose without borrowing head or arm surfaces 1024ms
   ✓ body identity keeps the actual articulated tail > rabbit retains tail surfaces in every held pose without borrowing head or arm surfaces 374ms
   ✓ one side view contains the complete shared delivery > 'flower' fits all quarter-turn chair directions and phone/tablet stage shapes 4073ms
   ✓ one side view contains the complete shared delivery > 'star' fits all quarter-turn chair directions and phone/tablet stage shapes 2526ms
   ✓ one side view contains the complete shared delivery > 'bubble' fits all quarter-turn chair directions and phone/tablet stage shapes 2651ms
   ✓ one side view contains the complete shared delivery > scores actual held poses for '624 star spectator' across every phase without touching the live rigs 1752ms
   ✓ one side view contains the complete shared delivery > scores actual held poses for '484 star self-occlusion' across every phase without touching the live rigs 1023ms
   ✓ one side view contains the complete shared delivery > scores actual held poses for '484 bubble self-occlusion' across every phase without touching the live rigs 1679ms
   ✓ one side view contains the complete shared delivery > keeps each subject readable in the recorded 0875 'phone star' scene 927ms
   ✓ one side view contains the complete shared delivery > keeps each subject readable in the recorded 0875 'tablet star' scene 1435ms
   ✓ one side view contains the complete shared delivery > keeps each subject readable in the recorded 0875 'phone flower' scene 1017ms
   ✓ one side view contains the complete shared delivery > keeps each subject readable in the recorded 0875 'tablet flower' scene 775ms
   ✓ one side view contains the complete shared delivery > keeps each subject readable in the recorded 0875 'phone bubble' scene 760ms
   ✓ one side view contains the complete shared delivery > keeps each subject readable in the recorded 0875 'tablet bubble' scene 706ms
   ✓ one side view contains the complete shared delivery > selects a legal fixed presentation for cdc5 phone without inventing readability 1296ms
   ✓ one side view contains the complete shared delivery > selects a legal fixed presentation for cdc5 tablet without inventing readability 887ms
   ✓ one side view contains the complete shared delivery > selects a legal fixed presentation for cdc5 obstructed without inventing readability 2585ms
   ✓ recorded 5d7 subjects cannot borrow visibility from later poses > 'phone-flower' preserves a legal readable presentation 936ms
   ✓ recorded 5d7 subjects cannot borrow visibility from later poses > 'phone-star' preserves a legal readable presentation 604ms
   ✓ recorded 5d7 subjects cannot borrow visibility from later poses > 'phone-bubble' preserves a legal readable presentation 754ms
   ✓ recorded 5d7 subjects cannot borrow visibility from later poses > 'tablet-flower' preserves a legal readable presentation 868ms
   ✓ recorded 5d7 subjects cannot borrow visibility from later poses > 'tablet-star' preserves a legal readable presentation 791ms
   ✓ recorded 5d7 subjects cannot borrow visibility from later poses > 'tablet-bubble' preserves a legal readable presentation 988ms
   ✓ recorded 5d7 subjects cannot borrow visibility from later poses > 'tablet-fox-flower' preserves a legal readable presentation 1521ms
 ✓ src/domain/explore/__tests__/g0NumberSuika.test.ts (32 tests) 52ms
 ✓ src/components/island/useIslandPhotos.test.ts (10 tests) 498ms
 ✓ src/components/island/three/sharedActivityController.test.ts (20 tests) 3229ms
   ✓ physical sharing lifecycle > flower travels from the source through two actual residents without crossing bodies 333ms
 ✓ src/domain/user/repository.test.ts (9 tests) 14ms
 ✓ src/components/island/useIslandExpression.test.ts (9 tests) 276ms
 ✓ src/domain/test/printability.test.ts (22 tests) 6ms
 ✓ src/domain/island/customizationAppearanceRepository.test.ts (8 tests) 498ms
 ✓ src/components/explore/ExploreProblemPanel.test.tsx (16 tests) 83ms
 ✓ src/domain/explore/__tests__/g0Whitebox.test.ts (13 tests) 10ms
 ✓ src/hooks/learningProgression.integration.test.ts (12 tests) 12413ms
   ✓ learning progression from real generated questions > reaches 70% promotion through generated normal blocks and persisted answers 11720ms
   ✓ learning progression from real generated questions > holds the old math test range when the persisted 30th answer promotes the main level 492ms
 ✓ src/components/island/three/sharedDisplayFraming.test.ts (11 tests) 8377ms
   ✓ shared photo actual scene sightlines > clears the photographed tree at (.20, -.60), π/2 on 'phone' without hiding or relocating it 1382ms
   ✓ shared photo actual scene sightlines > clears the photographed tree at (.20, -.60), π/2 on 'tablet' without hiding or relocating it 1113ms
   ✓ shared photo actual scene sightlines > keeps every actual saved work part readable at aspect 1.1016949152542372 1508ms
   ✓ shared photo actual scene sightlines > keeps every actual saved work part readable at aspect 1.786046511627907 1632ms
   ✓ shared photo actual scene sightlines > uses transformed world geometry and caches a stable near view without repeating rays 767ms
   ✓ shared photo actual scene sightlines > responds to a real resident entering the chosen sightline and keeps that view when it clears 997ms
   ✓ shared photo actual scene sightlines > ignores invisible and fully transparent meshes, but reports an opaque enclosure as unreadable 777ms
 ✓ src/components/island/three/sharedDisplayFrameBoundary.test.ts (5 tests) 4192ms
   ✓ shared job completion releases the display camera > uses the same job candidate for capture, clears it on learning/hidden and returns to the unchanged static display selector 928ms
   ✓ shared job completion releases the display camera > keeps pending work and clears the actual work parts only after commit and settle at 390px (commit first=false) 838ms
   ✓ shared job completion releases the display camera > keeps pending work and clears the actual work parts only after commit and settle at 390px (commit first=true) 823ms
   ✓ shared job completion releases the display camera > keeps pending work and clears the actual work parts only after commit and settle at 768px (commit first=false) 747ms
   ✓ shared job completion releases the display camera > keeps pending work and clears the actual work parts only after commit and settle at 768px (commit first=true) 855ms
 ✓ src/domain/island/appearance.test.ts (12 tests) 445ms
   ✓ one wallet, eighteen parts, three completed recipes > charges each component once for every prior-ownership subset, independent of purchase order 417ms
 ✓ src/domain/island/progressiveSupport.test.ts (13 tests) 1122ms
 ✓ src/domain/learning/evidence.test.ts (16 tests) 74ms
 ✓ src/components/island/three/residentInteraction.test.ts (18 tests) 315ms
 ✓ src/domain/island/experience.test.ts (19 tests) 50ms
 ✓ src/domain/island/growth.test.ts (11 tests) 100ms
 ✓ src/components/island/three/connectedTerrain.test.ts (10 tests) 32394ms
   ✓ connected terrain exterior > adds a supported central depth only at maturity without repeating the main decorative lobes 383ms
   ✓ connected terrain exterior > returns finite immutable matching rings and caches only plain coordinates 579ms
   ✓ connected terrain exterior > supports every old ellipse and candidate connector on one y=0 cap at level 1 944ms
   ✓ connected terrain exterior > supports every old ellipse and candidate connector on one y=0 cap at level 2 2295ms
   ✓ connected terrain exterior > fills only the nested external layer bands and leaves no shore through the connecting floor 1917ms
   ✓ connected terrain exterior > proves band nesting at every linear breakpoint and actual surface support between the boundaries 3626ms
   ✓ connected terrain exterior > keeps world UVs, slot material identity and borrowed textures across every existing style 22329ms
 ✓ src/components/island/three/optionalFurnitureController.test.ts (37 tests) 14378ms
   ✓ optional tools use the actual bodies and bounded furniture > starts the walk clock only after its first actual rendered frame (reduced=false) 303ms
   ✓ optional tools use the actual bodies and bounded furniture > telescope uses selected otter with visible actual contacts 362ms
   ✓ optional tools use the actual bodies and bounded furniture > telescope uses selected fox with visible actual contacts 382ms
   ✓ optional tools use the actual bodies and bounded furniture > hammock uses selected otter with visible actual contacts 387ms
   ✓ optional tools use the actual bodies and bounded furniture > tea-table uses selected otter with visible actual contacts 570ms
   ✓ optional tools use the actual bodies and bounded furniture > tea-table uses selected rabbit with visible actual contacts 578ms
   ✓ optional tools use the actual bodies and bounded furniture > tea-table uses selected fox with visible actual contacts 611ms
   ✓ optional tools use the actual bodies and bounded furniture > telescope keeps contact and real framing at rotation 1.5707963267948966 in both motion modes 357ms
   ✓ optional tools use the actual bodies and bounded furniture > hammock keeps contact and real framing at rotation 1.5707963267948966 in both motion modes 307ms
   ✓ optional tools use the actual bodies and bounded furniture > hammock keeps contact and real framing at rotation 3.141592653589793 in both motion modes 303ms
   ✓ optional tools use the actual bodies and bounded furniture > tea-table keeps contact and real framing at rotation 1.5707963267948966 in both motion modes 697ms
   ✓ optional tools use the actual bodies and bounded furniture > tea-table keeps contact and real framing at rotation 3.141592653589793 in both motion modes 864ms
   ✓ optional tools use the actual bodies and bounded furniture > tea-table keeps contact and real framing at rotation 4.71238898038469 in both motion modes 535ms
   ✓ optional tools use the actual bodies and bounded furniture > tea passes one real cup from otter to rabbit with both hands touching 685ms
   ✓ optional tools use the actual bodies and bounded furniture > tea passes one real cup from otter to fox with both hands touching 612ms
   ✓ optional tools use the actual bodies and bounded furniture > tea passes one real cup from rabbit to otter with both hands touching 621ms
   ✓ optional tools use the actual bodies and bounded furniture > tea passes one real cup from rabbit to fox with both hands touching 516ms
   ✓ optional tools use the actual bodies and bounded furniture > tea passes one real cup from fox to otter with both hands touching 571ms
   ✓ optional tools use the actual bodies and bounded furniture > tea passes one real cup from fox to rabbit with both hands touching 453ms
   ✓ optional tools use the actual bodies and bounded furniture > routes the actual fox tail around an independent obstacle and the stationary residents 1181ms
 ✓ src/components/island/three/runtimeFurnitureClearance.test.ts (5 tests) 13260ms
   ✓ runtime trial preparation waits for actual saved-furniture clearance > keeps the recorded rabbit walking, then resolves and uses the same choice from the real endpoint 3506ms
   ✓ runtime trial preparation waits for actual saved-furniture clearance > starts newly required clearance before trial preparation on the same runtime update 937ms
   ✓ runtime trial preparation waits for actual saved-furniture clearance > discards the old waiting iterator on learning without moving the rabbit to finish 775ms
   ✓ runtime trial preparation waits for actual saved-furniture clearance > discards the old waiting iterator on exit without moving the rabbit to finish 696ms
   ✓ runtime trial preparation waits for actual saved-furniture clearance > discards the old waiting iterator on reselection without moving the rabbit to finish 7346ms
 ✓ src/components/island/three/treeCanopyGeometry.test.ts (10 tests) 1308ms
   ✓ sculpted moon-garden canopy > retains one closed outward surface with finite unit normals and a welded lighting seam 394ms
 ✓ src/domain/math/numberSenseProgress.test.ts (32 tests) 5ms
 ✓ src/components/island/useIslandLearningKeepsakes.test.ts (11 tests) 452ms
 ✓ src/components/island/three/cosmeticScenery.test.ts (19 tests) 37081ms
   ✓ owned cosmetic scenery > leaves the moon-garden legacy scene geometry and rooted tree exactly as authored 2292ms
   ✓ owned cosmetic scenery > leaves the starry legacy scene geometry and rooted tree exactly as authored 1501ms
   ✓ owned cosmetic scenery > leaves the candy legacy scene geometry and rooted tree exactly as authored 1777ms
   ✓ owned cosmetic scenery > leaves the crystal legacy scene geometry and rooted tree exactly as authored 1316ms
   ✓ owned cosmetic scenery > changes real canopy silhouettes and house geometry, beyond recoloring 2312ms
   ✓ owned cosmetic scenery > moon-garden preserves true ground, light anchors and growth through every accent 4748ms
   ✓ owned cosmetic scenery > starry preserves true ground, light anchors and growth through every accent 3309ms
   ✓ owned cosmetic scenery > candy preserves true ground, light anchors and growth through every accent 3250ms
   ✓ owned cosmetic scenery > crystal preserves true ground, light anchors and growth through every accent 2910ms
   ✓ owned cosmetic scenery > keeps crystal shore silhouettes clear of all land, bridge, resident and furniture footprints after expansion 691ms
   ✓ owned cosmetic scenery > disposes each owned geometry, material and texture once without touching resident materials 7256ms
   ✓ owned cosmetic scenery > fits 'moon-garden' theme at grown=false in the same home camera on phone and tablet 389ms
   ✓ owned cosmetic scenery > fits 'moon-garden' theme at grown=true in the same home camera on phone and tablet 821ms
   ✓ owned cosmetic scenery > fits 'starry' theme at grown=false in the same home camera on phone and tablet 434ms
   ✓ owned cosmetic scenery > fits 'starry' theme at grown=true in the same home camera on phone and tablet 1095ms
   ✓ owned cosmetic scenery > fits 'candy' theme at grown=false in the same home camera on phone and tablet 448ms
   ✓ owned cosmetic scenery > fits 'candy' theme at grown=true in the same home camera on phone and tablet 1109ms
   ✓ owned cosmetic scenery > fits 'crystal' theme at grown=false in the same home camera on phone and tablet 526ms
   ✓ owned cosmetic scenery > fits 'crystal' theme at grown=true in the same home camera on phone and tablet 896ms
 ✓ src/components/island/three/grassSurface.test.ts (9 tests) 1155ms
   ✓ default mint lawn bump surface > keeps the visible cap texture and retires it once on purchase, restore and exit 734ms
 ✓ src/components/island/three/roofSurface.test.ts (6 tests) 3232ms
   ✓ default roof material prototype > keeps opaque, deterministic broad colors continuous across both texture edges 580ms
   ✓ default roof material prototype > delivers the mapped face and all four seams through the actual scenery builder without leaking into other styles 1876ms
   ✓ default roof material prototype > restores an actual placement clone before retiring the roof pool on an explicit-style switch 759ms
 ✓ src/components/island/three/appearanceRendering.test.ts (11 tests) 19814ms
   ✓ independently equipped actual island surfaces > maps the biscuit surface onto unchanged level land and retires its shared texture once 1488ms
   ✓ independently equipped actual island surfaces > starry changes each actual slot while retaining every other slot and rooted identity 2395ms
   ✓ independently equipped actual island surfaces > candy changes each actual slot while retaining every other slot and rooted identity 2372ms
   ✓ independently equipped actual island surfaces > crystal changes each actual slot while retaining every other slot and rooted identity 2245ms
   ✓ independently equipped actual island surfaces > resolves the same explicit mix independently of legacy theme history, including accents 1768ms
   ✓ independently equipped actual island surfaces > keeps actual level ground and both bridge decks through three full looks and old restoration 4033ms
   ✓ independently equipped actual island surfaces > only retires changed-slot resources and disposes each visible owned resource once 984ms
   ✓ independently equipped actual island surfaces > distinguishes hidden expanded bridge meshes from currently visible geometry 991ms
   ✓ independently equipped actual island surfaces > starry fits its actual distant silhouettes in the chosen overview at each land stage 1210ms
   ✓ independently equipped actual island surfaces > candy fits its actual distant silhouettes in the chosen overview at each land stage 1240ms
   ✓ independently equipped actual island surfaces > crystal fits its actual distant silhouettes in the chosen overview at each land stage 1088ms
 ✓ src/components/island/islandWorkshopAudio.test.ts (12 tests) 217ms
 ✓ tools/island-expression-audio-focused-audit.test.mjs (12 tests) 47ms
 ✓ src/domain/island/rewardGoal.test.ts (13 tests) 31ms
 ✓ src/domain/learning/independentProgress.integration.test.ts (12 tests) 534ms
 ✓ src/components/island/three/natureObservationFrame.test.ts (22 tests) 54544ms
   ✓ explicit nature observation framing > rejects qualified-03/06 saved phone cameras and a visible but subpixel frontal face (reduced=false) 4801ms
   ✓ explicit nature observation framing > rejects qualified-03/06 saved phone cameras and a visible but subpixel frontal face (reduced=true) 4197ms
   ✓ explicit nature observation framing > separates butterfly in the actual qualified-03 layout from the unchanged rabbit throughout its flight (1.0103626943005182/false) 2122ms
   ✓ explicit nature observation framing > separates butterfly in the actual qualified-03 layout from the unchanged rabbit throughout its flight (1.0103626943005182/true) 2289ms
   ✓ explicit nature observation framing > separates butterfly in the actual qualified-03 layout from the unchanged rabbit throughout its flight (1.6340425531914893/false) 1972ms
   ✓ explicit nature observation framing > separates butterfly in the actual qualified-03 layout from the unchanged rabbit throughout its flight (1.6340425531914893/true) 1972ms
   ✓ explicit nature observation framing > separates ribbon-butterfly in the actual qualified-03 layout from the unchanged rabbit throughout its flight (1.0103626943005182/false) 2181ms
   ✓ explicit nature observation framing > separates ribbon-butterfly in the actual qualified-03 layout from the unchanged rabbit throughout its flight (1.0103626943005182/true) 1976ms
   ✓ explicit nature observation framing > separates ribbon-butterfly in the actual qualified-03 layout from the unchanged rabbit throughout its flight (1.6340425531914893/false) 2285ms
   ✓ explicit nature observation framing > separates ribbon-butterfly in the actual qualified-03 layout from the unchanged rabbit throughout its flight (1.6340425531914893/true) 1951ms
   ✓ explicit nature observation framing > holds a butterfly covered in every candidate and recovers without moving its host or residents 3073ms
   ✓ explicit nature observation framing > shows the actual eyes and beak at the rotated mushroom from qualified-03/06 without moving any model (reduced=false) 5217ms
   ✓ explicit nature observation framing > shows the actual eyes and beak at the rotated mushroom from qualified-03/06 without moving any model (reduced=true) 5207ms
   ✓ explicit nature observation framing > keeps a landed or hovering bird readable at host yaw 0 in a single fixed observation camera 1156ms
   ✓ explicit nature observation framing > keeps a landed or hovering bird readable at host yaw 1.5707963267948966 in a single fixed observation camera 1072ms
   ✓ explicit nature observation framing > keeps a landed or hovering bird readable at host yaw 3.141592653589793 in a single fixed observation camera 1581ms
   ✓ explicit nature observation framing > keeps a landed or hovering bird readable at host yaw -2.356194490192345 in a single fixed observation camera 1324ms
   ✓ explicit nature observation framing > chooses another front angle when real foreground geometry covers the face and never declares a covered face readable 10152ms
 ✓ src/components/island/three/personalScenery.test.ts (11 tests) 3164ms
   ✓ house-mounted personal identity > moon-garden leaves the actual nameplate and roof flag visible from the home camera direction 824ms
   ✓ house-mounted personal identity > starry leaves the actual nameplate and roof flag visible from the home camera direction 717ms
   ✓ house-mounted personal identity > candy leaves the actual nameplate and roof flag visible from the home camera direction 602ms
   ✓ house-mounted personal identity > crystal leaves the actual nameplate and roof flag visible from the home camera direction 734ms
 ✓ src/domain/learningRepository.test.ts (14 tests) 36ms
 ✓ src/components/island/three/natureVisuals.test.ts (8 tests) 454ms
 ✓ src/components/island/three/workshopPresentation.test.ts (14 tests) 2159ms
   ✓ borrowing the live world for workshop presentation > keeps 'otter' supported through waiting, walk cancellation and reentry (reduced=false) 458ms
   ✓ borrowing the live world for workshop presentation > walks selected otter outside the board, renders exact hand contact before run, then restores its actual pose 558ms
 ✓ src/domain/island/learningKeepsakes.test.ts (32 tests) 40ms
 ✓ src/components/island/three/furnitureClearanceController.test.ts (9 tests) 2502ms
   ✓ saved furniture clearance runs physical moves in sequence > contains the whole current bodies and every future route before the second resident starts 997ms
 ✓ src/domain/island/learningObservation.test.ts (19 tests) 26ms
 ✓ src/domain/user/onboarding.test.ts (20 tests) 3397ms
   ✓ explicit first learning setup > starts beyond q_div for both second and sixth graders without inventing answer evidence 613ms
   ✓ explicit first learning setup > starts beyond q_decimal_mul for both second and sixth graders without inventing answer evidence 360ms
   ✓ explicit first learning setup > starts beyond q_fraction for both second and sixth graders without inventing answer evidence 303ms
   ✓ explicit first learning setup > starts beyond q_application for both second and sixth graders without inventing answer evidence 608ms
   ✓ explicit first learning setup > starts beyond q_speed for both second and sixth graders without inventing answer evidence 384ms
 ✓ src/domain/island/sceneStyle.test.ts (6 tests) 102ms
 ✓ src/components/island/useIslandRewardGoal.test.ts (11 tests) 346ms
 ✓ src/components/island/three/flagFraming.test.ts (7 tests) 11264ms
   ✓ inspection of the actual island flag > keeps identity and trim in front of actual mature house shapes for legacy and independent styles 11184ms
 ✓ src/domain/explore/__tests__/g0ChainShot.test.ts (12 tests) 8ms
 ✓ src/domain/learning/unitPlanning.integration.test.ts (14 tests) 1073ms
 ✓ src/components/island/three/runtimePhotography.test.ts (13 tests) 7643ms
   ✓ current-scene photography boundary > renders before encoding without resetting the current actor or camera 1108ms
   ✓ current-scene photography boundary > photographs a real house keepsake in the existing island scene at 390×354 842ms
   ✓ current-scene photography boundary > photographs a real house keepsake in the existing island scene at 768×430 411ms
   ✓ current-scene photography boundary > cannot render or encode a hidden scene 612ms
   ✓ current-scene photography boundary > cannot render or encode a offscreen scene 682ms
   ✓ current-scene photography boundary > cannot render or encode a learning scene 556ms
   ✓ current-scene photography boundary > cannot render or encode a lost scene 406ms
   ✓ current-scene photography boundary > cannot render or encode a disposed scene 500ms
   ✓ current-scene photography boundary > tracks the actual otter and cap before capture without changing its pose 465ms
   ✓ current-scene photography boundary > tracks the actual rabbit and cap before capture without changing its pose 354ms
   ✓ current-scene photography boundary > tracks the actual fox and cap before capture without changing its pose 381ms
   ✓ display photo uses the actual scene before encoding > checks live tree occlusion before a 390×354 capture 627ms
   ✓ display photo uses the actual scene before encoding > checks live tree occlusion before a 768×430 capture 696ms
 ✓ src/components/island/three/residentTail.test.ts (4 tests) 1996ms
   ✓ the same actual tail has a reversible sitting joint > otter: original standing shape, clear backboards and standing borrowed pose 399ms
   ✓ the same actual tail has a reversible sitting joint > keeps the recorded star handoff visible past the real fox tail in every shared phase 1472ms
 ✓ src/domain/math/writtenArithmetic.test.ts (36 tests) 280ms
 ✓ src/components/island/three/sharedActivityVisuals.test.ts (12 tests) 214ms
 ✓ src/components/island/useIslandFurniture.test.ts (10 tests) 672ms
 ✓ src/components/island/islandAmbienceAudio.test.ts (11 tests) 125ms
 ✓ src/components/island/useIslandMilestoneNotice.test.ts (15 tests) 11ms
 ✓ src/domain/explore/__tests__/learningSegment.test.ts (20 tests) 8ms
 ✓ src/domain/park/writtenArithmeticIntegration.test.ts (25 tests) 336ms
 ✓ src/components/island/IslandLearningKeepsakes.test.tsx (8 tests) 112ms
 ✓ src/components/island/three/optionalFurnitureFraming.test.ts (6 tests) 8451ms
   ✓ optional tool close views keep the physical cause visible > keeps the same tea cup and tabletop visible through quaternion-restored handoff at 1.3202856387199153 697ms
   ✓ optional tool close views keep the physical cause visible > keeps the same tea cup and tabletop visible through quaternion-restored handoff at 2.1429131970179185 452ms
   ✓ optional tool close views keep the physical cause visible > frames the real hammock cloth past the house roof at 1.3220338983050848 2801ms
   ✓ optional tool close views keep the physical cause visible > frames the real hammock cloth past the house roof at 2.0210526315789474 3262ms
   ✓ optional tool close views keep the physical cause visible > keeps the same front-facing selection through a walk and restores every actual pose after camera inspection 1235ms
 ✓ src/domain/explore/__tests__/wagerRun.test.ts (19 tests) 8ms
 ✓ src/components/island/three/optionalFurnitureRuntime.test.ts (8 tests) 1528ms
 ✓ src/components/island/three/residentOutfit.test.ts (13 tests) 1431ms
   ✓ optional attached resident outfits > otter preserves every original mesh, body proportion, fixed scarf and hand/seat/foot anchor through all appearances 481ms
 ✓ src/components/island/three/sharedJobFraming.test.ts (6 tests) 42678ms
   ✓ actual shared job sightlines > replaces the recorded back view with both actual paws and the same held object at aspect 1.3066202090592334 8628ms
   ✓ actual shared job sightlines > replaces the recorded back view with both actual paws and the same held object at aspect 1.786046511627907 8579ms
   ✓ actual shared job sightlines > improves the lamp view and exposes actual receiver triangles without hiding residual occlusion at aspect 1.3066202090592334 8854ms
   ✓ actual shared job sightlines > improves the lamp view and exposes actual receiver triangles without hiding residual occlusion at aspect 1.786046511627907 9479ms
   ✓ actual shared job sightlines > retains its selected contact angle through moving bounds without full searches or GPU allocations 3894ms
   ✓ actual shared job sightlines > keeps an unreadable view honest and caps reselection during continuous occlusion 3243ms
 ✓ src/components/island/three/sceneFraming.test.ts (15 tests) 4566ms
   ✓ frozen learning frame after free play > contains earned shores in matching album cameras and the home view at 390×190, chapter +0 374ms
   ✓ frozen learning frame after free play > contains earned shores in matching album cameras and the home view at 390×190, chapter 1 445ms
   ✓ frozen learning frame after free play > contains earned shores in matching album cameras and the home view at 390×190, chapter 2 557ms
   ✓ frozen learning frame after free play > contains earned shores in matching album cameras and the home view at 390×190, chapter undefined 506ms
   ✓ frozen learning frame after free play > contains earned shores in matching album cameras and the home view at 768×400, chapter 2 555ms
   ✓ frozen learning frame after free play > contains earned shores in matching album cameras and the home view at 768×400, chapter undefined 728ms
 ✓ src/domain/levelProgression.test.ts (10 tests) 1658ms
   ✓ evidence required for level progression > requires 30 scored exposures and 17 of the most recent 20 correct 307ms
   ✓ evidence required for level progression > uses the same math evidence in the atomic writer and Study service 1130ms
 ✓ src/components/island/three/furniture.test.ts (17 tests) 314ms
 ✓ src/domain/island/furniture.test.ts (11 tests) 36ms
 ✓ src/domain/explore/__tests__/observation.test.ts (11 tests) 11ms
 ✓ src/components/island/three/cameraPanFraming.test.ts (12 tests) 1577ms
   ✓ real normal-island runtime framing > keeps the new central floor in the actual pan regions and reachable at 390×380 563ms
   ✓ real normal-island runtime framing > constrains extreme swipes to the earned world, expansion 2 355ms
 ✓ src/components/island/IslandLearningSupport.test.tsx (18 tests) 136ms
 ✓ src/components/island/three/workshopResidentFraming.test.ts (8 tests) 765ms
   ✓ the actual workshop resident contact camera > keeps 'otter', its cap and real source contact visible through layout 'A' 320ms
 ✓ src/hooks/blockGenerators.progression.test.ts (13 tests) 41ms
 ✓ src/components/island/three/terrainProfile.test.ts (9 tests) 1247ms
   ✓ shore garden terrain keeps saved physical land > keeps western physical bridge/props identical while its terrain is not an eastern mirror 381ms
 ✓ src/components/island/IslandCustomization.test.tsx (9 tests) 101ms
 ✓ src/components/island/three/furnitureClearance.test.ts (9 tests) 439ms
   ✓ saved furniture gives standing residents room to step aside > is deterministic and leaves an enclosed resident blocked without moving its saved furniture 374ms
 ✓ src/domain/learning/pilotRepository.test.ts (6 tests) 487ms
 ✓ src/domain/island/subjectSelection.test.ts (10 tests) 22ms
 ✓ src/components/explore/DiscoveryReveal.test.ts (7 tests) 46ms
 ✓ tools/island-expression-visual-matrix-audit.test.mjs (7 tests) 44ms
 ✓ src/components/island/three/westNavigation.test.ts (10 tests) 88ms
 ✓ src/components/island/useIslandLearningObservation.test.ts (10 tests) 3ms
 ✓ src/domain/english/planner.test.ts (14 tests) 12ms
 ✓ tools/island-reward-goal-audit.test.mjs (9 tests) 15ms
 ✓ src/components/island/three/learningKeepsakeScenery.test.ts (4 tests) 751ms
   ✓ a finite room for actual learning keepsakes > physically supports thirteen separate trophies and wall-mounts three papers within a bounded static room 578ms
 ✓ src/domain/explore/__tests__/runCheckpoint.test.ts (7 tests) 6ms
 ✓ src/domain/island/subjectPreference.test.ts (5 tests) 754ms
   ✓ Island next-section choice persistence > keeps the exact question and learning state, survives reload, is idempotent, and applies to one section only 390ms
 ✓ src/pwa.test.ts (12 tests) 81ms
 ✓ src/pwaUpdateUtils.test.ts (43 tests) 5ms
 ✓ src/domain/test/trigger.test.ts (8 tests) 5ms
 ✓ src/pages/Explore.test.ts (9 tests) 4ms
 ✓ src/domain/learning/mathCatalog.test.ts (6 tests) 63ms
 ✓ src/domain/island/experienceAppearance.test.ts (5 tests) 14ms
 ✓ src/components/island/three/sharedActivityOcclusion.test.ts (9 tests) 11ms
 ✓ src/components/island/three/islandCameraControls.test.ts (8 tests) 7ms
 ✓ src/components/island/three/worldPalette.test.ts (4 tests) 191ms
 ✓ src/components/island/IslandAlbum.test.tsx (4 tests) 41ms
 ✓ src/components/island/islandAlbumPresentation.test.tsx (4 tests) 71ms
 ✓ src/components/island/three/geometry.test.ts (8 tests) 2011ms
   ✓ island sculpted geometry > keeps the static scenery and tree within a bounded mesh and triangle budget 1839ms
 ✓ src/domain/test/paperTestRepository.test.ts (6 tests) 212ms
 ✓ src/components/island/three/optionalFurnitureTrial.test.ts (8 tests) 82952ms
   ✓ borrowed tools choose an actually usable legal trial location > rechecks the chosen resident using the same borrowed model and retains a usable position on reselection 2371ms
   ✓ borrowed tools choose an actually usable legal trial location > uses the new connecting floor for the formerly blocked furniture-03 hammock without moving saved furniture 4012ms
   ✓ borrowed tools choose an actually usable legal trial location > keeps the furniture-02 narrow passage blocked for the actual body, then accepts only a child-requested usable preview 14947ms
   ✓ borrowed tools choose an actually usable legal trial location > drops an old explicit search on movement, lifecycle pause and foreground resume 667ms
   ✓ borrowed tools choose an actually usable legal trial location > telescope preflights every selected resident then retains the same real model through sequential trials 15774ms
   ✓ borrowed tools choose an actually usable legal trial location > hammock preflights every selected resident then retains the same real model through sequential trials 7135ms
   ✓ borrowed tools choose an actually usable legal trial location > tea-table preflights every selected resident then retains the same real model through sequential trials 37820ms
 ✓ src/components/island/islandPhotoCapture.test.ts (11 tests) 15ms
 ✓ src/components/island/IslandExpression.test.tsx (5 tests) 83ms
 ✓ src/domain/explore/__tests__/discoveryPage.test.ts (9 tests) 5ms
 ✓ src/components/explore/rootPullPresentation.test.ts (10 tests) 21ms
 ✓ src/components/island/IslandRewardGoal.test.tsx (7 tests) 69ms
 ✓ src/domain/learning/unitPractice.test.ts (7 tests) 48ms
 ✓ src/domain/math/generators/advanced.test.ts (10 tests) 31ms
 ✓ src/components/explore/ExplorePathChoice.test.tsx (5 tests) 192ms
 ✓ src/components/island/IslandGrowth.test.tsx (6 tests) 39ms
 ✓ src/components/island/IslandHomeActions.test.tsx (6 tests) 29ms
 ✓ src/components/island/three/expressionEnvironment.test.ts (7 tests) 20321ms
   ✓ reversible expression environment on the existing world > moon-garden preserves geometry, growth, ground hits and all original material references through every period/season 5550ms
   ✓ reversible expression environment on the existing world > starry preserves geometry, growth, ground hits and all original material references through every period/season 4638ms
   ✓ reversible expression environment on the existing world > candy preserves geometry, growth, ground hits and all original material references through every period/season 4553ms
   ✓ reversible expression environment on the existing world > crystal preserves geometry, growth, ground hits and all original material references through every period/season 4119ms
   ✓ reversible expression environment on the existing world > reuses same-selection resources, disposes retired clones once, and restores the newest theme after growth/material regeneration 1457ms
 ✓ src/components/island/three/placementOcclusion.test.ts (8 tests) 1167ms
 ✓ src/domain/island/pacing.test.ts (5 tests) 15ms
 ✓ src/components/island/three/expressionFootTrails.test.ts (3 tests) 681ms
   ✓ foot marks come from actual planted feet > removes all marks on lifecycle exit, ignores raised/carried feet and releases only its own resources once 317ms
 ✓ src/components/explore/PaintedEncounterLineage.test.tsx (5 tests) 77ms
 ✓ src/components/island/IslandExpressionFlag.test.tsx (2 tests) 20ms
 ✓ src/domain/explore/__tests__/encounters.test.ts (7 tests) 6ms
 ✓ src/domain/explore/__tests__/rapidLoop.test.ts (6 tests) 13ms
 ✓ src/domain/explore/__tests__/rapidLoopEligibility.test.ts (27 tests) 6ms
 ✓ src/domain/learning/context.test.ts (6 tests) 107ms
 ✓ src/components/domain/PrintableTestPreview.test.tsx (6 tests) 178ms
 ✓ src/components/island/three/expressionResidentVisuals.test.ts (12 tests) 4044ms
   ✓ expressions stay attached to the original residents > otter shows both real patterns with every free/paid outfit while preserving the original face, limbs and contacts 337ms
   ✓ expressions stay attached to the original residents > telescope preserves rabbit real contacts in raincoat and beret 301ms
   ✓ expressions stay attached to the original residents > telescope preserves fox real contacts in raincoat and beret 501ms
   ✓ expressions stay attached to the original residents > tea-table preserves otter real contacts in raincoat and beret 464ms
   ✓ expressions stay attached to the original residents > tea-table preserves rabbit real contacts in raincoat and beret 695ms
   ✓ expressions stay attached to the original residents > tea-table preserves fox real contacts in raincoat and beret 595ms
 ✓ src/components/island/islandAlbumMemory.test.ts (7 tests) 4ms
 ✓ src/components/island/three/livingActivities.test.ts (5 tests) 6ms
 ✓ src/domain/math/generators/subtraction.test.ts (10 tests) 26ms
 ✓ src/utils/audio.test.ts (8 tests) 63ms
 ✓ src/components/dev/suika/NumberSuikaStage.test.tsx (10 tests) 48ms
 ✓ src/domain/island/customization.test.ts (20 tests) 7ms
 ✓ src/domain/learning/englishCatalog.test.ts (5 tests) 156ms
 ✓ src/domain/battle/engine.test.ts (10 tests) 8ms
 ✓ src/components/island/three/homeViewFraming.test.ts (16 tests) 11465ms
   ✓ layout-owned close phone home > enlarges nearby life while retaining both residents and the house, without entering manual camera mode 1218ms
   ✓ layout-owned close phone home > keeps the first deliberate zoom continuous relative to the closer base frame 691ms
   ✓ layout-owned close phone home > leaves the existing 768x900 framing unchanged 628ms
   ✓ layout-owned close phone home > leaves the existing 1024x600 framing unchanged 716ms
   ✓ layout-owned close phone home > leaves the existing 390x330 framing unchanged 698ms
   ✓ layout-owned close phone home > does not alter the dedicated or overview frame: {"districtFocus":"all"} 860ms
   ✓ layout-owned close phone home > does not alter the dedicated or overview frame: {"districtFocus":"east"} 588ms
   ✓ layout-owned close phone home > does not alter the dedicated or overview frame: {"districtFocus":"west"} 446ms
   ✓ layout-owned close phone home > does not alter the dedicated or overview frame: {"photographing":true} 819ms
   ✓ layout-owned close phone home > does not alter the dedicated or overview frame: {"readOnly":true} 573ms
   ✓ layout-owned close phone home > does not alter the dedicated or overview frame: {"readOnly":true,"comparisonHabitat":"garden"} 659ms
   ✓ layout-owned close phone home > does not alter the dedicated or overview frame: {"learning":true} 772ms
   ✓ layout-owned close phone home > does not alter the dedicated or overview frame: {"preview":{"id":"move","kind":"flower","position":{"x":0,"z":1},"rotation":0}} 676ms
   ✓ layout-owned close phone home > does not alter the dedicated or overview frame: {"playRequest":{"id":"replay","itemId":"flower"}} 916ms
   ✓ layout-owned close phone home > returns from the whole-island view to the same close home frame 635ms
   ✓ layout-owned close phone home > lets an automatic shared activity keep its authored camera with manual mode still off 568ms
 ✓ src/components/ikimono/fuwafuwaDailyConversation.test.ts (4 tests) 14ms
 ✓ src/domain/math/studyPresentation.test.ts (8 tests) 7ms
 ✓ src/components/island/three/appearanceFraming.test.ts (6 tests) 12825ms
   ✓ appearance viewing uses fixed real-target cameras > keeps the entire central tree in frame with the same matrix for every style and maturity at aspect 1.1016949152542372 4908ms
   ✓ appearance viewing uses fixed real-target cameras > keeps the entire central tree in frame with the same matrix for every style and maturity at aspect 1.786046511627907 4594ms
   ✓ appearance viewing uses fixed real-target cameras > wall, roof and window use one fixed house view without hiding a resident, furniture or display 3243ms
 ✓ src/components/island/three/learningReaction.test.ts (12 tests) 14ms
 ✓ src/domain/math/generators/addition.test.ts (10 tests) 11ms
 ✓ src/components/island/islandDiscoveryGuide.test.ts (7 tests) 6ms
 ✓ src/components/dev/g0v2/G0MechanicRemixStage.test.tsx (4 tests) 54ms
 ✓ src/components/dev/g0/G0WhiteboxStage.test.tsx (6 tests) 35ms
 ✓ src/prototypes/pittari/engine.test.ts (18 tests) 16ms
 ✓ src/domain/island/learningChecks.test.ts (14 tests) 11ms
 ✓ src/components/park/sceneGeometry.test.ts (5 tests) 40ms
 ✓ src/domain/island/catalogExpansion.test.ts (3 tests) 10ms
 ✓ src/components/explore/ReturnSummary.test.tsx (5 tests) 55ms
 ✓ src/domain/math/profileProgress.test.ts (67 tests) 30ms
 ✓ src/components/island/three/runtimeExpressionResidents.test.ts (3 tests) 5131ms
   ✓ expression rendering stays optional inside a read-only scene > pause restores the actual resident, clears every live mark and consumes the interrupted request 1801ms
   ✓ expression rendering stays optional inside a read-only scene > changing reduced motion schedules the owned temporary rig instead of resetting it through ordinary updates 1647ms
   ✓ expression rendering stays optional inside a read-only scene > frames the actual read-only trial and releases that camera on learning and exit 1671ms
 ✓ src/components/park/three/choreography.test.ts (6 tests) 10ms
 ✓ src/components/island/three/sharedJobActor.test.ts (3 tests) 527ms
 ✓ src/domain/math/generators/division.test.ts (5 tests) 17ms
 ✓ tools/island-qualified-audit.test.mjs (12 tests) 16ms
 ✓ src/domain/island/landGeometry.test.ts (4 tests) 115ms
 ✓ src/components/island/three/residentInterest.test.ts (11 tests) 11ms
 ✓ src/utils/tts.test.ts (6 tests) 8ms
 ✓ src/domain/test/paperTest.test.ts (4 tests) 14ms
 ✓ src/domain/island/photos.test.ts (3 tests) 12ms
 ✓ src/components/island/learningFeedback.test.ts (7 tests) 2ms
 ✓ src/utils/pdfGenerator.test.ts (5 tests) 21ms
 ✓ src/components/island/IslandMilestone.test.tsx (6 tests) 11ms
 ✓ src/components/island/three/placementPreview.test.ts (3 tests) 56ms
 ✓ src/components/island/three/sharedActivityContinuity.test.ts (12 tests) 4861ms
   ✓ shared props remain attached while the real resident poses change phase > 'flower' 'left/left' keeps actual holding paws and the prop continuous across every handoff boundary 498ms
   ✓ shared props remain attached while the real resident poses change phase > 'flower' 'left/right' keeps actual holding paws and the prop continuous across every handoff boundary 385ms
   ✓ shared props remain attached while the real resident poses change phase > 'flower' 'right/left' keeps actual holding paws and the prop continuous across every handoff boundary 355ms
   ✓ shared props remain attached while the real resident poses change phase > 'flower' 'right/right' keeps actual holding paws and the prop continuous across every handoff boundary 331ms
   ✓ shared props remain attached while the real resident poses change phase > 'star' 'left/left' keeps actual holding paws and the prop continuous across every handoff boundary 553ms
   ✓ shared props remain attached while the real resident poses change phase > 'star' 'left/right' keeps actual holding paws and the prop continuous across every handoff boundary 377ms
   ✓ shared props remain attached while the real resident poses change phase > 'star' 'right/left' keeps actual holding paws and the prop continuous across every handoff boundary 442ms
   ✓ shared props remain attached while the real resident poses change phase > 'star' 'right/right' keeps actual holding paws and the prop continuous across every handoff boundary 484ms
   ✓ shared props remain attached while the real resident poses change phase > 'bubble' 'left/left' keeps actual holding paws and the prop continuous across every handoff boundary 372ms
   ✓ shared props remain attached while the real resident poses change phase > 'bubble' 'left/right' keeps actual holding paws and the prop continuous across every handoff boundary 324ms
   ✓ shared props remain attached while the real resident poses change phase > 'bubble' 'right/left' keeps actual holding paws and the prop continuous across every handoff boundary 386ms
   ✓ shared props remain attached while the real resident poses change phase > 'bubble' 'right/right' keeps actual holding paws and the prop continuous across every handoff boundary 353ms
 ✓ src/domain/learning/independentProgress.test.ts (17 tests) 5ms
 ✓ src/components/explore/snapRootPresentation.test.ts (5 tests) 2ms
 ✓ src/components/island/islandWorkshopRequest.test.ts (6 tests) 12ms
 ✓ src/components/explore/RootPullOpeningArt.test.tsx (8 tests) 48ms
 ✓ src/domain/stats/repository.test.ts (1 test) 4ms
 ✓ src/components/island/islandCustomizationRequest.test.ts (4 tests) 7ms
 ✓ src/components/domain/answerCompletion.test.tsx (4 tests) 68ms
 ✓ src/components/island/three/connectedScenery.test.ts (3 tests) 4610ms
   ✓ one connected island across growth and appearance changes > replaces only terrain at unlocks, keeping the home, bridges and texture owner alive 2321ms
   ✓ one connected island across growth and appearance changes > supports all original and connecting floors once at level 1 956ms
   ✓ one connected island across growth and appearance changes > supports all original and connecting floors once at level 2 1333ms
 ✓ src/domain/island/visitors.test.ts (4 tests) 9ms
 ✓ src/domain/explore/__tests__/generator.test.ts (2 tests) 440ms
   ✓ createExploreMap > keeps every generated node reachable across multiple seeds 435ms
 ✓ src/components/island/three/waterSurface.test.ts (6 tests) 9860ms
   ✓ static ocean and shallow-water resources > keeps simultaneous palettes and other slots independent at floor level 0 1836ms
   ✓ static ocean and shallow-water resources > keeps simultaneous palettes and other slots independent at floor level 1 2305ms
   ✓ static ocean and shallow-water resources > keeps simultaneous palettes and other slots independent at floor level 2 3248ms
   ✓ static ocean and shallow-water resources > reuses and retires water resources without textures at floor level 0 564ms
   ✓ static ocean and shallow-water resources > reuses and retires water resources without textures at floor level 1 930ms
   ✓ static ocean and shallow-water resources > reuses and retires water resources without textures at floor level 2 976ms
 ✓ src/components/island/learningGuidance.test.ts (5 tests) 6ms
 ✓ src/components/island/three/homePresentation.test.ts (3 tests) 62ms
 ✓ src/components/explore/FireflyFlowerEncounterArt.test.tsx (8 tests) 48ms
 ✓ src/components/ikimono/lifecycle.test.ts (5 tests) 5ms
 ✓ src/components/island/useIslandDiscoveries.test.ts (4 tests) 61ms
 ✓ src/domain/stats/aggregation.test.ts (3 tests) 5ms
 ✓ src/components/island/islandExperienceRequest.test.ts (4 tests) 60ms
 ✓ src/components/explore/MakimodonEncounterArt.test.tsx (8 tests) 36ms
 ✓ src/domain/park/englishPlanning.test.ts (7 tests) 270ms
 ✓ src/components/island/three/residentPortraitFraming.test.ts (6 tests) 481ms
 ✓ src/domain/island/livingSettings.test.ts (4 tests) 27ms
 ✓ src/components/island/three/growthNavigation.test.ts (2 tests) 656ms
   ✓ automatically grown places support real resident life > keeps all seven anchor objects legal and reachable through the complete chapter 599ms
 ✓ src/domain/explore/__tests__/openingExperience.test.ts (5 tests) 5ms
 ✓ tools/asset-policy.test.mjs (19 tests) 3ms
 ✓ src/domain/math/generators/fraction.test.ts (6 tests) 3ms
 ✓ src/domain/math/hissanEngine.test.ts (8 tests) 4ms
 ✓ src/domain/math/additionProgress.test.ts (9 tests) 2ms
 ✓ src/components/island/islandExpansionPreview.test.ts (4 tests) 2ms
 ✓ src/components/island/islandCustomizationPreview.test.ts (4 tests) 5ms
 ✓ src/domain/math/answerCompletion.test.ts (4 tests) 227ms
 ✓ src/components/island/IslandFurniturePlacement.test.tsx (3 tests) 21ms
 ✓ src/domain/test/testSet.test.ts (3 tests) 53ms
 ✓ src/components/explore/makimodonPresentation.test.ts (4 tests) 3ms
 ✓ src/components/ikimono/fuwafuwaSpeech.test.ts (6 tests) 3ms
 ✓ src/components/island/islandGrowthPreview.test.ts (3 tests) 7ms
 ✓ src/components/island/visualLearningGuidance.test.ts (6 tests) 11ms
 ✓ src/domain/explore/__tests__/rewardPresentation.test.ts (7 tests) 3ms
 ✓ src/components/explore/rapidTrailPresentation.test.ts (4 tests) 3ms
 ✓ src/components/explore/ResearchBookStage.test.tsx (3 tests) 23ms
 ✓ src/domain/explore/__tests__/suikaQuantity.test.ts (7 tests) 5ms
 ✓ src/components/island/three/residentFabric.test.ts (3 tests) 3795ms
   ✓ one cloth resident in the shared island > keeps atlas UVs through body/head batching and every articulated hand/foot 3554ms
 ✓ src/domain/explore/__tests__/attemptIdentity.test.ts (8 tests) 2ms
 ✓ src/domain/explore/__tests__/rewards.test.ts (5 tests) 3ms
 ✓ src/components/domain/WrittenArithmeticGrid.test.tsx (3 tests) 9ms
 ✓ src/domain/park/learningContinuation.test.ts (3 tests) 57ms
 ✓ src/domain/explore/__tests__/g0MechanicMetrics.test.ts (2 tests) 2ms
 ✓ src/pwaUpdateRecovery.test.ts (3 tests) 8ms
 ✓ src/domain/island/navigation.test.ts (9 tests) 2ms
 ✓ src/components/island/islandFurnitureTrial.test.ts (5 tests) 10ms
 ✓ src/components/island/islandStarReceiptEligibility.test.ts (3 tests) 3ms
 ✓ src/components/ikimono/fuwafuwaAlbumCopy.test.ts (3 tests) 12ms
 ✓ src/components/ikimono/hitokoto.test.ts (5 tests) 8ms
 ✓ src/domain/english/generator.test.ts (4 tests) 1814ms
   ✓ English catalog and choices > every word produces four unique rendered choices (kanji=false) 907ms
   ✓ English catalog and choices > every word produces four unique rendered choices (kanji=true) 903ms
 ✓ tools/learning-unit-report.test.mjs (2 tests) 72ms
 ✓ src/domain/math/subtractionProgress.test.ts (5 tests) 5ms
 ✓ src/domain/explore/__tests__/runStructure.test.ts (3 tests) 4ms
 ✓ src/components/island/islandDistrictView.test.ts (5 tests) 7ms
 ✓ src/domain/learning/runtimeUnitPractice.test.ts (9 tests) 8ms
 ✓ src/domain/math/sequenceProgress.test.ts (5 tests) 9ms
 ✓ src/domain/learning/reviewBudget.test.ts (7 tests) 4ms
 ✓ src/domain/explore/__tests__/encounterPhase.test.ts (7 tests) 3ms
 ✓ src/components/island/IslandWelcome.test.tsx (2 tests) 23ms
 ✓ src/components/Footer.test.tsx (3 tests) 18ms
 ✓ src/domain/benchmark/coldOpenFixedTen.test.ts (2 tests) 4ms
 ✓ src/components/island/three/workshopGround.test.ts (1 test) 163ms
 ✓ src/domain/math/comparisonProgress.test.ts (5 tests) 4ms
 ✓ src/components/explore/PokkoVisualLineage.test.tsx (5 tests) 76ms
 ✓ src/components/domain/answerConfirmGuidance.test.ts (2 tests) 28ms
 ✓ src/components/ikimono/fuwafuwaMilestones.test.ts (4 tests) 3ms
 ✓ src/components/explore/AuthoredEncounterArt.test.tsx (6 tests) 15ms
 ✓ src/components/dev/devStudySelection.test.ts (2 tests) 3ms
 ✓ src/components/ikimono/sceneText.test.ts (3 tests) 2ms
 ✓ src/domain/explore/__tests__/fixedTenBenchmark.test.ts (2 tests) 2ms
 ✓ src/domain/math/writtenInput.test.ts (3 tests) 4ms
 ✓ src/domain/learning/reviewPolicy.test.ts (5 tests) 14ms
 ✓ src/domain/island/studyRoute.test.ts (16 tests) 4ms
 ✓ src/components/island/three/sharedCarryRoute.test.ts (2 tests) 4ms
 ✓ src/domain/explore/__tests__/replay.test.ts (3 tests) 6ms
 ✓ src/utils/learningDay.test.ts (5 tests) 4ms
 ✓ src/components/ikimono/ikimonoMotion.test.ts (3 tests) 4ms
 ✓ src/components/ui/modalLayerManager.test.ts (2 tests) 1ms
 ✓ src/components/park/LaunchRoute.test.tsx (4 tests) 7ms
 ✓ src/components/gate/arithmeticGate.test.ts (3 tests) 4ms
 ✓ src/domain/island/feature.test.ts (6 tests) 3ms
 ✓ src/components/home/homeMagicEnergy.test.ts (2 tests) 7ms
 ✓ src/domain/island/expansion.test.ts (2 tests) 3ms
 ✓ src/components/island/three/westScenery.test.ts (1 test) 218ms
 ✓ src/utils/theme.test.ts (4 tests) 4ms
 ✓ src/components/ikimono/IkimonoArtwork.test.tsx (2 tests) 18ms
 ✓ src/components/explore/PokkoBaseArt.test.tsx (1 test) 7ms
 ✓ src/domain/math/hissanTypes.test.ts (2 tests) 2ms
 ✓ src/components/explore/RootPullDiscoveryReveal.test.tsx (1 test) 18ms
 ✓ src/components/explore/MakimodonResearchArt.test.tsx (2 tests) 19ms
 ✓ src/domain/math/deterministicGeneration.test.ts (2 tests) 36ms
 ✓ src/components/explore/exploreAnswerInput.test.ts (3 tests) 1ms
 ✓ src/components/explore/DiscoveryPageArt.test.tsx (1 test) 29ms
 ✓ src/components/island/three/expressionResidentWalk.test.ts (16 tests) 56725ms
   ✓ explicit expression trial uses the actual feet and a bounded legal walk > leaves the actual mature default bench before otter trial, reduced=false 8835ms
   ✓ explicit expression trial uses the actual feet and a bounded legal walk > leaves the actual mature default bench before rabbit trial, reduced=false 3170ms
   ✓ explicit expression trial uses the actual feet and a bounded legal walk > leaves the actual mature default bench before fox trial, reduced=false 4545ms
   ✓ explicit expression trial uses the actual feet and a bounded legal walk > leaves the actual mature default bench before otter trial, reduced=true 8313ms
   ✓ explicit expression trial uses the actual feet and a bounded legal walk > leaves the actual mature default bench before rabbit trial, reduced=true 4179ms
   ✓ explicit expression trial uses the actual feet and a bounded legal walk > leaves the actual mature default bench before fox trial, reduced=true 6051ms
   ✓ explicit expression trial uses the actual feet and a bounded legal walk > cancellation during preparing restores the same seated rig and stops pending departure 604ms
   ✓ explicit expression trial uses the actual feet and a bounded legal walk > cancellation during departing restores the same seated rig and stops pending departure 2674ms
   ✓ explicit expression trial uses the actual feet and a bounded legal walk > cancellation during walking restores the same seated rig and stops pending departure 2812ms
   ✓ explicit expression trial uses the actual feet and a bounded legal walk > otter, reduced=false: same rig lands and cancels without moving furniture 5172ms
   ✓ explicit expression trial uses the actual feet and a bounded legal walk > rabbit, reduced=false: same rig lands and cancels without moving furniture 3707ms
   ✓ explicit expression trial uses the actual feet and a bounded legal walk > fox, reduced=false: same rig lands and cancels without moving furniture 1405ms
   ✓ explicit expression trial uses the actual feet and a bounded legal walk > otter, reduced=true: same rig lands and cancels without moving furniture 1787ms
   ✓ explicit expression trial uses the actual feet and a bounded legal walk > rabbit, reduced=true: same rig lands and cancels without moving furniture 1480ms
   ✓ explicit expression trial uses the actual feet and a bounded legal walk > fox, reduced=true: same rig lands and cancels without moving furniture 1883ms
 ✓ src/components/island/three/homeInteriorCamera.test.ts (8 tests) 61880ms
   ✓ a perspective camera inside the same closed house > places the real room floor above the unchanged exterior foundation at aspect 1.3220338983050848 957ms
   ✓ a perspective camera inside the same closed house > places the real room floor above the unchanged exterior foundation at aspect 2.0210526315789474 767ms
   ✓ a perspective camera inside the same closed house > encloses the viewport, shows living objects and all sixteen awards at 390×295, actual cottage=false 18760ms
   ✓ a perspective camera inside the same closed house > encloses the viewport, shows living objects and all sixteen awards at 768×380, actual cottage=false 21476ms
   ✓ a perspective camera inside the same closed house > encloses the viewport, shows living objects and all sixteen awards at 390×295, actual cottage=true 12571ms
   ✓ a perspective camera inside the same closed house > encloses the viewport, shows living objects and all sixteen awards at 768×380, actual cottage=true 7323ms

 Test Files  306 passed (306)
      Tests  3376 passed (3376)
   Start at  17:10:37
   Duration  127.53s (transform 10.73s, setup 0ms, collect 231.93s, tests 725.45s, environment 46ms, prepare 19.24s)


> pokko-fushigi-zukan-app@0.0.0 build
> tsc -b && vite build && npm run assets:check

vite v7.3.1 building client environment for production...
transforming...
Browserslist: browsers data (caniuse-lite) is 8 months old. Please run:
  npx update-browserslist-db@latest
  Why you should do it regularly: https://github.com/browserslist/update-db#readme
✓ 3573 modules transformed.
Generated an empty chunk: "pdf".
rendering chunks...
computing gzip size...
dist/version.json                                   0.42 kB │ gzip:   0.25 kB
dist/index.html                                     1.58 kB │ gzip:   0.72 kB
dist/assets/NotoSansJP-C_ziqpoc.woff2              13.06 kB
dist/assets/IslandWelcome-BJp8Sa-m.css              2.05 kB │ gzip:   0.72 kB
dist/assets/Island-DldxCEPA.css                    23.59 kB │ gzip:   4.86 kB
dist/assets/Island-Hq-fGzgz.css                    75.88 kB │ gzip:  12.53 kB
dist/assets/index-D3qndUZ2.css                    244.37 kB │ gzip:  41.65 kB
dist/assets/pdf-l0sNRNKZ.js                         0.00 kB │ gzip:   0.02 kB
dist/assets/IslandWelcome-DmmDmqwa.js               1.94 kB │ gzip:   1.04 kB
dist/assets/IslandOnboarding-Caea-N98.js            3.45 kB │ gzip:   1.50 kB
dist/assets/ThreeParkStage-D58Xuenq.js             15.55 kB │ gzip:   6.82 kB
dist/assets/LearningAnswerForm-QFJOQq3t.js         16.02 kB │ gzip:   6.56 kB
dist/assets/Park-CV8m1upu.js                       16.50 kB │ gzip:   5.77 kB
dist/assets/icons-CEU_tEBR.js                      26.13 kB │ gzip:   9.72 kB
dist/assets/audio-DwtSHwBT.js                      36.13 kB │ gzip:   9.75 kB
dist/assets/islandFurniturePlacement-BGVp0c6Z.js   42.09 kB │ gzip:  12.18 kB
dist/assets/react-DcHpdqMy.js                      48.53 kB │ gzip:  17.24 kB
dist/assets/Island-CuY4NGmd.js                     63.87 kB │ gzip:  19.83 kB
dist/assets/data-DHx4MMMe.js                       96.36 kB │ gzip:  32.45 kB
dist/assets/motion-iLBaTeAD.js                    119.65 kB │ gzip:  39.54 kB
dist/assets/Island-Bh8aD6n6.js                    265.69 kB │ gzip:  76.34 kB
dist/assets/charts-Dqb-tBNT.js                    371.57 kB │ gzip: 108.42 kB
dist/assets/runtime-Co2gJNNF.js                   393.72 kB │ gzip: 126.73 kB
dist/assets/RoundedBoxGeometry-CywKceG_.js        571.97 kB │ gzip: 145.61 kB
dist/assets/index-DT9hRa1-.js                     980.26 kB │ gzip: 275.29 kB

(!) Some chunks are larger than 500 kB after minification. Consider:
- Using dynamic import() to code-split the application
- Use build.rollupOptions.output.manualChunks to improve chunking: https://rollupjs.org/configuration-options/#output-manualchunks
- Adjust chunk size limit for this warning via build.chunkSizeWarningLimit.
✓ built in 6.45s

PWA v1.2.0
mode      generateSW
precache  145 entries (4463.63 KiB)
files generated
  dist/sw.js
  dist/workbox-fc21a5da.js

> pokko-fushigi-zukan-app@0.0.0 assets:check
> node tools/check-asset-budget.mjs

PASS assets:check
- PWA precache: 145 unique files, 10.78 MiB / 12.00 MiB
- Explore artwork: 27 production files, 4.92 MiB / 8.00 MiB
- Production-input contract: docs/design only; absent from public and precache
