CAPTURE 390 welcome
CAPTURE 390 setup-grade
CAPTURE 390 setup-subject
CAPTURE 390 setup-range
CAPTURE 390 records
CAPTURE 390 settings
CAPTURE 390 settings-profile
CAPTURE 390 settings-learning
CAPTURE 390 settings-display
CAPTURE 390 settings-parent
CAPTURE 390 curriculum
CAPTURE 390 learn-entry
CAPTURE 390 other-games
CAPTURE 390 battle-guidance
CAPTURE 390 parent-gate
CAPTURE 390 parents
CAPTURE 390 add-profile
CAPTURE 390 learning-ready
CAPTURE 390 learning-help
PASS { width: 390, height: 844 }
