CAPTURE 390 welcome
CAPTURE 390 setup-grade
CAPTURE 390 setup-subject
CAPTURE 390 setup-range
CAPTURE 390 records
CAPTURE 390 settings
CAPTURE 390 settings-profile
CAPTURE 390 settings-learning
CAPTURE 390 settings-display
CAPTURE 390 settings-parent
CAPTURE 390 curriculum
CAPTURE 390 learn-entry
CAPTURE 390 other-games
CAPTURE 390 battle-guidance
CAPTURE 390 parent-gate
CAPTURE 390 parents
CAPTURE 390 add-profile
CAPTURE 390 learning-ready
CAPTURE 390 learning-retry
CAPTURE 390 learning-next-2
CAPTURE 390 learning-next-3
CAPTURE 390 learning-help
CAPTURE 390 records-after-answers
CAPTURE 390 parents-after-answers
PASS { width: 390, height: 844 }
CAPTURE 768 welcome
CAPTURE 768 setup-grade
CAPTURE 768 setup-subject
CAPTURE 768 setup-range
CAPTURE 768 records
CAPTURE 768 settings
CAPTURE 768 settings-profile
CAPTURE 768 settings-learning
CAPTURE 768 settings-display
CAPTURE 768 settings-parent
CAPTURE 768 curriculum
CAPTURE 768 learn-entry
CAPTURE 768 other-games
CAPTURE 768 battle-guidance
CAPTURE 768 parent-gate
CAPTURE 768 parents
CAPTURE 768 add-profile
CAPTURE 768 learning-ready
CAPTURE 768 learning-retry
CAPTURE 768 learning-next-2
CAPTURE 768 learning-next-3
CAPTURE 768 learning-help
CAPTURE 768 records-after-answers
CAPTURE 768 parents-after-answers
PASS { width: 768, height: 1024 }
CAPTURE 320 welcome
CAPTURE 320 setup-grade
CAPTURE 320 setup-subject
CAPTURE 320 setup-range
CAPTURE 320 records
CAPTURE 320 settings
CAPTURE 320 settings-profile
CAPTURE 320 settings-learning
CAPTURE 320 settings-display
CAPTURE 320 settings-parent
CAPTURE 320 curriculum
CAPTURE 320 learn-entry
CAPTURE 320 other-games
CAPTURE 320 battle-guidance
CAPTURE 320 parent-gate
CAPTURE 320 parents
CAPTURE 320 add-profile
CAPTURE 320 learning-ready
CAPTURE 320 learning-retry
CAPTURE 320 learning-next-2
CAPTURE 320 learning-next-3
CAPTURE 320 learning-help
CAPTURE 320 records-after-answers
CAPTURE 320 parents-after-answers
PASS { width: 320, height: 568 }
CAPTURE 568 welcome
CAPTURE 568 setup-grade
CAPTURE 568 setup-subject
CAPTURE 568 setup-range
CAPTURE 568 records
CAPTURE 568 settings
CAPTURE 568 settings-profile
CAPTURE 568 settings-learning
CAPTURE 568 settings-display
CAPTURE 568 settings-parent
CAPTURE 568 curriculum
CAPTURE 568 learn-entry
CAPTURE 568 other-games
CAPTURE 568 battle-guidance
CAPTURE 568 parent-gate
CAPTURE 568 parents
CAPTURE 568 add-profile
CAPTURE 568 learning-ready
CAPTURE 568 learning-retry
CAPTURE 568 learning-next-2
CAPTURE 568 learning-next-3
CAPTURE 568 learning-help
CAPTURE 568 records-after-answers
CAPTURE 568 parents-after-answers
PASS { width: 568, height: 320 }
CAPTURE 1024 welcome
CAPTURE 1024 setup-grade
CAPTURE 1024 setup-subject
CAPTURE 1024 setup-range
CAPTURE 1024 records
CAPTURE 1024 settings
CAPTURE 1024 settings-profile
CAPTURE 1024 settings-learning
CAPTURE 1024 settings-display
CAPTURE 1024 settings-parent
CAPTURE 1024 curriculum
CAPTURE 1024 learn-entry
CAPTURE 1024 other-games
CAPTURE 1024 battle-guidance
CAPTURE 1024 parent-gate
CAPTURE 1024 parents
CAPTURE 1024 add-profile
CAPTURE 1024 learning-ready
CAPTURE 1024 learning-retry
CAPTURE 1024 learning-next-2
CAPTURE 1024 learning-next-3
CAPTURE 1024 learning-help
CAPTURE 1024 records-after-answers
CAPTURE 1024 parents-after-answers
PASS { width: 1024, height: 768 }
