vite v7.3.1 building client environment for production...
transforming...
Browserslist: browsers data (caniuse-lite) is 8 months old. Please run:
  npx update-browserslist-db@latest
  Why you should do it regularly: https://github.com/browserslist/update-db#readme
✓ 3437 modules transformed.
Generated an empty chunk: "pdf".
rendering chunks...
computing gzip size...
dist-classic/version.json                             0.45 kB │ gzip:   0.26 kB
dist-classic/index.html                               1.60 kB │ gzip:   0.72 kB
dist-classic/assets/NotoSansJP-C_ziqpoc.woff2        13.06 kB
dist-classic/assets/IslandWelcome-BR6pg2p2.css        2.02 kB │ gzip:   0.71 kB
dist-classic/assets/Island-bNzyiVRP.css               8.77 kB │ gzip:   2.37 kB
dist-classic/assets/Island-DBziULQt.css              29.51 kB │ gzip:   5.60 kB
dist-classic/assets/index-Bsl0zcV8.css              230.78 kB │ gzip:  38.94 kB
dist-classic/assets/pdf-l0sNRNKZ.js                   0.00 kB │ gzip:   0.02 kB
dist-classic/assets/IslandWelcome-BgproZK8.js         1.87 kB │ gzip:   1.00 kB
dist-classic/assets/IslandOnboarding-DXTskEV_.js      3.45 kB │ gzip:   1.50 kB
dist-classic/assets/LearningAnswerForm-CDCJdKsH.js   15.29 kB │ gzip:   6.24 kB
dist-classic/assets/ThreeParkStage-DqoEdbGt.js       15.55 kB │ gzip:   6.82 kB
dist-classic/assets/icons-DT1IhIxV.js                15.69 kB │ gzip:   6.12 kB
dist-classic/assets/Park-B0SMDbYa.js                 16.01 kB │ gzip:   5.63 kB
dist-classic/assets/Island-CFobziDI.js               25.74 kB │ gzip:   8.37 kB
dist-classic/assets/audio-DwtSHwBT.js                36.13 kB │ gzip:   9.75 kB
dist-classic/assets/react-DcHpdqMy.js                48.53 kB │ gzip:  17.24 kB
dist-classic/assets/Island-CONaiZWm.js               85.51 kB │ gzip:  27.26 kB
dist-classic/assets/data-DHx4MMMe.js                 96.36 kB │ gzip:  32.45 kB
dist-classic/assets/motion-iLBaTeAD.js              119.65 kB │ gzip:  39.54 kB
dist-classic/assets/runtime-BEqpWFxs.js             154.48 kB │ gzip:  51.67 kB
dist-classic/assets/charts-Dqb-tBNT.js              371.57 kB │ gzip: 108.42 kB
dist-classic/assets/RoundedBoxGeometry-4K9zeluF.js  570.29 kB │ gzip: 145.27 kB
dist-classic/assets/index-DXHg18Aj.js               970.91 kB │ gzip: 271.90 kB

(!) Some chunks are larger than 500 kB after minification. Consider:
- Using dynamic import() to code-split the application
- Use build.rollupOptions.output.manualChunks to improve chunking: https://rollupjs.org/configuration-options/#output-manualchunks
- Adjust chunk size limit for this warning via build.chunkSizeWarningLimit.
✓ built in 3.75s

PWA v1.2.0
mode      generateSW
precache  144 entries (3880.42 KiB)
files generated
  dist-classic/sw.js
  dist-classic/workbox-fc21a5da.js
