
> pokko-fushigi-zukan-app@0.0.0 verify:core
> npm run docs:check && npm run lint && npm run typecheck && npm run test:run && npm run build


> pokko-fushigi-zukan-app@0.0.0 docs:check
> node tools/check-docs.mjs

WARN
- docs/tasks/design-refresh-status.md: 次回棚卸し目安 (2026-05-15) is in the past
- docs/tasks/backlog.md: 次回棚卸し目安 (2026-05-15) is in the past
- docs/tasks/ui-fix-tasklist.md: 次回棚卸し目安 (2026-05-15) is in the past
- docs/tasks/active/2026-03-17-v1-core-stabilization-plan.md: Review By (2026-05-15) is in the past
- docs/tasks/active/2026-07-19-root-tangle-observation-morph.md: Review By (2026-07-26) is in the past
- docs/tasks/active/2026-07-21-cold-open-value-loop.md: Review By (2026-07-28) is in the past
- docs/tasks/active/2026-07-23-whole-app-brand-coherence.md: Review By (2026-07-30) is in the past
PASS docs:check

> pokko-fushigi-zukan-app@0.0.0 lint
> eslint .


/private/tmp/sansu-customization-20260908-161632/src/components/island/IslandMilestone.tsx
  17:17  warning  Fast refresh only works when a file only exports components. Use a new file to share constants or functions between components  react-refresh/only-export-components

✖ 1 problem (0 errors, 1 warning)


> pokko-fushigi-zukan-app@0.0.0 typecheck
> tsc -b --pretty false


> pokko-fushigi-zukan-app@0.0.0 test:run
> vitest run


 RUN  v2.1.9 /private/tmp/sansu-customization-20260908-161632

 ✓ src/domain/math/generators/counting.test.ts (51 tests) 12ms
 ✓ src/components/island/three/sharedActivities.test.ts (23 tests) 550ms
 ✓ src/domain/explore/__tests__/reducer.test.ts (29 tests) 14ms
 ✓ src/hooks/useStudySession.logic.test.ts (40 tests) 56ms
 ✓ src/hooks/blockGenerators.test.ts (32 tests) 22ms
 ✓ src/domain/explore/__tests__/g0NumberVessel.test.ts (13 tests) 7ms
 ✓ src/domain/math/planner.test.ts (35 tests) 20ms
 ✓ src/domain/explore/__tests__/persistenceRepository.test.ts (38 tests) 917ms
 ✓ src/domain/explore/__tests__/learningPlannerSegment.test.ts (15 tests) 717ms
 ✓ src/domain/algorithms/srs.test.ts (60 tests) 26ms
 ✓ src/domain/logic.test.ts (26 tests) 11ms
Browserslist: browsers data (caniuse-lite) is 8 months old. Please run:
  npx update-browserslist-db@latest
  Why you should do it regularly: https://github.com/browserslist/update-db#readme
 ✓ src/components/island/IslandAnswerForm.test.tsx (38 tests) 451ms
   ✓ Island problem semantic presentation > has a curated equivalent for every symbol actually emitted by the current math generators 364ms
 ✓ src/domain/explore/__tests__/learningSegmentPersistence.test.ts (7 tests) 155ms
 ✓ src/components/island/three/residentRig.test.ts (38 tests) 3529ms
   ✓ resident local rig and furniture contact > bench supports each resident at the real surface through all rotations 404ms
   ✓ resident local rig and furniture contact > swing supports each resident at the real surface through all rotations 312ms
   ✓ resident local rig and furniture contact > mushroom supports each resident at the real surface through all rotations 449ms
   ✓ resident interest stays a removable layer on the real rig > otter keeps real feet, root, seat and shoulder joints on rotated ordinary objects 874ms
 ✓ src/domain/park/park.test.ts (131 tests) 316ms
 ✓ src/components/island/three/growthVisuals.test.ts (18 tests) 468ms
 ✓ src/domain/learning/attemptPersistence.test.ts (24 tests) 529ms
 ✓ src/domain/island/learningObservationCommit.test.ts (28 tests) 1396ms
 ✓ src/domain/island/island.test.ts (19 tests) 3390ms
   ✓ island frozen learning sets > reserves three introductory questions, then six familiar questions, and restores the exact plan 786ms
   ✓ island frozen learning sets > keeps wrong answers on the same problem and assistance sticky without fabricating mastery 466ms
   ✓ island frozen learning sets > supports mixed vocabulary sets and applies vocabulary progression only to independent answers 681ms
   ✓ island frozen learning sets > preserves fraction multi-input and stepwise written arithmetic in complete reserved plans 874ms
 ✓ src/domain/explore/__tests__/problemAdapter.test.ts (38 tests) 33ms
 ✓ src/domain/explore/__tests__/g0NumberSuika.test.ts (32 tests) 34ms
 ✓ src/domain/explore/__tests__/learningPlanner.test.ts (8 tests) 307ms
 ✓ src/domain/island/learningContinuity.test.ts (13 tests) 2437ms
   ✓ island learning continuity > shares review opportunities across 6-question 'math' sets 373ms
   ✓ island learning continuity > shares review opportunities across 3-question 'mix' sets 309ms
   ✓ island learning continuity > does not disguise unselected pending checks as ordinary Due across repeated short sets 512ms
 ✓ src/domain/island/growthRepository.test.ts (10 tests) 911ms
   ✓ owned atomic living island persistence > aborts growth, snapshot, answer, profile and completion together then saves each once on retry 344ms
 ✓ src/domain/explore/__tests__/g0Whitebox.test.ts (13 tests) 11ms
 ✓ src/domain/learning/evidence.test.ts (16 tests) 45ms
 ✓ src/domain/test/printability.test.ts (22 tests) 8ms
 ✓ src/domain/island/learningSession.test.ts (10 tests) 1008ms
 ✓ src/domain/island/customizationRepository.test.ts (13 tests) 581ms
 ✓ src/components/island/three/sharedActivityController.test.ts (20 tests) 1755ms
 ✓ src/domain/math/numberSenseProgress.test.ts (32 tests) 14ms
 ✓ src/domain/user/repository.test.ts (9 tests) 5ms
 ✓ src/components/island/three/navigation.test.ts (17 tests) 46ms
 ✓ src/components/explore/ExploreProblemPanel.test.tsx (16 tests) 66ms
 ✓ src/components/island/three/residentInteraction.test.ts (17 tests) 86ms
 ✓ src/domain/island/growth.test.ts (11 tests) 25ms
 ✓ src/domain/island/progressiveSupport.test.ts (13 tests) 542ms
 ✓ src/domain/learningRepository.test.ts (14 tests) 26ms
 ✓ src/domain/learning/independentProgress.integration.test.ts (12 tests) 355ms
 ✓ src/domain/explore/__tests__/g0ChainShot.test.ts (12 tests) 6ms
 ✓ src/domain/island/learningObservation.test.ts (19 tests) 7ms
 ✓ src/domain/math/writtenArithmetic.test.ts (36 tests) 96ms
 ✓ src/components/island/three/sharedActivityVisuals.test.ts (12 tests) 111ms
 ✓ src/components/island/three/livingRuntime.test.ts (12 tests) 575ms
 ✓ src/components/island/three/furnitureClearanceController.test.ts (9 tests) 1377ms
   ✓ saved furniture clearance runs physical moves in sequence > contains the whole current bodies and every future route before the second resident starts 626ms
 ✓ src/domain/explore/__tests__/wagerRun.test.ts (19 tests) 6ms
 ✓ src/domain/learning/unitPlanning.integration.test.ts (14 tests) 519ms
 ✓ src/domain/explore/__tests__/learningSegment.test.ts (20 tests) 5ms
 ✓ src/components/island/three/furniture.test.ts (14 tests) 208ms
 ✓ src/domain/park/writtenArithmeticIntegration.test.ts (25 tests) 314ms
 ✓ src/domain/explore/__tests__/observation.test.ts (11 tests) 2ms
 ✓ src/domain/user/onboarding.test.ts (11 tests) 356ms
 ✓ src/hooks/blockGenerators.progression.test.ts (13 tests) 15ms
 ✓ src/domain/levelProgression.test.ts (10 tests) 1019ms
   ✓ evidence required for level progression > uses the same math evidence in the atomic writer and Study service 917ms
 ✓ src/components/island/three/sceneFraming.test.ts (15 tests) 1615ms
 ✓ src/domain/island/subjectSelection.test.ts (10 tests) 28ms
 ✓ src/domain/learning/pilotRepository.test.ts (6 tests) 238ms
 ✓ src/components/island/three/furnitureClearance.test.ts (9 tests) 249ms
 ✓ src/components/explore/DiscoveryReveal.test.ts (7 tests) 38ms
 ✓ src/components/island/useIslandLearningObservation.test.ts (10 tests) 6ms
 ✓ src/domain/english/planner.test.ts (14 tests) 14ms
 ✓ src/components/island/three/cosmeticScenery.test.ts (16 tests) 5239ms
   ✓ owned cosmetic scenery > leaves the default scene geometry and rooted tree exactly as authored 453ms
   ✓ owned cosmetic scenery > changes real canopy silhouettes and house geometry, beyond recoloring 447ms
   ✓ owned cosmetic scenery > moon-garden preserves true ground, light anchors and growth through every accent 512ms
   ✓ owned cosmetic scenery > starry preserves true ground, light anchors and growth through every accent 526ms
   ✓ owned cosmetic scenery > candy preserves true ground, light anchors and growth through every accent 571ms
   ✓ owned cosmetic scenery > crystal preserves true ground, light anchors and growth through every accent 493ms
   ✓ owned cosmetic scenery > disposes each owned geometry, material and texture once without touching resident materials 1070ms
 ✓ src/components/island/three/westNavigation.test.ts (10 tests) 40ms
 ✓ src/pwaUpdateUtils.test.ts (43 tests) 6ms
 ✓ src/domain/test/trigger.test.ts (8 tests) 7ms
 ✓ src/components/island/three/sharedActivityOcclusion.test.ts (9 tests) 9ms
 ✓ src/domain/explore/__tests__/runCheckpoint.test.ts (7 tests) 3ms
 ✓ src/components/island/IslandLearningSupport.test.tsx (17 tests) 83ms
 ✓ src/components/island/three/worldPalette.test.ts (4 tests) 109ms
 ✓ src/domain/learning/mathCatalog.test.ts (6 tests) 27ms
 ✓ src/components/island/IslandAlbum.test.tsx (4 tests) 39ms
 ✓ src/domain/island/subjectPreference.test.ts (5 tests) 695ms
 ✓ src/domain/explore/__tests__/discoveryPage.test.ts (9 tests) 3ms
 ✓ src/components/explore/rootPullPresentation.test.ts (10 tests) 3ms
 ✓ src/domain/learning/unitPractice.test.ts (7 tests) 18ms
 ✓ src/domain/math/generators/advanced.test.ts (10 tests) 14ms
 ✓ src/components/island/IslandGrowth.test.tsx (6 tests) 21ms
 ✓ src/pages/Explore.test.ts (9 tests) 4ms
 ✓ src/domain/test/paperTestRepository.test.ts (6 tests) 87ms
 ✓ src/components/explore/ExplorePathChoice.test.tsx (5 tests) 29ms
 ✓ src/components/island/three/geometry.test.ts (8 tests) 1259ms
   ✓ island sculpted geometry > keeps the static scenery and tree within a bounded mesh and triangle budget 1172ms
 ✓ src/domain/explore/__tests__/rapidLoopEligibility.test.ts (27 tests) 6ms
 ✓ src/components/domain/PrintableTestPreview.test.tsx (6 tests) 50ms
 ✓ src/components/island/three/placementOcclusion.test.ts (8 tests) 756ms
 ✓ src/components/island/islandAlbumMemory.test.ts (7 tests) 6ms
 ✓ src/domain/explore/__tests__/rapidLoop.test.ts (6 tests) 14ms
 ✓ src/domain/explore/__tests__/encounters.test.ts (7 tests) 6ms
 ✓ src/domain/math/generators/subtraction.test.ts (10 tests) 7ms
 ✓ src/components/dev/suika/NumberSuikaStage.test.tsx (10 tests) 21ms
 ✓ src/components/explore/PaintedEncounterLineage.test.tsx (5 tests) 85ms
 ✓ src/domain/learning/englishCatalog.test.ts (5 tests) 180ms
 ✓ src/domain/learning/context.test.ts (6 tests) 32ms
 ✓ src/components/ikimono/fuwafuwaDailyConversation.test.ts (4 tests) 4ms
 ✓ src/domain/math/studyPresentation.test.ts (8 tests) 14ms
 ✓ src/components/island/three/learningReaction.test.ts (12 tests) 3ms
 ✓ src/domain/math/generators/addition.test.ts (10 tests) 5ms
 ✓ src/components/dev/g0v2/G0MechanicRemixStage.test.tsx (4 tests) 19ms
 ✓ src/domain/island/customization.test.ts (20 tests) 9ms
 ✓ src/components/island/three/livingActivities.test.ts (5 tests) 4ms
 ✓ src/domain/battle/engine.test.ts (10 tests) 8ms
 ✓ src/components/dev/g0/G0WhiteboxStage.test.tsx (6 tests) 21ms
 ✓ src/prototypes/pittari/engine.test.ts (18 tests) 9ms
 ✓ src/components/island/IslandCustomization.test.tsx (4 tests) 44ms
 ✓ src/components/park/sceneGeometry.test.ts (5 tests) 9ms
 ✓ src/components/park/three/choreography.test.ts (6 tests) 16ms
 ✓ src/domain/math/generators/division.test.ts (5 tests) 24ms
 ✓ src/domain/island/learningChecks.test.ts (14 tests) 16ms
 ✓ src/components/island/three/residentInterest.test.ts (11 tests) 13ms
 ✓ src/components/island/three/sharedActivityFraming.test.ts (23 tests) 15898ms
   ✓ one side view contains the complete shared delivery > 'flower' fits all quarter-turn chair directions and phone/tablet stage shapes 1587ms
   ✓ one side view contains the complete shared delivery > 'star' fits all quarter-turn chair directions and phone/tablet stage shapes 1288ms
   ✓ one side view contains the complete shared delivery > 'bubble' fits all quarter-turn chair directions and phone/tablet stage shapes 897ms
   ✓ one side view contains the complete shared delivery > scores actual held poses for '624 star spectator' across every phase without touching the live rigs 606ms
   ✓ one side view contains the complete shared delivery > scores actual held poses for '484 star self-occlusion' across every phase without touching the live rigs 513ms
   ✓ one side view contains the complete shared delivery > scores actual held poses for '484 bubble self-occlusion' across every phase without touching the live rigs 865ms
   ✓ one side view contains the complete shared delivery > keeps each subject readable in the recorded 0875 'phone star' scene 582ms
   ✓ one side view contains the complete shared delivery > keeps each subject readable in the recorded 0875 'tablet star' scene 612ms
   ✓ one side view contains the complete shared delivery > keeps each subject readable in the recorded 0875 'phone flower' scene 495ms
   ✓ one side view contains the complete shared delivery > keeps each subject readable in the recorded 0875 'tablet flower' scene 381ms
   ✓ one side view contains the complete shared delivery > keeps each subject readable in the recorded 0875 'phone bubble' scene 511ms
   ✓ one side view contains the complete shared delivery > keeps each subject readable in the recorded 0875 'tablet bubble' scene 418ms
   ✓ one side view contains the complete shared delivery > selects a legal fixed presentation for cdc5 phone without inventing readability 606ms
   ✓ one side view contains the complete shared delivery > selects a legal fixed presentation for cdc5 tablet without inventing readability 943ms
   ✓ one side view contains the complete shared delivery > selects a legal fixed presentation for cdc5 obstructed without inventing readability 1453ms
   ✓ recorded 5d7 subjects cannot borrow visibility from later poses > 'phone-flower' preserves a legal readable presentation 437ms
   ✓ recorded 5d7 subjects cannot borrow visibility from later poses > 'phone-bubble' preserves a legal readable presentation 465ms
   ✓ recorded 5d7 subjects cannot borrow visibility from later poses > 'tablet-flower' preserves a legal readable presentation 513ms
   ✓ recorded 5d7 subjects cannot borrow visibility from later poses > 'tablet-star' preserves a legal readable presentation 476ms
   ✓ recorded 5d7 subjects cannot borrow visibility from later poses > 'tablet-bubble' preserves a legal readable presentation 620ms
   ✓ recorded 5d7 subjects cannot borrow visibility from later poses > 'tablet-fox-flower' preserves a legal readable presentation 1357ms
 ✓ src/utils/tts.test.ts (6 tests) 6ms
 ✓ src/domain/math/profileProgress.test.ts (67 tests) 26ms
 ✓ src/domain/test/paperTest.test.ts (4 tests) 6ms
 ✓ src/components/explore/ReturnSummary.test.tsx (5 tests) 43ms
 ✓ src/components/island/three/placementPreview.test.ts (3 tests) 39ms
 ✓ src/utils/pdfGenerator.test.ts (5 tests) 8ms
 ✓ src/components/explore/snapRootPresentation.test.ts (5 tests) 2ms
 ✓ src/domain/learning/independentProgress.test.ts (17 tests) 11ms
 ✓ src/components/explore/RootPullOpeningArt.test.tsx (8 tests) 13ms
 ✓ src/components/explore/FireflyFlowerEncounterArt.test.tsx (8 tests) 18ms
 ✓ src/domain/explore/__tests__/generator.test.ts (2 tests) 310ms
   ✓ createExploreMap > keeps every generated node reachable across multiple seeds 306ms
 ✓ src/components/ikimono/lifecycle.test.ts (5 tests) 5ms
 ✓ src/components/island/learningFeedback.test.ts (6 tests) 4ms
 ✓ src/domain/stats/repository.test.ts (1 test) 21ms
 ✓ src/components/island/three/growthNavigation.test.ts (2 tests) 294ms
 ✓ src/components/explore/MakimodonEncounterArt.test.tsx (8 tests) 35ms
 ✓ src/hooks/learningProgression.integration.test.ts (12 tests) 12997ms
   ✓ learning progression from real generated questions > reaches 70% promotion through generated normal blocks and persisted answers 12250ms
   ✓ learning progression from real generated questions > holds the old math test range when the persisted 30th answer promotes the main level 455ms
 ✓ src/domain/stats/aggregation.test.ts (3 tests) 5ms
 ✓ src/domain/explore/__tests__/openingExperience.test.ts (5 tests) 3ms
 ✓ tools/asset-policy.test.mjs (19 tests) 4ms
 ✓ src/domain/math/generators/fraction.test.ts (6 tests) 4ms
 ✓ src/components/island/useIslandDiscoveries.test.ts (4 tests) 11ms
 ✓ src/domain/math/hissanEngine.test.ts (8 tests) 6ms
 ✓ src/domain/math/additionProgress.test.ts (9 tests) 6ms
 ✓ src/domain/park/englishPlanning.test.ts (7 tests) 233ms
 ✓ src/components/island/three/sharedActivityContinuity.test.ts (12 tests) 2801ms
   ✓ shared props remain attached while the real resident poses change phase > 'flower' 'left/left' keeps actual holding paws and the prop continuous across every handoff boundary 377ms
 ✓ src/components/explore/makimodonPresentation.test.ts (4 tests) 1ms
 ✓ src/components/island/IslandMilestone.test.tsx (5 tests) 10ms
 ✓ src/components/ikimono/fuwafuwaSpeech.test.ts (6 tests) 2ms
 ✓ src/domain/explore/__tests__/rewardPresentation.test.ts (7 tests) 8ms
 ✓ src/components/explore/rapidTrailPresentation.test.ts (4 tests) 3ms
 ✓ src/domain/explore/__tests__/suikaQuantity.test.ts (7 tests) 4ms
 ✓ src/domain/explore/__tests__/attemptIdentity.test.ts (8 tests) 3ms
 ✓ src/domain/explore/__tests__/rewards.test.ts (5 tests) 3ms
 ✓ src/domain/explore/__tests__/g0MechanicMetrics.test.ts (2 tests) 3ms
 ✓ src/components/domain/WrittenArithmeticGrid.test.tsx (3 tests) 8ms
 ✓ src/domain/test/testSet.test.ts (3 tests) 51ms
 ✓ src/components/ikimono/hitokoto.test.ts (5 tests) 2ms
 ✓ src/components/ikimono/fuwafuwaAlbumCopy.test.ts (3 tests) 4ms
 ✓ tools/learning-unit-report.test.mjs (2 tests) 83ms
 ✓ src/components/island/islandStarReceiptEligibility.test.ts (3 tests) 3ms
 ✓ src/domain/park/learningContinuation.test.ts (3 tests) 17ms
 ✓ src/components/island/three/residentFabric.test.ts (3 tests) 2528ms
   ✓ one cloth resident in the shared island > keeps atlas UVs through body/head batching and every articulated hand/foot 2250ms
 ✓ src/components/explore/ResearchBookStage.test.tsx (3 tests) 33ms
 ✓ src/components/island/islandExpansionPreview.test.ts (3 tests) 4ms
 ✓ src/domain/english/generator.test.ts (4 tests) 1253ms
   ✓ English catalog and choices > every word produces four unique rendered choices (kanji=false) 760ms
   ✓ English catalog and choices > every word produces four unique rendered choices (kanji=true) 491ms
 ✓ src/components/island/islandCustomizationRequest.test.ts (3 tests) 6ms
 ✓ src/domain/math/subtractionProgress.test.ts (5 tests) 4ms
 ✓ src/domain/explore/__tests__/runStructure.test.ts (3 tests) 2ms
 ✓ src/domain/learning/runtimeUnitPractice.test.ts (9 tests) 10ms
 ✓ src/components/island/learningGuidance.test.ts (3 tests) 6ms
 ✓ src/domain/math/sequenceProgress.test.ts (5 tests) 4ms
 ✓ src/domain/learning/reviewBudget.test.ts (7 tests) 2ms
 ✓ src/components/island/IslandWelcome.test.tsx (2 tests) 9ms
 ✓ src/domain/explore/__tests__/encounterPhase.test.ts (7 tests) 1ms
 ✓ src/domain/benchmark/coldOpenFixedTen.test.ts (2 tests) 3ms
 ✓ src/domain/math/comparisonProgress.test.ts (5 tests) 3ms
 ✓ src/domain/island/catalogExpansion.test.ts (1 test) 5ms
 ✓ src/components/explore/PokkoVisualLineage.test.tsx (5 tests) 24ms
 ✓ src/components/explore/AuthoredEncounterArt.test.tsx (6 tests) 18ms
 ✓ src/components/ikimono/fuwafuwaMilestones.test.ts (4 tests) 4ms
 ✓ src/components/ikimono/sceneText.test.ts (3 tests) 2ms
 ✓ src/components/dev/devStudySelection.test.ts (2 tests) 2ms
 ✓ src/components/island/islandCustomizationPreview.test.ts (2 tests) 1ms
 ✓ src/domain/island/studyRoute.test.ts (16 tests) 2ms
 ✓ src/components/ikimono/ikimonoMotion.test.ts (3 tests) 3ms
 ✓ src/components/ui/modalLayerManager.test.ts (2 tests) 4ms
 ✓ src/components/island/three/westScenery.test.ts (1 test) 96ms
 ✓ src/components/home/homeMagicEnergy.test.ts (2 tests) 3ms
 ✓ src/domain/island/feature.test.ts (6 tests) 2ms
 ✓ src/components/gate/arithmeticGate.test.ts (3 tests) 3ms
 ✓ src/domain/island/expansion.test.ts (2 tests) 4ms
 ✓ src/domain/explore/__tests__/fixedTenBenchmark.test.ts (2 tests) 5ms
 ✓ src/domain/learning/reviewPolicy.test.ts (5 tests) 11ms
 ✓ src/utils/theme.test.ts (4 tests) 2ms
 ✓ src/domain/explore/__tests__/replay.test.ts (3 tests) 5ms
 ✓ src/components/ikimono/IkimonoArtwork.test.tsx (2 tests) 11ms
 ✓ src/components/explore/RootPullDiscoveryReveal.test.tsx (1 test) 24ms
 ✓ src/utils/learningDay.test.ts (5 tests) 20ms
 ✓ src/domain/math/hissanTypes.test.ts (2 tests) 3ms
 ✓ src/components/explore/PokkoBaseArt.test.tsx (1 test) 16ms
 ✓ src/components/explore/MakimodonResearchArt.test.tsx (2 tests) 18ms
 ✓ src/domain/math/deterministicGeneration.test.ts (2 tests) 28ms
 ✓ src/components/explore/exploreAnswerInput.test.ts (3 tests) 1ms
 ✓ src/components/explore/DiscoveryPageArt.test.tsx (1 test) 9ms

 Test Files  194 passed (194)
      Tests  2232 passed (2232)
   Start at  16:17:09
   Duration  22.22s (transform 4.25s, setup 0ms, collect 85.44s, tests 73.97s, environment 19ms, prepare 8.31s)


> pokko-fushigi-zukan-app@0.0.0 build
> tsc -b && vite build && npm run assets:check

vite v7.3.1 building client environment for production...
transforming...
Browserslist: browsers data (caniuse-lite) is 8 months old. Please run:
  npx update-browserslist-db@latest
  Why you should do it regularly: https://github.com/browserslist/update-db#readme
✓ 3437 modules transformed.
Generated an empty chunk: "pdf".
rendering chunks...
computing gzip size...
dist/version.json                             0.45 kB │ gzip:   0.26 kB
dist/index.html                               1.60 kB │ gzip:   0.72 kB
dist/assets/NotoSansJP-C_ziqpoc.woff2        13.06 kB
dist/assets/IslandWelcome-BR6pg2p2.css        2.02 kB │ gzip:   0.71 kB
dist/assets/Island-bNzyiVRP.css               8.77 kB │ gzip:   2.37 kB
dist/assets/Island-DBziULQt.css              29.51 kB │ gzip:   5.60 kB
dist/assets/index-Bsl0zcV8.css              230.78 kB │ gzip:  38.94 kB
dist/assets/pdf-l0sNRNKZ.js                   0.00 kB │ gzip:   0.02 kB
dist/assets/IslandWelcome-B8stdgqa.js         1.87 kB │ gzip:   1.00 kB
dist/assets/IslandOnboarding-BUwK-uVZ.js      3.45 kB │ gzip:   1.51 kB
dist/assets/LearningAnswerForm-DqagAA_Q.js   15.29 kB │ gzip:   6.23 kB
dist/assets/ThreeParkStage-DjJ_yHlJ.js       15.55 kB │ gzip:   6.82 kB
dist/assets/icons-DRy3GHZr.js                15.68 kB │ gzip:   6.11 kB
dist/assets/Park-kvFAgcqK.js                 16.11 kB │ gzip:   5.64 kB
dist/assets/Island-BB2KHk4j.js               25.74 kB │ gzip:   8.37 kB
dist/assets/audio-DwtSHwBT.js                36.13 kB │ gzip:   9.75 kB
dist/assets/react-DcHpdqMy.js                48.53 kB │ gzip:  17.24 kB
dist/assets/Island-BdS-MnYR.js               85.51 kB │ gzip:  27.25 kB
dist/assets/data-DHx4MMMe.js                 96.36 kB │ gzip:  32.45 kB
dist/assets/motion-iLBaTeAD.js              119.65 kB │ gzip:  39.54 kB
dist/assets/runtime-nS-FdU-b.js             154.48 kB │ gzip:  51.67 kB
dist/assets/charts-Dqb-tBNT.js              371.57 kB │ gzip: 108.42 kB
dist/assets/RoundedBoxGeometry-4K9zeluF.js  570.29 kB │ gzip: 145.27 kB
dist/assets/index-DInJCTiQ.js               967.42 kB │ gzip: 271.03 kB

(!) Some chunks are larger than 500 kB after minification. Consider:
- Using dynamic import() to code-split the application
- Use build.rollupOptions.output.manualChunks to improve chunking: https://rollupjs.org/configuration-options/#output-manualchunks
- Adjust chunk size limit for this warning via build.chunkSizeWarningLimit.
✓ built in 3.51s

PWA v1.2.0
mode      generateSW
precache  144 entries (3877.10 KiB)
files generated
  dist/sw.js
  dist/workbox-fc21a5da.js

> pokko-fushigi-zukan-app@0.0.0 assets:check
> node tools/check-asset-budget.mjs

PASS assets:check
- PWA precache: 144 unique files, 9.74 MiB / 12.00 MiB
- Explore artwork: 27 production files, 4.92 MiB / 8.00 MiB
- Production-input contract: docs/design only; absent from public and precache
