PASS 390 foundation_tens due
PASS 390 foundation_expanded due
PASS 390 foundation_groups due
PASS 390 foundation_division due
PASS 390 foundation_decimal due
PASS 390 foundation_fraction due
PASS 390 foundation_equivalence due
PASS 390 foundation_mixed due
PASS 390 foundation_rate due
PASS 390 foundation_decimal normal
PASS 768 foundation_tens due
PASS 768 foundation_expanded due
PASS 768 foundation_groups due
PASS 768 foundation_division due
PASS 768 foundation_decimal due
PASS 768 foundation_fraction due
PASS 768 foundation_equivalence due
PASS 768 foundation_mixed due
PASS 768 foundation_rate due
PASS 768 foundation_decimal normal
REPORT output/playwright/learning-content-fixes/ui-accepted true
