vite v7.3.1 building client environment for production...
transforming...
Browserslist: browsers data (caniuse-lite) is 8 months old. Please run:
  npx update-browserslist-db@latest
  Why you should do it regularly: https://github.com/browserslist/update-db#readme
✓ 3470 modules transformed.
Generated an empty chunk: "pdf".
rendering chunks...
computing gzip size...
dist/version.json                             0.44 kB │ gzip:   0.26 kB
dist/index.html                               1.56 kB │ gzip:   0.70 kB
dist/assets/NotoSansJP-C_ziqpoc.woff2        13.06 kB
dist/assets/IslandWelcome-BR6pg2p2.css        2.02 kB │ gzip:   0.71 kB
dist/assets/Island-lDBxvWwz.css              10.21 kB │ gzip:   2.65 kB
dist/assets/Island-D7oFiP4M.css              44.79 kB │ gzip:   7.96 kB
dist/assets/index-Bsl0zcV8.css              230.78 kB │ gzip:  38.94 kB
dist/assets/pdf-l0sNRNKZ.js                   0.00 kB │ gzip:   0.02 kB
dist/assets/IslandWelcome-BiuygmVI.js         1.85 kB │ gzip:   0.99 kB
dist/assets/IslandOnboarding-Dzby7NmY.js      3.45 kB │ gzip:   1.50 kB
dist/assets/experience-C6QmDR3M.js            5.43 kB │ gzip:   2.22 kB
dist/assets/LearningAnswerForm-DWQMiDzd.js   15.29 kB │ gzip:   6.24 kB
dist/assets/ThreeParkStage-DjNljH5L.js       15.55 kB │ gzip:   6.82 kB
dist/assets/Park-DwhYkj4Z.js                 16.10 kB │ gzip:   5.63 kB
dist/assets/icons-CfM5oT7X.js                21.68 kB │ gzip:   8.10 kB
dist/assets/Island-Dpcf3wRi.js               34.53 kB │ gzip:  11.13 kB
dist/assets/audio-DwtSHwBT.js                36.13 kB │ gzip:   9.75 kB
dist/assets/react-DcHpdqMy.js                48.53 kB │ gzip:  17.24 kB
dist/assets/data-DHx4MMMe.js                 96.36 kB │ gzip:  32.45 kB
dist/assets/motion-iLBaTeAD.js              119.65 kB │ gzip:  39.54 kB
dist/assets/Island-D4z5TkBP.js              146.46 kB │ gzip:  44.19 kB
dist/assets/runtime-N3hIfmPH.js             176.10 kB │ gzip:  58.38 kB
dist/assets/charts-Dqb-tBNT.js              371.57 kB │ gzip: 108.42 kB
dist/assets/RoundedBoxGeometry-cOVfqjqE.js  570.29 kB │ gzip: 145.27 kB
dist/assets/index-CUbWiYkM.js               968.55 kB │ gzip: 271.45 kB

(!) Some chunks are larger than 500 kB after minification. Consider:
- Using dynamic import() to code-split the application
- Use build.rollupOptions.output.manualChunks to improve chunking: https://rollupjs.org/configuration-options/#output-manualchunks
- Adjust chunk size limit for this warning via build.chunkSizeWarningLimit.
✓ built in 7.40s

PWA v1.2.0
mode      generateSW
precache  145 entries (3994.87 KiB)
files generated
  dist/sw.js
  dist/workbox-486909bb.js
