
> pokko-fushigi-zukan-app@0.0.0 verify:core
> npm run docs:check && npm run lint && npm run typecheck && npm run test:run && npm run build


> pokko-fushigi-zukan-app@0.0.0 docs:check
> node tools/check-docs.mjs

WARN
- docs/tasks/design-refresh-status.md: 次回棚卸し目安 (2026-05-15) is in the past
- docs/tasks/backlog.md: 次回棚卸し目安 (2026-05-15) is in the past
- docs/tasks/ui-fix-tasklist.md: 次回棚卸し目安 (2026-05-15) is in the past
- docs/tasks/active/2026-03-17-v1-core-stabilization-plan.md: Review By (2026-05-15) is in the past
- docs/tasks/active/2026-07-19-root-tangle-observation-morph.md: Review By (2026-07-26) is in the past
- docs/tasks/active/2026-07-21-cold-open-value-loop.md: Review By (2026-07-28) is in the past
- docs/tasks/active/2026-07-23-whole-app-brand-coherence.md: Review By (2026-07-30) is in the past
PASS docs:check

> pokko-fushigi-zukan-app@0.0.0 lint
> eslint .


/Users/yutogasaki/Projects/sansu/src/components/island/IslandMilestone.tsx
  17:17  warning  Fast refresh only works when a file only exports components. Use a new file to share constants or functions between components  react-refresh/only-export-components

✖ 1 problem (0 errors, 1 warning)


> pokko-fushigi-zukan-app@0.0.0 typecheck
> tsc -b --pretty false


> pokko-fushigi-zukan-app@0.0.0 test:run
> vitest run


 RUN  v2.1.9 /Users/yutogasaki/Projects/sansu

 ✓ src/domain/math/generators/counting.test.ts (51 tests) 42ms
 ✓ src/components/island/three/sharedActivities.test.ts (23 tests) 989ms
 ✓ src/domain/explore/__tests__/reducer.test.ts (29 tests) 55ms
 ✓ src/hooks/useStudySession.logic.test.ts (40 tests) 22ms
 ✓ src/hooks/blockGenerators.test.ts (32 tests) 102ms
 ✓ src/domain/explore/__tests__/persistenceRepository.test.ts (38 tests) 1052ms
 ✓ src/domain/explore/__tests__/g0NumberVessel.test.ts (13 tests) 14ms
 ✓ src/domain/explore/__tests__/learningPlannerSegment.test.ts (15 tests) 1133ms
 ✓ src/domain/math/planner.test.ts (35 tests) 161ms
 ✓ src/components/island/three/workshopScene.test.ts (16 tests) 1070ms
 ✓ src/domain/logic.test.ts (26 tests) 29ms
 ✓ src/domain/island/workshop.test.ts (14 tests) 303ms
Browserslist: browsers data (caniuse-lite) is 8 months old. Please run:
  npx update-browserslist-db@latest
  Why you should do it regularly: https://github.com/browserslist/update-db#readme
 ✓ src/domain/algorithms/srs.test.ts (60 tests) 8ms
 ✓ src/domain/island/island.test.ts (19 tests) 5382ms
   ✓ island frozen learning sets > reserves three introductory questions, then six familiar questions, and restores the exact plan 1267ms
   ✓ island frozen learning sets > keeps wrong answers on the same problem and assistance sticky without fabricating mastery 681ms
   ✓ island frozen learning sets > supports mixed vocabulary sets and applies vocabulary progression only to independent answers 1585ms
   ✓ island frozen learning sets > preserves fraction multi-input and stepwise written arithmetic in complete reserved plans 1033ms
 ✓ src/components/island/IslandAnswerForm.test.tsx (38 tests) 1755ms
   ✓ Island problem semantic presentation > has a curated equivalent for every symbol actually emitted by the current math generators 1482ms
 ✓ src/domain/island/workshopLayout.test.ts (17 tests) 30ms
 ✓ src/components/island/three/residentRig.test.ts (38 tests) 8619ms
   ✓ resident local rig and furniture contact > bench supports each resident at the real surface through all rotations 1369ms
   ✓ resident local rig and furniture contact > swing supports each resident at the real surface through all rotations 923ms
   ✓ resident local rig and furniture contact > mushroom supports each resident at the real surface through all rotations 885ms
   ✓ resident local rig and furniture contact > keeps the old bridge path and deck height while visibly lifting feet 336ms
   ✓ resident interest stays a removable layer on the real rig > otter keeps real feet, root, seat and shoulder joints on rotated ordinary objects 1873ms
   ✓ resident interest stays a removable layer on the real rig > fox keeps real feet, root, seat and shoulder joints on rotated ordinary objects 314ms
 ✓ src/domain/island/learningObservationCommit.test.ts (28 tests) 2090ms
 ✓ src/domain/explore/__tests__/learningSegmentPersistence.test.ts (7 tests) 227ms
 ✓ src/domain/island/workshopRepository.test.ts (9 tests) 1277ms
   ✓ optional workshop ownership and unchanged learning > reloads partial cleaning, first observations, names, shelves, both works and checkpoint history without changing any learning table, stars or growth 384ms
 ✓ src/domain/island/customizationRepository.test.ts (16 tests) 988ms
 ✓ src/domain/island/experienceRepository.test.ts (12 tests) 6299ms
   ✓ owned atomic experience persistence > rolls back a failed layout application receipt including all positions, cosmetics and optional expression state 2942ms
   ✓ saved layout application against the current earned world > keeps real later learning/growth, earned new items, spent stars and the saved next plan when restoring an old layout 2478ms
 ✓ src/domain/island/growthRepository.test.ts (11 tests) 3858ms
   ✓ owned atomic living island persistence > rolls back partial growth with the final answer, then retains it through reload, focus changes and receipt replay 531ms
   ✓ owned atomic living island persistence > aborts growth, snapshot, answer, profile and completion together then saves each once on retry 2667ms
 ✓ src/components/island/three/growthVisuals.test.ts (18 tests) 1294ms
 ✓ src/domain/island/learningContinuity.test.ts (13 tests) 4169ms
   ✓ island learning continuity > retains a math recheck after correcting the same problem and reopening the plan 510ms
   ✓ island learning continuity > lets the next overdue word appear while the oldest supported word remains Due 322ms
   ✓ island learning continuity > shares review opportunities across 6-question 'math' sets 483ms
   ✓ island learning continuity > shares review opportunities across 3-question 'math' sets 394ms
   ✓ island learning continuity > shares review opportunities across 3-question 'mix' sets 503ms
   ✓ island learning continuity > does not disguise unselected pending checks as ordinary Due across repeated short sets 797ms
 ✓ src/domain/learning/attemptPersistence.test.ts (24 tests) 944ms
 ✓ src/domain/explore/__tests__/g0NumberSuika.test.ts (32 tests) 123ms
 ✓ src/domain/park/park.test.ts (131 tests) 735ms
 ✓ src/domain/explore/__tests__/g0Whitebox.test.ts (13 tests) 13ms
 ✓ src/domain/explore/__tests__/problemAdapter.test.ts (38 tests) 210ms
 ✓ src/domain/explore/__tests__/learningPlanner.test.ts (8 tests) 435ms
 ✓ src/domain/learning/evidence.test.ts (16 tests) 137ms
 ✓ src/components/island/three/residentInteraction.test.ts (18 tests) 181ms
 ✓ src/domain/test/printability.test.ts (22 tests) 34ms
 ✓ src/domain/user/repository.test.ts (9 tests) 47ms
 ✓ src/components/explore/ExploreProblemPanel.test.tsx (16 tests) 311ms
 ✓ src/domain/island/learningSession.test.ts (10 tests) 1827ms
   ✓ Island answer receipt and the next reserved section > automatically grows after the first three questions, then crosses six questions with zero reward interruptions 381ms
 ✓ src/domain/math/numberSenseProgress.test.ts (32 tests) 9ms
 ✓ src/components/island/islandWorkshopAudio.test.ts (12 tests) 272ms
 ✓ src/components/island/three/sharedActivityController.test.ts (20 tests) 4554ms
   ✓ physical sharing lifecycle > flower travels from the source through two actual residents without crossing bodies 496ms
   ✓ physical sharing lifecycle > bubble travels from the source through two actual residents without crossing bodies 365ms
   ✓ physical sharing lifecycle > fixes a legal alternative delivery before pickup without changing actual positions or completed routes 313ms
 ✓ src/components/island/three/navigation.test.ts (17 tests) 94ms
 ✓ src/domain/island/progressiveSupport.test.ts (13 tests) 1046ms
 ✓ src/domain/island/growth.test.ts (11 tests) 107ms
 ✓ src/domain/island/experience.test.ts (19 tests) 58ms
 ✓ src/domain/learning/independentProgress.integration.test.ts (12 tests) 624ms
 ✓ src/domain/learningRepository.test.ts (14 tests) 19ms
 ✓ src/domain/explore/__tests__/g0ChainShot.test.ts (12 tests) 30ms
 ✓ src/components/island/three/sharedActivityVisuals.test.ts (12 tests) 237ms
 ✓ src/domain/island/learningObservation.test.ts (19 tests) 58ms
 ✓ src/domain/math/writtenArithmetic.test.ts (36 tests) 382ms
   ✓ written arithmetic boundaries > maintains digit alignment and arithmetic identities across varying dividend prefixes 321ms
 ✓ src/components/island/three/livingRuntime.test.ts (12 tests) 1615ms
   ✓ runtime life cancellation and actual observations > ordinary play of a far-away village lamp takes a real house route before discovering home-visit 595ms
 ✓ src/domain/learning/unitPlanning.integration.test.ts (14 tests) 953ms
   ✓ Lv11 unit planning and persistence integration > refuses addition-only main promotion despite 30 independently correct answers 311ms
 ✓ src/components/island/three/furnitureClearanceController.test.ts (9 tests) 4103ms
   ✓ saved furniture clearance runs physical moves in sequence > moves only the current resident, keeps waiting occupancy, and reaches each preflighted endpoint 405ms
   ✓ saved furniture clearance runs physical moves in sequence > contains the whole current bodies and every future route before the second resident starts 2252ms
 ✓ src/domain/explore/__tests__/wagerRun.test.ts (19 tests) 10ms
 ✓ src/domain/park/writtenArithmeticIntegration.test.ts (25 tests) 405ms
 ✓ src/domain/explore/__tests__/learningSegment.test.ts (20 tests) 10ms
 ✓ src/domain/user/onboarding.test.ts (11 tests) 544ms
 ✓ src/components/island/three/natureVisuals.test.ts (7 tests) 664ms
   ✓ causal nature and visitor visuals > lands all petals on open water at every earned fountain appearance, clear of lilies and ornaments 404ms
 ✓ src/components/island/three/sceneFraming.test.ts (15 tests) 3776ms
   ✓ frozen learning frame after free play > keeps the full mature grove crown inside the comparison at 342x185 457ms
   ✓ frozen learning frame after free play > contains earned shores in matching album cameras and the home view at 390×190, chapter 2 403ms
   ✓ frozen learning frame after free play > fits standing, bench and lantern residents at 390x136 without moving their roots 418ms
   ✓ frozen learning frame after free play > keeps the same camera while an already-started route reaches the east island and plays 420ms
 ✓ src/components/island/three/personalScenery.test.ts (9 tests) 2073ms
   ✓ house-mounted personal identity > moon-garden leaves the actual nameplate and roof flag visible from the home camera direction 591ms
   ✓ house-mounted personal identity > starry leaves the actual nameplate and roof flag visible from the home camera direction 333ms
   ✓ house-mounted personal identity > candy leaves the actual nameplate and roof flag visible from the home camera direction 611ms
   ✓ house-mounted personal identity > crystal leaves the actual nameplate and roof flag visible from the home camera direction 315ms
 ✓ src/domain/explore/__tests__/observation.test.ts (11 tests) 4ms
 ✓ src/components/island/three/furniture.test.ts (14 tests) 570ms
 ✓ src/domain/levelProgression.test.ts (10 tests) 2370ms
   ✓ evidence required for level progression > uses the same math evidence in the atomic writer and Study service 2142ms
 ✓ src/components/island/three/residentOutfit.test.ts (13 tests) 3925ms
   ✓ optional attached resident outfits > otter preserves every original mesh, body proportion, fixed scarf and hand/seat/foot anchor through all appearances 1143ms
   ✓ optional attached resident outfits > otter bounds every actual optional vertex before its first selection and keeps it close to the original proportions 379ms
   ✓ optional attached resident outfits > creates one bounded material/texture/geometry pool, reuses it across repeated switching, and disposes exactly once 822ms
   ✓ optional attached resident outfits > otter appearance setters preserve live walking/hand anchors and keep the cap inside the learning frame envelope 585ms
 ✓ src/components/island/IslandLearningSupport.test.tsx (18 tests) 425ms
 ✓ src/hooks/blockGenerators.progression.test.ts (13 tests) 104ms
 ❯ src/hooks/learningProgression.integration.test.ts (12 tests | 1 failed) 16802ms
   × learning progression from real generated questions > reaches 70% promotion through generated normal blocks and persisted answers 15008ms
     → Test timed out in 15000ms.
If this is a long-running test, pass a timeout value as the last argument or configure it globally with "testTimeout".
   ✓ learning progression from real generated questions > keeps unknown vocabulary answers out of the independent unlock window 492ms
   ✓ learning progression from real generated questions > holds the old math test range when the persisted 30th answer promotes the main level 1200ms
 ✓ src/domain/learning/pilotRepository.test.ts (6 tests) 431ms
 ✓ src/components/island/three/cosmeticScenery.test.ts (16 tests) 14762ms
   ✓ owned cosmetic scenery > leaves the default scene geometry and rooted tree exactly as authored 1069ms
   ✓ owned cosmetic scenery > changes real canopy silhouettes and house geometry, beyond recoloring 822ms
   ✓ owned cosmetic scenery > moon-garden preserves true ground, light anchors and growth through every accent 975ms
   ✓ owned cosmetic scenery > starry preserves true ground, light anchors and growth through every accent 1423ms
   ✓ owned cosmetic scenery > candy preserves true ground, light anchors and growth through every accent 1361ms
   ✓ owned cosmetic scenery > crystal preserves true ground, light anchors and growth through every accent 1411ms
   ✓ owned cosmetic scenery > keeps crystal shore silhouettes clear of all land, bridge, resident and furniture footprints after expansion 716ms
   ✓ owned cosmetic scenery > disposes each owned geometry, material and texture once without touching resident materials 2996ms
   ✓ owned cosmetic scenery > fits 'moon-garden' theme at grown=false in the same home camera on phone and tablet 1179ms
   ✓ owned cosmetic scenery > fits 'moon-garden' theme at grown=true in the same home camera on phone and tablet 650ms
   ✓ owned cosmetic scenery > fits 'starry' theme at grown=true in the same home camera on phone and tablet 471ms
   ✓ owned cosmetic scenery > fits 'candy' theme at grown=false in the same home camera on phone and tablet 525ms
   ✓ owned cosmetic scenery > fits 'crystal' theme at grown=false in the same home camera on phone and tablet 308ms
   ✓ owned cosmetic scenery > fits 'crystal' theme at grown=true in the same home camera on phone and tablet 303ms
 ✓ src/domain/english/planner.test.ts (14 tests) 63ms
 ✓ src/components/island/useIslandLearningObservation.test.ts (10 tests) 10ms
 ✓ src/components/island/three/furnitureClearance.test.ts (9 tests) 956ms
   ✓ saved furniture gives standing residents room to step aside > is deterministic and leaves an enclosed resident blocked without moving its saved furniture 810ms
 ✓ src/pwaUpdateUtils.test.ts (43 tests) 6ms
 ✓ src/components/explore/DiscoveryReveal.test.ts (7 tests) 48ms
 ✓ src/components/island/three/westNavigation.test.ts (10 tests) 91ms
 ✓ src/domain/island/subjectSelection.test.ts (10 tests) 57ms
 ✓ src/domain/test/trigger.test.ts (8 tests) 15ms
 ✓ src/components/island/three/sharedActivityOcclusion.test.ts (9 tests) 14ms
 ✓ src/components/island/three/worldPalette.test.ts (4 tests) 339ms
 ✓ src/domain/explore/__tests__/runCheckpoint.test.ts (7 tests) 8ms
 ✓ src/components/island/IslandAlbum.test.tsx (4 tests) 107ms
 ✓ src/domain/island/subjectPreference.test.ts (5 tests) 915ms
   ✓ Island next-section choice persistence > keeps the exact question and learning state, survives reload, is idempotent, and applies to one section only 424ms
 ✓ src/domain/explore/__tests__/discoveryPage.test.ts (9 tests) 7ms
 ✓ src/components/island/islandAmbienceAudio.test.ts (6 tests) 78ms
 ✓ src/components/explore/rootPullPresentation.test.ts (10 tests) 4ms
 ✓ src/domain/learning/unitPractice.test.ts (7 tests) 78ms
 ✓ src/domain/math/generators/advanced.test.ts (10 tests) 48ms
 ✓ src/domain/learning/mathCatalog.test.ts (6 tests) 117ms
 ✓ src/components/island/IslandGrowth.test.tsx (6 tests) 92ms
 ✓ src/pages/Explore.test.ts (9 tests) 23ms
 ✓ src/domain/test/paperTestRepository.test.ts (6 tests) 253ms
 ✓ src/components/explore/ExplorePathChoice.test.tsx (5 tests) 67ms
 ✓ src/components/island/three/placementOcclusion.test.ts (8 tests) 1645ms
   ✓ editing-only preview visibility > reveals bench behind a resident and restores original materials on cancel 476ms
 ✓ src/domain/explore/__tests__/rapidLoopEligibility.test.ts (27 tests) 14ms
 ✓ src/components/domain/PrintableTestPreview.test.tsx (6 tests) 160ms
 ✓ src/components/island/three/geometry.test.ts (8 tests) 4078ms
   ✓ island sculpted geometry > keeps the static scenery and tree within a bounded mesh and triangle budget 3726ms
 ✓ src/components/island/islandAlbumMemory.test.ts (7 tests) 3ms
 ✓ src/components/island/three/livingActivities.test.ts (5 tests) 7ms
 ✓ src/domain/explore/__tests__/encounters.test.ts (7 tests) 7ms
 ✓ src/domain/explore/__tests__/rapidLoop.test.ts (6 tests) 8ms
 ✓ src/domain/math/generators/subtraction.test.ts (10 tests) 12ms
 ✓ src/utils/audio.test.ts (8 tests) 52ms
 ✓ src/components/explore/PaintedEncounterLineage.test.tsx (5 tests) 165ms
 ✓ src/components/dev/suika/NumberSuikaStage.test.tsx (10 tests) 192ms
 ✓ src/components/ikimono/fuwafuwaDailyConversation.test.ts (4 tests) 10ms
 ✓ src/domain/math/studyPresentation.test.ts (8 tests) 8ms
 ✓ src/domain/learning/context.test.ts (6 tests) 162ms
 ✓ src/domain/learning/englishCatalog.test.ts (5 tests) 453ms
 ✓ src/components/island/three/learningReaction.test.ts (12 tests) 54ms
 ✓ src/domain/math/generators/addition.test.ts (10 tests) 10ms
 ✓ src/domain/island/pacing.test.ts (5 tests) 114ms
 ✓ src/components/island/islandDiscoveryGuide.test.ts (7 tests) 58ms
 ✓ src/domain/island/customization.test.ts (20 tests) 22ms
 ✓ src/components/dev/g0v2/G0MechanicRemixStage.test.tsx (4 tests) 78ms
 ✓ src/components/dev/g0/G0WhiteboxStage.test.tsx (6 tests) 33ms
 ✓ src/components/island/IslandCustomization.test.tsx (4 tests) 32ms
 ✓ src/domain/battle/engine.test.ts (10 tests) 8ms
 ✓ src/components/island/three/natureObservationFrame.test.ts (4 tests) 59ms
 ✓ src/prototypes/pittari/engine.test.ts (18 tests) 16ms
 ✓ output/pittari/pittari-prototype-pack/source/src/prototypes/pittari/engine.test.ts (18 tests) 17ms
 ✓ src/components/park/sceneGeometry.test.ts (5 tests) 23ms
 ✓ src/components/park/three/choreography.test.ts (6 tests) 24ms
 ✓ src/components/island/three/islandCameraControls.test.ts (6 tests) 7ms
 ✓ src/domain/island/learningChecks.test.ts (14 tests) 13ms
 ✓ src/domain/math/generators/division.test.ts (5 tests) 73ms
 ✓ src/components/island/three/residentInterest.test.ts (11 tests) 13ms
 ✓ src/utils/tts.test.ts (6 tests) 16ms
 ✓ src/domain/test/paperTest.test.ts (4 tests) 3ms
 ✓ src/domain/learning/independentProgress.test.ts (17 tests) 14ms
 ✓ src/utils/pdfGenerator.test.ts (5 tests) 7ms
 ✓ src/components/island/three/placementPreview.test.ts (3 tests) 106ms
 ✓ src/components/explore/snapRootPresentation.test.ts (5 tests) 4ms
 ✓ src/components/explore/ReturnSummary.test.tsx (5 tests) 245ms
 ✓ src/components/explore/RootPullOpeningArt.test.tsx (8 tests) 126ms
 ✓ src/domain/math/profileProgress.test.ts (67 tests) 91ms
 ✓ src/domain/island/visitors.test.ts (4 tests) 18ms
 ✓ src/domain/explore/__tests__/generator.test.ts (2 tests) 691ms
   ✓ createExploreMap > keeps every generated node reachable across multiple seeds 684ms
 ✓ src/components/island/learningGuidance.test.ts (5 tests) 7ms
 ✓ src/domain/stats/repository.test.ts (1 test) 12ms
 ✓ src/components/island/islandWorkshopRequest.test.ts (6 tests) 5ms
 ✓ src/components/explore/FireflyFlowerEncounterArt.test.tsx (8 tests) 76ms
 ✓ src/components/ikimono/lifecycle.test.ts (5 tests) 7ms
 ✓ src/components/island/learningFeedback.test.ts (6 tests) 5ms
 ✓ src/components/island/useIslandDiscoveries.test.ts (4 tests) 109ms
 ✓ src/components/island/three/sharedActivityFraming.test.ts (23 tests) 42300ms
   ✓ one side view contains the complete shared delivery > 'flower' fits all quarter-turn chair directions and phone/tablet stage shapes 4135ms
   ✓ one side view contains the complete shared delivery > 'star' fits all quarter-turn chair directions and phone/tablet stage shapes 2985ms
   ✓ one side view contains the complete shared delivery > 'bubble' fits all quarter-turn chair directions and phone/tablet stage shapes 2561ms
   ✓ one side view contains the complete shared delivery > scores actual held poses for '624 star spectator' across every phase without touching the live rigs 1498ms
   ✓ one side view contains the complete shared delivery > scores actual held poses for '484 star self-occlusion' across every phase without touching the live rigs 1241ms
   ✓ one side view contains the complete shared delivery > scores actual held poses for '484 bubble self-occlusion' across every phase without touching the live rigs 2293ms
   ✓ one side view contains the complete shared delivery > keeps each subject readable in the recorded 0875 'phone star' scene 1612ms
   ✓ one side view contains the complete shared delivery > keeps each subject readable in the recorded 0875 'tablet star' scene 1286ms
   ✓ one side view contains the complete shared delivery > keeps each subject readable in the recorded 0875 'phone flower' scene 789ms
   ✓ one side view contains the complete shared delivery > keeps each subject readable in the recorded 0875 'tablet flower' scene 1239ms
   ✓ one side view contains the complete shared delivery > keeps each subject readable in the recorded 0875 'phone bubble' scene 1268ms
   ✓ one side view contains the complete shared delivery > keeps each subject readable in the recorded 0875 'tablet bubble' scene 1327ms
   ✓ one side view contains the complete shared delivery > selects a legal fixed presentation for cdc5 phone without inventing readability 1647ms
   ✓ one side view contains the complete shared delivery > selects a legal fixed presentation for cdc5 tablet without inventing readability 3690ms
   ✓ one side view contains the complete shared delivery > selects a legal fixed presentation for cdc5 obstructed without inventing readability 4563ms
   ✓ recorded 5d7 subjects cannot borrow visibility from later poses > 'phone-flower' preserves a legal readable presentation 1395ms
   ✓ recorded 5d7 subjects cannot borrow visibility from later poses > 'phone-star' preserves a legal readable presentation 771ms
   ✓ recorded 5d7 subjects cannot borrow visibility from later poses > 'phone-bubble' preserves a legal readable presentation 988ms
   ✓ recorded 5d7 subjects cannot borrow visibility from later poses > 'tablet-flower' preserves a legal readable presentation 1562ms
   ✓ recorded 5d7 subjects cannot borrow visibility from later poses > 'tablet-star' preserves a legal readable presentation 1411ms
   ✓ recorded 5d7 subjects cannot borrow visibility from later poses > 'tablet-bubble' preserves a legal readable presentation 964ms
   ✓ recorded 5d7 subjects cannot borrow visibility from later poses > 'tablet-fox-flower' preserves a legal readable presentation 3065ms
 ✓ src/domain/stats/aggregation.test.ts (3 tests) 16ms
 ✓ src/components/island/three/growthNavigation.test.ts (2 tests) 542ms
   ✓ automatically grown places support real resident life > keeps all seven anchor objects legal and reachable through the complete chapter 492ms
 ✓ src/components/explore/MakimodonEncounterArt.test.tsx (8 tests) 99ms
 ✓ src/domain/island/livingSettings.test.ts (4 tests) 10ms
 ✓ src/domain/explore/__tests__/openingExperience.test.ts (5 tests) 3ms
 ✓ src/domain/park/englishPlanning.test.ts (7 tests) 571ms
 ✓ tools/asset-policy.test.mjs (19 tests) 5ms
 ✓ src/domain/math/generators/fraction.test.ts (6 tests) 6ms
 ✓ src/components/island/three/residentPortraitFraming.test.ts (6 tests) 647ms
   ✓ actual resident outfit portrait > shows otter face, ears and feet at aspect 1.5918367346938775 without changing its pose 340ms
 ✓ src/components/island/three/sharedActivityContinuity.test.ts (12 tests) 5493ms
   ✓ shared props remain attached while the real resident poses change phase > 'flower' 'left/left' keeps actual holding paws and the prop continuous across every handoff boundary 967ms
   ✓ shared props remain attached while the real resident poses change phase > 'flower' 'left/right' keeps actual holding paws and the prop continuous across every handoff boundary 561ms
   ✓ shared props remain attached while the real resident poses change phase > 'flower' 'right/left' keeps actual holding paws and the prop continuous across every handoff boundary 541ms
   ✓ shared props remain attached while the real resident poses change phase > 'flower' 'right/right' keeps actual holding paws and the prop continuous across every handoff boundary 372ms
   ✓ shared props remain attached while the real resident poses change phase > 'star' 'left/left' keeps actual holding paws and the prop continuous across every handoff boundary 553ms
   ✓ shared props remain attached while the real resident poses change phase > 'star' 'left/right' keeps actual holding paws and the prop continuous across every handoff boundary 439ms
   ✓ shared props remain attached while the real resident poses change phase > 'star' 'right/left' keeps actual holding paws and the prop continuous across every handoff boundary 311ms
   ✓ shared props remain attached while the real resident poses change phase > 'star' 'right/right' keeps actual holding paws and the prop continuous across every handoff boundary 416ms
   ✓ shared props remain attached while the real resident poses change phase > 'bubble' 'left/left' keeps actual holding paws and the prop continuous across every handoff boundary 316ms
   ✓ shared props remain attached while the real resident poses change phase > 'bubble' 'left/right' keeps actual holding paws and the prop continuous across every handoff boundary 301ms
   ✓ shared props remain attached while the real resident poses change phase > 'bubble' 'right/left' keeps actual holding paws and the prop continuous across every handoff boundary 394ms
   ✓ shared props remain attached while the real resident poses change phase > 'bubble' 'right/right' keeps actual holding paws and the prop continuous across every handoff boundary 321ms
 ✓ src/domain/math/hissanEngine.test.ts (8 tests) 4ms
 ✓ src/domain/math/additionProgress.test.ts (9 tests) 6ms
 ✓ src/components/island/islandExpansionPreview.test.ts (4 tests) 5ms
 ✓ src/components/island/IslandMilestone.test.tsx (5 tests) 48ms
 ✓ src/components/explore/makimodonPresentation.test.ts (4 tests) 4ms
 ✓ src/components/ikimono/fuwafuwaSpeech.test.ts (6 tests) 3ms
 ✓ src/domain/math/answerCompletion.test.ts (4 tests) 184ms
 ✓ src/domain/test/testSet.test.ts (3 tests) 103ms
 ✓ src/components/island/islandExperienceRequest.test.ts (4 tests) 11ms
 ✓ src/components/island/islandGrowthPreview.test.ts (3 tests) 5ms
 ✓ src/domain/explore/__tests__/rewardPresentation.test.ts (7 tests) 10ms
 ✓ src/components/explore/rapidTrailPresentation.test.ts (4 tests) 3ms
 ✓ src/domain/explore/__tests__/suikaQuantity.test.ts (7 tests) 6ms
 ✓ src/domain/explore/__tests__/attemptIdentity.test.ts (8 tests) 6ms
 ✓ src/domain/explore/__tests__/rewards.test.ts (5 tests) 4ms
 ✓ src/components/explore/ResearchBookStage.test.tsx (3 tests) 60ms
 ✓ src/components/domain/WrittenArithmeticGrid.test.tsx (3 tests) 35ms
 ✓ src/components/island/three/workshopPresentation.test.ts (1 test) 126ms
 ✓ src/domain/park/learningContinuation.test.ts (3 tests) 27ms
 ✓ src/domain/explore/__tests__/g0MechanicMetrics.test.ts (2 tests) 3ms
 ✓ src/components/ikimono/hitokoto.test.ts (5 tests) 3ms
 ✓ src/components/island/three/residentFabric.test.ts (3 tests) 4393ms
   ✓ one cloth resident in the shared island > keeps atlas UVs through body/head batching and every articulated hand/foot 4030ms
 ✓ src/components/ikimono/fuwafuwaAlbumCopy.test.ts (3 tests) 3ms
 ✓ src/components/island/islandStarReceiptEligibility.test.ts (3 tests) 2ms
 ✓ src/domain/math/subtractionProgress.test.ts (5 tests) 4ms
 ✓ src/domain/explore/__tests__/runStructure.test.ts (3 tests) 5ms
 ✓ tools/learning-unit-report.test.mjs (2 tests) 132ms
 ✓ src/components/island/visualLearningGuidance.test.ts (5 tests) 7ms
 ✓ src/domain/learning/runtimeUnitPractice.test.ts (9 tests) 17ms
 ✓ src/components/island/islandCustomizationRequest.test.ts (3 tests) 7ms
 ✓ src/domain/math/sequenceProgress.test.ts (5 tests) 5ms
 ✓ src/domain/english/generator.test.ts (4 tests) 2629ms
   ✓ English catalog and choices > every word produces four unique rendered choices (kanji=false) 1346ms
   ✓ English catalog and choices > every word produces four unique rendered choices (kanji=true) 1275ms
 ✓ src/components/island/IslandWelcome.test.tsx (2 tests) 20ms
 ✓ src/domain/explore/__tests__/encounterPhase.test.ts (7 tests) 5ms
 ✓ src/domain/learning/reviewBudget.test.ts (7 tests) 3ms
 ✓ src/domain/benchmark/coldOpenFixedTen.test.ts (2 tests) 2ms
 ✓ src/domain/math/comparisonProgress.test.ts (5 tests) 4ms
 ✓ src/domain/island/catalogExpansion.test.ts (1 test) 3ms
 ✓ src/components/ikimono/fuwafuwaMilestones.test.ts (4 tests) 5ms
 ✓ src/components/explore/AuthoredEncounterArt.test.tsx (6 tests) 69ms
 ✓ src/components/explore/PokkoVisualLineage.test.tsx (5 tests) 71ms
 ✓ src/components/dev/devStudySelection.test.ts (2 tests) 4ms
 ✓ src/components/ikimono/sceneText.test.ts (3 tests) 2ms
 ✓ src/components/island/islandCustomizationPreview.test.ts (2 tests) 3ms
 ✓ src/domain/island/studyRoute.test.ts (16 tests) 6ms
 ✓ src/components/ikimono/ikimonoMotion.test.ts (3 tests) 2ms
 ✓ src/components/ui/modalLayerManager.test.ts (2 tests) 4ms
 ✓ src/components/gate/arithmeticGate.test.ts (3 tests) 4ms
 ✓ src/components/home/homeMagicEnergy.test.ts (2 tests) 2ms
 ✓ src/domain/island/feature.test.ts (6 tests) 4ms
 ✓ src/domain/explore/__tests__/fixedTenBenchmark.test.ts (2 tests) 4ms
 ✓ src/components/island/three/westScenery.test.ts (1 test) 222ms
 ✓ src/components/domain/answerCompletion.test.tsx (2 tests) 73ms
 ✓ src/domain/island/expansion.test.ts (2 tests) 2ms
 ✓ src/domain/learning/reviewPolicy.test.ts (5 tests) 35ms
 ✓ src/utils/learningDay.test.ts (5 tests) 4ms
 ✓ src/domain/explore/__tests__/replay.test.ts (3 tests) 5ms
 ✓ src/utils/theme.test.ts (4 tests) 3ms
 ✓ src/components/ikimono/IkimonoArtwork.test.tsx (2 tests) 29ms
 ✓ src/domain/math/hissanTypes.test.ts (2 tests) 3ms
 ✓ src/components/explore/PokkoBaseArt.test.tsx (1 test) 22ms
 ✓ src/components/explore/RootPullDiscoveryReveal.test.tsx (1 test) 23ms
 ✓ src/components/explore/MakimodonResearchArt.test.tsx (2 tests) 31ms
 ✓ src/domain/math/deterministicGeneration.test.ts (2 tests) 35ms
 ✓ src/components/explore/exploreAnswerInput.test.ts (3 tests) 3ms
 ✓ src/components/explore/DiscoveryPageArt.test.tsx (1 test) 24ms

⎯⎯⎯⎯⎯⎯⎯ Failed Tests 1 ⎯⎯⎯⎯⎯⎯⎯

 FAIL  src/hooks/learningProgression.integration.test.ts > learning progression from real generated questions > reaches 70% promotion through generated normal blocks and persisted answers
Error: Test timed out in 15000ms.
If this is a long-running test, pass a timeout value as the last argument or configure it globally with "testTimeout".
⎯⎯⎯⎯⎯⎯⎯⎯⎯⎯⎯⎯⎯⎯⎯⎯⎯⎯⎯⎯⎯⎯⎯⎯[1/1]⎯

 Test Files  1 failed | 220 passed (221)
      Tests  1 failed | 2461 passed (2462)
   Start at  19:01:49
   Duration  52.45s (transform 6.46s, setup 0ms, collect 218.77s, tests 177.85s, environment 73ms, prepare 20.28s)

