
> pokko-fushigi-zukan-app@0.0.0 benchmark:island-fixed-ten
> node tools/e2e-island-throughput.mjs

Island throughput phone 1/10 all-correct study
Island throughput phone 1/10 all-correct island
Island throughput phone 1/10 miss-at-q4-q8 island
Island throughput phone 1/10 miss-at-q4-q8 study
Island throughput phone 2/10 all-correct island
Island throughput phone 2/10 all-correct study
Island throughput phone 2/10 miss-at-q4-q8 study
Island throughput phone 2/10 miss-at-q4-q8 island
Island throughput phone 3/10 all-correct study
Island throughput phone 3/10 all-correct island
Island throughput phone 3/10 miss-at-q4-q8 island
Island throughput phone 3/10 miss-at-q4-q8 study
Island throughput phone 4/10 all-correct island
Island throughput phone 4/10 all-correct study
Island throughput phone 4/10 miss-at-q4-q8 study
Island throughput phone 4/10 miss-at-q4-q8 island
Island throughput phone 5/10 all-correct study
Island throughput phone 5/10 all-correct island
Island throughput phone 5/10 miss-at-q4-q8 island
Island throughput phone 5/10 miss-at-q4-q8 study
Island throughput phone 6/10 all-correct island
Island throughput phone 6/10 all-correct study
Island throughput phone 6/10 miss-at-q4-q8 study
Island throughput phone 6/10 miss-at-q4-q8 island
Island throughput phone 7/10 all-correct study
Island throughput phone 7/10 all-correct island
Island throughput phone 7/10 miss-at-q4-q8 island
Island throughput phone 7/10 miss-at-q4-q8 study
Island throughput phone 8/10 all-correct island
Island throughput phone 8/10 all-correct study
Island throughput phone 8/10 miss-at-q4-q8 study
Island throughput phone 8/10 miss-at-q4-q8 island
Island throughput phone 9/10 all-correct study
Island throughput phone 9/10 all-correct island
Island throughput phone 9/10 miss-at-q4-q8 island
Island throughput phone 9/10 miss-at-q4-q8 study
Island throughput phone 10/10 all-correct island
Island throughput phone 10/10 all-correct study
Island throughput phone 10/10 miss-at-q4-q8 study
Island throughput phone 10/10 miss-at-q4-q8 island
Island throughput tablet 1/10 all-correct study
Island throughput tablet 1/10 all-correct island
Island throughput tablet 1/10 miss-at-q4-q8 island
Island throughput tablet 1/10 miss-at-q4-q8 study
Island throughput tablet 2/10 all-correct island
Island throughput tablet 2/10 all-correct study
Island throughput tablet 2/10 miss-at-q4-q8 study
Island throughput tablet 2/10 miss-at-q4-q8 island
Island throughput tablet 3/10 all-correct study
Island throughput tablet 3/10 all-correct island
Island throughput tablet 3/10 miss-at-q4-q8 island
Island throughput tablet 3/10 miss-at-q4-q8 study
Island throughput tablet 4/10 all-correct island
Island throughput tablet 4/10 all-correct study
Island throughput tablet 4/10 miss-at-q4-q8 study
Island throughput tablet 4/10 miss-at-q4-q8 island
Island throughput tablet 5/10 all-correct study
Island throughput tablet 5/10 all-correct island
Island throughput tablet 5/10 miss-at-q4-q8 island
Island throughput tablet 5/10 miss-at-q4-q8 study
Island throughput tablet 6/10 all-correct island
Island throughput tablet 6/10 all-correct study
Island throughput tablet 6/10 miss-at-q4-q8 study
Island throughput tablet 6/10 miss-at-q4-q8 island
Island throughput tablet 7/10 all-correct study
Island throughput tablet 7/10 all-correct island
Island throughput tablet 7/10 miss-at-q4-q8 island
Island throughput tablet 7/10 miss-at-q4-q8 study
Island throughput tablet 8/10 all-correct island
Island throughput tablet 8/10 all-correct study
Island throughput tablet 8/10 miss-at-q4-q8 study
Island throughput tablet 8/10 miss-at-q4-q8 island
Island throughput tablet 9/10 all-correct study
Island throughput tablet 9/10 all-correct island
Island throughput tablet 9/10 miss-at-q4-q8 island
Island throughput tablet 9/10 miss-at-q4-q8 study
Island throughput tablet 10/10 all-correct island
Island throughput tablet 10/10 all-correct study
Island throughput tablet 10/10 miss-at-q4-q8 study
Island throughput tablet 10/10 miss-at-q4-q8 island
{
  "output": "/Users/yutogasaki/Projects/sansu/output/playwright/island-balance-20260908/throughput-repeat.json",
  "comparisons": [
    {
      "layout": "phone",
      "studyMedianProblemsPerMinute": 125.55589404084587,
      "islandMedianProblemsPerMinute": 280.96701261651765,
      "allCorrectIslandToStudyRatio": 2.237784333128267,
      "correctOperableP95Ms": 194.79999995231628,
      "incorrectRetryP95Ms": 194.80000001192093,
      "correctSamples": 200,
      "incorrectSamples": 20,
      "automaticSectionTransitionMedianMs": 188.59999999403954,
      "automaticSectionTransitionSamples": 10,
      "sectionBoundaryP95Ms": 219.0999999642372,
      "sectionBoundarySamples": 20,
      "rawStudyDurationMedianMs": 4778.75,
      "rawIslandDurationMedianMs": 2135.550000011921
    },
    {
      "layout": "tablet",
      "studyMedianProblemsPerMinute": 124.2314917536005,
      "islandMedianProblemsPerMinute": 268.3304124238662,
      "allCorrectIslandToStudyRatio": 2.1599226463131433,
      "correctOperableP95Ms": 193.10000002384186,
      "incorrectRetryP95Ms": 194.5,
      "correctSamples": 200,
      "incorrectSamples": 20,
      "automaticSectionTransitionMedianMs": 188.90000000596046,
      "automaticSectionTransitionSamples": 10,
      "sectionBoundaryP95Ms": 193.10000002384186,
      "sectionBoundarySamples": 20,
      "rawStudyDurationMedianMs": 4829.699999988079,
      "rawIslandDurationMedianMs": 2236.050000011921
    }
  ],
  "gates": {
    "tenAlternatingRepetitions": true,
    "allCorrectIslandThroughputNotBelowStudy": true,
    "correctP95AtMost650Ms": true,
    "incorrectP95AtMost550Ms": true,
    "sectionBoundaryP95AtMost650Ms": true,
    "twentySameQuestionIncorrectSamplesPerLayout": true,
    "noExtraOrdinaryQuestionActions": true,
    "automaticSectionBoundaryIncluded": true,
    "emptyInputAfterEveryTransition": true,
    "initialIslandControlsUsable": true,
    "exactFixtureAndAtomicReceipts": true,
    "phoneAndTablet": true,
    "noBrowserErrors": true,
    "oneRenderedBuildAndCandidate": true,
    "sourceFilesUnchangedDuringBenchmark": true
  },
  "evidence": {
    "eligible": true,
    "confidence": "formal repeated UI timing; automated keyboard throughput, not child behavior evidence",
    "productionPlannerEvidence": false,
    "userLearningStateTouched": false
  },
  "pass": true
}
