PASS 390 empty
PASS 390 partial
PASS 390 coverage
PASS 390 paused
PASS 390 ready
FAIL 390 recovery locator.tap: Timeout 15000ms exceeded.
Call log:
[2m  - waiting for getByRole('button', { name: /わからない|分からない/ }).first()[22m

    at /Users/yutogasaki/Projects/sansu/docs/design/2026-10-03-learning-flow/ui.mjs:42:237
PASS 390 vocab
PASS 390 complete
PASS 768 empty
PASS 768 partial
PASS 768 coverage
PASS 768 paused
PASS 768 ready
FAIL 768 recovery locator.tap: Timeout 15000ms exceeded.
Call log:
[2m  - waiting for getByRole('button', { name: /わからない|分からない/ }).first()[22m

    at /Users/yutogasaki/Projects/sansu/docs/design/2026-10-03-learning-flow/ui.mjs:42:237
PASS 768 vocab
PASS 768 complete
REPORT false
