CAPTURE growing-390 island
CAPTURE growing-390 menu
CAPTURE growing-390 tools
CAPTURE growing-390 seeds
CAPTURE growing-390 learning
PASS growing-390
CAPTURE growing-768 island
CAPTURE growing-768 menu
CAPTURE growing-768 tools
CAPTURE growing-768 seeds
CAPTURE growing-768 learning
PASS growing-768
CAPTURE growing-320 island
CAPTURE growing-320 menu
CAPTURE growing-320 tools
CAPTURE growing-320 seeds
CAPTURE growing-320 learning
PASS growing-320
CAPTURE growing-568 island
CAPTURE growing-568 menu
CAPTURE growing-568 tools
CAPTURE growing-568 seeds
CAPTURE growing-568 learning
PASS growing-568
