CAPTURE growing-390 island
CAPTURE growing-390 menu
CAPTURE growing-390 seeds
CAPTURE growing-390 landmarks
CAPTURE growing-390 stored
CAPTURE growing-390 friends
CAPTURE growing-390 show
CAPTURE growing-390 flowers
CAPTURE growing-390 inventory
CAPTURE growing-390 trace
CAPTURE growing-390 detail
CAPTURE growing-390 settings
CAPTURE growing-390 settings-profile
CAPTURE growing-390 settings-learning
CAPTURE growing-390 settings-display
CAPTURE growing-390 settings-parent
CAPTURE growing-390 records
CAPTURE growing-390 house
CAPTURE growing-390 learning
PASS growing-390
