CAPTURE growing-390 island
CAPTURE growing-390 menu
CAPTURE growing-390 seeds
CAPTURE growing-390 landmarks
CAPTURE growing-390 stored
CAPTURE growing-390 friends
CAPTURE growing-390 show
CAPTURE growing-390 flowers
CAPTURE growing-390 inventory
CAPTURE growing-390 trace
CAPTURE growing-390 detail
CAPTURE growing-390 settings
CAPTURE growing-390 settings-profile
CAPTURE growing-390 settings-learning
CAPTURE growing-390 settings-display
CAPTURE growing-390 settings-parent
CAPTURE growing-390 records
CAPTURE growing-390 house
CAPTURE growing-390 learning
PASS growing-390
CAPTURE growing-768 island
CAPTURE growing-768 menu
CAPTURE growing-768 seeds
CAPTURE growing-768 landmarks
CAPTURE growing-768 stored
CAPTURE growing-768 friends
CAPTURE growing-768 show
CAPTURE growing-768 flowers
CAPTURE growing-768 inventory
CAPTURE growing-768 trace
CAPTURE growing-768 detail
CAPTURE growing-768 settings
CAPTURE growing-768 settings-profile
CAPTURE growing-768 settings-learning
CAPTURE growing-768 settings-display
CAPTURE growing-768 settings-parent
CAPTURE growing-768 records
CAPTURE growing-768 house
CAPTURE growing-768 learning
PASS growing-768
CAPTURE growing-320 island
CAPTURE growing-320 menu
CAPTURE growing-320 seeds
CAPTURE growing-320 landmarks
CAPTURE growing-320 stored
CAPTURE growing-320 friends
CAPTURE growing-320 show
CAPTURE growing-320 flowers
CAPTURE growing-320 inventory
CAPTURE growing-320 trace
CAPTURE growing-320 detail
CAPTURE growing-320 settings
CAPTURE growing-320 settings-profile
CAPTURE growing-320 settings-learning
CAPTURE growing-320 settings-display
CAPTURE growing-320 settings-parent
CAPTURE growing-320 records
CAPTURE growing-320 house
CAPTURE growing-320 learning
PASS growing-320
CAPTURE growing-568 island
CAPTURE growing-568 menu
CAPTURE growing-568 seeds
CAPTURE growing-568 landmarks
CAPTURE growing-568 stored
CAPTURE growing-568 friends
CAPTURE growing-568 show
CAPTURE growing-568 flowers
CAPTURE growing-568 inventory
CAPTURE growing-568 trace
CAPTURE growing-568 detail
CAPTURE growing-568 settings
CAPTURE growing-568 settings-profile
CAPTURE growing-568 settings-learning
CAPTURE growing-568 settings-display
CAPTURE growing-568 settings-parent
CAPTURE growing-568 records
CAPTURE growing-568 house
CAPTURE growing-568 learning
PASS growing-568
CAPTURE standard-390 island
CAPTURE standard-390 menu
CAPTURE standard-390 arrange
CAPTURE standard-390 settings
CAPTURE standard-390 settings-profile
CAPTURE standard-390 settings-learning
CAPTURE standard-390 settings-display
CAPTURE standard-390 settings-parent
CAPTURE standard-390 records
CAPTURE standard-390 house
CAPTURE standard-390 learning
PASS standard-390
CAPTURE standard-768 island
CAPTURE standard-768 menu
CAPTURE standard-768 arrange
CAPTURE standard-768 settings
CAPTURE standard-768 settings-profile
CAPTURE standard-768 settings-learning
CAPTURE standard-768 settings-display
CAPTURE standard-768 settings-parent
CAPTURE standard-768 records
CAPTURE standard-768 house
CAPTURE standard-768 learning
PASS standard-768
