CAPTURE growing-390 menu
CAPTURE growing-390 seeds
CAPTURE growing-390 landmarks
CAPTURE growing-390 stored
CAPTURE growing-390 friends
CAPTURE growing-390 show
CAPTURE growing-390 flowers
CAPTURE growing-390 inventory
CAPTURE growing-390 settings
CAPTURE growing-390 settings-profile
CAPTURE growing-390 settings-learning
CAPTURE growing-390 settings-display
CAPTURE growing-390 settings-parent
CAPTURE growing-390 records
CAPTURE growing-390 house
FAIL growing-390 Menu browsing must preserve canonical learning, Island and Explore records
+ actual - expected
... Skipped lines

  {
    exploreRuns: [],
    island: {
      completedSets: 0,
      growth: {
...
        independentCorrectAnswers: 18,
+       isWeak: false,
        nextReview: '2000-01-01',
        profileId: '73d3fd92-d114-4e7e-b661-3dbedeaa9656',
        skippedAnswers: 0,
        status: 'active',
        strength: 2,
...
        independentCorrectAnswers: 18,
+       isWeak: false,
        nextReview: '2099-01-01',
        profileId: '73d3fd92-d114-4e7e-b661-3dbedeaa9656',
        skippedAnswers: 0,
        status: 'active',
        strength: 2,
...
        independentCorrectAnswers: 18,
+       isWeak: false,
        nextReview: '2099-01-01',
        profileId: '73d3fd92-d114-4e7e-b661-3dbedeaa9656',
        skippedAnswers: 0,
        strength: 2,
        totalAnswers: 20,
...
        independentCorrectAnswers: 18,
+       isWeak: false,
        nextReview: '2099-01-01',
        profileId: '73d3fd92-d114-4e7e-b661-3dbedeaa9656',
        skippedAnswers: 0,
        strength: 2,
        totalAnswers: 20,
...
        independentCorrectAnswers: 18,
+       isWeak: false,
        nextReview: '2099-01-01',
        profileId: '73d3fd92-d114-4e7e-b661-3dbedeaa9656',
        skippedAnswers: 0,
        strength: 2,
        totalAnswers: 20,
...
        independentCorrectAnswers: 18,
+       isWeak: false,
        nextReview: '2099-01-01',
        profileId: '73d3fd92-d114-4e7e-b661-3dbedeaa9656',
        skippedAnswers: 0,
        strength: 2,
        totalAnswers: 20,
...
        independentCorrectAnswers: 18,
+       isWeak: false,
        nextReview: '2099-01-01',
        profileId: '73d3fd92-d114-4e7e-b661-3dbedeaa9656',
        skippedAnswers: 0,
        strength: 2,
        totalAnswers: 20,
...
        independentCorrectAnswers: 18,
+       isWeak: false,
        nextReview: '2099-01-01',
        profileId: '73d3fd92-d114-4e7e-b661-3dbedeaa9656',
        skippedAnswers: 0,
        strength: 2,
        totalAnswers: 20,
...
        independentCorrectAnswers: 18,
+       isWeak: false,
        nextReview: '2099-01-01',
        profileId: '73d3fd92-d114-4e7e-b661-3dbedeaa9656',
        skippedAnswers: 0,
        strength: 2,
        totalAnswers: 20,
...
        independentCorrectAnswers: 18,
+       isWeak: false,
        nextReview: '2099-01-01',
        profileId: '73d3fd92-d114-4e7e-b661-3dbedeaa9656',
        skippedAnswers: 0,
        strength: 2,
        totalAnswers: 20,
...
        independentCorrectAnswers: 18,
+       isWeak: false,
        nextReview: '2099-01-01',
        profileId: '73d3fd92-d114-4e7e-b661-3dbedeaa9656',
        skippedAnswers: 0,
        strength: 2,
        totalAnswers: 20,
...
        independentCorrectAnswers: 18,
+       isWeak: false,
        nextReview: '2099-01-01',
        profileId: '73d3fd92-d114-4e7e-b661-3dbedeaa9656',
        skippedAnswers: 0,
        strength: 2,
        totalAnswers: 20,
...
        independentCorrectAnswers: 18,
+       isWeak: false,
        nextReview: '2099-01-01',
        profileId: '73d3fd92-d114-4e7e-b661-3dbedeaa9656',
        skippedAnswers: 0,
        strength: 2,
        totalAnswers: 20,
...
        independentCorrectAnswers: 18,
+       isWeak: false,
        nextReview: '2099-01-01',
        profileId: '73d3fd92-d114-4e7e-b661-3dbedeaa9656',
        skippedAnswers: 0,
        strength: 2,
        totalAnswers: 20,
...
        independentCorrectAnswers: 18,
+       isWeak: false,
        nextReview: '2099-01-01',
        profileId: '73d3fd92-d114-4e7e-b661-3dbedeaa9656',
        skippedAnswers: 0,
        strength: 2,
        totalAnswers: 20,
...
        independentCorrectAnswers: 18,
+       isWeak: false,
        nextReview: '2099-01-01',
        profileId: '73d3fd92-d114-4e7e-b661-3dbedeaa9656',
        skippedAnswers: 0,
        strength: 2,
        totalAnswers: 20,
...
        independentCorrectAnswers: 18,
+       isWeak: false,
        nextReview: '2099-01-01',
        profileId: '73d3fd92-d114-4e7e-b661-3dbedeaa9656',
        skippedAnswers: 0,
        strength: 2,
        totalAnswers: 20,
...
        independentCorrectAnswers: 18,
+       isWeak: false,
        nextReview: '2099-01-01',
        profileId: '73d3fd92-d114-4e7e-b661-3dbedeaa9656',
        skippedAnswers: 0,
        strength: 2,
        totalAnswers: 20,
...
        independentCorrectAnswers: 18,
+       isWeak: false,
        nextReview: '2099-01-01',
        profileId: '73d3fd92-d114-4e7e-b661-3dbedeaa9656',
        skippedAnswers: 0,
        strength: 2,
        totalAnswers: 20,
...
        independentCorrectAnswers: 18,
+       isWeak: false,
        nextReview: '2099-01-01',
        profileId: '73d3fd92-d114-4e7e-b661-3dbedeaa9656',
        skippedAnswers: 0,
        strength: 2,
        totalAnswers: 20,
...
        independentCorrectAnswers: 18,
+       isWeak: false,
        nextReview: '2099-01-01',
        profileId: '73d3fd92-d114-4e7e-b661-3dbedeaa9656',
        skippedAnswers: 0,
        strength: 2,
        totalAnswers: 20,
...
        independentCorrectAnswers: 18,
+       isWeak: false,
        nextReview: '2099-01-01',
        profileId: '73d3fd92-d114-4e7e-b661-3dbedeaa9656',
        skippedAnswers: 0,
        strength: 2,
        totalAnswers: 20,
...
        independentCorrectAnswers: 18,
+       isWeak: false,
        nextReview: '2099-01-01',
        profileId: '73d3fd92-d114-4e7e-b661-3dbedeaa9656',
        skippedAnswers: 0,
        strength: 2,
        totalAnswers: 20,
...
        independentCorrectAnswers: 18,
+       isWeak: false,
        nextReview: '2099-01-01',
        profileId: '73d3fd92-d114-4e7e-b661-3dbedeaa9656',
        skippedAnswers: 0,
        strength: 2,
        totalAnswers: 20,
...
        independentCorrectAnswers: 18,
+       isWeak: false,
        nextReview: '2099-01-01',
        profileId: '73d3fd92-d114-4e7e-b661-3dbedeaa9656',
        skippedAnswers: 0,
        strength: 2,
        totalAnswers: 20,
...
        independentCorrectAnswers: 18,
+       isWeak: false,
        nextReview: '2099-01-01',
        profileId: '73d3fd92-d114-4e7e-b661-3dbedeaa9656',
        skippedAnswers: 0,
        strength: 2,
        totalAnswers: 20,
...
        independentCorrectAnswers: 18,
+       isWeak: false,
        nextReview: '2099-01-01',
        profileId: '73d3fd92-d114-4e7e-b661-3dbedeaa9656',
        skippedAnswers: 0,
        strength: 2,
        totalAnswers: 20,
...
        independentCorrectAnswers: 18,
+       isWeak: false,
        nextReview: '2099-01-01',
        profileId: '73d3fd92-d114-4e7e-b661-3dbedeaa9656',
        skippedAnswers: 0,
        strength: 2,
        totalAnswers: 20,
...
        independentCorrectAnswers: 18,
+       isWeak: false,
        nextReview: '2099-01-01',
        profileId: '73d3fd92-d114-4e7e-b661-3dbedeaa9656',
        skippedAnswers: 0,
        strength: 2,
        totalAnswers: 20,
...
        independentCorrectAnswers: 18,
+       isWeak: false,
        nextReview: '2099-01-01',
        profileId: '73d3fd92-d114-4e7e-b661-3dbedeaa9656',
        skippedAnswers: 0,
        strength: 2,
        totalAnswers: 20,
...
        independentCorrectAnswers: 18,
+       isWeak: false,
        nextReview: '2099-01-01',
        profileId: '73d3fd92-d114-4e7e-b661-3dbedeaa9656',
        skippedAnswers: 0,
        strength: 2,
        totalAnswers: 20,
...
        independentCorrectAnswers: 18,
+       isWeak: false,
        nextReview: '2099-01-01',
        profileId: '73d3fd92-d114-4e7e-b661-3dbedeaa9656',
        skippedAnswers: 0,
        strength: 2,
        totalAnswers: 20,
...
        independentCorrectAnswers: 18,
+       isWeak: false,
        nextReview: '2099-01-01',
        profileId: '73d3fd92-d114-4e7e-b661-3dbedeaa9656',
        skippedAnswers: 0,
        strength: 2,
        totalAnswers: 20,
...
        independentCorrectAnswers: 18,
+       isWeak: false,
        nextReview: '2099-01-01',
        profileId: '73d3fd92-d114-4e7e-b661-3dbedeaa9656',
        skippedAnswers: 0,
        strength: 2,
        totalAnswers: 20,
...
        independentCorrectAnswers: 18,
+       isWeak: false,
        nextReview: '2099-01-01',
        profileId: '73d3fd92-d114-4e7e-b661-3dbedeaa9656',
        skippedAnswers: 0,
        strength: 2,
        totalAnswers: 20,
...
        independentCorrectAnswers: 18,
+       isWeak: false,
        nextReview: '2099-01-01',
        profileId: '73d3fd92-d114-4e7e-b661-3dbedeaa9656',
        skippedAnswers: 0,
        strength: 2,
        totalAnswers: 20,
...
        independentCorrectAnswers: 18,
+       isWeak: false,
        nextReview: '2099-01-01',
        profileId: '73d3fd92-d114-4e7e-b661-3dbedeaa9656',
        skippedAnswers: 0,
        strength: 2,
        totalAnswers: 20,
...
        independentCorrectAnswers: 18,
+       isWeak: false,
        nextReview: '2099-01-01',
        profileId: '73d3fd92-d114-4e7e-b661-3dbedeaa9656',
        skippedAnswers: 0,
        strength: 2,
        totalAnswers: 20,
...
        independentCorrectAnswers: 18,
+       isWeak: false,
        nextReview: '2099-01-01',
        profileId: '73d3fd92-d114-4e7e-b661-3dbedeaa9656',
        skippedAnswers: 0,
        strength: 2,
        totalAnswers: 20,
...
        independentCorrectAnswers: 18,
+       isWeak: false,
        nextReview: '2099-01-01',
        profileId: '73d3fd92-d114-4e7e-b661-3dbedeaa9656',
        skippedAnswers: 0,
        strength: 2,
        totalAnswers: 20,
...
        independentCorrectAnswers: 18,
+       isWeak: false,
        nextReview: '2099-01-01',
        profileId: '73d3fd92-d114-4e7e-b661-3dbedeaa9656',
        skippedAnswers: 0,
        strength: 2,
        totalAnswers: 20,
...
        independentCorrectAnswers: 18,
+       isWeak: false,
        nextReview: '2099-01-01',
        profileId: '73d3fd92-d114-4e7e-b661-3dbedeaa9656',
        skippedAnswers: 0,
        strength: 2,
        totalAnswers: 20,
...
        independentCorrectAnswers: 18,
+       isWeak: false,
        nextReview: '2099-01-01',
        profileId: '73d3fd92-d114-4e7e-b661-3dbedeaa9656',
        skippedAnswers: 0,
        strength: 2,
        totalAnswers: 20,
...
        independentCorrectAnswers: 18,
+       isWeak: false,
        nextReview: '2099-01-01',
        profileId: '73d3fd92-d114-4e7e-b661-3dbedeaa9656',
        skippedAnswers: 0,
        strength: 2,
        totalAnswers: 20,
...
        independentCorrectAnswers: 18,
+       isWeak: false,
        nextReview: '2099-01-01',
        profileId: '73d3fd92-d114-4e7e-b661-3dbedeaa9656',
        skippedAnswers: 0,
        strength: 2,
        totalAnswers: 20,
...
        independentCorrectAnswers: 18,
+       isWeak: false,
        nextReview: '2099-01-01',
        profileId: '73d3fd92-d114-4e7e-b661-3dbedeaa9656',
        skippedAnswers: 0,
        strength: 2,
        totalAnswers: 20,
...
        independentCorrectAnswers: 18,
+       isWeak: false,
        nextReview: '2099-01-01',
        profileId: '73d3fd92-d114-4e7e-b661-3dbedeaa9656',
        skippedAnswers: 0,
        strength: 2,
        totalAnswers: 20,
...
        independentCorrectAnswers: 18,
+       isWeak: false,
        nextReview: '2099-01-01',
        profileId: '73d3fd92-d114-4e7e-b661-3dbedeaa9656',
        skippedAnswers: 0,
        strength: 2,
        totalAnswers: 20,
...
        independentCorrectAnswers: 18,
+       isWeak: false,
        nextReview: '2099-01-01',
        profileId: '73d3fd92-d114-4e7e-b661-3dbedeaa9656',
        skippedAnswers: 0,
        strength: 2,
        totalAnswers: 20,
...
        independentCorrectAnswers: 18,
+       isWeak: false,
        nextReview: '2099-01-01',
        profileId: '73d3fd92-d114-4e7e-b661-3dbedeaa9656',
        skippedAnswers: 0,
        strength: 2,
        totalAnswers: 20,
...
        independentCorrectAnswers: 18,
+       isWeak: false,
        nextReview: '2099-01-01',
        profileId: '73d3fd92-d114-4e7e-b661-3dbedeaa9656',
        skippedAnswers: 0,
        strength: 2,
        totalAnswers: 20,
...
        independentCorrectAnswers: 18,
+       isWeak: false,
        nextReview: '2099-01-01',
        profileId: '73d3fd92-d114-4e7e-b661-3dbedeaa9656',
        skippedAnswers: 0,
        strength: 2,
        totalAnswers: 20,
...
        independentCorrectAnswers: 18,
+       isWeak: false,
        nextReview: '2099-01-01',
        profileId: '73d3fd92-d114-4e7e-b661-3dbedeaa9656',
        skippedAnswers: 0,
        strength: 2,
        totalAnswers: 20,
...
        independentCorrectAnswers: 18,
+       isWeak: false,
        nextReview: '2099-01-01',
        profileId: '73d3fd92-d114-4e7e-b661-3dbedeaa9656',
        skippedAnswers: 0,
        strength: 2,
        totalAnswers: 20,
...
        independentCorrectAnswers: 18,
+       isWeak: false,
        nextReview: '2099-01-01',
        profileId: '73d3fd92-d114-4e7e-b661-3dbedeaa9656',
        skippedAnswers: 0,
        strength: 2,
        totalAnswers: 20,
...
        independentCorrectAnswers: 18,
+       isWeak: false,
        nextReview: '2099-01-01',
        profileId: '73d3fd92-d114-4e7e-b661-3dbedeaa9656',
        skippedAnswers: 0,
        strength: 2,
        totalAnswers: 20,
...
        independentCorrectAnswers: 18,
+       isWeak: false,
        nextReview: '2099-01-01',
        profileId: '73d3fd92-d114-4e7e-b661-3dbedeaa9656',
        skippedAnswers: 0,
        strength: 2,
        totalAnswers: 20,
...
        independentCorrectAnswers: 18,
+       isWeak: false,
        nextReview: '2099-01-01',
        profileId: '73d3fd92-d114-4e7e-b661-3dbedeaa9656',
        skippedAnswers: 0,
        strength: 2,
        totalAnswers: 20,
...
        independentCorrectAnswers: 18,
+       isWeak: false,
        nextReview: '2099-01-01',
        profileId: '73d3fd92-d114-4e7e-b661-3dbedeaa9656',
        skippedAnswers: 0,
        strength: 2,
        totalAnswers: 20,
...
        independentCorrectAnswers: 18,
+       isWeak: false,
        nextReview: '2099-01-01',
        profileId: '73d3fd92-d114-4e7e-b661-3dbedeaa9656',
        skippedAnswers: 0,
        strength: 2,
        totalAnswers: 20,
...
        independentCorrectAnswers: 18,
+       isWeak: false,
        nextReview: '2099-01-01',
        profileId: '73d3fd92-d114-4e7e-b661-3dbedeaa9656',
        skippedAnswers: 0,
        strength: 2,
        totalAnswers: 20,
...
        independentCorrectAnswers: 18,
+       isWeak: false,
        nextReview: '2099-01-01',
        profileId: '73d3fd92-d114-4e7e-b661-3dbedeaa9656',
        skippedAnswers: 0,
        strength: 2,
        totalAnswers: 20,

CAPTURE growing-768 menu
CAPTURE growing-768 seeds
CAPTURE growing-768 landmarks
CAPTURE growing-768 stored
CAPTURE growing-768 friends
CAPTURE growing-768 show
CAPTURE growing-768 flowers
CAPTURE growing-768 inventory
CAPTURE growing-768 settings
CAPTURE growing-768 settings-profile
CAPTURE growing-768 settings-learning
CAPTURE growing-768 settings-display
CAPTURE growing-768 settings-parent
CAPTURE growing-768 records
CAPTURE growing-768 house
FAIL growing-768 Menu browsing must preserve canonical learning, Island and Explore records
+ actual - expected
... Skipped lines

  {
    exploreRuns: [],
    island: {
      completedSets: 0,
      growth: {
...
        independentCorrectAnswers: 18,
+       isWeak: false,
        nextReview: '2000-01-01',
        profileId: 'ada89dc3-69e2-4f80-9e14-db74104020b7',
        skippedAnswers: 0,
        status: 'active',
        strength: 2,
...
        independentCorrectAnswers: 18,
+       isWeak: false,
        nextReview: '2099-01-01',
        profileId: 'ada89dc3-69e2-4f80-9e14-db74104020b7',
        skippedAnswers: 0,
        status: 'active',
        strength: 2,
...
        independentCorrectAnswers: 18,
+       isWeak: false,
        nextReview: '2099-01-01',
        profileId: 'ada89dc3-69e2-4f80-9e14-db74104020b7',
        skippedAnswers: 0,
        strength: 2,
        totalAnswers: 20,
...
        independentCorrectAnswers: 18,
+       isWeak: false,
        nextReview: '2099-01-01',
        profileId: 'ada89dc3-69e2-4f80-9e14-db74104020b7',
        skippedAnswers: 0,
        strength: 2,
        totalAnswers: 20,
...
        independentCorrectAnswers: 18,
+       isWeak: false,
        nextReview: '2099-01-01',
        profileId: 'ada89dc3-69e2-4f80-9e14-db74104020b7',
        skippedAnswers: 0,
        strength: 2,
        totalAnswers: 20,
...
        independentCorrectAnswers: 18,
+       isWeak: false,
        nextReview: '2099-01-01',
        profileId: 'ada89dc3-69e2-4f80-9e14-db74104020b7',
        skippedAnswers: 0,
        strength: 2,
        totalAnswers: 20,
...
        independentCorrectAnswers: 18,
+       isWeak: false,
        nextReview: '2099-01-01',
        profileId: 'ada89dc3-69e2-4f80-9e14-db74104020b7',
        skippedAnswers: 0,
        strength: 2,
        totalAnswers: 20,
...
        independentCorrectAnswers: 18,
+       isWeak: false,
        nextReview: '2099-01-01',
        profileId: 'ada89dc3-69e2-4f80-9e14-db74104020b7',
        skippedAnswers: 0,
        strength: 2,
        totalAnswers: 20,
...
        independentCorrectAnswers: 18,
+       isWeak: false,
        nextReview: '2099-01-01',
        profileId: 'ada89dc3-69e2-4f80-9e14-db74104020b7',
        skippedAnswers: 0,
        strength: 2,
        totalAnswers: 20,
...
        independentCorrectAnswers: 18,
+       isWeak: false,
        nextReview: '2099-01-01',
        profileId: 'ada89dc3-69e2-4f80-9e14-db74104020b7',
        skippedAnswers: 0,
        strength: 2,
        totalAnswers: 20,
...
        independentCorrectAnswers: 18,
+       isWeak: false,
        nextReview: '2099-01-01',
        profileId: 'ada89dc3-69e2-4f80-9e14-db74104020b7',
        skippedAnswers: 0,
        strength: 2,
        totalAnswers: 20,
...
        independentCorrectAnswers: 18,
+       isWeak: false,
        nextReview: '2099-01-01',
        profileId: 'ada89dc3-69e2-4f80-9e14-db74104020b7',
        skippedAnswers: 0,
        strength: 2,
        totalAnswers: 20,
...
        independentCorrectAnswers: 18,
+       isWeak: false,
        nextReview: '2099-01-01',
        profileId: 'ada89dc3-69e2-4f80-9e14-db74104020b7',
        skippedAnswers: 0,
        strength: 2,
        totalAnswers: 20,
...
        independentCorrectAnswers: 18,
+       isWeak: false,
        nextReview: '2099-01-01',
        profileId: 'ada89dc3-69e2-4f80-9e14-db74104020b7',
        skippedAnswers: 0,
        strength: 2,
        totalAnswers: 20,
...
        independentCorrectAnswers: 18,
+       isWeak: false,
        nextReview: '2099-01-01',
        profileId: 'ada89dc3-69e2-4f80-9e14-db74104020b7',
        skippedAnswers: 0,
        strength: 2,
        totalAnswers: 20,
...
        independentCorrectAnswers: 18,
+       isWeak: false,
        nextReview: '2099-01-01',
        profileId: 'ada89dc3-69e2-4f80-9e14-db74104020b7',
        skippedAnswers: 0,
        strength: 2,
        totalAnswers: 20,
...
        independentCorrectAnswers: 18,
+       isWeak: false,
        nextReview: '2099-01-01',
        profileId: 'ada89dc3-69e2-4f80-9e14-db74104020b7',
        skippedAnswers: 0,
        strength: 2,
        totalAnswers: 20,
...
        independentCorrectAnswers: 18,
+       isWeak: false,
        nextReview: '2099-01-01',
        profileId: 'ada89dc3-69e2-4f80-9e14-db74104020b7',
        skippedAnswers: 0,
        strength: 2,
        totalAnswers: 20,
...
        independentCorrectAnswers: 18,
+       isWeak: false,
        nextReview: '2099-01-01',
        profileId: 'ada89dc3-69e2-4f80-9e14-db74104020b7',
        skippedAnswers: 0,
        strength: 2,
        totalAnswers: 20,
...
        independentCorrectAnswers: 18,
+       isWeak: false,
        nextReview: '2099-01-01',
        profileId: 'ada89dc3-69e2-4f80-9e14-db74104020b7',
        skippedAnswers: 0,
        strength: 2,
        totalAnswers: 20,
...
        independentCorrectAnswers: 18,
+       isWeak: false,
        nextReview: '2099-01-01',
        profileId: 'ada89dc3-69e2-4f80-9e14-db74104020b7',
        skippedAnswers: 0,
        strength: 2,
        totalAnswers: 20,
...
        independentCorrectAnswers: 18,
+       isWeak: false,
        nextReview: '2099-01-01',
        profileId: 'ada89dc3-69e2-4f80-9e14-db74104020b7',
        skippedAnswers: 0,
        strength: 2,
        totalAnswers: 20,
...
        independentCorrectAnswers: 18,
+       isWeak: false,
        nextReview: '2099-01-01',
        profileId: 'ada89dc3-69e2-4f80-9e14-db74104020b7',
        skippedAnswers: 0,
        strength: 2,
        totalAnswers: 20,
...
        independentCorrectAnswers: 18,
+       isWeak: false,
        nextReview: '2099-01-01',
        profileId: 'ada89dc3-69e2-4f80-9e14-db74104020b7',
        skippedAnswers: 0,
        strength: 2,
        totalAnswers: 20,
...
        independentCorrectAnswers: 18,
+       isWeak: false,
        nextReview: '2099-01-01',
        profileId: 'ada89dc3-69e2-4f80-9e14-db74104020b7',
        skippedAnswers: 0,
        strength: 2,
        totalAnswers: 20,
...
        independentCorrectAnswers: 18,
+       isWeak: false,
        nextReview: '2099-01-01',
        profileId: 'ada89dc3-69e2-4f80-9e14-db74104020b7',
        skippedAnswers: 0,
        strength: 2,
        totalAnswers: 20,
...
        independentCorrectAnswers: 18,
+       isWeak: false,
        nextReview: '2099-01-01',
        profileId: 'ada89dc3-69e2-4f80-9e14-db74104020b7',
        skippedAnswers: 0,
        strength: 2,
        totalAnswers: 20,
...
        independentCorrectAnswers: 18,
+       isWeak: false,
        nextReview: '2099-01-01',
        profileId: 'ada89dc3-69e2-4f80-9e14-db74104020b7',
        skippedAnswers: 0,
        strength: 2,
        totalAnswers: 20,
...
        independentCorrectAnswers: 18,
+       isWeak: false,
        nextReview: '2099-01-01',
        profileId: 'ada89dc3-69e2-4f80-9e14-db74104020b7',
        skippedAnswers: 0,
        strength: 2,
        totalAnswers: 20,
...
        independentCorrectAnswers: 18,
+       isWeak: false,
        nextReview: '2099-01-01',
        profileId: 'ada89dc3-69e2-4f80-9e14-db74104020b7',
        skippedAnswers: 0,
        strength: 2,
        totalAnswers: 20,
...
        independentCorrectAnswers: 18,
+       isWeak: false,
        nextReview: '2099-01-01',
        profileId: 'ada89dc3-69e2-4f80-9e14-db74104020b7',
        skippedAnswers: 0,
        strength: 2,
        totalAnswers: 20,
...
        independentCorrectAnswers: 18,
+       isWeak: false,
        nextReview: '2099-01-01',
        profileId: 'ada89dc3-69e2-4f80-9e14-db74104020b7',
        skippedAnswers: 0,
        strength: 2,
        totalAnswers: 20,
...
        independentCorrectAnswers: 18,
+       isWeak: false,
        nextReview: '2099-01-01',
        profileId: 'ada89dc3-69e2-4f80-9e14-db74104020b7',
        skippedAnswers: 0,
        strength: 2,
        totalAnswers: 20,
...
        independentCorrectAnswers: 18,
+       isWeak: false,
        nextReview: '2099-01-01',
        profileId: 'ada89dc3-69e2-4f80-9e14-db74104020b7',
        skippedAnswers: 0,
        strength: 2,
        totalAnswers: 20,
...
        independentCorrectAnswers: 18,
+       isWeak: false,
        nextReview: '2099-01-01',
        profileId: 'ada89dc3-69e2-4f80-9e14-db74104020b7',
        skippedAnswers: 0,
        strength: 2,
        totalAnswers: 20,
...
        independentCorrectAnswers: 18,
+       isWeak: false,
        nextReview: '2099-01-01',
        profileId: 'ada89dc3-69e2-4f80-9e14-db74104020b7',
        skippedAnswers: 0,
        strength: 2,
        totalAnswers: 20,
...
        independentCorrectAnswers: 18,
+       isWeak: false,
        nextReview: '2099-01-01',
        profileId: 'ada89dc3-69e2-4f80-9e14-db74104020b7',
        skippedAnswers: 0,
        strength: 2,
        totalAnswers: 20,
...
        independentCorrectAnswers: 18,
+       isWeak: false,
        nextReview: '2099-01-01',
        profileId: 'ada89dc3-69e2-4f80-9e14-db74104020b7',
        skippedAnswers: 0,
        strength: 2,
        totalAnswers: 20,
...
        independentCorrectAnswers: 18,
+       isWeak: false,
        nextReview: '2099-01-01',
        profileId: 'ada89dc3-69e2-4f80-9e14-db74104020b7',
        skippedAnswers: 0,
        strength: 2,
        totalAnswers: 20,
...
        independentCorrectAnswers: 18,
+       isWeak: false,
        nextReview: '2099-01-01',
        profileId: 'ada89dc3-69e2-4f80-9e14-db74104020b7',
        skippedAnswers: 0,
        strength: 2,
        totalAnswers: 20,
...
        independentCorrectAnswers: 18,
+       isWeak: false,
        nextReview: '2099-01-01',
        profileId: 'ada89dc3-69e2-4f80-9e14-db74104020b7',
        skippedAnswers: 0,
        strength: 2,
        totalAnswers: 20,
...
        independentCorrectAnswers: 18,
+       isWeak: false,
        nextReview: '2099-01-01',
        profileId: 'ada89dc3-69e2-4f80-9e14-db74104020b7',
        skippedAnswers: 0,
        strength: 2,
        totalAnswers: 20,
...
        independentCorrectAnswers: 18,
+       isWeak: false,
        nextReview: '2099-01-01',
        profileId: 'ada89dc3-69e2-4f80-9e14-db74104020b7',
        skippedAnswers: 0,
        strength: 2,
        totalAnswers: 20,
...
        independentCorrectAnswers: 18,
+       isWeak: false,
        nextReview: '2099-01-01',
        profileId: 'ada89dc3-69e2-4f80-9e14-db74104020b7',
        skippedAnswers: 0,
        strength: 2,
        totalAnswers: 20,
...
        independentCorrectAnswers: 18,
+       isWeak: false,
        nextReview: '2099-01-01',
        profileId: 'ada89dc3-69e2-4f80-9e14-db74104020b7',
        skippedAnswers: 0,
        strength: 2,
        totalAnswers: 20,
...
        independentCorrectAnswers: 18,
+       isWeak: false,
        nextReview: '2099-01-01',
        profileId: 'ada89dc3-69e2-4f80-9e14-db74104020b7',
        skippedAnswers: 0,
        strength: 2,
        totalAnswers: 20,
...
        independentCorrectAnswers: 18,
+       isWeak: false,
        nextReview: '2099-01-01',
        profileId: 'ada89dc3-69e2-4f80-9e14-db74104020b7',
        skippedAnswers: 0,
        strength: 2,
        totalAnswers: 20,
...
        independentCorrectAnswers: 18,
+       isWeak: false,
        nextReview: '2099-01-01',
        profileId: 'ada89dc3-69e2-4f80-9e14-db74104020b7',
        skippedAnswers: 0,
        strength: 2,
        totalAnswers: 20,
...
        independentCorrectAnswers: 18,
+       isWeak: false,
        nextReview: '2099-01-01',
        profileId: 'ada89dc3-69e2-4f80-9e14-db74104020b7',
        skippedAnswers: 0,
        strength: 2,
        totalAnswers: 20,
...
        independentCorrectAnswers: 18,
+       isWeak: false,
        nextReview: '2099-01-01',
        profileId: 'ada89dc3-69e2-4f80-9e14-db74104020b7',
        skippedAnswers: 0,
        strength: 2,
        totalAnswers: 20,
...
        independentCorrectAnswers: 18,
+       isWeak: false,
        nextReview: '2099-01-01',
        profileId: 'ada89dc3-69e2-4f80-9e14-db74104020b7',
        skippedAnswers: 0,
        strength: 2,
        totalAnswers: 20,
...
        independentCorrectAnswers: 18,
+       isWeak: false,
        nextReview: '2099-01-01',
        profileId: 'ada89dc3-69e2-4f80-9e14-db74104020b7',
        skippedAnswers: 0,
        strength: 2,
        totalAnswers: 20,
...
        independentCorrectAnswers: 18,
+       isWeak: false,
        nextReview: '2099-01-01',
        profileId: 'ada89dc3-69e2-4f80-9e14-db74104020b7',
        skippedAnswers: 0,
        strength: 2,
        totalAnswers: 20,
...
        independentCorrectAnswers: 18,
+       isWeak: false,
        nextReview: '2099-01-01',
        profileId: 'ada89dc3-69e2-4f80-9e14-db74104020b7',
        skippedAnswers: 0,
        strength: 2,
        totalAnswers: 20,
...
        independentCorrectAnswers: 18,
+       isWeak: false,
        nextReview: '2099-01-01',
        profileId: 'ada89dc3-69e2-4f80-9e14-db74104020b7',
        skippedAnswers: 0,
        strength: 2,
        totalAnswers: 20,
...
        independentCorrectAnswers: 18,
+       isWeak: false,
        nextReview: '2099-01-01',
        profileId: 'ada89dc3-69e2-4f80-9e14-db74104020b7',
        skippedAnswers: 0,
        strength: 2,
        totalAnswers: 20,
...
        independentCorrectAnswers: 18,
+       isWeak: false,
        nextReview: '2099-01-01',
        profileId: 'ada89dc3-69e2-4f80-9e14-db74104020b7',
        skippedAnswers: 0,
        strength: 2,
        totalAnswers: 20,
...
        independentCorrectAnswers: 18,
+       isWeak: false,
        nextReview: '2099-01-01',
        profileId: 'ada89dc3-69e2-4f80-9e14-db74104020b7',
        skippedAnswers: 0,
        strength: 2,
        totalAnswers: 20,
...
        independentCorrectAnswers: 18,
+       isWeak: false,
        nextReview: '2099-01-01',
        profileId: 'ada89dc3-69e2-4f80-9e14-db74104020b7',
        skippedAnswers: 0,
        strength: 2,
        totalAnswers: 20,
...
        independentCorrectAnswers: 18,
+       isWeak: false,
        nextReview: '2099-01-01',
        profileId: 'ada89dc3-69e2-4f80-9e14-db74104020b7',
        skippedAnswers: 0,
        strength: 2,
        totalAnswers: 20,
...
        independentCorrectAnswers: 18,
+       isWeak: false,
        nextReview: '2099-01-01',
        profileId: 'ada89dc3-69e2-4f80-9e14-db74104020b7',
        skippedAnswers: 0,
        strength: 2,
        totalAnswers: 20,
...
        independentCorrectAnswers: 18,
+       isWeak: false,
        nextReview: '2099-01-01',
        profileId: 'ada89dc3-69e2-4f80-9e14-db74104020b7',
        skippedAnswers: 0,
        strength: 2,
        totalAnswers: 20,

CAPTURE growing-320 menu
CAPTURE growing-320 seeds
CAPTURE growing-320 landmarks
CAPTURE growing-320 stored
CAPTURE growing-320 friends
CAPTURE growing-320 show
CAPTURE growing-320 flowers
CAPTURE growing-320 inventory
CAPTURE growing-320 settings
CAPTURE growing-320 settings-profile
CAPTURE growing-320 settings-learning
CAPTURE growing-320 settings-display
CAPTURE growing-320 settings-parent
CAPTURE growing-320 records
CAPTURE growing-320 house
FAIL growing-320 Menu browsing must preserve canonical learning, Island and Explore records
+ actual - expected
... Skipped lines

  {
    exploreRuns: [],
    island: {
      completedSets: 0,
      growth: {
...
        independentCorrectAnswers: 18,
+       isWeak: false,
        nextReview: '2000-01-01',
        profileId: '1110fea7-35e3-4d0f-a447-66ec7a0f8409',
        skippedAnswers: 0,
        status: 'active',
        strength: 2,
...
        independentCorrectAnswers: 18,
+       isWeak: false,
        nextReview: '2099-01-01',
        profileId: '1110fea7-35e3-4d0f-a447-66ec7a0f8409',
        skippedAnswers: 0,
        status: 'active',
        strength: 2,
...
        independentCorrectAnswers: 18,
+       isWeak: false,
        nextReview: '2099-01-01',
        profileId: '1110fea7-35e3-4d0f-a447-66ec7a0f8409',
        skippedAnswers: 0,
        strength: 2,
        totalAnswers: 20,
...
        independentCorrectAnswers: 18,
+       isWeak: false,
        nextReview: '2099-01-01',
        profileId: '1110fea7-35e3-4d0f-a447-66ec7a0f8409',
        skippedAnswers: 0,
        strength: 2,
        totalAnswers: 20,
...
        independentCorrectAnswers: 18,
+       isWeak: false,
        nextReview: '2099-01-01',
        profileId: '1110fea7-35e3-4d0f-a447-66ec7a0f8409',
        skippedAnswers: 0,
        strength: 2,
        totalAnswers: 20,
...
        independentCorrectAnswers: 18,
+       isWeak: false,
        nextReview: '2099-01-01',
        profileId: '1110fea7-35e3-4d0f-a447-66ec7a0f8409',
        skippedAnswers: 0,
        strength: 2,
        totalAnswers: 20,
...
        independentCorrectAnswers: 18,
+       isWeak: false,
        nextReview: '2099-01-01',
        profileId: '1110fea7-35e3-4d0f-a447-66ec7a0f8409',
        skippedAnswers: 0,
        strength: 2,
        totalAnswers: 20,
...
        independentCorrectAnswers: 18,
+       isWeak: false,
        nextReview: '2099-01-01',
        profileId: '1110fea7-35e3-4d0f-a447-66ec7a0f8409',
        skippedAnswers: 0,
        strength: 2,
        totalAnswers: 20,
...
        independentCorrectAnswers: 18,
+       isWeak: false,
        nextReview: '2099-01-01',
        profileId: '1110fea7-35e3-4d0f-a447-66ec7a0f8409',
        skippedAnswers: 0,
        strength: 2,
        totalAnswers: 20,
...
        independentCorrectAnswers: 18,
+       isWeak: false,
        nextReview: '2099-01-01',
        profileId: '1110fea7-35e3-4d0f-a447-66ec7a0f8409',
        skippedAnswers: 0,
        strength: 2,
        totalAnswers: 20,
...
        independentCorrectAnswers: 18,
+       isWeak: false,
        nextReview: '2099-01-01',
        profileId: '1110fea7-35e3-4d0f-a447-66ec7a0f8409',
        skippedAnswers: 0,
        strength: 2,
        totalAnswers: 20,
...
        independentCorrectAnswers: 18,
+       isWeak: false,
        nextReview: '2099-01-01',
        profileId: '1110fea7-35e3-4d0f-a447-66ec7a0f8409',
        skippedAnswers: 0,
        strength: 2,
        totalAnswers: 20,
...
        independentCorrectAnswers: 18,
+       isWeak: false,
        nextReview: '2099-01-01',
        profileId: '1110fea7-35e3-4d0f-a447-66ec7a0f8409',
        skippedAnswers: 0,
        strength: 2,
        totalAnswers: 20,
...
        independentCorrectAnswers: 18,
+       isWeak: false,
        nextReview: '2099-01-01',
        profileId: '1110fea7-35e3-4d0f-a447-66ec7a0f8409',
        skippedAnswers: 0,
        strength: 2,
        totalAnswers: 20,
...
        independentCorrectAnswers: 18,
+       isWeak: false,
        nextReview: '2099-01-01',
        profileId: '1110fea7-35e3-4d0f-a447-66ec7a0f8409',
        skippedAnswers: 0,
        strength: 2,
        totalAnswers: 20,
...
        independentCorrectAnswers: 18,
+       isWeak: false,
        nextReview: '2099-01-01',
        profileId: '1110fea7-35e3-4d0f-a447-66ec7a0f8409',
        skippedAnswers: 0,
        strength: 2,
        totalAnswers: 20,
...
        independentCorrectAnswers: 18,
+       isWeak: false,
        nextReview: '2099-01-01',
        profileId: '1110fea7-35e3-4d0f-a447-66ec7a0f8409',
        skippedAnswers: 0,
        strength: 2,
        totalAnswers: 20,
...
        independentCorrectAnswers: 18,
+       isWeak: false,
        nextReview: '2099-01-01',
        profileId: '1110fea7-35e3-4d0f-a447-66ec7a0f8409',
        skippedAnswers: 0,
        strength: 2,
        totalAnswers: 20,
...
        independentCorrectAnswers: 18,
+       isWeak: false,
        nextReview: '2099-01-01',
        profileId: '1110fea7-35e3-4d0f-a447-66ec7a0f8409',
        skippedAnswers: 0,
        strength: 2,
        totalAnswers: 20,
...
        independentCorrectAnswers: 18,
+       isWeak: false,
        nextReview: '2099-01-01',
        profileId: '1110fea7-35e3-4d0f-a447-66ec7a0f8409',
        skippedAnswers: 0,
        strength: 2,
        totalAnswers: 20,
...
        independentCorrectAnswers: 18,
+       isWeak: false,
        nextReview: '2099-01-01',
        profileId: '1110fea7-35e3-4d0f-a447-66ec7a0f8409',
        skippedAnswers: 0,
        strength: 2,
        totalAnswers: 20,
...
        independentCorrectAnswers: 18,
+       isWeak: false,
        nextReview: '2099-01-01',
        profileId: '1110fea7-35e3-4d0f-a447-66ec7a0f8409',
        skippedAnswers: 0,
        strength: 2,
        totalAnswers: 20,
...
        independentCorrectAnswers: 18,
+       isWeak: false,
        nextReview: '2099-01-01',
        profileId: '1110fea7-35e3-4d0f-a447-66ec7a0f8409',
        skippedAnswers: 0,
        strength: 2,
        totalAnswers: 20,
...
        independentCorrectAnswers: 18,
+       isWeak: false,
        nextReview: '2099-01-01',
        profileId: '1110fea7-35e3-4d0f-a447-66ec7a0f8409',
        skippedAnswers: 0,
        strength: 2,
        totalAnswers: 20,
...
        independentCorrectAnswers: 18,
+       isWeak: false,
        nextReview: '2099-01-01',
        profileId: '1110fea7-35e3-4d0f-a447-66ec7a0f8409',
        skippedAnswers: 0,
        strength: 2,
        totalAnswers: 20,
...
        independentCorrectAnswers: 18,
+       isWeak: false,
        nextReview: '2099-01-01',
        profileId: '1110fea7-35e3-4d0f-a447-66ec7a0f8409',
        skippedAnswers: 0,
        strength: 2,
        totalAnswers: 20,
...
        independentCorrectAnswers: 18,
+       isWeak: false,
        nextReview: '2099-01-01',
        profileId: '1110fea7-35e3-4d0f-a447-66ec7a0f8409',
        skippedAnswers: 0,
        strength: 2,
        totalAnswers: 20,
...
        independentCorrectAnswers: 18,
+       isWeak: false,
        nextReview: '2099-01-01',
        profileId: '1110fea7-35e3-4d0f-a447-66ec7a0f8409',
        skippedAnswers: 0,
        strength: 2,
        totalAnswers: 20,
...
        independentCorrectAnswers: 18,
+       isWeak: false,
        nextReview: '2099-01-01',
        profileId: '1110fea7-35e3-4d0f-a447-66ec7a0f8409',
        skippedAnswers: 0,
        strength: 2,
        totalAnswers: 20,
...
        independentCorrectAnswers: 18,
+       isWeak: false,
        nextReview: '2099-01-01',
        profileId: '1110fea7-35e3-4d0f-a447-66ec7a0f8409',
        skippedAnswers: 0,
        strength: 2,
        totalAnswers: 20,
...
        independentCorrectAnswers: 18,
+       isWeak: false,
        nextReview: '2099-01-01',
        profileId: '1110fea7-35e3-4d0f-a447-66ec7a0f8409',
        skippedAnswers: 0,
        strength: 2,
        totalAnswers: 20,
...
        independentCorrectAnswers: 18,
+       isWeak: false,
        nextReview: '2099-01-01',
        profileId: '1110fea7-35e3-4d0f-a447-66ec7a0f8409',
        skippedAnswers: 0,
        strength: 2,
        totalAnswers: 20,
...
        independentCorrectAnswers: 18,
+       isWeak: false,
        nextReview: '2099-01-01',
        profileId: '1110fea7-35e3-4d0f-a447-66ec7a0f8409',
        skippedAnswers: 0,
        strength: 2,
        totalAnswers: 20,
...
        independentCorrectAnswers: 18,
+       isWeak: false,
        nextReview: '2099-01-01',
        profileId: '1110fea7-35e3-4d0f-a447-66ec7a0f8409',
        skippedAnswers: 0,
        strength: 2,
        totalAnswers: 20,
...
        independentCorrectAnswers: 18,
+       isWeak: false,
        nextReview: '2099-01-01',
        profileId: '1110fea7-35e3-4d0f-a447-66ec7a0f8409',
        skippedAnswers: 0,
        strength: 2,
        totalAnswers: 20,
...
        independentCorrectAnswers: 18,
+       isWeak: false,
        nextReview: '2099-01-01',
        profileId: '1110fea7-35e3-4d0f-a447-66ec7a0f8409',
        skippedAnswers: 0,
        strength: 2,
        totalAnswers: 20,
...
        independentCorrectAnswers: 18,
+       isWeak: false,
        nextReview: '2099-01-01',
        profileId: '1110fea7-35e3-4d0f-a447-66ec7a0f8409',
        skippedAnswers: 0,
        strength: 2,
        totalAnswers: 20,
...
        independentCorrectAnswers: 18,
+       isWeak: false,
        nextReview: '2099-01-01',
        profileId: '1110fea7-35e3-4d0f-a447-66ec7a0f8409',
        skippedAnswers: 0,
        strength: 2,
        totalAnswers: 20,
...
        independentCorrectAnswers: 18,
+       isWeak: false,
        nextReview: '2099-01-01',
        profileId: '1110fea7-35e3-4d0f-a447-66ec7a0f8409',
        skippedAnswers: 0,
        strength: 2,
        totalAnswers: 20,
...
        independentCorrectAnswers: 18,
+       isWeak: false,
        nextReview: '2099-01-01',
        profileId: '1110fea7-35e3-4d0f-a447-66ec7a0f8409',
        skippedAnswers: 0,
        strength: 2,
        totalAnswers: 20,
...
        independentCorrectAnswers: 18,
+       isWeak: false,
        nextReview: '2099-01-01',
        profileId: '1110fea7-35e3-4d0f-a447-66ec7a0f8409',
        skippedAnswers: 0,
        strength: 2,
        totalAnswers: 20,
...
        independentCorrectAnswers: 18,
+       isWeak: false,
        nextReview: '2099-01-01',
        profileId: '1110fea7-35e3-4d0f-a447-66ec7a0f8409',
        skippedAnswers: 0,
        strength: 2,
        totalAnswers: 20,
...
        independentCorrectAnswers: 18,
+       isWeak: false,
        nextReview: '2099-01-01',
        profileId: '1110fea7-35e3-4d0f-a447-66ec7a0f8409',
        skippedAnswers: 0,
        strength: 2,
        totalAnswers: 20,
...
        independentCorrectAnswers: 18,
+       isWeak: false,
        nextReview: '2099-01-01',
        profileId: '1110fea7-35e3-4d0f-a447-66ec7a0f8409',
        skippedAnswers: 0,
        strength: 2,
        totalAnswers: 20,
...
        independentCorrectAnswers: 18,
+       isWeak: false,
        nextReview: '2099-01-01',
        profileId: '1110fea7-35e3-4d0f-a447-66ec7a0f8409',
        skippedAnswers: 0,
        strength: 2,
        totalAnswers: 20,
...
        independentCorrectAnswers: 18,
+       isWeak: false,
        nextReview: '2099-01-01',
        profileId: '1110fea7-35e3-4d0f-a447-66ec7a0f8409',
        skippedAnswers: 0,
        strength: 2,
        totalAnswers: 20,
...
        independentCorrectAnswers: 18,
+       isWeak: false,
        nextReview: '2099-01-01',
        profileId: '1110fea7-35e3-4d0f-a447-66ec7a0f8409',
        skippedAnswers: 0,
        strength: 2,
        totalAnswers: 20,
...
        independentCorrectAnswers: 18,
+       isWeak: false,
        nextReview: '2099-01-01',
        profileId: '1110fea7-35e3-4d0f-a447-66ec7a0f8409',
        skippedAnswers: 0,
        strength: 2,
        totalAnswers: 20,
...
        independentCorrectAnswers: 18,
+       isWeak: false,
        nextReview: '2099-01-01',
        profileId: '1110fea7-35e3-4d0f-a447-66ec7a0f8409',
        skippedAnswers: 0,
        strength: 2,
        totalAnswers: 20,
...
        independentCorrectAnswers: 18,
+       isWeak: false,
        nextReview: '2099-01-01',
        profileId: '1110fea7-35e3-4d0f-a447-66ec7a0f8409',
        skippedAnswers: 0,
        strength: 2,
        totalAnswers: 20,
...
        independentCorrectAnswers: 18,
+       isWeak: false,
        nextReview: '2099-01-01',
        profileId: '1110fea7-35e3-4d0f-a447-66ec7a0f8409',
        skippedAnswers: 0,
        strength: 2,
        totalAnswers: 20,
...
        independentCorrectAnswers: 18,
+       isWeak: false,
        nextReview: '2099-01-01',
        profileId: '1110fea7-35e3-4d0f-a447-66ec7a0f8409',
        skippedAnswers: 0,
        strength: 2,
        totalAnswers: 20,
...
        independentCorrectAnswers: 18,
+       isWeak: false,
        nextReview: '2099-01-01',
        profileId: '1110fea7-35e3-4d0f-a447-66ec7a0f8409',
        skippedAnswers: 0,
        strength: 2,
        totalAnswers: 20,
...
        independentCorrectAnswers: 18,
+       isWeak: false,
        nextReview: '2099-01-01',
        profileId: '1110fea7-35e3-4d0f-a447-66ec7a0f8409',
        skippedAnswers: 0,
        strength: 2,
        totalAnswers: 20,
...
        independentCorrectAnswers: 18,
+       isWeak: false,
        nextReview: '2099-01-01',
        profileId: '1110fea7-35e3-4d0f-a447-66ec7a0f8409',
        skippedAnswers: 0,
        strength: 2,
        totalAnswers: 20,
...
        independentCorrectAnswers: 18,
+       isWeak: false,
        nextReview: '2099-01-01',
        profileId: '1110fea7-35e3-4d0f-a447-66ec7a0f8409',
        skippedAnswers: 0,
        strength: 2,
        totalAnswers: 20,
...
        independentCorrectAnswers: 18,
+       isWeak: false,
        nextReview: '2099-01-01',
        profileId: '1110fea7-35e3-4d0f-a447-66ec7a0f8409',
        skippedAnswers: 0,
        strength: 2,
        totalAnswers: 20,
...
        independentCorrectAnswers: 18,
+       isWeak: false,
        nextReview: '2099-01-01',
        profileId: '1110fea7-35e3-4d0f-a447-66ec7a0f8409',
        skippedAnswers: 0,
        strength: 2,
        totalAnswers: 20,
...
        independentCorrectAnswers: 18,
+       isWeak: false,
        nextReview: '2099-01-01',
        profileId: '1110fea7-35e3-4d0f-a447-66ec7a0f8409',
        skippedAnswers: 0,
        strength: 2,
        totalAnswers: 20,
...
        independentCorrectAnswers: 18,
+       isWeak: false,
        nextReview: '2099-01-01',
        profileId: '1110fea7-35e3-4d0f-a447-66ec7a0f8409',
        skippedAnswers: 0,
        strength: 2,
        totalAnswers: 20,
...
        independentCorrectAnswers: 18,
+       isWeak: false,
        nextReview: '2099-01-01',
        profileId: '1110fea7-35e3-4d0f-a447-66ec7a0f8409',
        skippedAnswers: 0,
        strength: 2,
        totalAnswers: 20,
...
        independentCorrectAnswers: 18,
+       isWeak: false,
        nextReview: '2099-01-01',
        profileId: '1110fea7-35e3-4d0f-a447-66ec7a0f8409',
        skippedAnswers: 0,
        strength: 2,
        totalAnswers: 20,

CAPTURE growing-568 menu
CAPTURE growing-568 seeds
CAPTURE growing-568 landmarks
CAPTURE growing-568 stored
CAPTURE growing-568 friends
CAPTURE growing-568 show
CAPTURE growing-568 flowers
CAPTURE growing-568 inventory
CAPTURE growing-568 settings
CAPTURE growing-568 settings-profile
CAPTURE growing-568 settings-learning
CAPTURE growing-568 settings-display
CAPTURE growing-568 settings-parent
CAPTURE growing-568 records
CAPTURE growing-568 house
FAIL growing-568 Menu browsing must preserve canonical learning, Island and Explore records
+ actual - expected
... Skipped lines

  {
    exploreRuns: [],
    island: {
      completedSets: 0,
      growth: {
...
        independentCorrectAnswers: 18,
+       isWeak: false,
        nextReview: '2000-01-01',
        profileId: 'c9d6515d-5fc9-4993-b54e-af1d95842030',
        skippedAnswers: 0,
        status: 'active',
        strength: 2,
...
        independentCorrectAnswers: 18,
+       isWeak: false,
        nextReview: '2099-01-01',
        profileId: 'c9d6515d-5fc9-4993-b54e-af1d95842030',
        skippedAnswers: 0,
        status: 'active',
        strength: 2,
...
        independentCorrectAnswers: 18,
+       isWeak: false,
        nextReview: '2099-01-01',
        profileId: 'c9d6515d-5fc9-4993-b54e-af1d95842030',
        skippedAnswers: 0,
        strength: 2,
        totalAnswers: 20,
...
        independentCorrectAnswers: 18,
+       isWeak: false,
        nextReview: '2099-01-01',
        profileId: 'c9d6515d-5fc9-4993-b54e-af1d95842030',
        skippedAnswers: 0,
        strength: 2,
        totalAnswers: 20,
...
        independentCorrectAnswers: 18,
+       isWeak: false,
        nextReview: '2099-01-01',
        profileId: 'c9d6515d-5fc9-4993-b54e-af1d95842030',
        skippedAnswers: 0,
        strength: 2,
        totalAnswers: 20,
...
        independentCorrectAnswers: 18,
+       isWeak: false,
        nextReview: '2099-01-01',
        profileId: 'c9d6515d-5fc9-4993-b54e-af1d95842030',
        skippedAnswers: 0,
        strength: 2,
        totalAnswers: 20,
...
        independentCorrectAnswers: 18,
+       isWeak: false,
        nextReview: '2099-01-01',
        profileId: 'c9d6515d-5fc9-4993-b54e-af1d95842030',
        skippedAnswers: 0,
        strength: 2,
        totalAnswers: 20,
...
        independentCorrectAnswers: 18,
+       isWeak: false,
        nextReview: '2099-01-01',
        profileId: 'c9d6515d-5fc9-4993-b54e-af1d95842030',
        skippedAnswers: 0,
        strength: 2,
        totalAnswers: 20,
...
        independentCorrectAnswers: 18,
+       isWeak: false,
        nextReview: '2099-01-01',
        profileId: 'c9d6515d-5fc9-4993-b54e-af1d95842030',
        skippedAnswers: 0,
        strength: 2,
        totalAnswers: 20,
...
        independentCorrectAnswers: 18,
+       isWeak: false,
        nextReview: '2099-01-01',
        profileId: 'c9d6515d-5fc9-4993-b54e-af1d95842030',
        skippedAnswers: 0,
        strength: 2,
        totalAnswers: 20,
...
        independentCorrectAnswers: 18,
+       isWeak: false,
        nextReview: '2099-01-01',
        profileId: 'c9d6515d-5fc9-4993-b54e-af1d95842030',
        skippedAnswers: 0,
        strength: 2,
        totalAnswers: 20,
...
        independentCorrectAnswers: 18,
+       isWeak: false,
        nextReview: '2099-01-01',
        profileId: 'c9d6515d-5fc9-4993-b54e-af1d95842030',
        skippedAnswers: 0,
        strength: 2,
        totalAnswers: 20,
...
        independentCorrectAnswers: 18,
+       isWeak: false,
        nextReview: '2099-01-01',
        profileId: 'c9d6515d-5fc9-4993-b54e-af1d95842030',
        skippedAnswers: 0,
        strength: 2,
        totalAnswers: 20,
...
        independentCorrectAnswers: 18,
+       isWeak: false,
        nextReview: '2099-01-01',
        profileId: 'c9d6515d-5fc9-4993-b54e-af1d95842030',
        skippedAnswers: 0,
        strength: 2,
        totalAnswers: 20,
...
        independentCorrectAnswers: 18,
+       isWeak: false,
        nextReview: '2099-01-01',
        profileId: 'c9d6515d-5fc9-4993-b54e-af1d95842030',
        skippedAnswers: 0,
        strength: 2,
        totalAnswers: 20,
...
        independentCorrectAnswers: 18,
+       isWeak: false,
        nextReview: '2099-01-01',
        profileId: 'c9d6515d-5fc9-4993-b54e-af1d95842030',
        skippedAnswers: 0,
        strength: 2,
        totalAnswers: 20,
...
        independentCorrectAnswers: 18,
+       isWeak: false,
        nextReview: '2099-01-01',
        profileId: 'c9d6515d-5fc9-4993-b54e-af1d95842030',
        skippedAnswers: 0,
        strength: 2,
        totalAnswers: 20,
...
        independentCorrectAnswers: 18,
+       isWeak: false,
        nextReview: '2099-01-01',
        profileId: 'c9d6515d-5fc9-4993-b54e-af1d95842030',
        skippedAnswers: 0,
        strength: 2,
        totalAnswers: 20,
...
        independentCorrectAnswers: 18,
+       isWeak: false,
        nextReview: '2099-01-01',
        profileId: 'c9d6515d-5fc9-4993-b54e-af1d95842030',
        skippedAnswers: 0,
        strength: 2,
        totalAnswers: 20,
...
        independentCorrectAnswers: 18,
+       isWeak: false,
        nextReview: '2099-01-01',
        profileId: 'c9d6515d-5fc9-4993-b54e-af1d95842030',
        skippedAnswers: 0,
        strength: 2,
        totalAnswers: 20,
...
        independentCorrectAnswers: 18,
+       isWeak: false,
        nextReview: '2099-01-01',
        profileId: 'c9d6515d-5fc9-4993-b54e-af1d95842030',
        skippedAnswers: 0,
        strength: 2,
        totalAnswers: 20,
...
        independentCorrectAnswers: 18,
+       isWeak: false,
        nextReview: '2099-01-01',
        profileId: 'c9d6515d-5fc9-4993-b54e-af1d95842030',
        skippedAnswers: 0,
        strength: 2,
        totalAnswers: 20,
...
        independentCorrectAnswers: 18,
+       isWeak: false,
        nextReview: '2099-01-01',
        profileId: 'c9d6515d-5fc9-4993-b54e-af1d95842030',
        skippedAnswers: 0,
        strength: 2,
        totalAnswers: 20,
...
        independentCorrectAnswers: 18,
+       isWeak: false,
        nextReview: '2099-01-01',
        profileId: 'c9d6515d-5fc9-4993-b54e-af1d95842030',
        skippedAnswers: 0,
        strength: 2,
        totalAnswers: 20,
...
        independentCorrectAnswers: 18,
+       isWeak: false,
        nextReview: '2099-01-01',
        profileId: 'c9d6515d-5fc9-4993-b54e-af1d95842030',
        skippedAnswers: 0,
        strength: 2,
        totalAnswers: 20,
...
        independentCorrectAnswers: 18,
+       isWeak: false,
        nextReview: '2099-01-01',
        profileId: 'c9d6515d-5fc9-4993-b54e-af1d95842030',
        skippedAnswers: 0,
        strength: 2,
        totalAnswers: 20,
...
        independentCorrectAnswers: 18,
+       isWeak: false,
        nextReview: '2099-01-01',
        profileId: 'c9d6515d-5fc9-4993-b54e-af1d95842030',
        skippedAnswers: 0,
        strength: 2,
        totalAnswers: 20,
...
        independentCorrectAnswers: 18,
+       isWeak: false,
        nextReview: '2099-01-01',
        profileId: 'c9d6515d-5fc9-4993-b54e-af1d95842030',
        skippedAnswers: 0,
        strength: 2,
        totalAnswers: 20,
...
        independentCorrectAnswers: 18,
+       isWeak: false,
        nextReview: '2099-01-01',
        profileId: 'c9d6515d-5fc9-4993-b54e-af1d95842030',
        skippedAnswers: 0,
        strength: 2,
        totalAnswers: 20,
...
        independentCorrectAnswers: 18,
+       isWeak: false,
        nextReview: '2099-01-01',
        profileId: 'c9d6515d-5fc9-4993-b54e-af1d95842030',
        skippedAnswers: 0,
        strength: 2,
        totalAnswers: 20,
...
        independentCorrectAnswers: 18,
+       isWeak: false,
        nextReview: '2099-01-01',
        profileId: 'c9d6515d-5fc9-4993-b54e-af1d95842030',
        skippedAnswers: 0,
        strength: 2,
        totalAnswers: 20,
...
        independentCorrectAnswers: 18,
+       isWeak: false,
        nextReview: '2099-01-01',
        profileId: 'c9d6515d-5fc9-4993-b54e-af1d95842030',
        skippedAnswers: 0,
        strength: 2,
        totalAnswers: 20,
...
        independentCorrectAnswers: 18,
+       isWeak: false,
        nextReview: '2099-01-01',
        profileId: 'c9d6515d-5fc9-4993-b54e-af1d95842030',
        skippedAnswers: 0,
        strength: 2,
        totalAnswers: 20,
...
        independentCorrectAnswers: 18,
+       isWeak: false,
        nextReview: '2099-01-01',
        profileId: 'c9d6515d-5fc9-4993-b54e-af1d95842030',
        skippedAnswers: 0,
        strength: 2,
        totalAnswers: 20,
...
        independentCorrectAnswers: 18,
+       isWeak: false,
        nextReview: '2099-01-01',
        profileId: 'c9d6515d-5fc9-4993-b54e-af1d95842030',
        skippedAnswers: 0,
        strength: 2,
        totalAnswers: 20,
...
        independentCorrectAnswers: 18,
+       isWeak: false,
        nextReview: '2099-01-01',
        profileId: 'c9d6515d-5fc9-4993-b54e-af1d95842030',
        skippedAnswers: 0,
        strength: 2,
        totalAnswers: 20,
...
        independentCorrectAnswers: 18,
+       isWeak: false,
        nextReview: '2099-01-01',
        profileId: 'c9d6515d-5fc9-4993-b54e-af1d95842030',
        skippedAnswers: 0,
        strength: 2,
        totalAnswers: 20,
...
        independentCorrectAnswers: 18,
+       isWeak: false,
        nextReview: '2099-01-01',
        profileId: 'c9d6515d-5fc9-4993-b54e-af1d95842030',
        skippedAnswers: 0,
        strength: 2,
        totalAnswers: 20,
...
        independentCorrectAnswers: 18,
+       isWeak: false,
        nextReview: '2099-01-01',
        profileId: 'c9d6515d-5fc9-4993-b54e-af1d95842030',
        skippedAnswers: 0,
        strength: 2,
        totalAnswers: 20,
...
        independentCorrectAnswers: 18,
+       isWeak: false,
        nextReview: '2099-01-01',
        profileId: 'c9d6515d-5fc9-4993-b54e-af1d95842030',
        skippedAnswers: 0,
        strength: 2,
        totalAnswers: 20,
...
        independentCorrectAnswers: 18,
+       isWeak: false,
        nextReview: '2099-01-01',
        profileId: 'c9d6515d-5fc9-4993-b54e-af1d95842030',
        skippedAnswers: 0,
        strength: 2,
        totalAnswers: 20,
...
        independentCorrectAnswers: 18,
+       isWeak: false,
        nextReview: '2099-01-01',
        profileId: 'c9d6515d-5fc9-4993-b54e-af1d95842030',
        skippedAnswers: 0,
        strength: 2,
        totalAnswers: 20,
...
        independentCorrectAnswers: 18,
+       isWeak: false,
        nextReview: '2099-01-01',
        profileId: 'c9d6515d-5fc9-4993-b54e-af1d95842030',
        skippedAnswers: 0,
        strength: 2,
        totalAnswers: 20,
...
        independentCorrectAnswers: 18,
+       isWeak: false,
        nextReview: '2099-01-01',
        profileId: 'c9d6515d-5fc9-4993-b54e-af1d95842030',
        skippedAnswers: 0,
        strength: 2,
        totalAnswers: 20,
...
        independentCorrectAnswers: 18,
+       isWeak: false,
        nextReview: '2099-01-01',
        profileId: 'c9d6515d-5fc9-4993-b54e-af1d95842030',
        skippedAnswers: 0,
        strength: 2,
        totalAnswers: 20,
...
        independentCorrectAnswers: 18,
+       isWeak: false,
        nextReview: '2099-01-01',
        profileId: 'c9d6515d-5fc9-4993-b54e-af1d95842030',
        skippedAnswers: 0,
        strength: 2,
        totalAnswers: 20,
...
        independentCorrectAnswers: 18,
+       isWeak: false,
        nextReview: '2099-01-01',
        profileId: 'c9d6515d-5fc9-4993-b54e-af1d95842030',
        skippedAnswers: 0,
        strength: 2,
        totalAnswers: 20,
...
        independentCorrectAnswers: 18,
+       isWeak: false,
        nextReview: '2099-01-01',
        profileId: 'c9d6515d-5fc9-4993-b54e-af1d95842030',
        skippedAnswers: 0,
        strength: 2,
        totalAnswers: 20,
...
        independentCorrectAnswers: 18,
+       isWeak: false,
        nextReview: '2099-01-01',
        profileId: 'c9d6515d-5fc9-4993-b54e-af1d95842030',
        skippedAnswers: 0,
        strength: 2,
        totalAnswers: 20,
...
        independentCorrectAnswers: 18,
+       isWeak: false,
        nextReview: '2099-01-01',
        profileId: 'c9d6515d-5fc9-4993-b54e-af1d95842030',
        skippedAnswers: 0,
        strength: 2,
        totalAnswers: 20,
...
        independentCorrectAnswers: 18,
+       isWeak: false,
        nextReview: '2099-01-01',
        profileId: 'c9d6515d-5fc9-4993-b54e-af1d95842030',
        skippedAnswers: 0,
        strength: 2,
        totalAnswers: 20,
...
        independentCorrectAnswers: 18,
+       isWeak: false,
        nextReview: '2099-01-01',
        profileId: 'c9d6515d-5fc9-4993-b54e-af1d95842030',
        skippedAnswers: 0,
        strength: 2,
        totalAnswers: 20,
...
        independentCorrectAnswers: 18,
+       isWeak: false,
        nextReview: '2099-01-01',
        profileId: 'c9d6515d-5fc9-4993-b54e-af1d95842030',
        skippedAnswers: 0,
        strength: 2,
        totalAnswers: 20,
...
        independentCorrectAnswers: 18,
+       isWeak: false,
        nextReview: '2099-01-01',
        profileId: 'c9d6515d-5fc9-4993-b54e-af1d95842030',
        skippedAnswers: 0,
        strength: 2,
        totalAnswers: 20,
...
        independentCorrectAnswers: 18,
+       isWeak: false,
        nextReview: '2099-01-01',
        profileId: 'c9d6515d-5fc9-4993-b54e-af1d95842030',
        skippedAnswers: 0,
        strength: 2,
        totalAnswers: 20,
...
        independentCorrectAnswers: 18,
+       isWeak: false,
        nextReview: '2099-01-01',
        profileId: 'c9d6515d-5fc9-4993-b54e-af1d95842030',
        skippedAnswers: 0,
        strength: 2,
        totalAnswers: 20,
...
        independentCorrectAnswers: 18,
+       isWeak: false,
        nextReview: '2099-01-01',
        profileId: 'c9d6515d-5fc9-4993-b54e-af1d95842030',
        skippedAnswers: 0,
        strength: 2,
        totalAnswers: 20,
...
        independentCorrectAnswers: 18,
+       isWeak: false,
        nextReview: '2099-01-01',
        profileId: 'c9d6515d-5fc9-4993-b54e-af1d95842030',
        skippedAnswers: 0,
        strength: 2,
        totalAnswers: 20,
...
        independentCorrectAnswers: 18,
+       isWeak: false,
        nextReview: '2099-01-01',
        profileId: 'c9d6515d-5fc9-4993-b54e-af1d95842030',
        skippedAnswers: 0,
        strength: 2,
        totalAnswers: 20,
...
        independentCorrectAnswers: 18,
+       isWeak: false,
        nextReview: '2099-01-01',
        profileId: 'c9d6515d-5fc9-4993-b54e-af1d95842030',
        skippedAnswers: 0,
        strength: 2,
        totalAnswers: 20,
...
        independentCorrectAnswers: 18,
+       isWeak: false,
        nextReview: '2099-01-01',
        profileId: 'c9d6515d-5fc9-4993-b54e-af1d95842030',
        skippedAnswers: 0,
        strength: 2,
        totalAnswers: 20,
...
        independentCorrectAnswers: 18,
+       isWeak: false,
        nextReview: '2099-01-01',
        profileId: 'c9d6515d-5fc9-4993-b54e-af1d95842030',
        skippedAnswers: 0,
        strength: 2,
        totalAnswers: 20,

CAPTURE standard-390 menu
CAPTURE standard-390 arrange
CAPTURE standard-390 settings
CAPTURE standard-390 settings-profile
CAPTURE standard-390 settings-learning
CAPTURE standard-390 settings-display
CAPTURE standard-390 settings-parent
CAPTURE standard-390 records
CAPTURE standard-390 house
FAIL standard-390 Menu browsing must preserve canonical learning, Island and Explore records
+ actual - expected
... Skipped lines

  {
    exploreRuns: [],
    island: {
      completedSets: 0,
      growth: {
...
        independentCorrectAnswers: 18,
+       isWeak: false,
        nextReview: '2000-01-01',
        profileId: '93f54867-9100-4254-ac9f-d88b7838ff03',
        skippedAnswers: 0,
        status: 'active',
        strength: 2,
...
        independentCorrectAnswers: 18,
+       isWeak: false,
        nextReview: '2099-01-01',
        profileId: '93f54867-9100-4254-ac9f-d88b7838ff03',
        skippedAnswers: 0,
        status: 'active',
        strength: 2,
...
        independentCorrectAnswers: 18,
+       isWeak: false,
        nextReview: '2099-01-01',
        profileId: '93f54867-9100-4254-ac9f-d88b7838ff03',
        skippedAnswers: 0,
        strength: 2,
        totalAnswers: 20,
...
        independentCorrectAnswers: 18,
+       isWeak: false,
        nextReview: '2099-01-01',
        profileId: '93f54867-9100-4254-ac9f-d88b7838ff03',
        skippedAnswers: 0,
        strength: 2,
        totalAnswers: 20,
...
        independentCorrectAnswers: 18,
+       isWeak: false,
        nextReview: '2099-01-01',
        profileId: '93f54867-9100-4254-ac9f-d88b7838ff03',
        skippedAnswers: 0,
        strength: 2,
        totalAnswers: 20,
...
        independentCorrectAnswers: 18,
+       isWeak: false,
        nextReview: '2099-01-01',
        profileId: '93f54867-9100-4254-ac9f-d88b7838ff03',
        skippedAnswers: 0,
        strength: 2,
        totalAnswers: 20,
...
        independentCorrectAnswers: 18,
+       isWeak: false,
        nextReview: '2099-01-01',
        profileId: '93f54867-9100-4254-ac9f-d88b7838ff03',
        skippedAnswers: 0,
        strength: 2,
        totalAnswers: 20,
...
        independentCorrectAnswers: 18,
+       isWeak: false,
        nextReview: '2099-01-01',
        profileId: '93f54867-9100-4254-ac9f-d88b7838ff03',
        skippedAnswers: 0,
        strength: 2,
        totalAnswers: 20,
...
        independentCorrectAnswers: 18,
+       isWeak: false,
        nextReview: '2099-01-01',
        profileId: '93f54867-9100-4254-ac9f-d88b7838ff03',
        skippedAnswers: 0,
        strength: 2,
        totalAnswers: 20,
...
        independentCorrectAnswers: 18,
+       isWeak: false,
        nextReview: '2099-01-01',
        profileId: '93f54867-9100-4254-ac9f-d88b7838ff03',
        skippedAnswers: 0,
        strength: 2,
        totalAnswers: 20,
...
        independentCorrectAnswers: 18,
+       isWeak: false,
        nextReview: '2099-01-01',
        profileId: '93f54867-9100-4254-ac9f-d88b7838ff03',
        skippedAnswers: 0,
        strength: 2,
        totalAnswers: 20,
...
        independentCorrectAnswers: 18,
+       isWeak: false,
        nextReview: '2099-01-01',
        profileId: '93f54867-9100-4254-ac9f-d88b7838ff03',
        skippedAnswers: 0,
        strength: 2,
        totalAnswers: 20,
...
        independentCorrectAnswers: 18,
+       isWeak: false,
        nextReview: '2099-01-01',
        profileId: '93f54867-9100-4254-ac9f-d88b7838ff03',
        skippedAnswers: 0,
        strength: 2,
        totalAnswers: 20,
...
        independentCorrectAnswers: 18,
+       isWeak: false,
        nextReview: '2099-01-01',
        profileId: '93f54867-9100-4254-ac9f-d88b7838ff03',
        skippedAnswers: 0,
        strength: 2,
        totalAnswers: 20,
...
        independentCorrectAnswers: 18,
+       isWeak: false,
        nextReview: '2099-01-01',
        profileId: '93f54867-9100-4254-ac9f-d88b7838ff03',
        skippedAnswers: 0,
        strength: 2,
        totalAnswers: 20,
...
        independentCorrectAnswers: 18,
+       isWeak: false,
        nextReview: '2099-01-01',
        profileId: '93f54867-9100-4254-ac9f-d88b7838ff03',
        skippedAnswers: 0,
        strength: 2,
        totalAnswers: 20,
...
        independentCorrectAnswers: 18,
+       isWeak: false,
        nextReview: '2099-01-01',
        profileId: '93f54867-9100-4254-ac9f-d88b7838ff03',
        skippedAnswers: 0,
        strength: 2,
        totalAnswers: 20,
...
        independentCorrectAnswers: 18,
+       isWeak: false,
        nextReview: '2099-01-01',
        profileId: '93f54867-9100-4254-ac9f-d88b7838ff03',
        skippedAnswers: 0,
        strength: 2,
        totalAnswers: 20,
...
        independentCorrectAnswers: 18,
+       isWeak: false,
        nextReview: '2099-01-01',
        profileId: '93f54867-9100-4254-ac9f-d88b7838ff03',
        skippedAnswers: 0,
        strength: 2,
        totalAnswers: 20,
...
        independentCorrectAnswers: 18,
+       isWeak: false,
        nextReview: '2099-01-01',
        profileId: '93f54867-9100-4254-ac9f-d88b7838ff03',
        skippedAnswers: 0,
        strength: 2,
        totalAnswers: 20,
...
        independentCorrectAnswers: 18,
+       isWeak: false,
        nextReview: '2099-01-01',
        profileId: '93f54867-9100-4254-ac9f-d88b7838ff03',
        skippedAnswers: 0,
        strength: 2,
        totalAnswers: 20,
...
        independentCorrectAnswers: 18,
+       isWeak: false,
        nextReview: '2099-01-01',
        profileId: '93f54867-9100-4254-ac9f-d88b7838ff03',
        skippedAnswers: 0,
        strength: 2,
        totalAnswers: 20,
...
        independentCorrectAnswers: 18,
+       isWeak: false,
        nextReview: '2099-01-01',
        profileId: '93f54867-9100-4254-ac9f-d88b7838ff03',
        skippedAnswers: 0,
        strength: 2,
        totalAnswers: 20,
...
        independentCorrectAnswers: 18,
+       isWeak: false,
        nextReview: '2099-01-01',
        profileId: '93f54867-9100-4254-ac9f-d88b7838ff03',
        skippedAnswers: 0,
        strength: 2,
        totalAnswers: 20,
...
        independentCorrectAnswers: 18,
+       isWeak: false,
        nextReview: '2099-01-01',
        profileId: '93f54867-9100-4254-ac9f-d88b7838ff03',
        skippedAnswers: 0,
        strength: 2,
        totalAnswers: 20,
...
        independentCorrectAnswers: 18,
+       isWeak: false,
        nextReview: '2099-01-01',
        profileId: '93f54867-9100-4254-ac9f-d88b7838ff03',
        skippedAnswers: 0,
        strength: 2,
        totalAnswers: 20,
...
        independentCorrectAnswers: 18,
+       isWeak: false,
        nextReview: '2099-01-01',
        profileId: '93f54867-9100-4254-ac9f-d88b7838ff03',
        skippedAnswers: 0,
        strength: 2,
        totalAnswers: 20,
...
        independentCorrectAnswers: 18,
+       isWeak: false,
        nextReview: '2099-01-01',
        profileId: '93f54867-9100-4254-ac9f-d88b7838ff03',
        skippedAnswers: 0,
        strength: 2,
        totalAnswers: 20,
...
        independentCorrectAnswers: 18,
+       isWeak: false,
        nextReview: '2099-01-01',
        profileId: '93f54867-9100-4254-ac9f-d88b7838ff03',
        skippedAnswers: 0,
        strength: 2,
        totalAnswers: 20,
...
        independentCorrectAnswers: 18,
+       isWeak: false,
        nextReview: '2099-01-01',
        profileId: '93f54867-9100-4254-ac9f-d88b7838ff03',
        skippedAnswers: 0,
        strength: 2,
        totalAnswers: 20,
...
        independentCorrectAnswers: 18,
+       isWeak: false,
        nextReview: '2099-01-01',
        profileId: '93f54867-9100-4254-ac9f-d88b7838ff03',
        skippedAnswers: 0,
        strength: 2,
        totalAnswers: 20,
...
        independentCorrectAnswers: 18,
+       isWeak: false,
        nextReview: '2099-01-01',
        profileId: '93f54867-9100-4254-ac9f-d88b7838ff03',
        skippedAnswers: 0,
        strength: 2,
        totalAnswers: 20,
...
        independentCorrectAnswers: 18,
+       isWeak: false,
        nextReview: '2099-01-01',
        profileId: '93f54867-9100-4254-ac9f-d88b7838ff03',
        skippedAnswers: 0,
        strength: 2,
        totalAnswers: 20,
...
        independentCorrectAnswers: 18,
+       isWeak: false,
        nextReview: '2099-01-01',
        profileId: '93f54867-9100-4254-ac9f-d88b7838ff03',
        skippedAnswers: 0,
        strength: 2,
        totalAnswers: 20,
...
        independentCorrectAnswers: 18,
+       isWeak: false,
        nextReview: '2099-01-01',
        profileId: '93f54867-9100-4254-ac9f-d88b7838ff03',
        skippedAnswers: 0,
        strength: 2,
        totalAnswers: 20,
...
        independentCorrectAnswers: 18,
+       isWeak: false,
        nextReview: '2099-01-01',
        profileId: '93f54867-9100-4254-ac9f-d88b7838ff03',
        skippedAnswers: 0,
        strength: 2,
        totalAnswers: 20,
...
        independentCorrectAnswers: 18,
+       isWeak: false,
        nextReview: '2099-01-01',
        profileId: '93f54867-9100-4254-ac9f-d88b7838ff03',
        skippedAnswers: 0,
        strength: 2,
        totalAnswers: 20,
...
        independentCorrectAnswers: 18,
+       isWeak: false,
        nextReview: '2099-01-01',
        profileId: '93f54867-9100-4254-ac9f-d88b7838ff03',
        skippedAnswers: 0,
        strength: 2,
        totalAnswers: 20,
...
        independentCorrectAnswers: 18,
+       isWeak: false,
        nextReview: '2099-01-01',
        profileId: '93f54867-9100-4254-ac9f-d88b7838ff03',
        skippedAnswers: 0,
        strength: 2,
        totalAnswers: 20,
...
        independentCorrectAnswers: 18,
+       isWeak: false,
        nextReview: '2099-01-01',
        profileId: '93f54867-9100-4254-ac9f-d88b7838ff03',
        skippedAnswers: 0,
        strength: 2,
        totalAnswers: 20,
...
        independentCorrectAnswers: 18,
+       isWeak: false,
        nextReview: '2099-01-01',
        profileId: '93f54867-9100-4254-ac9f-d88b7838ff03',
        skippedAnswers: 0,
        strength: 2,
        totalAnswers: 20,
...
        independentCorrectAnswers: 18,
+       isWeak: false,
        nextReview: '2099-01-01',
        profileId: '93f54867-9100-4254-ac9f-d88b7838ff03',
        skippedAnswers: 0,
        strength: 2,
        totalAnswers: 20,
...
        independentCorrectAnswers: 18,
+       isWeak: false,
        nextReview: '2099-01-01',
        profileId: '93f54867-9100-4254-ac9f-d88b7838ff03',
        skippedAnswers: 0,
        strength: 2,
        totalAnswers: 20,
...
        independentCorrectAnswers: 18,
+       isWeak: false,
        nextReview: '2099-01-01',
        profileId: '93f54867-9100-4254-ac9f-d88b7838ff03',
        skippedAnswers: 0,
        strength: 2,
        totalAnswers: 20,
...
        independentCorrectAnswers: 18,
+       isWeak: false,
        nextReview: '2099-01-01',
        profileId: '93f54867-9100-4254-ac9f-d88b7838ff03',
        skippedAnswers: 0,
        strength: 2,
        totalAnswers: 20,
...
        independentCorrectAnswers: 18,
+       isWeak: false,
        nextReview: '2099-01-01',
        profileId: '93f54867-9100-4254-ac9f-d88b7838ff03',
        skippedAnswers: 0,
        strength: 2,
        totalAnswers: 20,
...
        independentCorrectAnswers: 18,
+       isWeak: false,
        nextReview: '2099-01-01',
        profileId: '93f54867-9100-4254-ac9f-d88b7838ff03',
        skippedAnswers: 0,
        strength: 2,
        totalAnswers: 20,
...
        independentCorrectAnswers: 18,
+       isWeak: false,
        nextReview: '2099-01-01',
        profileId: '93f54867-9100-4254-ac9f-d88b7838ff03',
        skippedAnswers: 0,
        strength: 2,
        totalAnswers: 20,
...
        independentCorrectAnswers: 18,
+       isWeak: false,
        nextReview: '2099-01-01',
        profileId: '93f54867-9100-4254-ac9f-d88b7838ff03',
        skippedAnswers: 0,
        strength: 2,
        totalAnswers: 20,
...
        independentCorrectAnswers: 18,
+       isWeak: false,
        nextReview: '2099-01-01',
        profileId: '93f54867-9100-4254-ac9f-d88b7838ff03',
        skippedAnswers: 0,
        strength: 2,
        totalAnswers: 20,
...
        independentCorrectAnswers: 18,
+       isWeak: false,
        nextReview: '2099-01-01',
        profileId: '93f54867-9100-4254-ac9f-d88b7838ff03',
        skippedAnswers: 0,
        strength: 2,
        totalAnswers: 20,
...
        independentCorrectAnswers: 18,
+       isWeak: false,
        nextReview: '2099-01-01',
        profileId: '93f54867-9100-4254-ac9f-d88b7838ff03',
        skippedAnswers: 0,
        strength: 2,
        totalAnswers: 20,
...
        independentCorrectAnswers: 18,
+       isWeak: false,
        nextReview: '2099-01-01',
        profileId: '93f54867-9100-4254-ac9f-d88b7838ff03',
        skippedAnswers: 0,
        strength: 2,
        totalAnswers: 20,
...
        independentCorrectAnswers: 18,
+       isWeak: false,
        nextReview: '2099-01-01',
        profileId: '93f54867-9100-4254-ac9f-d88b7838ff03',
        skippedAnswers: 0,
        strength: 2,
        totalAnswers: 20,
...
        independentCorrectAnswers: 18,
+       isWeak: false,
        nextReview: '2099-01-01',
        profileId: '93f54867-9100-4254-ac9f-d88b7838ff03',
        skippedAnswers: 0,
        strength: 2,
        totalAnswers: 20,
...
        independentCorrectAnswers: 18,
+       isWeak: false,
        nextReview: '2099-01-01',
        profileId: '93f54867-9100-4254-ac9f-d88b7838ff03',
        skippedAnswers: 0,
        strength: 2,
        totalAnswers: 20,
...
        independentCorrectAnswers: 18,
+       isWeak: false,
        nextReview: '2099-01-01',
        profileId: '93f54867-9100-4254-ac9f-d88b7838ff03',
        skippedAnswers: 0,
        strength: 2,
        totalAnswers: 20,
...
        independentCorrectAnswers: 18,
+       isWeak: false,
        nextReview: '2099-01-01',
        profileId: '93f54867-9100-4254-ac9f-d88b7838ff03',
        skippedAnswers: 0,
        strength: 2,
        totalAnswers: 20,
...
        independentCorrectAnswers: 18,
+       isWeak: false,
        nextReview: '2099-01-01',
        profileId: '93f54867-9100-4254-ac9f-d88b7838ff03',
        skippedAnswers: 0,
        strength: 2,
        totalAnswers: 20,
...
        independentCorrectAnswers: 18,
+       isWeak: false,
        nextReview: '2099-01-01',
        profileId: '93f54867-9100-4254-ac9f-d88b7838ff03',
        skippedAnswers: 0,
        strength: 2,
        totalAnswers: 20,
...
        independentCorrectAnswers: 18,
+       isWeak: false,
        nextReview: '2099-01-01',
        profileId: '93f54867-9100-4254-ac9f-d88b7838ff03',
        skippedAnswers: 0,
        strength: 2,
        totalAnswers: 20,
...
        independentCorrectAnswers: 18,
+       isWeak: false,
        nextReview: '2099-01-01',
        profileId: '93f54867-9100-4254-ac9f-d88b7838ff03',
        skippedAnswers: 0,
        strength: 2,
        totalAnswers: 20,

CAPTURE standard-768 menu
CAPTURE standard-768 arrange
CAPTURE standard-768 settings
CAPTURE standard-768 settings-profile
CAPTURE standard-768 settings-learning
CAPTURE standard-768 settings-display
CAPTURE standard-768 settings-parent
CAPTURE standard-768 records
CAPTURE standard-768 house
FAIL standard-768 Menu browsing must preserve canonical learning, Island and Explore records
+ actual - expected
... Skipped lines

  {
    exploreRuns: [],
    island: {
      completedSets: 0,
      growth: {
...
        independentCorrectAnswers: 18,
+       isWeak: false,
        nextReview: '2000-01-01',
        profileId: '6daac654-70fc-4a62-8ebd-633a0ca5ed84',
        skippedAnswers: 0,
        status: 'active',
        strength: 2,
...
        independentCorrectAnswers: 18,
+       isWeak: false,
        nextReview: '2099-01-01',
        profileId: '6daac654-70fc-4a62-8ebd-633a0ca5ed84',
        skippedAnswers: 0,
        status: 'active',
        strength: 2,
...
        independentCorrectAnswers: 18,
+       isWeak: false,
        nextReview: '2099-01-01',
        profileId: '6daac654-70fc-4a62-8ebd-633a0ca5ed84',
        skippedAnswers: 0,
        strength: 2,
        totalAnswers: 20,
...
        independentCorrectAnswers: 18,
+       isWeak: false,
        nextReview: '2099-01-01',
        profileId: '6daac654-70fc-4a62-8ebd-633a0ca5ed84',
        skippedAnswers: 0,
        strength: 2,
        totalAnswers: 20,
...
        independentCorrectAnswers: 18,
+       isWeak: false,
        nextReview: '2099-01-01',
        profileId: '6daac654-70fc-4a62-8ebd-633a0ca5ed84',
        skippedAnswers: 0,
        strength: 2,
        totalAnswers: 20,
...
        independentCorrectAnswers: 18,
+       isWeak: false,
        nextReview: '2099-01-01',
        profileId: '6daac654-70fc-4a62-8ebd-633a0ca5ed84',
        skippedAnswers: 0,
        strength: 2,
        totalAnswers: 20,
...
        independentCorrectAnswers: 18,
+       isWeak: false,
        nextReview: '2099-01-01',
        profileId: '6daac654-70fc-4a62-8ebd-633a0ca5ed84',
        skippedAnswers: 0,
        strength: 2,
        totalAnswers: 20,
...
        independentCorrectAnswers: 18,
+       isWeak: false,
        nextReview: '2099-01-01',
        profileId: '6daac654-70fc-4a62-8ebd-633a0ca5ed84',
        skippedAnswers: 0,
        strength: 2,
        totalAnswers: 20,
...
        independentCorrectAnswers: 18,
+       isWeak: false,
        nextReview: '2099-01-01',
        profileId: '6daac654-70fc-4a62-8ebd-633a0ca5ed84',
        skippedAnswers: 0,
        strength: 2,
        totalAnswers: 20,
...
        independentCorrectAnswers: 18,
+       isWeak: false,
        nextReview: '2099-01-01',
        profileId: '6daac654-70fc-4a62-8ebd-633a0ca5ed84',
        skippedAnswers: 0,
        strength: 2,
        totalAnswers: 20,
...
        independentCorrectAnswers: 18,
+       isWeak: false,
        nextReview: '2099-01-01',
        profileId: '6daac654-70fc-4a62-8ebd-633a0ca5ed84',
        skippedAnswers: 0,
        strength: 2,
        totalAnswers: 20,
...
        independentCorrectAnswers: 18,
+       isWeak: false,
        nextReview: '2099-01-01',
        profileId: '6daac654-70fc-4a62-8ebd-633a0ca5ed84',
        skippedAnswers: 0,
        strength: 2,
        totalAnswers: 20,
...
        independentCorrectAnswers: 18,
+       isWeak: false,
        nextReview: '2099-01-01',
        profileId: '6daac654-70fc-4a62-8ebd-633a0ca5ed84',
        skippedAnswers: 0,
        strength: 2,
        totalAnswers: 20,
...
        independentCorrectAnswers: 18,
+       isWeak: false,
        nextReview: '2099-01-01',
        profileId: '6daac654-70fc-4a62-8ebd-633a0ca5ed84',
        skippedAnswers: 0,
        strength: 2,
        totalAnswers: 20,
...
        independentCorrectAnswers: 18,
+       isWeak: false,
        nextReview: '2099-01-01',
        profileId: '6daac654-70fc-4a62-8ebd-633a0ca5ed84',
        skippedAnswers: 0,
        strength: 2,
        totalAnswers: 20,
...
        independentCorrectAnswers: 18,
+       isWeak: false,
        nextReview: '2099-01-01',
        profileId: '6daac654-70fc-4a62-8ebd-633a0ca5ed84',
        skippedAnswers: 0,
        strength: 2,
        totalAnswers: 20,
...
        independentCorrectAnswers: 18,
+       isWeak: false,
        nextReview: '2099-01-01',
        profileId: '6daac654-70fc-4a62-8ebd-633a0ca5ed84',
        skippedAnswers: 0,
        strength: 2,
        totalAnswers: 20,
...
        independentCorrectAnswers: 18,
+       isWeak: false,
        nextReview: '2099-01-01',
        profileId: '6daac654-70fc-4a62-8ebd-633a0ca5ed84',
        skippedAnswers: 0,
        strength: 2,
        totalAnswers: 20,
...
        independentCorrectAnswers: 18,
+       isWeak: false,
        nextReview: '2099-01-01',
        profileId: '6daac654-70fc-4a62-8ebd-633a0ca5ed84',
        skippedAnswers: 0,
        strength: 2,
        totalAnswers: 20,
...
        independentCorrectAnswers: 18,
+       isWeak: false,
        nextReview: '2099-01-01',
        profileId: '6daac654-70fc-4a62-8ebd-633a0ca5ed84',
        skippedAnswers: 0,
        strength: 2,
        totalAnswers: 20,
...
        independentCorrectAnswers: 18,
+       isWeak: false,
        nextReview: '2099-01-01',
        profileId: '6daac654-70fc-4a62-8ebd-633a0ca5ed84',
        skippedAnswers: 0,
        strength: 2,
        totalAnswers: 20,
...
        independentCorrectAnswers: 18,
+       isWeak: false,
        nextReview: '2099-01-01',
        profileId: '6daac654-70fc-4a62-8ebd-633a0ca5ed84',
        skippedAnswers: 0,
        strength: 2,
        totalAnswers: 20,
...
        independentCorrectAnswers: 18,
+       isWeak: false,
        nextReview: '2099-01-01',
        profileId: '6daac654-70fc-4a62-8ebd-633a0ca5ed84',
        skippedAnswers: 0,
        strength: 2,
        totalAnswers: 20,
...
        independentCorrectAnswers: 18,
+       isWeak: false,
        nextReview: '2099-01-01',
        profileId: '6daac654-70fc-4a62-8ebd-633a0ca5ed84',
        skippedAnswers: 0,
        strength: 2,
        totalAnswers: 20,
...
        independentCorrectAnswers: 18,
+       isWeak: false,
        nextReview: '2099-01-01',
        profileId: '6daac654-70fc-4a62-8ebd-633a0ca5ed84',
        skippedAnswers: 0,
        strength: 2,
        totalAnswers: 20,
...
        independentCorrectAnswers: 18,
+       isWeak: false,
        nextReview: '2099-01-01',
        profileId: '6daac654-70fc-4a62-8ebd-633a0ca5ed84',
        skippedAnswers: 0,
        strength: 2,
        totalAnswers: 20,
...
        independentCorrectAnswers: 18,
+       isWeak: false,
        nextReview: '2099-01-01',
        profileId: '6daac654-70fc-4a62-8ebd-633a0ca5ed84',
        skippedAnswers: 0,
        strength: 2,
        totalAnswers: 20,
...
        independentCorrectAnswers: 18,
+       isWeak: false,
        nextReview: '2099-01-01',
        profileId: '6daac654-70fc-4a62-8ebd-633a0ca5ed84',
        skippedAnswers: 0,
        strength: 2,
        totalAnswers: 20,
...
        independentCorrectAnswers: 18,
+       isWeak: false,
        nextReview: '2099-01-01',
        profileId: '6daac654-70fc-4a62-8ebd-633a0ca5ed84',
        skippedAnswers: 0,
        strength: 2,
        totalAnswers: 20,
...
        independentCorrectAnswers: 18,
+       isWeak: false,
        nextReview: '2099-01-01',
        profileId: '6daac654-70fc-4a62-8ebd-633a0ca5ed84',
        skippedAnswers: 0,
        strength: 2,
        totalAnswers: 20,
...
        independentCorrectAnswers: 18,
+       isWeak: false,
        nextReview: '2099-01-01',
        profileId: '6daac654-70fc-4a62-8ebd-633a0ca5ed84',
        skippedAnswers: 0,
        strength: 2,
        totalAnswers: 20,
...
        independentCorrectAnswers: 18,
+       isWeak: false,
        nextReview: '2099-01-01',
        profileId: '6daac654-70fc-4a62-8ebd-633a0ca5ed84',
        skippedAnswers: 0,
        strength: 2,
        totalAnswers: 20,
...
        independentCorrectAnswers: 18,
+       isWeak: false,
        nextReview: '2099-01-01',
        profileId: '6daac654-70fc-4a62-8ebd-633a0ca5ed84',
        skippedAnswers: 0,
        strength: 2,
        totalAnswers: 20,
...
        independentCorrectAnswers: 18,
+       isWeak: false,
        nextReview: '2099-01-01',
        profileId: '6daac654-70fc-4a62-8ebd-633a0ca5ed84',
        skippedAnswers: 0,
        strength: 2,
        totalAnswers: 20,
...
        independentCorrectAnswers: 18,
+       isWeak: false,
        nextReview: '2099-01-01',
        profileId: '6daac654-70fc-4a62-8ebd-633a0ca5ed84',
        skippedAnswers: 0,
        strength: 2,
        totalAnswers: 20,
...
        independentCorrectAnswers: 18,
+       isWeak: false,
        nextReview: '2099-01-01',
        profileId: '6daac654-70fc-4a62-8ebd-633a0ca5ed84',
        skippedAnswers: 0,
        strength: 2,
        totalAnswers: 20,
...
        independentCorrectAnswers: 18,
+       isWeak: false,
        nextReview: '2099-01-01',
        profileId: '6daac654-70fc-4a62-8ebd-633a0ca5ed84',
        skippedAnswers: 0,
        strength: 2,
        totalAnswers: 20,
...
        independentCorrectAnswers: 18,
+       isWeak: false,
        nextReview: '2099-01-01',
        profileId: '6daac654-70fc-4a62-8ebd-633a0ca5ed84',
        skippedAnswers: 0,
        strength: 2,
        totalAnswers: 20,
...
        independentCorrectAnswers: 18,
+       isWeak: false,
        nextReview: '2099-01-01',
        profileId: '6daac654-70fc-4a62-8ebd-633a0ca5ed84',
        skippedAnswers: 0,
        strength: 2,
        totalAnswers: 20,
...
        independentCorrectAnswers: 18,
+       isWeak: false,
        nextReview: '2099-01-01',
        profileId: '6daac654-70fc-4a62-8ebd-633a0ca5ed84',
        skippedAnswers: 0,
        strength: 2,
        totalAnswers: 20,
...
        independentCorrectAnswers: 18,
+       isWeak: false,
        nextReview: '2099-01-01',
        profileId: '6daac654-70fc-4a62-8ebd-633a0ca5ed84',
        skippedAnswers: 0,
        strength: 2,
        totalAnswers: 20,
...
        independentCorrectAnswers: 18,
+       isWeak: false,
        nextReview: '2099-01-01',
        profileId: '6daac654-70fc-4a62-8ebd-633a0ca5ed84',
        skippedAnswers: 0,
        strength: 2,
        totalAnswers: 20,
...
        independentCorrectAnswers: 18,
+       isWeak: false,
        nextReview: '2099-01-01',
        profileId: '6daac654-70fc-4a62-8ebd-633a0ca5ed84',
        skippedAnswers: 0,
        strength: 2,
        totalAnswers: 20,
...
        independentCorrectAnswers: 18,
+       isWeak: false,
        nextReview: '2099-01-01',
        profileId: '6daac654-70fc-4a62-8ebd-633a0ca5ed84',
        skippedAnswers: 0,
        strength: 2,
        totalAnswers: 20,
...
        independentCorrectAnswers: 18,
+       isWeak: false,
        nextReview: '2099-01-01',
        profileId: '6daac654-70fc-4a62-8ebd-633a0ca5ed84',
        skippedAnswers: 0,
        strength: 2,
        totalAnswers: 20,
...
        independentCorrectAnswers: 18,
+       isWeak: false,
        nextReview: '2099-01-01',
        profileId: '6daac654-70fc-4a62-8ebd-633a0ca5ed84',
        skippedAnswers: 0,
        strength: 2,
        totalAnswers: 20,
...
        independentCorrectAnswers: 18,
+       isWeak: false,
        nextReview: '2099-01-01',
        profileId: '6daac654-70fc-4a62-8ebd-633a0ca5ed84',
        skippedAnswers: 0,
        strength: 2,
        totalAnswers: 20,
...
        independentCorrectAnswers: 18,
+       isWeak: false,
        nextReview: '2099-01-01',
        profileId: '6daac654-70fc-4a62-8ebd-633a0ca5ed84',
        skippedAnswers: 0,
        strength: 2,
        totalAnswers: 20,
...
        independentCorrectAnswers: 18,
+       isWeak: false,
        nextReview: '2099-01-01',
        profileId: '6daac654-70fc-4a62-8ebd-633a0ca5ed84',
        skippedAnswers: 0,
        strength: 2,
        totalAnswers: 20,
...
        independentCorrectAnswers: 18,
+       isWeak: false,
        nextReview: '2099-01-01',
        profileId: '6daac654-70fc-4a62-8ebd-633a0ca5ed84',
        skippedAnswers: 0,
        strength: 2,
        totalAnswers: 20,
...
        independentCorrectAnswers: 18,
+       isWeak: false,
        nextReview: '2099-01-01',
        profileId: '6daac654-70fc-4a62-8ebd-633a0ca5ed84',
        skippedAnswers: 0,
        strength: 2,
        totalAnswers: 20,
...
        independentCorrectAnswers: 18,
+       isWeak: false,
        nextReview: '2099-01-01',
        profileId: '6daac654-70fc-4a62-8ebd-633a0ca5ed84',
        skippedAnswers: 0,
        strength: 2,
        totalAnswers: 20,
...
        independentCorrectAnswers: 18,
+       isWeak: false,
        nextReview: '2099-01-01',
        profileId: '6daac654-70fc-4a62-8ebd-633a0ca5ed84',
        skippedAnswers: 0,
        strength: 2,
        totalAnswers: 20,
...
        independentCorrectAnswers: 18,
+       isWeak: false,
        nextReview: '2099-01-01',
        profileId: '6daac654-70fc-4a62-8ebd-633a0ca5ed84',
        skippedAnswers: 0,
        strength: 2,
        totalAnswers: 20,
...
        independentCorrectAnswers: 18,
+       isWeak: false,
        nextReview: '2099-01-01',
        profileId: '6daac654-70fc-4a62-8ebd-633a0ca5ed84',
        skippedAnswers: 0,
        strength: 2,
        totalAnswers: 20,
...
        independentCorrectAnswers: 18,
+       isWeak: false,
        nextReview: '2099-01-01',
        profileId: '6daac654-70fc-4a62-8ebd-633a0ca5ed84',
        skippedAnswers: 0,
        strength: 2,
        totalAnswers: 20,
...
        independentCorrectAnswers: 18,
+       isWeak: false,
        nextReview: '2099-01-01',
        profileId: '6daac654-70fc-4a62-8ebd-633a0ca5ed84',
        skippedAnswers: 0,
        strength: 2,
        totalAnswers: 20,
...
        independentCorrectAnswers: 18,
+       isWeak: false,
        nextReview: '2099-01-01',
        profileId: '6daac654-70fc-4a62-8ebd-633a0ca5ed84',
        skippedAnswers: 0,
        strength: 2,
        totalAnswers: 20,
...
        independentCorrectAnswers: 18,
+       isWeak: false,
        nextReview: '2099-01-01',
        profileId: '6daac654-70fc-4a62-8ebd-633a0ca5ed84',
        skippedAnswers: 0,
        strength: 2,
        totalAnswers: 20,
...
        independentCorrectAnswers: 18,
+       isWeak: false,
        nextReview: '2099-01-01',
        profileId: '6daac654-70fc-4a62-8ebd-633a0ca5ed84',
        skippedAnswers: 0,
        strength: 2,
        totalAnswers: 20,
...
        independentCorrectAnswers: 18,
+       isWeak: false,
        nextReview: '2099-01-01',
        profileId: '6daac654-70fc-4a62-8ebd-633a0ca5ed84',
        skippedAnswers: 0,
        strength: 2,
        totalAnswers: 20,
...
        independentCorrectAnswers: 18,
+       isWeak: false,
        nextReview: '2099-01-01',
        profileId: '6daac654-70fc-4a62-8ebd-633a0ca5ed84',
        skippedAnswers: 0,
        strength: 2,
        totalAnswers: 20,

