vite v7.3.1 building client environment for production...
transforming...
Browserslist: browsers data (caniuse-lite) is 8 months old. Please run:
  npx update-browserslist-db@latest
  Why you should do it regularly: https://github.com/browserslist/update-db#readme
✓ 3832 modules transformed.
Generated an empty chunk: "pdf".
rendering chunks...
computing gzip size...
output/restored-prod-complete/version.json                                     0.42 kB │ gzip:   0.25 kB
output/restored-prod-complete/index.html                                       1.58 kB │ gzip:   0.72 kB
output/restored-prod-complete/assets/town-prop-bench-FdKjOSai.png              9.13 kB
output/restored-prod-complete/assets/NotoSansJP-C_ziqpoc.woff2                13.06 kB
output/restored-prod-complete/assets/town-prop-flowers-BOUxk4Bw.png           13.80 kB
output/restored-prod-complete/assets/town-rabbit-carrying-RfQ1w-aH.png        14.24 kB
output/restored-prod-complete/assets/town-rabbit-giving-CnJ9JmwQ.png          14.58 kB
output/restored-prod-complete/assets/town-rabbit-receiving-DUoJoWgV.png       14.72 kB
output/restored-prod-complete/assets/town-rabbit-idle-Bh01hjGD.png            14.90 kB
output/restored-prod-complete/assets/catalog-MsWF2Ofo.png                     18.20 kB
output/restored-prod-complete/assets/town-prop-home-B1P8AAtr.png              19.39 kB
output/restored-prod-complete/assets/town-prop-tree-Yw3JP1Jo.png              20.27 kB
output/restored-prod-complete/assets/town-otter-carrying-CNTvBDdk.png         21.45 kB
output/restored-prod-complete/assets/town-otter-giving-C4wtqVhT.png           21.71 kB
output/restored-prod-complete/assets/town-otter-receiving-hjH-v6Y1.png        21.99 kB
output/restored-prod-complete/assets/town-otter-idle-BshfulWh.png             22.12 kB
output/restored-prod-complete/assets/town-pokomoko-carrying-B6igduKw.png      25.49 kB
output/restored-prod-complete/assets/town-pokomoko-giving-BOi7RcKv.png        26.51 kB
output/restored-prod-complete/assets/town-pokomoko-idle-hYR2u8GP.png          26.67 kB
output/restored-prod-complete/assets/flower-bloom-original-Bhc8ZRS8.png       27.17 kB
output/restored-prod-complete/assets/town-pokomoko-receiving-CKZT-N1L.png     27.25 kB
output/restored-prod-complete/assets/pokomoko-original-8wLdjUXI.png           31.15 kB
output/restored-prod-complete/assets/catalog-C9jTiRjH.png                     32.80 kB
output/restored-prod-complete/assets/basis_transcoder-o4Hde_L7.js             57.53 kB
output/restored-prod-complete/assets/far-geometry-Di-gBAev.glb                62.40 kB
output/restored-prod-complete/assets/far-CbQUffpN.glb                         70.37 kB
output/restored-prod-complete/assets/far-geometry-C2nCL94K.glb                90.88 kB
output/restored-prod-complete/assets/far-geometry-DTfZ_trK.glb               127.57 kB
output/restored-prod-complete/assets/far-iUTsXLLh.glb                        130.80 kB
output/restored-prod-complete/assets/far-geometry-BV4Tmqez.glb               136.54 kB
output/restored-prod-complete/assets/far-BNsdfYHM.glb                        147.90 kB
output/restored-prod-complete/assets/lifeUpdate.worker-CfKJcJS1.js           184.83 kB
output/restored-prod-complete/assets/near-Bt9PwG61.glb                       209.47 kB
output/restored-prod-complete/assets/far-geometry-B5GXTTw0.glb               226.28 kB
output/restored-prod-complete/assets/near-3yaftuce.glb                       293.84 kB
output/restored-prod-complete/assets/near-B8znkHvM.glb                       306.04 kB
output/restored-prod-complete/assets/far-Zj6wZqfp.glb                        309.89 kB
output/restored-prod-complete/assets/far-geometry-CUf7iENq.glb               325.53 kB
output/restored-prod-complete/assets/near-CuR2H6Uc.glb                       443.91 kB
output/restored-prod-complete/assets/basis_transcoder-VXdx5NbI.wasm          527.33 kB │ gzip: 247.62 kB
output/restored-prod-complete/assets/near-CMx7NApC.glb                     1,568.14 kB
output/restored-prod-complete/assets/near-B3PvBOT3.glb                     1,642.36 kB
output/restored-prod-complete/assets/near-C_b32qsb.glb                     1,706.40 kB
output/restored-prod-complete/assets/near-l6ZZxCWq.glb                     1,759.80 kB
output/restored-prod-complete/assets/near-DoEuBhay.glb                     1,924.85 kB
output/restored-prod-complete/assets/near-7GK7mDBY.glb                     1,983.43 kB
output/restored-prod-complete/assets/IslandSharedMemories-CxXlpls3.css         1.54 kB │ gzip:   0.57 kB
output/restored-prod-complete/assets/IslandFurniture-7NZ9dhCz.css              1.57 kB │ gzip:   0.55 kB
output/restored-prod-complete/assets/LifeMemories-Cia3-2wk.css                 1.58 kB │ gzip:   0.56 kB
output/restored-prod-complete/assets/IslandDiscoveryGuide-DpYKYTkf.css         2.05 kB │ gzip:   0.75 kB
output/restored-prod-complete/assets/IslandWelcome-BJp8Sa-m.css                2.05 kB │ gzip:   0.72 kB
output/restored-prod-complete/assets/IslandExpression-BAzaKUz5.css             2.18 kB │ gzip:   0.68 kB
output/restored-prod-complete/assets/life-observation-DvQvywiD.css             2.49 kB │ gzip:   0.83 kB
output/restored-prod-complete/assets/IslandWorkshop-KxE1cutE.css               4.47 kB │ gzip:   1.24 kB
output/restored-prod-complete/assets/IslandStage-BctzDSoi.css                  4.83 kB │ gzip:   1.38 kB
output/restored-prod-complete/assets/IslandExperiencePanel-Cn-0xXmE.css        6.01 kB │ gzip:   1.33 kB
output/restored-prod-complete/assets/IslandPhotos-Dz-XgAxv.css                 6.54 kB │ gzip:   1.60 kB
output/restored-prod-complete/assets/IslandCustomization-BKdIHMdQ.css          7.08 kB │ gzip:   1.62 kB
output/restored-prod-complete/assets/NatureTown-CusrCJWB.css                  12.17 kB │ gzip:   3.48 kB
output/restored-prod-complete/assets/Explore-C0qQ-HMA.css                     13.06 kB │ gzip:   2.95 kB
output/restored-prod-complete/assets/Island-DVCPJhVi.css                      27.09 kB │ gzip:   5.16 kB
output/restored-prod-complete/assets/IslandLife-Ca347lRV.css                  60.10 kB │ gzip:   9.54 kB
output/restored-prod-complete/assets/Island-CwIX8hSV.css                      90.51 kB │ gzip:  13.51 kB
output/restored-prod-complete/assets/index-Dfr6n9LD.css                      250.13 kB │ gzip:  41.65 kB
output/restored-prod-complete/assets/pdf-l0sNRNKZ.js                           0.00 kB │ gzip:   0.02 kB
output/restored-prod-complete/assets/random-CfHspBLG.js                        0.30 kB │ gzip:   0.23 kB
output/restored-prod-complete/assets/utils-B-dksMZM.js                         0.37 kB │ gzip:   0.24 kB
output/restored-prod-complete/assets/homeJourney-BkBsv3V2.js                   0.95 kB │ gzip:   0.58 kB
output/restored-prod-complete/assets/IslandWelcome-DTa8LJNF.js                 2.07 kB │ gzip:   1.09 kB
output/restored-prod-complete/assets/IslandRewardGoal-q4wxLrnR.js              2.14 kB │ gzip:   0.97 kB
output/restored-prod-complete/assets/IslandWorkReplay-C66_HOmT.js              2.44 kB │ gzip:   0.92 kB
output/restored-prod-complete/assets/footprint-B62vzdwO.js                     3.32 kB │ gzip:   1.68 kB
output/restored-prod-complete/assets/IslandOnboarding-CTMUFnjq.js              3.52 kB │ gzip:   1.53 kB
output/restored-prod-complete/assets/IslandDiscoveryGuide-BQDm5eDY.js          4.11 kB │ gzip:   1.73 kB
output/restored-prod-complete/assets/IslandFurniture-C2qt7755.js               4.70 kB │ gzip:   1.76 kB
output/restored-prod-complete/assets/scene-DqHlizNt.js                         6.34 kB │ gzip:   2.96 kB
output/restored-prod-complete/assets/geometry-B86WTMvy.js                      6.63 kB │ gzip:   2.81 kB
output/restored-prod-complete/assets/IslandStage-D_npYiLe.js                   6.69 kB │ gzip:   2.71 kB
output/restored-prod-complete/assets/IslandAlbum-C9rCQflG.js                   8.50 kB │ gzip:   3.20 kB
output/restored-prod-complete/assets/LifeObservation-CAcziKgC.js               8.80 kB │ gzip:   2.98 kB
output/restored-prod-complete/assets/HomeJourneyPreview-Bj8pCGHH.js            9.23 kB │ gzip:   4.39 kB
output/restored-prod-complete/assets/IslandCustomization-DN23-AKC.js           9.84 kB │ gzip:   3.32 kB
output/restored-prod-complete/assets/IslandExpression-C6sP7yy3.js              9.84 kB │ gzip:   3.25 kB
output/restored-prod-complete/assets/IslandExperiencePanel-VwU6XXIn.js         9.97 kB │ gzip:   3.05 kB
output/restored-prod-complete/assets/IslandPhotos-DyIiCTg5.js                 10.09 kB │ gzip:   3.25 kB
output/restored-prod-complete/assets/LifeMemories-WOqe4Dmp.js                 10.36 kB │ gzip:   3.70 kB
output/restored-prod-complete/assets/IslandStage-BOoFnEEa.js                  10.44 kB │ gzip:   3.91 kB
output/restored-prod-complete/assets/IslandSharedMemories-DyFlynRO.js         11.99 kB │ gzip:   3.60 kB
output/restored-prod-complete/assets/homeInteriorCamera-C3D14Oep.js           12.15 kB │ gzip:   4.64 kB
output/restored-prod-complete/assets/IslandWorkshop-BbQ92OyD.js               12.67 kB │ gzip:   3.60 kB
output/restored-prod-complete/assets/LifeResidentPortrait-C2e-WEaz.js         13.09 kB │ gzip:   5.55 kB
output/restored-prod-complete/assets/repository-BN9xPzu6.js                   23.36 kB │ gzip:   9.39 kB
output/restored-prod-complete/assets/LifeWorld-CTZmBFFw.js                    28.93 kB │ gzip:  10.94 kB
output/restored-prod-complete/assets/Stats-cDin87HL.js                        28.93 kB │ gzip:   9.69 kB
output/restored-prod-complete/assets/icons-Chekvtgs.js                        29.48 kB │ gzip:  10.76 kB
output/restored-prod-complete/assets/life-observation-CUM6ZnWO.js             33.80 kB │ gzip:  12.44 kB
output/restored-prod-complete/assets/audio-DwtSHwBT.js                        36.13 kB │ gzip:   9.75 kB
output/restored-prod-complete/assets/residentInterest-B8uOnUek.js             40.37 kB │ gzip:  16.01 kB
output/restored-prod-complete/assets/islandFurniturePlacement-D_DiwWDb.js     42.09 kB │ gzip:  12.18 kB
output/restored-prod-complete/assets/react-DcHpdqMy.js                        48.53 kB │ gzip:  17.24 kB
output/restored-prod-complete/assets/NatureTown-aHCtKrHH.js                   50.75 kB │ gzip:  17.82 kB
output/restored-prod-complete/assets/Island-TjZCxrYH.js                       52.94 kB │ gzip:  16.32 kB
output/restored-prod-complete/assets/IslandLife-B3AJ3EGo.js                   62.00 kB │ gzip:  20.20 kB
output/restored-prod-complete/assets/scene-DjatgLeW.js                        63.08 kB │ gzip:  24.55 kB
output/restored-prod-complete/assets/repository-CjipGHYV.js                   86.55 kB │ gzip:  23.95 kB
output/restored-prod-complete/assets/data-CYRvWfdS.js                         96.37 kB │ gzip:  32.45 kB
output/restored-prod-complete/assets/runtimeAssets-BJ6LRfEf.js               109.90 kB │ gzip:  40.37 kB
output/restored-prod-complete/assets/motion-iLBaTeAD.js                      119.65 kB │ gzip:  39.54 kB
output/restored-prod-complete/assets/Explore-BMhddVI5.js                     209.52 kB │ gzip:  59.73 kB
output/restored-prod-complete/assets/Island-iLyEuePq.js                      228.69 kB │ gzip:  71.24 kB
output/restored-prod-complete/assets/runtime-gFzZdCjc.js                     333.04 kB │ gzip: 103.85 kB
output/restored-prod-complete/assets/charts-B2Phfr4C.js                      371.25 kB │ gzip: 108.31 kB
output/restored-prod-complete/assets/RoundedBoxGeometry-DGMQbcMw.js          629.36 kB │ gzip: 163.77 kB
output/restored-prod-complete/assets/index-Bo56sXBc.js                       842.28 kB │ gzip: 237.36 kB

(!) Some chunks are larger than 500 kB after minification. Consider:
- Using dynamic import() to code-split the application
- Use build.rollupOptions.output.manualChunks to improve chunking: https://rollupjs.org/configuration-options/#output-manualchunks
- Adjust chunk size limit for this warning via build.chunkSizeWarningLimit.
✓ built in 6.46s

PWA v1.2.0
mode      generateSW
precache  159 entries (4771.01 KiB)
files generated
  output/restored-prod-complete/sw.js
  output/restored-prod-complete/workbox-fc21a5da.js
