
 RUN  v2.1.9 /private/tmp/sansu-pokomoko-restore.7V3VQI

 ✓ src/components/island/life/foodScene.test.ts (2 tests) 245ms
 ✓ src/components/island/life/fantasy/garden.test.ts (4 tests) 394ms
 ✓ src/components/island/life/relationGaze.test.ts (9 tests) 1035ms

 Test Files  3 passed (3)
      Tests  15 passed (15)
   Start at  19:26:29
   Duration  1.65s (transform 298ms, setup 0ms, collect 1.10s, tests 1.67s, environment 0ms, prepare 84ms)


> pokko-fushigi-zukan-app@0.0.0 lint
> eslint .


/private/tmp/sansu-pokomoko-restore.7V3VQI/src/components/island/IslandMilestone.tsx
  16:17  warning  Fast refresh only works when a file only exports components. Use a new file to share constants or functions between components  react-refresh/only-export-components

✖ 1 problem (0 errors, 1 warning)


> pokko-fushigi-zukan-app@0.0.0 typecheck
> tsc -b --pretty false


> pokko-fushigi-zukan-app@0.0.0 build
> tsc -b && node tools/build-app.mjs && npm run assets:check

vite v7.3.1 building client environment for production...
transforming...
Browserslist: browsers data (caniuse-lite) is 8 months old. Please run:
  npx update-browserslist-db@latest
  Why you should do it regularly: https://github.com/browserslist/update-db#readme
✓ 3832 modules transformed.
Generated an empty chunk: "pdf".
rendering chunks...
computing gzip size...
dist/version.json                                     0.42 kB │ gzip:   0.25 kB
dist/index.html                                       1.58 kB │ gzip:   0.72 kB
dist/assets/town-prop-bench-FdKjOSai.png              9.13 kB
dist/assets/NotoSansJP-C_ziqpoc.woff2                13.06 kB
dist/assets/town-prop-flowers-BOUxk4Bw.png           13.80 kB
dist/assets/town-rabbit-carrying-RfQ1w-aH.png        14.24 kB
dist/assets/town-rabbit-giving-CnJ9JmwQ.png          14.58 kB
dist/assets/town-rabbit-receiving-DUoJoWgV.png       14.72 kB
dist/assets/town-rabbit-idle-Bh01hjGD.png            14.90 kB
dist/assets/catalog-MsWF2Ofo.png                     18.20 kB
dist/assets/town-prop-home-B1P8AAtr.png              19.39 kB
dist/assets/town-prop-tree-Yw3JP1Jo.png              20.27 kB
dist/assets/town-otter-carrying-CNTvBDdk.png         21.45 kB
dist/assets/town-otter-giving-C4wtqVhT.png           21.71 kB
dist/assets/town-otter-receiving-hjH-v6Y1.png        21.99 kB
dist/assets/town-otter-idle-BshfulWh.png             22.12 kB
dist/assets/town-pokomoko-carrying-B6igduKw.png      25.49 kB
dist/assets/town-pokomoko-giving-BOi7RcKv.png        26.51 kB
dist/assets/town-pokomoko-idle-hYR2u8GP.png          26.67 kB
dist/assets/flower-bloom-original-Bhc8ZRS8.png       27.17 kB
dist/assets/town-pokomoko-receiving-CKZT-N1L.png     27.25 kB
dist/assets/pokomoko-original-8wLdjUXI.png           31.15 kB
dist/assets/catalog-C9jTiRjH.png                     32.80 kB
dist/assets/basis_transcoder-o4Hde_L7.js             57.53 kB
dist/assets/far-geometry-Di-gBAev.glb                62.40 kB
dist/assets/far-CbQUffpN.glb                         70.37 kB
dist/assets/far-geometry-C2nCL94K.glb                90.88 kB
dist/assets/far-geometry-DTfZ_trK.glb               127.57 kB
dist/assets/far-iUTsXLLh.glb                        130.80 kB
dist/assets/far-geometry-BV4Tmqez.glb               136.54 kB
dist/assets/far-BNsdfYHM.glb                        147.90 kB
dist/assets/lifeUpdate.worker-BLUMHNRF.js           184.94 kB
dist/assets/near-Bt9PwG61.glb                       209.47 kB
dist/assets/far-geometry-B5GXTTw0.glb               226.28 kB
dist/assets/near-3yaftuce.glb                       293.84 kB
dist/assets/near-B8znkHvM.glb                       306.04 kB
dist/assets/far-Zj6wZqfp.glb                        309.89 kB
dist/assets/far-geometry-CUf7iENq.glb               325.53 kB
dist/assets/near-CuR2H6Uc.glb                       443.91 kB
dist/assets/basis_transcoder-VXdx5NbI.wasm          527.33 kB │ gzip: 247.62 kB
dist/assets/near-CMx7NApC.glb                     1,568.14 kB
dist/assets/near-B3PvBOT3.glb                     1,642.36 kB
dist/assets/near-C_b32qsb.glb                     1,706.40 kB
dist/assets/near-l6ZZxCWq.glb                     1,759.80 kB
dist/assets/near-DoEuBhay.glb                     1,924.85 kB
dist/assets/near-7GK7mDBY.glb                     1,983.43 kB
dist/assets/IslandSharedMemories-CxXlpls3.css         1.54 kB │ gzip:   0.57 kB
dist/assets/IslandFurniture-7NZ9dhCz.css              1.57 kB │ gzip:   0.55 kB
dist/assets/LifeMemories-Cia3-2wk.css                 1.58 kB │ gzip:   0.56 kB
dist/assets/IslandDiscoveryGuide-DpYKYTkf.css         2.05 kB │ gzip:   0.75 kB
dist/assets/IslandWelcome-BJp8Sa-m.css                2.05 kB │ gzip:   0.72 kB
dist/assets/IslandExpression-BAzaKUz5.css             2.18 kB │ gzip:   0.68 kB
dist/assets/life-observation-DvQvywiD.css             2.49 kB │ gzip:   0.83 kB
dist/assets/IslandWorkshop-KxE1cutE.css               4.47 kB │ gzip:   1.24 kB
dist/assets/IslandStage-BctzDSoi.css                  4.83 kB │ gzip:   1.38 kB
dist/assets/IslandExperiencePanel-Cn-0xXmE.css        6.01 kB │ gzip:   1.33 kB
dist/assets/IslandPhotos-Dz-XgAxv.css                 6.54 kB │ gzip:   1.60 kB
dist/assets/IslandCustomization-BKdIHMdQ.css          7.08 kB │ gzip:   1.62 kB
dist/assets/NatureTown-CusrCJWB.css                  12.17 kB │ gzip:   3.48 kB
dist/assets/Explore-C0qQ-HMA.css                     13.06 kB │ gzip:   2.95 kB
dist/assets/Island-DVCPJhVi.css                      27.09 kB │ gzip:   5.16 kB
dist/assets/IslandLife-Ca347lRV.css                  60.10 kB │ gzip:   9.54 kB
dist/assets/Island-CwIX8hSV.css                      90.51 kB │ gzip:  13.51 kB
dist/assets/index-Dfr6n9LD.css                      250.13 kB │ gzip:  41.65 kB
dist/assets/pdf-l0sNRNKZ.js                           0.00 kB │ gzip:   0.02 kB
dist/assets/random-CfHspBLG.js                        0.30 kB │ gzip:   0.23 kB
dist/assets/utils-B-dksMZM.js                         0.37 kB │ gzip:   0.24 kB
dist/assets/homeJourney-BkBsv3V2.js                   0.95 kB │ gzip:   0.58 kB
dist/assets/IslandWelcome-Cb8nchfO.js                 2.07 kB │ gzip:   1.09 kB
dist/assets/IslandRewardGoal-DNk1QAcF.js              2.14 kB │ gzip:   0.97 kB
dist/assets/IslandWorkReplay-DIBhS9hG.js              2.44 kB │ gzip:   0.92 kB
dist/assets/footprint-DC4AI8iW.js                     3.37 kB │ gzip:   1.71 kB
dist/assets/IslandOnboarding-CiFhs31R.js              3.52 kB │ gzip:   1.53 kB
dist/assets/IslandDiscoveryGuide-1KOYkJQq.js          4.11 kB │ gzip:   1.73 kB
dist/assets/IslandFurniture-D0BenGQf.js               4.70 kB │ gzip:   1.77 kB
dist/assets/scene-DqHlizNt.js                         6.34 kB │ gzip:   2.96 kB
dist/assets/geometry-B86WTMvy.js                      6.63 kB │ gzip:   2.81 kB
dist/assets/IslandStage-F3yY8Itp.js                   6.69 kB │ gzip:   2.72 kB
dist/assets/IslandAlbum-7JeqF6_f.js                   8.50 kB │ gzip:   3.20 kB
dist/assets/LifeObservation-Ciw6NRBZ.js               8.80 kB │ gzip:   2.98 kB
dist/assets/HomeJourneyPreview-C5QqYfjY.js            9.23 kB │ gzip:   4.39 kB
dist/assets/IslandCustomization-CekjJWE0.js           9.84 kB │ gzip:   3.32 kB
dist/assets/IslandExpression-Cqe8ZLaJ.js              9.84 kB │ gzip:   3.25 kB
dist/assets/IslandExperiencePanel-DeCPUZBn.js         9.97 kB │ gzip:   3.05 kB
dist/assets/IslandPhotos-t5uMZy9U.js                 10.09 kB │ gzip:   3.24 kB
dist/assets/LifeMemories-DkxHJ9lr.js                 10.36 kB │ gzip:   3.70 kB
dist/assets/IslandStage-EtFPGKTH.js                  10.44 kB │ gzip:   3.91 kB
dist/assets/IslandSharedMemories-GXoBcNxG.js         11.99 kB │ gzip:   3.60 kB
dist/assets/homeInteriorCamera-Cf1LKRTL.js           12.15 kB │ gzip:   4.64 kB
dist/assets/IslandWorkshop-wr4j-OLr.js               12.67 kB │ gzip:   3.60 kB
dist/assets/LifeResidentPortrait-BLlaJ62v.js         13.09 kB │ gzip:   5.55 kB
dist/assets/repository-CtRti7I_.js                   23.36 kB │ gzip:   9.39 kB
dist/assets/icons-Dv_gy4wt.js                        28.68 kB │ gzip:  10.53 kB
dist/assets/LifeWorld-CXq-x0M4.js                    28.93 kB │ gzip:  10.94 kB
dist/assets/Stats-gZO4zDX0.js                        28.93 kB │ gzip:   9.69 kB
dist/assets/life-observation-CSdo5-S9.js             33.80 kB │ gzip:  12.44 kB
dist/assets/audio-DwtSHwBT.js                        36.13 kB │ gzip:   9.75 kB
dist/assets/residentInterest-DxLdxTrQ.js             40.37 kB │ gzip:  16.01 kB
dist/assets/islandFurniturePlacement-Dc0Sezm0.js     42.09 kB │ gzip:  12.18 kB
dist/assets/react-DcHpdqMy.js                        48.53 kB │ gzip:  17.24 kB
dist/assets/NatureTown-DYZXSHAs.js                   50.75 kB │ gzip:  17.82 kB
dist/assets/Island-Cn8L2zmE.js                       52.94 kB │ gzip:  16.32 kB
dist/assets/IslandLife-D5wq58Mz.js                   61.10 kB │ gzip:  19.95 kB
dist/assets/scene-D8gi9-XI.js                        63.08 kB │ gzip:  24.55 kB
dist/assets/repository-B_wI1BlD.js                   86.70 kB │ gzip:  24.00 kB
dist/assets/data-CYRvWfdS.js                         96.37 kB │ gzip:  32.45 kB
dist/assets/runtimeAssets-DGO5Vr88.js               109.90 kB │ gzip:  40.37 kB
dist/assets/motion-iLBaTeAD.js                      119.65 kB │ gzip:  39.54 kB
dist/assets/Explore-DbEeZ8t6.js                     209.52 kB │ gzip:  59.73 kB
dist/assets/Island-D0V6Ujti.js                      228.69 kB │ gzip:  71.24 kB
dist/assets/runtime-DJnUT_vX.js                     333.04 kB │ gzip: 103.85 kB
dist/assets/charts-B2Phfr4C.js                      371.25 kB │ gzip: 108.31 kB
dist/assets/RoundedBoxGeometry-DGMQbcMw.js          629.36 kB │ gzip: 163.77 kB
dist/assets/index-ZnwLptLH.js                       842.28 kB │ gzip: 237.36 kB

(!) Some chunks are larger than 500 kB after minification. Consider:
- Using dynamic import() to code-split the application
- Use build.rollupOptions.output.manualChunks to improve chunking: https://rollupjs.org/configuration-options/#output-manualchunks
- Adjust chunk size limit for this warning via build.chunkSizeWarningLimit.
✓ built in 5.90s

PWA v1.2.0
mode      generateSW
precache  159 entries (4769.66 KiB)
files generated
  dist/sw.js
  dist/workbox-fc21a5da.js

> pokko-fushigi-zukan-app@0.0.0 assets:check
> node tools/check-asset-budget.mjs

PASS assets:check
- PWA precache: 159 unique files, 8.28 MiB / 12.00 MiB
- Explore artwork: 27 production files, 2.97 MiB / 8.00 MiB
- Production-input contract: docs/design only; absent from public and precache
