
> pokko-fushigi-zukan-app@0.0.0 verify:core
> npm run docs:check && npm run check:current-ui-entry && npm run lint && npm run typecheck && npm run test:run && npm run build


> pokko-fushigi-zukan-app@0.0.0 docs:check
> node tools/check-docs.mjs

WARN
- docs/tasks/active/2026-07-21-cold-open-value-loop.md: Review By (2026-09-27) is in the past
- docs/tasks/active/2026-07-23-whole-app-brand-coherence.md: Review By (2026-09-27) is in the past
- docs/tasks/active/2026-09-13-mysterious-island-v3.md: Review By (2026-09-29) is in the past
- docs/tasks/active/2026-09-23-island-performance.md: Review By (2026-09-30) is in the past
FAIL
- docs/design/2026-10-01-house-atelier/README.md: broken local link -> core.log
- docs/design/2026-10-01-house-atelier/README.md: broken local link -> build-final.log
- docs/design/2026-10-01-house-atelier/README.md: broken local link -> smoke.log
- docs/design/2026-10-01-house-atelier/README.md: broken local link -> lint-final.log
- docs/design/2026-10-01-house-atelier/README.md: broken local link -> docs-final.log
- docs/design/2026-10-01-house-atelier/README.md: broken local link -> ui-final.log
- docs/design/2026-10-01-house-atelier/README.md: broken local link -> docs-closeout.log
- docs/design/2026-10-01-menu-atelier/README.md: broken local link -> typecheck-current.log
- docs/design/2026-10-01-menu-atelier/README.md: broken local link -> focused-current.log
- docs/design/2026-10-01-menu-atelier/README.md: broken local link -> integration-current.log
- docs/design/2026-10-01-menu-atelier/README.md: broken local link -> core-final.log
- docs/design/2026-10-01-menu-atelier/README.md: broken local link -> lint-final.log
- docs/design/2026-10-01-menu-atelier/README.md: broken local link -> build-final.log
- docs/design/2026-10-01-menu-atelier/README.md: broken local link -> smoke.log
- docs/design/2026-10-01-menu-atelier/README.md: broken local link -> navigation.log
- docs/design/2026-10-01-menu-atelier/README.md: broken local link -> ui-final.log
- docs/design/2026-10-01-menu-atelier/README.md: broken local link -> docs-final.log
- docs/design/2026-10-01-menu-atelier/README.md: broken local link -> navigation-first.log
- docs/design/2026-10-01-menu-atelier/README.md: broken local link -> ui-fixture-first.log
