
> pokko-fushigi-zukan-app@0.0.0 verify:core
> npm run docs:check && npm run check:current-ui-entry && npm run lint && npm run typecheck && npm run test:run && npm run build


> pokko-fushigi-zukan-app@0.0.0 docs:check
> node tools/check-docs.mjs

PASS docs:check

> pokko-fushigi-zukan-app@0.0.0 check:current-ui-entry
> node tools/check-current-ui-entry.mjs

Current UI entry guard passed: dev opens Mystic Island; old Explore stays on a direct URL with an explicit classic smoke suite; Nature Town is isolated; runtime identity is exposed.

> pokko-fushigi-zukan-app@0.0.0 lint
> eslint .


/Users/yutogasaki/Projects/sansu/src/components/island/IslandMilestone.tsx
  16:17  warning  Fast refresh only works when a file only exports components. Use a new file to share constants or functions between components  react-refresh/only-export-components

✖ 1 problem (0 errors, 1 warning)


> pokko-fushigi-zukan-app@0.0.0 typecheck
> tsc -b --pretty false


> pokko-fushigi-zukan-app@0.0.0 test:run
> vitest run


 RUN  v2.1.9 /Users/yutogasaki/Projects/sansu

 ✓ src/components/island/three/sharedDisplayScene.test.ts (13 tests) 760ms
 ✓ src/domain/explore/__tests__/persistenceRepository.test.ts (38 tests) 671ms
 ✓ src/domain/explore/__tests__/learningPlannerSegment.test.ts (15 tests) 547ms
 ✓ src/domain/island/rewardGoalRepository.test.ts (14 tests) 1107ms
   ✓ reward goals and the real island storage boundary > earns the desired furniture through ordinary learning, preserves photographs and old memories, then resumes the same reservation 496ms
 ✓ src/domain/island/expressionRepository.test.ts (11 tests) 1135ms
   ✓ expression ownership with the existing learning and photo stores > earns ordinary stars without materializing expression, acquires separately, reloads and resumes the exact same learning plan 462ms
 ✓ src/hooks/useStudySession.logic.test.ts (40 tests) 29ms
 ✓ src/hooks/blockGenerators.test.ts (32 tests) 18ms
 ✓ src/domain/math/generators/counting.test.ts (51 tests) 20ms
 ✓ src/domain/island/sharedMemories.test.ts (14 tests) 40ms
 ✓ src/domain/explore/__tests__/reducer.test.ts (29 tests) 6ms
 ✓ src/components/island/three/sharedActivities.test.ts (23 tests) 535ms
Browserslist: browsers data (caniuse-lite) is 8 months old. Please run:
  npx update-browserslist-db@latest
  Why you should do it regularly: https://github.com/browserslist/update-db#readme
 ✓ src/domain/island/island.test.ts (19 tests) 3112ms
   ✓ island frozen learning sets > reserves three introductory questions, then six familiar questions, and restores the exact plan 550ms
   ✓ island frozen learning sets > keeps wrong answers on the same problem and assistance sticky without fabricating mastery 472ms
   ✓ island frozen learning sets > supports mixed vocabulary sets and applies vocabulary progression only to independent answers 798ms
   ✓ island frozen learning sets > preserves fraction multi-input and stepwise written arithmetic in complete reserved plans 881ms
 ✓ src/components/island/three/workshopScene.test.ts (22 tests) 537ms
 ✓ src/components/island/three/residentRig.test.ts (38 tests) 4171ms
   ✓ resident local rig and furniture contact > bench supports each resident at the real surface through all rotations 556ms
   ✓ resident local rig and furniture contact > mushroom supports each resident at the real surface through all rotations 491ms
   ✓ resident interest stays a removable layer on the real rig > otter keeps real feet, root, seat and shoulder joints on rotated ordinary objects 1046ms
 ✓ src/components/domain/LearningAnswerForm.defer.test.tsx (31 tests) 72ms
 ✓ src/domain/explore/__tests__/g0NumberVessel.test.ts (13 tests) 7ms
 ✓ src/domain/math/planner.test.ts (35 tests) 29ms
 ✓ tools/expression-audio/audio-analysis.test.mjs (53 tests) 6886ms
   ✓ insect-band classification rejects absent insects and actual wind or water even when made quiet 647ms
   ✓ an uninterrupted high tone, wrong cadence or missing call cannot impersonate evening insects 306ms
   ✓ every retained pitch, correspondence, silence and end window uses the same native source clock 347ms
   ✓ raw02 loop prefix positions are missing first-pitch evidence, not proof of an overlapping loop 419ms
   ✓ one missing first-pitch sample or final required sample fails without shortening either window 1106ms
   ✓ the complete native silence window rejects contamination in its first sample that a shifted range misses 355ms
   ✓ one-sample and wrong-sign native offsets fail instead of choosing a better waveform lag 508ms
   ✓ unknown, nonfinite, fractional and mismatched native metadata fail rather than falling back to signal alignment 419ms
   ✓ real-answer cue history can exceed 256 sources, while the finite source cap still cannot block native playback or close 1155ms
 ✓ src/domain/island/workshop.test.ts (14 tests) 66ms
 ✓ src/components/island/three/livingRuntime.test.ts (18 tests) 1778ms
   ✓ runtime life cancellation and actual observations > checks a landed bird face in the actual rendered frame, preserves old records and recovers once (reduced=false) 333ms
 ✓ src/components/island/three/sharedJobController.test.ts (23 tests) 3823ms
   ✓ shared work after-render and actual object continuity > borrows the actual hand, lamp and receiver for framing without turning strict camera diagnostics into a save gate 618ms
 ✓ src/domain/logic.test.ts (26 tests) 17ms
 ✓ src/components/island/IslandAnswerForm.test.tsx (38 tests) 525ms
   ✓ Island problem semantic presentation > has a curated equivalent for every symbol actually emitted by the current math generators 404ms
 ✓ src/domain/algorithms/srs.test.ts (60 tests) 12ms
 ✓ src/domain/island/photosRepository.test.ts (11 tests) 839ms
 ✓ src/domain/island/experienceRepository.test.ts (12 tests) 3819ms
   ✓ owned atomic experience persistence > rolls back a failed layout application receipt including all positions, cosmetics and optional expression state 1666ms
   ✓ saved layout application against the current earned world > keeps real later learning/growth, earned new items, spent stars and the saved next plan when restoring an old layout 1636ms
 ✓ src/components/island/useIslandCustomization.test.ts (27 tests) 621ms
 ✓ src/domain/island/sharedMemoriesRepository.test.ts (9 tests) 581ms
 ✓ src/domain/island/learningObservationCommit.test.ts (28 tests) 1249ms
 ✓ src/components/island/islandWorkshopQueue.test.ts (20 tests) 85ms
 ✓ src/domain/island/learningContinuity.test.ts (13 tests) 2350ms
   ✓ island learning continuity > shares review opportunities across 6-question 'math' sets 321ms
   ✓ island learning continuity > shares review opportunities across 3-question 'math' sets 409ms
   ✓ island learning continuity > does not disguise unselected pending checks as ordinary Due across repeated short sets 449ms
 ✓ src/domain/island/workshopLayout.test.ts (17 tests) 27ms
 ✓ src/domain/island/workshopRepository.test.ts (9 tests) 676ms
 ✓ src/components/island/useIslandExperience.test.ts (16 tests) 957ms
 ✓ src/domain/island/learningKeepsakesRepository.test.ts (10 tests) 1002ms
   ✓ atomic owned learning keepsakes > earns first and five-section awards through real learning, changes only shelf+receipt, and preserves the same reservation 400ms
 ✓ src/domain/island/expression.test.ts (16 tests) 24ms
 ✓ src/domain/island/growthRepository.test.ts (11 tests) 2201ms
   ✓ owned atomic living island persistence > aborts growth, snapshot, answer, profile and completion together then saves each once on retry 1586ms
 ✓ src/domain/island/customizationRepository.test.ts (16 tests) 694ms
 ✓ src/components/island/useIslandSharedMemories.test.ts (13 tests) 900ms
 ✓ src/domain/park/park.test.ts (131 tests) 363ms
 ✓ src/domain/explore/__tests__/learningSegmentPersistence.test.ts (7 tests) 157ms
 ✓ src/components/island/three/residentInteraction.test.ts (21 tests) 244ms
 ✓ src/domain/learning/attemptPersistence.test.ts (24 tests) 567ms
 ✓ src/components/island/three/growthVisuals.test.ts (21 tests) 626ms
 ✓ src/components/island/useIslandPhotos.test.ts (15 tests) 664ms
 ✓ src/domain/island/furnitureRepository.test.ts (11 tests) 1707ms
   ✓ atomic optional furniture acquisition > earns stars through ordinary answers, acquires telescope, reloads and resumes the same learning reservation 512ms
   ✓ atomic optional furniture acquisition > earns stars through ordinary answers, acquires hammock, reloads and resumes the same learning reservation 309ms
   ✓ atomic optional furniture acquisition > earns stars through ordinary answers, acquires tea-table, reloads and resumes the same learning reservation 670ms
 ✓ src/components/island/three/navigation.test.ts (19 tests) 67ms
 ✓ src/domain/user/repository.test.ts (9 tests) 456ms
   ✓ getActiveProfile > deletes all IndexedDB rows owned by a profile and selects the next profile 443ms
 ✓ src/components/island/three/runtimeExpressionEnvironment.test.ts (10 tests) 10137ms
   ✓ runtime environment/flag ownership boundary > restores occlusion then seasonal materials before appearance and growth rebuild, using the same camera and rig roots 1459ms
   ✓ runtime environment/flag ownership boundary > shows the actual trim even with default identity, reports its actual visibility, and keeps old memories bare 1206ms
   ✓ runtime environment/flag ownership boundary > does not overwrite captured look/flag/environment state or the learning camera when hidden learning receives a saved scene 648ms
   ✓ runtime environment/flag ownership boundary > restores each saved free look on the same three rigs after removing raincoat 713ms
   ✓ runtime environment/flag ownership boundary > restores each saved free look on the same three rigs after removing star-beret 652ms
   ✓ runtime environment/flag ownership boundary > cancels the actual walk and clears live foot marks on learning 1454ms
   ✓ runtime environment/flag ownership boundary > cancels the actual walk and clears live foot marks on exit 1467ms
   ✓ runtime environment/flag ownership boundary > cancels the actual walk and clears live foot marks on selection-change 1434ms
   ✓ runtime environment/flag ownership boundary > does not pass a fresh walk request to the controller while the document is hidden 529ms
   ✓ runtime environment/flag ownership boundary > releases seasonal clones before the world can dispose their source materials 575ms
 ✓ src/components/island/three/sharedActivityFraming.test.ts (26 tests) 20129ms
   ✓ body identity keeps the actual articulated tail > otter retains tail surfaces in every held pose without borrowing head or arm surfaces 479ms
   ✓ one side view contains the complete shared delivery > 'flower' fits all quarter-turn chair directions and phone/tablet stage shapes 1793ms
   ✓ one side view contains the complete shared delivery > 'star' fits all quarter-turn chair directions and phone/tablet stage shapes 1666ms
   ✓ one side view contains the complete shared delivery > 'bubble' fits all quarter-turn chair directions and phone/tablet stage shapes 2035ms
   ✓ one side view contains the complete shared delivery > scores actual held poses for '624 star spectator' across every phase without touching the live rigs 1251ms
   ✓ one side view contains the complete shared delivery > scores actual held poses for '484 star self-occlusion' across every phase without touching the live rigs 629ms
   ✓ one side view contains the complete shared delivery > scores actual held poses for '484 bubble self-occlusion' across every phase without touching the live rigs 1236ms
   ✓ one side view contains the complete shared delivery > keeps each subject readable in the recorded 0875 'phone star' scene 646ms
   ✓ one side view contains the complete shared delivery > keeps each subject readable in the recorded 0875 'tablet star' scene 690ms
   ✓ one side view contains the complete shared delivery > keeps each subject readable in the recorded 0875 'phone flower' scene 554ms
   ✓ one side view contains the complete shared delivery > keeps each subject readable in the recorded 0875 'tablet flower' scene 613ms
   ✓ one side view contains the complete shared delivery > keeps each subject readable in the recorded 0875 'phone bubble' scene 479ms
   ✓ one side view contains the complete shared delivery > keeps each subject readable in the recorded 0875 'tablet bubble' scene 481ms
   ✓ one side view contains the complete shared delivery > selects a legal fixed presentation for cdc5 phone without inventing readability 751ms
   ✓ one side view contains the complete shared delivery > selects a legal fixed presentation for cdc5 tablet without inventing readability 803ms
   ✓ one side view contains the complete shared delivery > selects a legal fixed presentation for cdc5 obstructed without inventing readability 1826ms
   ✓ recorded 5d7 subjects cannot borrow visibility from later poses > 'phone-flower' preserves a legal readable presentation 606ms
   ✓ recorded 5d7 subjects cannot borrow visibility from later poses > 'phone-star' preserves a legal readable presentation 327ms
   ✓ recorded 5d7 subjects cannot borrow visibility from later poses > 'phone-bubble' preserves a legal readable presentation 479ms
   ✓ recorded 5d7 subjects cannot borrow visibility from later poses > 'tablet-flower' preserves a legal readable presentation 556ms
   ✓ recorded 5d7 subjects cannot borrow visibility from later poses > 'tablet-star' preserves a legal readable presentation 383ms
   ✓ recorded 5d7 subjects cannot borrow visibility from later poses > 'tablet-bubble' preserves a legal readable presentation 616ms
   ✓ recorded 5d7 subjects cannot borrow visibility from later poses > 'tablet-fox-flower' preserves a legal readable presentation 1027ms
 ✓ src/domain/explore/__tests__/learningPlanner.test.ts (8 tests) 260ms
 ✓ src/domain/explore/__tests__/problemAdapter.test.ts (38 tests) 66ms
 ✓ src/domain/island/learningSession.test.ts (10 tests) 803ms
 ✓ src/domain/explore/__tests__/g0NumberSuika.test.ts (32 tests) 49ms
 ✓ src/components/island/three/sharedActivityController.test.ts (20 tests) 2025ms
 ✓ src/components/island/useIslandExpression.test.ts (9 tests) 143ms
 ✓ src/hooks/learningProgression.integration.test.ts (12 tests) 7616ms
   ✓ learning progression from real generated questions > reaches 70% promotion through generated normal blocks and persisted answers 7312ms
 ✓ src/components/explore/ExploreProblemPanel.test.tsx (16 tests) 58ms
 ✓ src/domain/test/printability.test.ts (22 tests) 17ms
 ✓ src/domain/island/customizationAppearanceRepository.test.ts (8 tests) 233ms
 ✓ src/components/island/three/sharedDisplayFraming.test.ts (11 tests) 6075ms
   ✓ shared photo actual scene sightlines > clears the photographed tree at (.20, -.60), π/2 on 'phone' without hiding or relocating it 915ms
   ✓ shared photo actual scene sightlines > clears the photographed tree at (.20, -.60), π/2 on 'tablet' without hiding or relocating it 812ms
   ✓ shared photo actual scene sightlines > keeps every actual saved work part readable at aspect 1.1016949152542372 1137ms
   ✓ shared photo actual scene sightlines > keeps every actual saved work part readable at aspect 1.786046511627907 1184ms
   ✓ shared photo actual scene sightlines > uses transformed world geometry and caches a stable near view without repeating rays 573ms
   ✓ shared photo actual scene sightlines > responds to a real resident entering the chosen sightline and keeps that view when it clears 860ms
   ✓ shared photo actual scene sightlines > ignores invisible and fully transparent meshes, but reports an opaque enclosure as unreadable 531ms
 ✓ src/domain/explore/__tests__/g0Whitebox.test.ts (13 tests) 12ms
 ✓ src/domain/islandLife/discoveryJournal.test.ts (14 tests) 109ms
 ✓ src/components/island/three/sharedDisplayFrameBoundary.test.ts (5 tests) 3171ms
   ✓ shared job completion releases the display camera > uses the same job candidate for capture, clears it on learning/hidden and returns to the unchanged static display selector 664ms
   ✓ shared job completion releases the display camera > keeps pending work and clears the actual work parts only after commit and settle at 390px (commit first=false) 655ms
   ✓ shared job completion releases the display camera > keeps pending work and clears the actual work parts only after commit and settle at 390px (commit first=true) 598ms
   ✓ shared job completion releases the display camera > keeps pending work and clears the actual work parts only after commit and settle at 768px (commit first=false) 653ms
   ✓ shared job completion releases the display camera > keeps pending work and clears the actual work parts only after commit and settle at 768px (commit first=true) 601ms
 ✓ src/components/island/three/runtimeFurnitureClearance.test.ts (5 tests) 9246ms
   ✓ runtime trial preparation waits for actual saved-furniture clearance > keeps the recorded rabbit walking, then resolves and uses the same choice from the real endpoint 2794ms
   ✓ runtime trial preparation waits for actual saved-furniture clearance > starts newly required clearance before trial preparation on the same runtime update 658ms
   ✓ runtime trial preparation waits for actual saved-furniture clearance > discards the old waiting iterator on learning without moving the rabbit to finish 616ms
   ✓ runtime trial preparation waits for actual saved-furniture clearance > discards the old waiting iterator on exit without moving the rabbit to finish 567ms
   ✓ runtime trial preparation waits for actual saved-furniture clearance > discards the old waiting iterator on reselection without moving the rabbit to finish 4609ms
 ✓ src/components/island/three/connectedTerrain.test.ts (10 tests) 23428ms
   ✓ connected terrain exterior > returns finite immutable matching rings and caches only plain coordinates 417ms
   ✓ connected terrain exterior > supports every old ellipse and candidate connector on one y=0 cap at level 1 562ms
   ✓ connected terrain exterior > supports every old ellipse and candidate connector on one y=0 cap at level 2 1238ms
   ✓ connected terrain exterior > fills only the nested external layer bands and leaves no shore through the connecting floor 1100ms
   ✓ connected terrain exterior > proves band nesting at every linear breakpoint and actual surface support between the boundaries 2141ms
   ✓ connected terrain exterior > keeps world UVs, slot material identity and borrowed textures across every existing style 17491ms
 ✓ src/domain/island/appearance.test.ts (12 tests) 245ms
 ✓ src/domain/learning/evidence.test.ts (16 tests) 41ms
 ✓ src/components/island/three/cosmeticScenery.test.ts (19 tests) 25694ms
   ✓ owned cosmetic scenery > leaves the moon-garden legacy scene geometry and rooted tree exactly as authored 1587ms
   ✓ owned cosmetic scenery > leaves the starry legacy scene geometry and rooted tree exactly as authored 904ms
   ✓ owned cosmetic scenery > leaves the candy legacy scene geometry and rooted tree exactly as authored 1104ms
   ✓ owned cosmetic scenery > leaves the crystal legacy scene geometry and rooted tree exactly as authored 1020ms
   ✓ owned cosmetic scenery > changes real canopy silhouettes and house geometry, beyond recoloring 1467ms
   ✓ owned cosmetic scenery > moon-garden preserves true ground, light anchors and growth through every accent 3087ms
   ✓ owned cosmetic scenery > starry preserves true ground, light anchors and growth through every accent 2660ms
   ✓ owned cosmetic scenery > candy preserves true ground, light anchors and growth through every accent 2380ms
   ✓ owned cosmetic scenery > crystal preserves true ground, light anchors and growth through every accent 2344ms
   ✓ owned cosmetic scenery > keeps crystal shore silhouettes clear of all land, bridge, resident and furniture footprints after expansion 696ms
   ✓ owned cosmetic scenery > disposes each owned geometry, material and texture once without touching resident materials 4884ms
   ✓ owned cosmetic scenery > fits 'moon-garden' theme at grown=false in the same home camera on phone and tablet 328ms
   ✓ owned cosmetic scenery > fits 'moon-garden' theme at grown=true in the same home camera on phone and tablet 521ms
   ✓ owned cosmetic scenery > fits 'starry' theme at grown=true in the same home camera on phone and tablet 571ms
   ✓ owned cosmetic scenery > fits 'candy' theme at grown=false in the same home camera on phone and tablet 311ms
   ✓ owned cosmetic scenery > fits 'candy' theme at grown=true in the same home camera on phone and tablet 677ms
   ✓ owned cosmetic scenery > fits 'crystal' theme at grown=true in the same home camera on phone and tablet 635ms
 ✓ src/domain/island/progressiveSupport.test.ts (13 tests) 380ms
 ✓ src/domain/island/experience.test.ts (19 tests) 9ms
 ✓ src/domain/island/growth.test.ts (11 tests) 36ms
 ✓ src/components/island/three/treeCanopyGeometry.test.ts (10 tests) 874ms
 ✓ src/components/island/three/natureObservationFrame.test.ts (22 tests) 37907ms
   ✓ explicit nature observation framing > rejects qualified-03/06 saved phone cameras and a visible but subpixel frontal face (reduced=false) 3310ms
   ✓ explicit nature observation framing > rejects qualified-03/06 saved phone cameras and a visible but subpixel frontal face (reduced=true) 2691ms
   ✓ explicit nature observation framing > separates butterfly in the actual qualified-03 layout from the unchanged rabbit throughout its flight (1.0103626943005182/false) 1356ms
   ✓ explicit nature observation framing > separates butterfly in the actual qualified-03 layout from the unchanged rabbit throughout its flight (1.0103626943005182/true) 1559ms
   ✓ explicit nature observation framing > separates butterfly in the actual qualified-03 layout from the unchanged rabbit throughout its flight (1.6340425531914893/false) 1427ms
   ✓ explicit nature observation framing > separates butterfly in the actual qualified-03 layout from the unchanged rabbit throughout its flight (1.6340425531914893/true) 1324ms
   ✓ explicit nature observation framing > separates ribbon-butterfly in the actual qualified-03 layout from the unchanged rabbit throughout its flight (1.0103626943005182/false) 1407ms
   ✓ explicit nature observation framing > separates ribbon-butterfly in the actual qualified-03 layout from the unchanged rabbit throughout its flight (1.0103626943005182/true) 1232ms
   ✓ explicit nature observation framing > separates ribbon-butterfly in the actual qualified-03 layout from the unchanged rabbit throughout its flight (1.6340425531914893/false) 1370ms
   ✓ explicit nature observation framing > separates ribbon-butterfly in the actual qualified-03 layout from the unchanged rabbit throughout its flight (1.6340425531914893/true) 1375ms
   ✓ explicit nature observation framing > holds a butterfly covered in every candidate and recovers without moving its host or residents 2264ms
   ✓ explicit nature observation framing > shows the actual eyes and beak at the rotated mushroom from qualified-03/06 without moving any model (reduced=false) 4314ms
   ✓ explicit nature observation framing > shows the actual eyes and beak at the rotated mushroom from qualified-03/06 without moving any model (reduced=true) 4106ms
   ✓ explicit nature observation framing > keeps a landed or hovering bird readable at host yaw 0 in a single fixed observation camera 868ms
   ✓ explicit nature observation framing > keeps a landed or hovering bird readable at host yaw 1.5707963267948966 in a single fixed observation camera 878ms
   ✓ explicit nature observation framing > keeps a landed or hovering bird readable at host yaw 3.141592653589793 in a single fixed observation camera 860ms
   ✓ explicit nature observation framing > keeps a landed or hovering bird readable at host yaw -2.356194490192345 in a single fixed observation camera 957ms
   ✓ explicit nature observation framing > chooses another front angle when real foreground geometry covers the face and never declares a covered face readable 6603ms
 ✓ src/domain/math/numberSenseProgress.test.ts (32 tests) 13ms
 ✓ src/components/island/three/appearanceRendering.test.ts (11 tests) 14088ms
   ✓ independently equipped actual island surfaces > maps the biscuit surface onto unchanged level land and retires its shared texture once 1174ms
   ✓ independently equipped actual island surfaces > starry changes each actual slot while retaining every other slot and rooted identity 1921ms
   ✓ independently equipped actual island surfaces > candy changes each actual slot while retaining every other slot and rooted identity 1967ms
   ✓ independently equipped actual island surfaces > crystal changes each actual slot while retaining every other slot and rooted identity 1750ms
   ✓ independently equipped actual island surfaces > resolves the same explicit mix independently of legacy theme history, including accents 1093ms
   ✓ independently equipped actual island surfaces > keeps actual level ground and both bridge decks through three full looks and old restoration 2587ms
   ✓ independently equipped actual island surfaces > only retires changed-slot resources and disposes each visible owned resource once 669ms
   ✓ independently equipped actual island surfaces > distinguishes hidden expanded bridge meshes from currently visible geometry 673ms
   ✓ independently equipped actual island surfaces > starry fits its actual distant silhouettes in the chosen overview at each land stage 751ms
   ✓ independently equipped actual island surfaces > candy fits its actual distant silhouettes in the chosen overview at each land stage 862ms
   ✓ independently equipped actual island surfaces > crystal fits its actual distant silhouettes in the chosen overview at each land stage 640ms
 ✓ src/components/island/IslandLearningKeepsakes.test.tsx (15 tests) 135ms
 ✓ src/components/island/useIslandLearningKeepsakes.test.ts (11 tests) 209ms
 ✓ src/components/island/three/roofSurface.test.ts (6 tests) 1953ms
   ✓ default roof material prototype > keeps opaque, deterministic broad colors continuous across both texture edges 315ms
   ✓ default roof material prototype > delivers the mapped face and all four seams through the actual scenery builder without leaking into other styles 1167ms
   ✓ default roof material prototype > restores an actual placement clone before retiring the roof pool on an explicit-style switch 447ms
 ✓ src/components/island/three/grassSurface.test.ts (9 tests) 863ms
   ✓ default mint lawn bump surface > keeps the visible cap texture and retires it once on purchase, restore and exit 575ms
 ✓ src/components/island/islandWorkshopAudio.test.ts (12 tests) 112ms
 ✓ src/domain/learning/independentProgress.integration.test.ts (12 tests) 220ms
 ✓ src/domain/island/rewardGoal.test.ts (13 tests) 40ms
 ✓ src/domain/math/writtenArithmetic.test.ts (38 tests) 102ms
 ✓ src/components/island/three/optionalFurnitureController.test.ts (37 tests) 9783ms
   ✓ optional tools use the actual bodies and bounded furniture > hammock uses selected otter with visible actual contacts 311ms
   ✓ optional tools use the actual bodies and bounded furniture > tea-table uses selected otter with visible actual contacts 416ms
   ✓ optional tools use the actual bodies and bounded furniture > tea-table uses selected rabbit with visible actual contacts 437ms
   ✓ optional tools use the actual bodies and bounded furniture > tea-table uses selected fox with visible actual contacts 444ms
   ✓ optional tools use the actual bodies and bounded furniture > tea-table keeps contact and real framing at rotation 1.5707963267948966 in both motion modes 403ms
   ✓ optional tools use the actual bodies and bounded furniture > tea-table keeps contact and real framing at rotation 3.141592653589793 in both motion modes 313ms
   ✓ optional tools use the actual bodies and bounded furniture > tea-table keeps contact and real framing at rotation 4.71238898038469 in both motion modes 349ms
   ✓ optional tools use the actual bodies and bounded furniture > tea passes one real cup from otter to rabbit with both hands touching 391ms
   ✓ optional tools use the actual bodies and bounded furniture > tea passes one real cup from otter to fox with both hands touching 444ms
   ✓ optional tools use the actual bodies and bounded furniture > tea passes one real cup from rabbit to otter with both hands touching 407ms
   ✓ optional tools use the actual bodies and bounded furniture > tea passes one real cup from rabbit to fox with both hands touching 391ms
   ✓ optional tools use the actual bodies and bounded furniture > tea passes one real cup from fox to otter with both hands touching 401ms
   ✓ optional tools use the actual bodies and bounded furniture > tea passes one real cup from fox to rabbit with both hands touching 400ms
   ✓ optional tools use the actual bodies and bounded furniture > routes the actual fox tail around an independent obstacle and the stationary residents 904ms
 ✓ tools/island-expression-audio-focused-audit.test.mjs (12 tests) 29ms
 ✓ src/domain/islandLife/relationObservation.test.ts (13 tests) 113ms
 ✓ src/components/island/three/personalScenery.test.ts (11 tests) 1940ms
   ✓ house-mounted personal identity > moon-garden leaves the actual nameplate and roof flag visible from the home camera direction 519ms
   ✓ house-mounted personal identity > starry leaves the actual nameplate and roof flag visible from the home camera direction 434ms
   ✓ house-mounted personal identity > candy leaves the actual nameplate and roof flag visible from the home camera direction 460ms
   ✓ house-mounted personal identity > crystal leaves the actual nameplate and roof flag visible from the home camera direction 448ms
 ✓ src/domain/learningRepository.test.ts (14 tests) 17ms
 ✓ src/components/island/three/workshopPresentation.test.ts (14 tests) 1039ms
 ✓ src/components/island/three/natureVisuals.test.ts (8 tests) 189ms
 ✓ src/components/island/three/furnitureClearanceController.test.ts (9 tests) 1373ms
   ✓ saved furniture clearance runs physical moves in sequence > contains the whole current bodies and every future route before the second resident starts 670ms
 ✓ src/domain/user/onboarding.test.ts (20 tests) 1507ms
 ✓ src/domain/island/learningKeepsakes.test.ts (32 tests) 13ms
 ✓ src/components/challenge/useChallengeSession.test.tsx (9 tests) 592ms
 ✓ src/domain/island/learningObservation.test.ts (19 tests) 4ms
 ✓ src/domain/island/sceneStyle.test.ts (6 tests) 13ms
 ✓ src/components/island/life/runtimeAssets.test.ts (11 tests) 293ms
 ✓ src/components/island/useIslandRewardGoal.test.ts (11 tests) 184ms
 ✓ src/components/island/three/flagFraming.test.ts (7 tests) 6906ms
   ✓ inspection of the actual island flag > keeps identity and trim in front of actual mature house shapes for legacy and independent styles 6849ms
 ✓ src/domain/learning/unitPlanning.integration.test.ts (14 tests) 404ms
 ✓ src/domain/explore/__tests__/g0ChainShot.test.ts (12 tests) 4ms
 ✓ src/components/island/three/residentTail.test.ts (4 tests) 1194ms
   ✓ the same actual tail has a reversible sitting joint > keeps the recorded star handoff visible past the real fox tail in every shared phase 768ms
 ✓ src/components/island/three/runtimePhotography.test.ts (13 tests) 4719ms
   ✓ current-scene photography boundary > renders before encoding without resetting the current actor or camera 559ms
   ✓ current-scene photography boundary > photographs a real house keepsake in the existing island scene at 390×354 432ms
   ✓ current-scene photography boundary > photographs a real house keepsake in the existing island scene at 768×430 343ms
   ✓ current-scene photography boundary > cannot render or encode a hidden scene 352ms
   ✓ current-scene photography boundary > cannot render or encode a offscreen scene 324ms
   ✓ current-scene photography boundary > cannot render or encode a disposed scene 332ms
   ✓ current-scene photography boundary > tracks the actual otter and cap before capture without changing its pose 505ms
   ✓ current-scene photography boundary > tracks the actual rabbit and cap before capture without changing its pose 338ms
   ✓ display photo uses the actual scene before encoding > checks live tree occlusion before a 390×354 capture 364ms
   ✓ display photo uses the actual scene before encoding > checks live tree occlusion before a 768×430 capture 338ms
 ✓ src/domain/islandLife/relationSelection.test.ts (11 tests) 109ms
 ✓ src/domain/islandLife/repository.test.ts (8 tests) 2245ms
   ✓ independent life persistence > never awards a diagnostic time jump twice and recovers from backward clock 1871ms
 ✓ src/components/island/useIslandFurniture.test.ts (10 tests) 152ms
 ✓ src/domain/challenge/repository.test.ts (14 tests) 505ms
 ✓ src/components/island/life/useIslandLife.test.ts (12 tests) 767ms
 ✓ src/components/island/three/sharedJobFraming.test.ts (6 tests) 28787ms
   ✓ actual shared job sightlines > replaces the recorded back view with both actual paws and the same held object at aspect 1.3066202090592334 6586ms
   ✓ actual shared job sightlines > replaces the recorded back view with both actual paws and the same held object at aspect 1.786046511627907 6164ms
   ✓ actual shared job sightlines > improves the lamp view and exposes actual receiver triangles without hiding residual occlusion at aspect 1.3066202090592334 5732ms
   ✓ actual shared job sightlines > improves the lamp view and exposes actual receiver triangles without hiding residual occlusion at aspect 1.786046511627907 6092ms
   ✓ actual shared job sightlines > retains its selected contact angle through moving bounds without full searches or GPU allocations 2457ms
   ✓ actual shared job sightlines > keeps an unreadable view honest and caps reselection during continuous occlusion 1756ms
 ✓ src/components/island/three/sharedActivityVisuals.test.ts (12 tests) 98ms
 ✓ src/components/island/useIslandMilestoneNotice.test.ts (15 tests) 12ms
 ✓ src/components/island/islandAmbienceAudio.test.ts (11 tests) 116ms
 ✓ src/components/island/life/IslandLife.startup.test.tsx (4 tests) 50ms
 ✓ src/domain/park/writtenArithmeticIntegration.test.ts (25 tests) 155ms
 ✓ src/components/island/three/learningKeepsakeScenery.test.ts (5 tests) 625ms
   ✓ a finite room for actual learning keepsakes > physically supports thirteen separate trophies and wall-mounts three papers within a bounded static room 483ms
 ✓ src/components/island/three/optionalFurnitureFraming.test.ts (6 tests) 5605ms
   ✓ optional tool close views keep the physical cause visible > keeps the same tea cup and tabletop visible through quaternion-restored handoff at 1.3202856387199153 418ms
   ✓ optional tool close views keep the physical cause visible > keeps the same tea cup and tabletop visible through quaternion-restored handoff at 2.1429131970179185 347ms
   ✓ optional tool close views keep the physical cause visible > frames the real hammock cloth past the house roof at 1.3220338983050848 1893ms
   ✓ optional tool close views keep the physical cause visible > frames the real hammock cloth past the house roof at 2.0210526315789474 1859ms
   ✓ optional tool close views keep the physical cause visible > keeps the same front-facing selection through a walk and restores every actual pose after camera inspection 1086ms
 ✓ src/domain/explore/__tests__/learningSegment.test.ts (20 tests) 7ms
 ✓ src/domain/explore/__tests__/wagerRun.test.ts (19 tests) 7ms
 ✓ src/domain/islandLife/facilityTrips.test.ts (10 tests) 134ms
 ✓ src/components/island/three/optionalFurnitureRuntime.test.ts (8 tests) 1171ms
 ✓ src/domain/levelProgression.test.ts (10 tests) 769ms
   ✓ evidence required for level progression > uses the same math evidence in the atomic writer and Study service 684ms
 ✓ src/components/island/three/residentOutfit.test.ts (13 tests) 864ms
 ✓ src/domain/island/furniture.test.ts (11 tests) 39ms
 ✓ src/components/island/three/furniture.test.ts (17 tests) 174ms
 ✓ src/components/island/three/sceneFraming.test.ts (15 tests) 3090ms
   ✓ frozen learning frame after free play > contains earned shores in matching album cameras and the home view at 390×190, chapter 1 347ms
   ✓ frozen learning frame after free play > contains earned shores in matching album cameras and the home view at 390×190, chapter 2 356ms
   ✓ frozen learning frame after free play > contains earned shores in matching album cameras and the home view at 390×190, chapter undefined 353ms
   ✓ frozen learning frame after free play > contains earned shores in matching album cameras and the home view at 768×400, chapter 2 337ms
   ✓ frozen learning frame after free play > contains earned shores in matching album cameras and the home view at 768×400, chapter undefined 385ms
 ✓ src/components/island/three/cameraPanFraming.test.ts (12 tests) 912ms
   ✓ real normal-island runtime framing > keeps the new central floor in the actual pan regions and reachable at 390×380 318ms
 ✓ src/domain/explore/__tests__/observation.test.ts (11 tests) 5ms
 ✓ src/components/island/IslandLearningSupport.test.tsx (18 tests) 59ms
 ✓ src/domain/natureTown/acceptanceGrowthRandom.test.ts (6 tests) 754ms
   ✓ NT-3 growth and random boundaries (diagnostic fixtures) > RNG-05/07 evaluates once per interval despite repainting, failures, weather and full visitor slots 316ms
   ✓ NT-3 growth and random boundaries (diagnostic fixtures) > RNG-08 keeps world outcomes identical with different earned learning rights 367ms
 ✓ src/domain/natureTown/simulation.test.ts (14 tests) 3212ms
   ✓ Nature Town deterministic simulation > SIM-06/07/11 conserves all food for 20 active minutes and deterministic save continuation 2760ms
 ✓ src/hooks/blockGenerators.progression.test.ts (13 tests) 41ms
 ✓ src/components/island/three/workshopResidentFraming.test.ts (8 tests) 541ms
 ✓ tools/current-ui-entry-guard.test.mjs (18 tests) 3ms
 ✓ src/components/island/IslandCustomization.test.tsx (9 tests) 64ms
 ✓ src/components/island/three/terrainProfile.test.ts (9 tests) 936ms
 ✓ src/domain/learning/pilotRepository.test.ts (6 tests) 177ms
 ✓ src/components/island/three/optionalFurnitureTrial.test.ts (8 tests) 55183ms
   ✓ borrowed tools choose an actually usable legal trial location > rechecks the chosen resident using the same borrowed model and retains a usable position on reselection 1108ms
   ✓ borrowed tools choose an actually usable legal trial location > uses the new connecting floor for the formerly blocked furniture-03 hammock without moving saved furniture 2589ms
   ✓ borrowed tools choose an actually usable legal trial location > keeps the furniture-02 narrow passage blocked for the actual body, then accepts only a child-requested usable preview 9754ms
   ✓ borrowed tools choose an actually usable legal trial location > drops an old explicit search on movement, lifecycle pause and foreground resume 444ms
   ✓ borrowed tools choose an actually usable legal trial location > telescope preflights every selected resident then retains the same real model through sequential trials 10856ms
   ✓ borrowed tools choose an actually usable legal trial location > hammock preflights every selected resident then retains the same real model through sequential trials 5784ms
   ✓ borrowed tools choose an actually usable legal trial location > tea-table preflights every selected resident then retains the same real model through sequential trials 24534ms
 ✓ src/components/explore/DiscoveryReveal.test.ts (7 tests) 26ms
 ✓ src/components/island/three/furnitureClearance.test.ts (9 tests) 367ms
   ✓ saved furniture gives standing residents room to step aside > is deterministic and leaves an enclosed resident blocked without moving its saved furniture 329ms
 ✓ src/components/island/three/islandCameraControls.test.ts (11 tests) 13ms
 ✓ src/domain/natureTown/acceptanceSimulation.test.ts (6 tests) 187ms
 ✓ src/domain/island/subjectSelection.test.ts (10 tests) 25ms
 ✓ tools/island-expression-visual-matrix-audit.test.mjs (7 tests) 35ms
 ✓ src/components/island/three/westNavigation.test.ts (10 tests) 84ms
 ✓ src/domain/islandLife/activities.test.ts (7 tests) 261ms
 ✓ src/domain/english/planner.test.ts (14 tests) 8ms
 ✓ src/components/island/useIslandLearningObservation.test.ts (10 tests) 7ms
 ✓ tools/island-reward-goal-audit.test.mjs (9 tests) 14ms
 ✓ src/domain/explore/__tests__/runCheckpoint.test.ts (7 tests) 7ms
 ✓ src/domain/islandLife/simulation.test.ts (11 tests) 353ms
 ✓ src/domain/island/subjectPreference.test.ts (5 tests) 538ms
 ✓ src/pwa.test.ts (12 tests) 62ms
 ✓ src/pwaUpdateUtils.test.ts (43 tests) 4ms
 ✓ src/domain/test/trigger.test.ts (8 tests) 8ms
stdout | src/domain/islandLife/commandPerformance.test.ts > reuses a storage command after a day of history and persists the cold-replay state
store warm command + replay ms 17.476333000000068
store cold replay ms 430.5635

 ✓ src/pages/Explore.test.ts (9 tests) 5ms
 ✓ src/components/island/three/sharedActivityOcclusion.test.ts (9 tests) 10ms
 ✓ src/domain/islandLife/commandPerformance.test.ts (20 tests) 1640ms
   ✓ reuses a storage command after a day of history and persists the cold-replay state 1082ms
 ✓ src/domain/learning/mathCatalog.test.ts (6 tests) 27ms
 ✓ src/domain/island/experienceAppearance.test.ts (5 tests) 36ms
 ✓ src/components/island/three/worldPalette.test.ts (4 tests) 96ms
 ✓ src/domain/islandLife/foodLoop.test.ts (9 tests) 11ms
 ✓ src/components/island/IslandAlbum.test.tsx (4 tests) 30ms
 ✓ src/domain/battle/engine.test.ts (11 tests) 15ms
 ✓ src/domain/test/paperTestRepository.test.ts (6 tests) 117ms
 ✓ src/components/island/three/geometry.test.ts (8 tests) 1587ms
   ✓ island sculpted geometry > keeps the static scenery and tree within a bounded mesh and triangle budget 1466ms
 ✓ src/components/island/islandAlbumPresentation.test.tsx (4 tests) 22ms
 ✓ src/components/island/life/encounterObservation.test.ts (5 tests) 1395ms
   ✓ requires actual ordinary presentation and explicit input, and coalesces repeated input 351ms
   ✓ preserves the gesture across a same-layout mesh rebuild without counting the GPU gap as visible time 407ms
 ✓ src/components/island/life/facilityRelations.test.ts (6 tests) 1128ms
   ✓ presented facility relations > stands back for care beside an ordinary flower visitor while old snapshots retain the sniff distance 645ms
 ✓ src/components/explore/ExplorePathChoice.test.tsx (5 tests) 18ms
 ✓ src/components/island/life/worldShadowPresentation.test.ts (4 tests) 420ms
 ✓ src/components/island/IslandExpression.test.tsx (5 tests) 39ms
 ✓ src/components/island/islandPhotoCapture.test.ts (11 tests) 26ms
 ✓ src/components/island/life/residentMotion.test.ts (5 tests) 804ms
 ✓ src/components/island/IslandRewardGoal.test.tsx (7 tests) 38ms
 ✓ src/components/island/tutorial/useIslandTutorial.test.ts (6 tests) 4ms
 ✓ src/domain/islandLife/economyMigration.test.ts (7 tests) 210ms
 ✓ src/domain/explore/__tests__/discoveryPage.test.ts (9 tests) 3ms
 ✓ src/components/island/three/expressionEnvironment.test.ts (7 tests) 13516ms
   ✓ reversible expression environment on the existing world > moon-garden preserves geometry, growth, ground hits and all original material references through every period/season 3485ms
   ✓ reversible expression environment on the existing world > starry preserves geometry, growth, ground hits and all original material references through every period/season 2939ms
   ✓ reversible expression environment on the existing world > candy preserves geometry, growth, ground hits and all original material references through every period/season 3300ms
   ✓ reversible expression environment on the existing world > crystal preserves geometry, growth, ground hits and all original material references through every period/season 2770ms
   ✓ reversible expression environment on the existing world > reuses same-selection resources, disposes retired clones once, and restores the newest theme after growth/material regeneration 1020ms
 ✓ src/components/explore/rootPullPresentation.test.ts (10 tests) 5ms
 ✓ src/domain/learning/unitPractice.test.ts (7 tests) 19ms
 ✓ src/domain/islandLife/landRules.test.ts (6 tests) 141ms
 ✓ src/domain/islandLife/diagonalMigration.test.ts (4 tests) 177ms
 ✓ src/domain/math/generators/advanced.test.ts (10 tests) 11ms
 ✓ src/components/island/IslandGrowth.test.tsx (6 tests) 24ms
 ✓ src/domain/islandLife/economyRepository.test.ts (5 tests) 509ms
 ✓ src/domain/challenge/engine.test.ts (17 tests) 3168ms
   ✓ challenge source v1 > covers all 45 ordered pairs, balances each block, exhausts bags, and avoids repeated/reversed neighbors 3157ms
 ✓ src/components/island/IslandHomeActions.test.tsx (6 tests) 64ms
 ✓ src/components/island/three/homeInteriorCamera.test.ts (16 tests) 45219ms
   ✓ a perspective camera inside the same closed house > places the real room floor above the unchanged exterior foundation at aspect 1.3220338983050848 635ms
   ✓ a perspective camera inside the same closed house > places the real room floor above the unchanged exterior foundation at aspect 2.0210526315789474 542ms
   ✓ a perspective camera inside the same closed house > encloses the viewport, shows living objects and all sixteen awards at 390×295, actual cottage=false 11547ms
   ✓ a perspective camera inside the same closed house > encloses the viewport, shows living objects and all sixteen awards at 768×380, actual cottage=false 9874ms
   ✓ a perspective camera inside the same closed house > encloses the viewport, shows living objects and all sixteen awards at 390×295, actual cottage=true 10611ms
   ✓ a perspective camera inside the same closed house > encloses the viewport, shows living objects and all sixteen awards at 768×380, actual cottage=true 10525ms
   ✓ a perspective camera inside the same closed house > keeps the whole walking resident on screen at the portrait edges and restores the close view 1106ms
 ✓ src/domain/islandLife/playTours.test.ts (9 tests) 15ms
 ✓ src/domain/islandLife/placementUndo.test.ts (6 tests) 131ms
 ✓ src/domain/island/pacing.test.ts (5 tests) 18ms
 ✓ src/components/island/three/placementOcclusion.test.ts (8 tests) 740ms
 ✓ src/components/island/three/expressionFootTrails.test.ts (3 tests) 320ms
 ✓ src/domain/islandLife/placementMigration.test.ts (4 tests) 122ms
 ✓ src/components/island/three/appearanceFraming.test.ts (6 tests) 7918ms
   ✓ appearance viewing uses fixed real-target cameras > keeps the entire central tree in frame with the same matrix for every style and maturity at aspect 1.1016949152542372 3399ms
   ✓ appearance viewing uses fixed real-target cameras > keeps the entire central tree in frame with the same matrix for every style and maturity at aspect 1.786046511627907 2880ms
   ✓ appearance viewing uses fixed real-target cameras > wall, roof and window use one fixed house view without hiding a resident, furniture or display 1606ms
 ✓ src/components/island/three/homeViewFraming.test.ts (16 tests) 7003ms
   ✓ layout-owned close phone home > enlarges nearby life while retaining both residents and the house, without entering manual camera mode 696ms
   ✓ layout-owned close phone home > keeps the first deliberate zoom continuous relative to the closer base frame 463ms
   ✓ layout-owned close phone home > leaves the existing 768x900 framing unchanged 397ms
   ✓ layout-owned close phone home > leaves the existing 1024x600 framing unchanged 400ms
   ✓ layout-owned close phone home > leaves the existing 390x330 framing unchanged 508ms
   ✓ layout-owned close phone home > does not alter the dedicated or overview frame: {"districtFocus":"all"} 442ms
   ✓ layout-owned close phone home > does not alter the dedicated or overview frame: {"districtFocus":"east"} 379ms
   ✓ layout-owned close phone home > does not alter the dedicated or overview frame: {"districtFocus":"west"} 452ms
   ✓ layout-owned close phone home > does not alter the dedicated or overview frame: {"photographing":true} 408ms
   ✓ layout-owned close phone home > does not alter the dedicated or overview frame: {"readOnly":true} 317ms
   ✓ layout-owned close phone home > does not alter the dedicated or overview frame: {"readOnly":true,"comparisonHabitat":"garden"} 425ms
   ✓ layout-owned close phone home > does not alter the dedicated or overview frame: {"learning":true} 418ms
   ✓ layout-owned close phone home > does not alter the dedicated or overview frame: {"preview":{"id":"move","kind":"flower","position":{"x":0,"z":1},"rotation":0}} 391ms
   ✓ layout-owned close phone home > does not alter the dedicated or overview frame: {"playRequest":{"id":"replay","itemId":"flower"}} 454ms
   ✓ layout-owned close phone home > returns from the whole-island view to the same close home frame 409ms
   ✓ layout-owned close phone home > lets an automatic shared activity keep its authored camera with manual mode still off 441ms
 ✓ src/domain/islandLife/cadence.test.ts (8 tests) 296ms
 ✓ src/components/explore/PaintedEncounterLineage.test.tsx (5 tests) 56ms
 ✓ src/components/island/IslandExpressionFlag.test.tsx (2 tests) 15ms
 ✓ src/components/island/life/readingObservation.test.ts (5 tests) 1446ms
   ✓ requires ordinary R5 presentation and both visible book orientations 330ms
   ✓ cancels when the real reader leaves or its layout changes 427ms
   ✓ keeps the orientation through a mesh rebuild without crediting an unseen gap 331ms
 ✓ src/components/domain/PrintableTestPreview.test.tsx (6 tests) 42ms
 ✓ src/domain/explore/__tests__/encounters.test.ts (7 tests) 3ms
 ✓ src/domain/explore/__tests__/rapidLoopEligibility.test.ts (27 tests) 7ms
 ✓ src/domain/islandLife/decorations.test.ts (4 tests) 95ms
 ✓ src/domain/math/studyPresentation.test.ts (9 tests) 6ms
 ✓ src/domain/islandLife/heroVisit.test.ts (5 tests) 118ms
 ✓ src/domain/explore/__tests__/rapidLoop.test.ts (6 tests) 7ms
 ✓ src/components/island/three/expressionResidentVisuals.test.ts (12 tests) 2664ms
   ✓ expressions stay attached to the original residents > telescope preserves fox real contacts in raincoat and beret 300ms
   ✓ expressions stay attached to the original residents > tea-table preserves otter real contacts in raincoat and beret 355ms
   ✓ expressions stay attached to the original residents > tea-table preserves rabbit real contacts in raincoat and beret 428ms
   ✓ expressions stay attached to the original residents > tea-table preserves fox real contacts in raincoat and beret 394ms
 ✓ src/components/island/islandDiscoveryGuide.test.ts (8 tests) 22ms
 ✓ src/domain/learning/context.test.ts (6 tests) 35ms
 ✓ src/domain/islandLife/walkingSpace.test.ts (7 tests) 66ms
 ✓ src/domain/islandLife/plantsWater.test.ts (5 tests) 149ms
 ✓ src/components/island/islandAlbumMemory.test.ts (7 tests) 5ms
 ✓ src/components/island/life/relationGaze.test.ts (9 tests) 2079ms
   ✓ same-seat R1/R3 gaze > turns pokomoko toward a young plant without moving its seat contact 424ms
   ✓ same-seat R1/R3 gaze > turns rabbit toward a young plant without moving its seat contact 308ms
   ✓ same-seat R1/R3 gaze > looks at the actual swing occupant after arrival and at the toy while it is empty 305ms
 ✓ src/components/island/three/livingActivities.test.ts (5 tests) 4ms
 ✓ src/components/island/life/placement.test.ts (5 tests) 937ms
   ✓ placement preview > keeps a resident on the real seat while a copy is previewed elsewhere 460ms
 ✓ src/domain/island/customization.test.ts (20 tests) 20ms
 ✓ src/domain/islandLife/cadenceMigration.test.ts (4 tests) 146ms
 ✓ src/domain/islandLife/discovery.test.ts (6 tests) 11ms
 ✓ src/domain/math/generators/subtraction.test.ts (10 tests) 8ms
 ✓ src/utils/audio.test.ts (8 tests) 27ms
 ✓ src/domain/islandLife/sandbox.test.ts (3 tests) 220ms
 ✓ src/components/dev/suika/NumberSuikaStage.test.tsx (10 tests) 24ms
 ✓ src/domain/math/answerCompletion.test.ts (13 tests) 236ms
 ✓ src/domain/islandLife/observationVisit.test.ts (5 tests) 29ms
 ✓ src/components/island/life/landscape.test.ts (5 tests) 166ms
 ✓ src/components/island/life/extendedGround.test.ts (7 tests) 1750ms
   ✓ rendered groves and water retain exact cells and readable connections > keeps water comparison head focus when a reduced-motion memory is replayed with normal motion 337ms
   ✓ rendered groves and water retain exact cells and readable connections > rests beside a mature tree inside its local shade while retaining the old unversioned pose 314ms
 ✓ src/domain/learning/englishCatalog.test.ts (5 tests) 92ms
 ✓ src/components/island/life/gatheringVisibility.test.ts (6 tests) 1289ms
   ✓ rendered gathering evidence > sees the actual exposed parts of all six mature cells and joins from the island angle 318ms
 ✓ src/components/ikimono/fuwafuwaDailyConversation.test.ts (4 tests) 3ms
 ✓ src/domain/islandLife/heroVisitMigration.test.ts (3 tests) 157ms
 ✓ src/components/island/three/learningReaction.test.ts (12 tests) 3ms
stdout | src/domain/islandLife/replaySnapshot.test.ts > persistent replay acceleration > survives cold reopen and matches full replay after 1 and 7 days, purchases and new facts
snapshot benchmark {"hours":24,"fullMs":2.494541999999967,"restoreMs":0.5705409999999915,"snapshotBytes":6911}

stdout | src/domain/islandLife/replaySnapshot.test.ts > persistent replay acceleration > survives cold reopen and matches full replay after 1 and 7 days, purchases and new facts
snapshot benchmark {"hours":168,"fullMs":4.125166000000036,"restoreMs":0.40870899999998755,"snapshotBytes":6912}

stdout | src/domain/islandLife/replaySnapshot.test.ts > persistent replay acceleration > survives cold reopen and matches full replay after 1 and 7 days, purchases and new facts
snapshot benchmark {"hours":168.0000002777778,"fullMs":2.2415829999999914,"restoreMs":0.5716669999999908,"snapshotBytes":6912}

 ✓ src/domain/islandLife/replaySnapshot.test.ts (2 tests) 197ms
 ✓ src/domain/math/generators/addition.test.ts (10 tests) 5ms
 ✓ src/domain/islandLife/picnicTable.test.ts (5 tests) 30ms
 ✓ src/domain/island/learningChecks.test.ts (14 tests) 11ms
 ✓ src/domain/island/homeJourney.test.ts (4 tests) 208ms
 ✓ src/domain/islandLife/purchases.test.ts (5 tests) 70ms
 ✓ src/components/explore/ReturnSummary.test.tsx (5 tests) 46ms
 ✓ src/components/island/three/runtimeExpressionResidents.test.ts (3 tests) 3154ms
   ✓ expression rendering stays optional inside a read-only scene > pause restores the actual resident, clears every live mark and consumes the interrupted request 1146ms
   ✓ expression rendering stays optional inside a read-only scene > changing reduced motion schedules the owned temporary rig instead of resetting it through ordinary updates 1106ms
   ✓ expression rendering stays optional inside a read-only scene > frames the actual read-only trial and releases that camera on learning and exit 901ms
 ✓ src/components/island/life/useLiveDiscovery.test.ts (3 tests) 105ms
 ✓ src/components/dev/g0v2/G0MechanicRemixStage.test.tsx (4 tests) 12ms
 ✓ src/domain/islandLife/windArch.test.ts (4 tests) 35ms
 ✓ src/domain/natureTown/learning.test.ts (3 tests) 190ms
 ✓ src/components/island/life/encounterVisual.test.ts (4 tests) 147ms
 ✓ src/domain/islandLife/isolation.test.ts (5 tests) 31ms
 ✓ src/components/island/three/islandCameraAnchor.test.ts (4 tests) 7ms
 ✓ src/domain/math/profileProgress.test.ts (67 tests) 19ms
 ✓ src/components/island/life/relationObservation.test.ts (2 tests) 956ms
   ✓ rendered explicit resident selection > looks at the actual swing user without changing either resident or the bench seat 667ms
 ✓ src/domain/islandLife/playTourSimulation.test.ts (7 tests) 2538ms
   ✓ authoritative GP3 time and interruption > keeps all three residents circulating during a long absence 2456ms
 ✓ src/domain/islandLife/tourMigration.test.ts (5 tests) 183ms
 ✓ src/components/island/IslandPhotos.test.tsx (6 tests) 21ms
 ✓ src/domain/islandLife/waterMagic.test.ts (5 tests) 26ms
 ✓ src/components/island/life/liveRelations.test.ts (5 tests) 1340ms
   ✓ live rendered bench relations > tracks the actual swing occupant and separates a later visit to the same bench 456ms
 ✓ src/components/charts/SkillRadarChart.test.ts (7 tests) 16ms
 ✓ src/components/island/three/sharedActivityContinuity.test.ts (12 tests) 3012ms
   ✓ shared props remain attached while the real resident poses change phase > 'flower' 'left/left' keeps actual holding paws and the prop continuous across every handoff boundary 393ms
 ✓ src/components/dev/g0/G0WhiteboxStage.test.tsx (6 tests) 17ms
 ✓ src/domain/islandLife/readingEncounter.test.ts (10 tests) 19ms
 ✓ src/domain/island/catalogExpansion.test.ts (3 tests) 6ms
 ✓ src/domain/islandLife/soilMoisture.test.ts (4 tests) 38ms
 ✓ src/components/island/learningGuidance.test.ts (13 tests) 7ms
 ✓ src/domain/islandLife/discoveryRecall.test.ts (4 tests) 8ms
 ✓ src/domain/islandLife/placementClearance.test.ts (3 tests) 25ms
 ✓ src/components/island/life/roamingPresentation.test.ts (5 tests) 50ms
 ✓ src/domain/math/generators/division.test.ts (5 tests) 35ms
 ✓ src/components/island/three/sharedJobActor.test.ts (3 tests) 316ms
 ✓ tools/island-qualified-audit.test.mjs (12 tests) 16ms
 ✓ src/domain/islandLife/extendedGatherings.test.ts (4 tests) 16ms
 ✓ src/domain/islandLife/facilities.test.ts (2 tests) 105ms
 ✓ src/components/island/three/waterSurface.test.ts (6 tests) 6534ms
   ✓ static ocean and shallow-water resources > keeps simultaneous palettes and other slots independent at floor level 0 1285ms
   ✓ static ocean and shallow-water resources > keeps simultaneous palettes and other slots independent at floor level 1 1660ms
   ✓ static ocean and shallow-water resources > keeps simultaneous palettes and other slots independent at floor level 2 1768ms
   ✓ static ocean and shallow-water resources > reuses and retires water resources without textures at floor level 0 430ms
   ✓ static ocean and shallow-water resources > reuses and retires water resources without textures at floor level 1 616ms
   ✓ static ocean and shallow-water resources > reuses and retires water resources without textures at floor level 2 776ms
 ✓ src/components/island/three/residentInterest.test.ts (11 tests) 11ms
 ✓ src/domain/island/landGeometry.test.ts (4 tests) 76ms
 ✓ src/utils/pdfGenerator.test.ts (5 tests) 7ms
 ✓ src/utils/tts.test.ts (6 tests) 11ms
 ✓ src/domain/english/listening.test.ts (4 tests) 4ms
 ✓ src/domain/test/paperTest.test.ts (4 tests) 4ms
 ✓ src/components/island/learningFeedback.test.ts (7 tests) 2ms
 ✓ src/domain/island/photos.test.ts (3 tests) 14ms
 ✓ src/components/domain/answerCompletion.test.tsx (5 tests) 42ms
 ✓ src/components/island/IslandMilestone.test.tsx (6 tests) 14ms
 ✓ src/components/domain/WrittenArithmeticGrid.test.tsx (4 tests) 18ms
 ✓ src/components/island/life/windArch.test.ts (3 tests) 1521ms
   ✓ wind and arch rendered geometry > rotates only in normal motion and freezes the recorded mode 443ms
   ✓ wind and arch rendered geometry > lets all existing residents pass along four cardinal lines without touching any arch triangle bounds 890ms
 ✓ src/components/island/three/usualPlaceRuntime.test.ts (3 tests) 5ms
 ✓ src/components/battle/BattleSetup.test.tsx (7 tests) 40ms
 ✓ src/components/island/three/placementPreview.test.ts (3 tests) 47ms
 ✓ src/components/island/three/residentRoaming.test.ts (5 tests) 7ms
 ✓ src/components/island/life/lifeUpdateClient.test.ts (5 tests) 9ms
 ✓ src/components/island/islandWorkshopRequest.test.ts (6 tests) 7ms
 ✓ src/components/island/life/sandbox.test.ts (4 tests) 963ms
   ✓ sandbox ordinary making > grows the current sand shape over time and replays a captured pose unchanged 413ms
 ✓ src/components/island/life/picnicMotion.test.ts (4 tests) 695ms
 ✓ src/domain/learning/independentProgress.test.ts (17 tests) 4ms
 ✓ src/components/explore/snapRootPresentation.test.ts (5 tests) 3ms
 ✓ src/components/island/three/connectedScenery.test.ts (3 tests) 2737ms
   ✓ one connected island across growth and appearance changes > replaces only terrain at unlocks, keeping the home, bridges and texture owner alive 1385ms
   ✓ one connected island across growth and appearance changes > supports all original and connecting floors once at level 1 637ms
   ✓ one connected island across growth and appearance changes > supports all original and connecting floors once at level 2 714ms
 ✓ src/components/explore/RootPullOpeningArt.test.tsx (8 tests) 27ms
 ✓ src/components/island/life/fantasy/garden.test.ts (3 tests) 305ms
 ✓ src/components/natureTown/editing.test.ts (4 tests) 20ms
 ✓ src/domain/stats/repository.test.ts (1 test) 4ms
 ✓ src/components/island/life/canopySculptStudy.test.ts (4 tests) 1783ms
   ✓ loads three closed, connected meshes and preserves the traced foreground volume 1776ms
 ✓ src/components/island/life/readingBookPose.test.ts (3 tests) 7ms
 ✓ src/domain/islandLife/roaming.test.ts (4 tests) 7ms
 ✓ src/components/island/islandCustomizationRequest.test.ts (4 tests) 10ms
 ✓ src/domain/island/navigation.test.ts (14 tests) 4ms
 ✓ src/components/island/life/presentationClock.test.ts (5 tests) 9ms
 ✓ src/domain/island/visitors.test.ts (4 tests) 7ms
 ✓ src/domain/explore/__tests__/generator.test.ts (2 tests) 337ms
   ✓ createExploreMap > keeps every generated node reachable across multiple seeds 332ms
 ✓ src/components/island/life/canopyGroundStudy.test.ts (6 tests) 6ms
 ✓ src/components/island/useIslandDiscoveries.test.ts (4 tests) 5ms
 ✓ src/domain/islandLife/waterChannels.test.ts (3 tests) 7ms
 ✓ src/domain/islandLife/footstepMagic.test.ts (3 tests) 11ms
 ✓ src/components/island/life/facilities.test.ts (4 tests) 1396ms
   ✓ facility entrance uses > shows one held book or tools at the entrance for pokomoko 453ms
   ✓ facility entrance uses > shows one held book or tools at the entrance for rabbit 372ms
 ✓ src/domain/natureTown/repository.test.ts (5 tests) 104ms
 ✓ src/domain/stats/aggregation.test.ts (3 tests) 5ms
 ✓ src/components/island/three/homePresentation.test.ts (3 tests) 62ms
 ✓ src/domain/islandLife/waterBench.test.ts (4 tests) 13ms
 ✓ src/components/island/islandExperienceRequest.test.ts (4 tests) 7ms
 ✓ src/domain/park/englishPlanning.test.ts (7 tests) 242ms
 ✓ src/components/explore/FireflyFlowerEncounterArt.test.tsx (8 tests) 18ms
 ✓ src/components/island/life/gatheringCollector.test.ts (3 tests) 217ms
 ✓ src/components/ikimono/lifecycle.test.ts (5 tests) 6ms
 ✓ src/components/explore/MakimodonEncounterArt.test.tsx (8 tests) 44ms
 ✓ src/domain/island/livingSettings.test.ts (4 tests) 11ms
 ✓ src/components/island/three/residentPortraitFraming.test.ts (6 tests) 385ms
 ✓ src/components/island/three/growthNavigation.test.ts (2 tests) 480ms
   ✓ automatically grown places support real resident life > keeps all seven anchor objects legal and reachable through the complete chapter 452ms
 ✓ src/domain/islandLife/capabilities.test.ts (3 tests) 59ms
 ✓ tools/asset-policy.test.mjs (19 tests) 3ms
 ✓ src/domain/explore/__tests__/openingExperience.test.ts (5 tests) 4ms
 ✓ src/domain/islandLife/terminalFacts.test.ts (1 test) 104ms
 ✓ src/domain/test/testSet.test.ts (3 tests) 31ms
 ✓ tools/life-replay-version.test.ts (4 tests) 121ms
 ✓ src/components/island/three/residentFabric.test.ts (3 tests) 2158ms
   ✓ one cloth resident in the shared island > keeps atlas UVs through body/head batching and every articulated hand/foot 1916ms
 ✓ src/components/island/IslandDirectActions.test.tsx (3 tests) 16ms
 ✓ src/domain/math/generators/fraction.test.ts (6 tests) 2ms
 ✓ src/domain/math/hissanEngine.test.ts (8 tests) 4ms
 ✓ src/domain/natureTown/growthJourney.test.ts (2 tests) 804ms
   ✓ grows from the starter through real supply, retained offer, admission and increased demand 761ms
 ✓ src/domain/math/additionProgress.test.ts (9 tests) 4ms
 ✓ src/components/island/life/sceneBudget.test.ts (3 tests) 1026ms
   ✓ keeps 100 placed items within the scene allocation budget 476ms
 ✓ src/components/natureTown/livingPresentation.test.ts (2 tests) 617ms
   ✓ emits actual pickup and dropoff endpoints once, while preserving food conservation 611ms
 ✓ src/components/island/life/footstepPresentation.test.ts (1 test) 225ms
 ✓ src/components/island/islandExpansionPreview.test.ts (4 tests) 4ms
 ✓ src/components/island/visualLearningGuidance.test.ts (6 tests) 3ms
 ✓ src/domain/islandLife/economyRules.test.ts (12 tests) 4ms
 ✓ src/domain/island/tutorialState.test.ts (5 tests) 4ms
 ✓ src/components/explore/ResearchBookStage.test.tsx (3 tests) 19ms
 ✓ src/components/island/islandCustomizationPreview.test.ts (4 tests) 7ms
 ✓ src/components/island/IslandFurniturePlacement.test.tsx (3 tests) 8ms
 ✓ src/domain/islandLife/groupEncounters.test.ts (3 tests) 29ms
 ✓ src/domain/english/examples.test.ts (3 tests) 107ms
stdout | src/domain/islandLife/visitPerformance.test.ts > reuses the applied visit without replaying a day of history, with identical saved state
visit warm command + replay ms 4.994249999999965
visit cold replay ms 498.963083

 ✓ src/domain/islandLife/visitPerformance.test.ts (1 test) 1820ms
   ✓ reuses the applied visit without replaying a day of history, with identical saved state 1820ms
 ✓ src/components/explore/makimodonPresentation.test.ts (4 tests) 4ms
 ✓ src/components/island/life/LifeCatalogPages.test.tsx (3 tests) 5ms
 ✓ src/components/ikimono/fuwafuwaSpeech.test.ts (6 tests) 5ms
 ✓ src/components/Footer.test.tsx (9 tests) 64ms
 ✓ src/components/island/life/lifePersistenceMessage.test.ts (4 tests) 6ms
 ✓ src/domain/islandLife/shadowMagic.test.ts (3 tests) 8ms
 ✓ src/domain/park/learningContinuation.test.ts (3 tests) 18ms
 ✓ src/components/island/life/canopyMaterialStudy.test.ts (3 tests) 8ms
 ✓ src/components/island/life/stateProjection.test.ts (3 tests) 22ms
 ✓ src/components/island/life/sceneReuse.test.ts (4 tests) 15ms
 ✓ src/domain/math/writtenPlaceValue.test.ts (10 tests) 4ms
 ✓ src/domain/explore/__tests__/rewardPresentation.test.ts (7 tests) 1ms
 ✓ src/components/island/islandGrowthPreview.test.ts (3 tests) 4ms
 ✓ src/components/explore/rapidTrailPresentation.test.ts (4 tests) 3ms
 ✓ src/domain/explore/__tests__/suikaQuantity.test.ts (7 tests) 3ms
 ✓ src/components/island/life/plantMagic.test.ts (2 tests) 6ms
 ✓ src/domain/english/generator.test.ts (4 tests) 1367ms
   ✓ English catalog and choices > every word produces four unique rendered choices (kanji=false) 667ms
   ✓ English catalog and choices > every word produces four unique rendered choices (kanji=true) 695ms
 ✓ src/domain/natureTown/routing.test.ts (3 tests) 97ms
 ✓ src/domain/explore/__tests__/attemptIdentity.test.ts (8 tests) 3ms
 ✓ src/domain/explore/__tests__/rewards.test.ts (5 tests) 3ms
 ✓ src/components/island/life/growthStatus.test.ts (4 tests) 2ms
 ✓ src/components/island/homeJourney/interior.test.ts (5 tests) 869ms
 ✓ src/domain/explore/__tests__/g0MechanicMetrics.test.ts (2 tests) 2ms
 ✓ src/components/island/islandFurnitureTrial.test.ts (5 tests) 10ms
 ✓ src/components/island/life/canopyShoreStudy.test.ts (3 tests) 14ms
 ✓ src/pwaUpdateRecovery.test.ts (3 tests) 6ms
 ✓ src/components/island/life/facilityTrips.test.ts (3 tests) 2728ms
   ✓ continuous held work and captured transport > keeps pokomoko and its prop through collection, real walking and use without changing the feet 966ms
   ✓ continuous held work and captured transport > keeps rabbit and its prop through collection, real walking and use without changing the feet 859ms
   ✓ continuous held work and captured transport > keeps otter and its prop through collection, real walking and use without changing the feet 902ms
 ✓ src/components/island/life/observationCue.test.ts (3 tests) 2ms
 ✓ src/components/island/life/residentShadow.test.ts (3 tests) 704ms
 ✓ tools/island-e2e-helpers.test.mjs (5 tests) 3ms
 ✓ src/components/ikimono/hitokoto.test.ts (5 tests) 2ms
 ✓ tools/learning-unit-report.test.mjs (2 tests) 57ms
 ✓ src/components/island/life/placementWait.test.ts (7 tests) 4ms
 ✓ src/components/ikimono/fuwafuwaAlbumCopy.test.ts (3 tests) 2ms
 ✓ src/components/explore/PokkoVisualLineage.test.tsx (5 tests) 15ms
 ✓ src/components/island/life/plantsWaterGeometry.test.ts (2 tests) 38ms
 ✓ src/components/island/three/homeWalk.test.ts (3 tests) 165ms
 ✓ tools/asset-pipeline/run_batch.test.mjs (4 tests) 3ms
 ✓ src/components/gate/ArithmeticGateAnswerField.test.tsx (2 tests) 11ms
 ✓ src/components/island/islandStarReceiptEligibility.test.ts (3 tests) 2ms
 ✓ src/domain/math/subtractionProgress.test.ts (5 tests) 2ms
 ✓ src/components/island/islandDistrictView.test.ts (5 tests) 3ms
 ✓ src/domain/islandLife/growthIntegration.test.ts (2 tests) 32ms
 ✓ src/domain/explore/__tests__/runStructure.test.ts (3 tests) 1ms
 ✓ src/components/island/IslandWelcome.test.tsx (2 tests) 15ms
 ✓ src/domain/learning/runtimeUnitPractice.test.ts (9 tests) 8ms
 ✓ src/domain/math/numberEntry.test.ts (4 tests) 93ms
 ✓ src/components/island/life/canopyAtmosphereStudy.test.ts (2 tests) 7ms
 ✓ src/components/island/life/residentWalk.test.ts (6 tests) 12ms
 ✓ src/domain/math/sequenceProgress.test.ts (5 tests) 4ms
 ✓ src/domain/math/fractionInput.test.ts (3 tests) 2ms
 ✓ src/domain/learning/reviewBudget.test.ts (7 tests) 2ms
 ✓ src/domain/explore/__tests__/encounterPhase.test.ts (7 tests) 4ms
 ✓ src/components/island/IslandRewards.test.tsx (2 tests) 9ms
 ✓ src/components/island/three/workshopGround.test.ts (1 test) 145ms
 ✓ src/domain/benchmark/coldOpenFixedTen.test.ts (2 tests) 4ms
 ✓ src/components/island/homeJourney/delivery.test.ts (4 tests) 2ms
 ✓ src/hooks/useLearningSessionLease.test.ts (1 test) 10ms
 ✓ src/domain/learning/reviewPolicy.test.ts (5 tests) 4ms
 ✓ src/utils/learningDay.test.ts (5 tests) 15ms
 ✓ src/domain/explore/__tests__/fixedTenBenchmark.test.ts (2 tests) 2ms
 ✓ src/components/island/life/foodScene.test.ts (1 test) 254ms
 ✓ src/domain/explore/__tests__/replay.test.ts (3 tests) 2ms
 ✓ src/components/island/homeJourney/growthReveal.test.ts (4 tests) 5ms
 ✓ src/domain/math/comparisonProgress.test.ts (5 tests) 5ms
 ✓ src/components/domain/answerConfirmGuidance.test.ts (2 tests) 12ms
 ✓ src/components/ikimono/fuwafuwaMilestones.test.ts (4 tests) 3ms
 ✓ src/components/explore/AuthoredEncounterArt.test.tsx (6 tests) 18ms
 ✓ src/components/ui/modalFocus.test.ts (4 tests) 1ms
 ✓ src/domain/islandLife/production.test.ts (2 tests) 35ms
 ✓ src/components/island/life/growthCue.test.ts (3 tests) 2ms
 ✓ src/components/dev/devStudySelection.test.ts (2 tests) 2ms
 ✓ src/components/ikimono/sceneText.test.ts (3 tests) 2ms
 ✓ src/pages/parents/parentAttemptLabel.test.ts (2 tests) 2ms
 ✓ src/components/island/homeJourney/contacts.test.ts (1 test) 3ms
 ✓ src/components/island/life/runtimeAssetSlots.test.ts (2 tests) 1ms
 ✓ src/domain/math/writtenInput.test.ts (3 tests) 4ms
 ✓ tools/build-env.test.mjs (4 tests) 2ms
 ✓ src/domain/island/studyRoute.test.ts (16 tests) 3ms
 ✓ src/components/natureTown/residentPose.test.ts (1 test) 470ms
   ✓ uses committed pickup/dropoff without replaying gestures after movement, expiry or reload 469ms
 ✓ src/components/island/three/sharedCarryRoute.test.ts (2 tests) 4ms
 ✓ src/components/island/IslandExperiencePanel.test.tsx (1 test) 9ms
 ✓ src/components/ikimono/ikimonoMotion.test.ts (3 tests) 3ms
 ✓ src/components/ui/SegmentedControl.test.tsx (1 test) 13ms
 ✓ src/components/domain/PaperTestScoreModal.test.tsx (1 test) 9ms
 ✓ src/components/ui/modalLayerManager.test.ts (2 tests) 2ms
 ✓ src/components/gate/arithmeticGate.test.ts (3 tests) 3ms
 ✓ src/components/LaunchRoute.test.tsx (4 tests) 5ms
 ✓ src/components/explore/MakimodonResearchArt.test.tsx (2 tests) 33ms
 ✓ src/components/home/homeMagicEnergy.test.ts (2 tests) 2ms
 ✓ src/components/island/three/westScenery.test.ts (1 test) 123ms
 ✓ src/domain/island/feature.test.ts (6 tests) 4ms
 ✓ src/domain/island/expansion.test.ts (2 tests) 3ms
 ✓ src/components/island/life/runtimeAssetLod.test.ts (3 tests) 12ms
 ✓ src/components/island/life/homeProps.test.ts (1 test) 6ms
 ✓ src/components/ikimono/NameModal.test.tsx (1 test) 11ms
 ✓ src/components/charts/WeeklyTrendChart.test.ts (2 tests) 1ms
 ✓ src/pages/OnboardingNameStep.test.tsx (2 tests) 14ms
 ✓ src/components/explore/ExploreHud.test.tsx (1 test) 27ms
 ✓ src/components/island/life/decorationGeometry.test.ts (1 test) 10ms
 ✓ src/components/domain/NumberFieldsLayout.test.tsx (4 tests) 12ms
 ✓ src/components/island/islandDirectTargets.test.ts (2 tests) 5ms
 ✓ src/components/ikimono/IkimonoArtwork.test.tsx (2 tests) 16ms
 ✓ src/components/explore/RootPullDiscoveryReveal.test.tsx (1 test) 23ms
 ✓ src/utils/theme.test.ts (4 tests) 2ms
 ✓ src/components/island/life/waterMagic.test.ts (1 test) 3ms
 ✓ src/pages/parents/parentReviewCopy.test.ts (1 test) 3ms
 ✓ src/components/island/IslandProsePrompt.test.tsx (3 tests) 25ms
 ✓ src/components/island/life/startupTiming.test.ts (2 tests) 3ms
 ✓ src/components/explore/PokkoBaseArt.test.tsx (1 test) 11ms
 ✓ src/components/island/homeJourney/scene.test.ts (3 tests) 398ms
 ✓ src/components/explore/exploreAnswerInput.test.ts (3 tests) 1ms
 ✓ src/domain/math/hissanTypes.test.ts (2 tests) 2ms
 ✓ src/components/ui/Button.test.tsx (2 tests) 10ms
 ✓ src/domain/math/deterministicGeneration.test.ts (2 tests) 53ms
 ✓ src/components/island/islandPlayScroll.test.ts (3 tests) 2ms
 ✓ src/components/island/life/rewardCue.test.ts (3 tests) 2ms
 ✓ src/components/explore/DiscoveryPageArt.test.tsx (1 test) 13ms
 ✓ src/pages/Island.startup.test.ts (1 test) 1467ms
   ✓ keeps optional 3D modules behind their lazy render boundaries 1467ms
 ✓ src/pages/StatsCloseAction.test.tsx (2 tests) 7ms
 ✓ src/components/island/three/expressionResidentWalk.test.ts (16 tests) 43958ms
   ✓ explicit expression trial uses the actual feet and a bounded legal walk > leaves the actual mature default bench before otter trial, reduced=false 5771ms
   ✓ explicit expression trial uses the actual feet and a bounded legal walk > leaves the actual mature default bench before rabbit trial, reduced=false 1968ms
   ✓ explicit expression trial uses the actual feet and a bounded legal walk > leaves the actual mature default bench before fox trial, reduced=false 3510ms
   ✓ explicit expression trial uses the actual feet and a bounded legal walk > leaves the actual mature default bench before otter trial, reduced=true 5266ms
   ✓ explicit expression trial uses the actual feet and a bounded legal walk > leaves the actual mature default bench before rabbit trial, reduced=true 1989ms
   ✓ explicit expression trial uses the actual feet and a bounded legal walk > leaves the actual mature default bench before fox trial, reduced=true 3620ms
   ✓ explicit expression trial uses the actual feet and a bounded legal walk > cancellation during preparing restores the same seated rig and stops pending departure 475ms
   ✓ explicit expression trial uses the actual feet and a bounded legal walk > cancellation during departing restores the same seated rig and stops pending departure 2167ms
   ✓ explicit expression trial uses the actual feet and a bounded legal walk > cancellation during walking restores the same seated rig and stops pending departure 1942ms
   ✓ explicit expression trial uses the actual feet and a bounded legal walk > otter, reduced=false: same rig lands and cancels without moving furniture 3568ms
   ✓ explicit expression trial uses the actual feet and a bounded legal walk > rabbit, reduced=false: same rig lands and cancels without moving furniture 2753ms
   ✓ explicit expression trial uses the actual feet and a bounded legal walk > fox, reduced=false: same rig lands and cancels without moving furniture 2739ms
   ✓ explicit expression trial uses the actual feet and a bounded legal walk > otter, reduced=true: same rig lands and cancels without moving furniture 3894ms
   ✓ explicit expression trial uses the actual feet and a bounded legal walk > rabbit, reduced=true: same rig lands and cancels without moving furniture 2656ms
   ✓ explicit expression trial uses the actual feet and a bounded legal walk > fox, reduced=true: same rig lands and cancels without moving furniture 1552ms
stdout | src/domain/islandLife/creditPerformance.test.ts > reuses the persisted prefix for new learning after seven days with identical cold replay
seven-day incremental credit ms 1.3800830000000133
seven-day cold credit ms 8417.29975

 ✓ src/domain/islandLife/creditPerformance.test.ts (3 tests) 21479ms
   ✓ reuses the persisted prefix for new learning after seven days with identical cold replay 21410ms
 ✓ src/components/island/life/identity.test.ts (2 tests) 15833ms
   ✓ keeps every resident mesh, fabric, transform and walking pose identical across C3 and legacy scenery 15569ms

 Test Files  472 passed (472)
      Tests  4218 passed (4218)
   Start at  18:19:57
   Duration  94.52s (transform 8.56s, setup 0ms, collect 153.28s, tests 581.61s, environment 52ms, prepare 18.44s)


> pokko-fushigi-zukan-app@0.0.0 build
> tsc -b && node tools/build-app.mjs && npm run assets:check

vite v7.3.1 building client environment for production...
transforming...
Browserslist: browsers data (caniuse-lite) is 8 months old. Please run:
  npx update-browserslist-db@latest
  Why you should do it regularly: https://github.com/browserslist/update-db#readme
✓ 3833 modules transformed.
Generated an empty chunk: "pdf".
rendering chunks...
computing gzip size...
dist/version.json                                     0.42 kB │ gzip:   0.25 kB
dist/index.html                                       1.58 kB │ gzip:   0.72 kB
dist/assets/town-prop-bench-FdKjOSai.png              9.13 kB
dist/assets/NotoSansJP-C_ziqpoc.woff2                13.06 kB
dist/assets/town-prop-flowers-BOUxk4Bw.png           13.80 kB
dist/assets/town-rabbit-carrying-RfQ1w-aH.png        14.24 kB
dist/assets/town-rabbit-giving-CnJ9JmwQ.png          14.58 kB
dist/assets/town-rabbit-receiving-DUoJoWgV.png       14.72 kB
dist/assets/town-rabbit-idle-Bh01hjGD.png            14.90 kB
dist/assets/catalog-MsWF2Ofo.png                     18.20 kB
dist/assets/town-prop-home-B1P8AAtr.png              19.39 kB
dist/assets/town-prop-tree-Yw3JP1Jo.png              20.27 kB
dist/assets/town-otter-carrying-CNTvBDdk.png         21.45 kB
dist/assets/town-otter-giving-C4wtqVhT.png           21.71 kB
dist/assets/town-otter-receiving-hjH-v6Y1.png        21.99 kB
dist/assets/town-otter-idle-BshfulWh.png             22.12 kB
dist/assets/town-pokomoko-carrying-B6igduKw.png      25.49 kB
dist/assets/town-pokomoko-giving-BOi7RcKv.png        26.51 kB
dist/assets/town-pokomoko-idle-hYR2u8GP.png          26.67 kB
dist/assets/flower-bloom-original-Bhc8ZRS8.png       27.17 kB
dist/assets/town-pokomoko-receiving-CKZT-N1L.png     27.25 kB
dist/assets/pokomoko-original-8wLdjUXI.png           31.15 kB
dist/assets/catalog-C9jTiRjH.png                     32.80 kB
dist/assets/basis_transcoder-o4Hde_L7.js             57.53 kB
dist/assets/far-geometry-Di-gBAev.glb                62.40 kB
dist/assets/far-CbQUffpN.glb                         70.37 kB
dist/assets/far-geometry-C2nCL94K.glb                90.88 kB
dist/assets/far-geometry-DTfZ_trK.glb               127.57 kB
dist/assets/far-iUTsXLLh.glb                        130.80 kB
dist/assets/far-geometry-BV4Tmqez.glb               136.54 kB
dist/assets/far-BNsdfYHM.glb                        147.90 kB
dist/assets/lifeUpdate.worker-BLUMHNRF.js           184.94 kB
dist/assets/near-Bt9PwG61.glb                       209.47 kB
dist/assets/far-geometry-B5GXTTw0.glb               226.28 kB
dist/assets/near-3yaftuce.glb                       293.84 kB
dist/assets/near-B8znkHvM.glb                       306.04 kB
dist/assets/far-Zj6wZqfp.glb                        309.89 kB
dist/assets/far-geometry-CUf7iENq.glb               325.53 kB
dist/assets/near-CuR2H6Uc.glb                       443.91 kB
dist/assets/basis_transcoder-VXdx5NbI.wasm          527.33 kB │ gzip: 247.62 kB
dist/assets/near-CMx7NApC.glb                     1,568.14 kB
dist/assets/near-B3PvBOT3.glb                     1,642.36 kB
dist/assets/near-C_b32qsb.glb                     1,706.40 kB
dist/assets/near-l6ZZxCWq.glb                     1,759.80 kB
dist/assets/near-DoEuBhay.glb                     1,924.85 kB
dist/assets/near-7GK7mDBY.glb                     1,983.43 kB
dist/assets/IslandSharedMemories-CxXlpls3.css         1.54 kB │ gzip:   0.57 kB
dist/assets/IslandFurniture-7NZ9dhCz.css              1.57 kB │ gzip:   0.55 kB
dist/assets/LifeMemories-Cia3-2wk.css                 1.58 kB │ gzip:   0.56 kB
dist/assets/IslandDiscoveryGuide-DpYKYTkf.css         2.05 kB │ gzip:   0.75 kB
dist/assets/IslandWelcome-BJp8Sa-m.css                2.05 kB │ gzip:   0.72 kB
dist/assets/IslandExpression-BAzaKUz5.css             2.18 kB │ gzip:   0.68 kB
dist/assets/life-observation-DvQvywiD.css             2.49 kB │ gzip:   0.83 kB
dist/assets/IslandWorkshop-KxE1cutE.css               4.47 kB │ gzip:   1.24 kB
dist/assets/IslandStage-BctzDSoi.css                  4.83 kB │ gzip:   1.38 kB
dist/assets/IslandExperiencePanel-Cn-0xXmE.css        6.01 kB │ gzip:   1.33 kB
dist/assets/IslandPhotos-Dz-XgAxv.css                 6.54 kB │ gzip:   1.60 kB
dist/assets/IslandCustomization-BKdIHMdQ.css          7.08 kB │ gzip:   1.62 kB
dist/assets/NatureTown-CusrCJWB.css                  12.17 kB │ gzip:   3.48 kB
dist/assets/Explore-C0qQ-HMA.css                     13.06 kB │ gzip:   2.95 kB
dist/assets/Island-DVCPJhVi.css                      27.09 kB │ gzip:   5.16 kB
dist/assets/IslandLife-C2P-I_MF.css                  60.10 kB │ gzip:   9.54 kB
dist/assets/Island-CwIX8hSV.css                      90.51 kB │ gzip:  13.51 kB
dist/assets/index-Dfr6n9LD.css                      250.13 kB │ gzip:  41.65 kB
dist/assets/pdf-l0sNRNKZ.js                           0.00 kB │ gzip:   0.02 kB
dist/assets/random-CfHspBLG.js                        0.30 kB │ gzip:   0.23 kB
dist/assets/utils-B-dksMZM.js                         0.37 kB │ gzip:   0.24 kB
dist/assets/homeJourney-BkBsv3V2.js                   0.95 kB │ gzip:   0.58 kB
dist/assets/IslandWelcome-BSG4iMhA.js                 2.07 kB │ gzip:   1.09 kB
dist/assets/IslandRewardGoal-eaKNqD1Q.js              2.14 kB │ gzip:   0.97 kB
dist/assets/IslandWorkReplay-DIBhS9hG.js              2.44 kB │ gzip:   0.92 kB
dist/assets/footprint-DC4AI8iW.js                     3.37 kB │ gzip:   1.71 kB
dist/assets/IslandOnboarding-CVcGJrqd.js              3.52 kB │ gzip:   1.53 kB
dist/assets/IslandDiscoveryGuide-DNjNiOd3.js          4.11 kB │ gzip:   1.74 kB
dist/assets/IslandFurniture-B1yu23Tw.js               4.70 kB │ gzip:   1.77 kB
dist/assets/scene-FLiThJ8Q.js                         6.34 kB │ gzip:   2.96 kB
dist/assets/geometry-DN5nP1nK.js                      6.63 kB │ gzip:   2.81 kB
dist/assets/IslandStage-F3yY8Itp.js                   6.69 kB │ gzip:   2.72 kB
dist/assets/IslandAlbum-BFUBNVz8.js                   8.50 kB │ gzip:   3.20 kB
dist/assets/LifeObservation-CK9jwZmF.js               8.80 kB │ gzip:   2.98 kB
dist/assets/HomeJourneyPreview-DKzUHncB.js            9.23 kB │ gzip:   4.39 kB
dist/assets/IslandCustomization-DS1SGqHq.js           9.84 kB │ gzip:   3.32 kB
dist/assets/IslandExpression-Berp0BSx.js              9.84 kB │ gzip:   3.25 kB
dist/assets/IslandExperiencePanel-DeCPUZBn.js         9.97 kB │ gzip:   3.05 kB
dist/assets/IslandPhotos-BqzGDNUo.js                 10.09 kB │ gzip:   3.24 kB
dist/assets/LifeMemories-M5WrxuhZ.js                 10.36 kB │ gzip:   3.70 kB
dist/assets/IslandStage-CAdYV5W8.js                  10.44 kB │ gzip:   3.92 kB
dist/assets/IslandSharedMemories-BCIjXfGv.js         11.99 kB │ gzip:   3.60 kB
dist/assets/homeInteriorCamera-bxe9wboZ.js           12.15 kB │ gzip:   4.64 kB
dist/assets/IslandWorkshop-wr4j-OLr.js               12.67 kB │ gzip:   3.60 kB
dist/assets/LifeResidentPortrait-DhCBc2Kn.js         17.87 kB │ gzip:   7.52 kB
dist/assets/repository-CBjEjNCY.js                   23.36 kB │ gzip:   9.39 kB
dist/assets/icons-Dv_gy4wt.js                        28.68 kB │ gzip:  10.53 kB
dist/assets/Stats-CsMUnh9q.js                        28.93 kB │ gzip:   9.69 kB
dist/assets/LifeWorld-syKsGpxX.js                    28.93 kB │ gzip:  10.94 kB
dist/assets/life-observation-CsmLn4e7.js             33.80 kB │ gzip:  12.44 kB
dist/assets/audio-DwtSHwBT.js                        36.13 kB │ gzip:   9.75 kB
dist/assets/residentInterest-DxcJGN6Y.js             40.37 kB │ gzip:  16.00 kB
dist/assets/islandFurniturePlacement-Dc0Sezm0.js     42.09 kB │ gzip:  12.18 kB
dist/assets/react-DcHpdqMy.js                        48.53 kB │ gzip:  17.24 kB
dist/assets/NatureTown-DRd9LsWZ.js                   50.75 kB │ gzip:  17.82 kB
dist/assets/Island-Cn8L2zmE.js                       52.94 kB │ gzip:  16.32 kB
dist/assets/scene-WLTFelZ6.js                        60.09 kB │ gzip:  23.60 kB
dist/assets/IslandLife-B8fCIWtG.js                   60.91 kB │ gzip:  19.87 kB
dist/assets/repository-RV1MXI6P.js                   86.70 kB │ gzip:  24.00 kB
dist/assets/data-CYRvWfdS.js                         96.37 kB │ gzip:  32.45 kB
dist/assets/runtimeAssets-B_bcyswn.js               109.90 kB │ gzip:  40.37 kB
dist/assets/motion-iLBaTeAD.js                      119.65 kB │ gzip:  39.54 kB
dist/assets/Explore-KxfGI5AR.js                     209.52 kB │ gzip:  59.73 kB
dist/assets/Island-CW1CiSUe.js                      228.63 kB │ gzip:  71.22 kB
dist/assets/runtime-B8XUJTLI.js                     333.04 kB │ gzip: 103.85 kB
dist/assets/charts-B2Phfr4C.js                      371.25 kB │ gzip: 108.31 kB
dist/assets/RoundedBoxGeometry-D-fXLbv4.js          629.36 kB │ gzip: 163.77 kB
dist/assets/index-ChMwMqN6.js                       842.28 kB │ gzip: 237.36 kB

(!) Some chunks are larger than 500 kB after minification. Consider:
- Using dynamic import() to code-split the application
- Use build.rollupOptions.output.manualChunks to improve chunking: https://rollupjs.org/configuration-options/#output-manualchunks
- Adjust chunk size limit for this warning via build.chunkSizeWarningLimit.
✓ built in 6.54s

PWA v1.2.0
mode      generateSW
precache  159 entries (4771.17 KiB)
files generated
  dist/sw.js
  dist/workbox-1d305bb8.js

> pokko-fushigi-zukan-app@0.0.0 assets:check
> node tools/check-asset-budget.mjs

PASS assets:check
- PWA precache: 159 unique files, 8.28 MiB / 12.00 MiB
- Explore artwork: 27 production files, 2.97 MiB / 8.00 MiB
- Production-input contract: docs/design only; absent from public and precache
