
> pokko-fushigi-zukan-app@0.0.0 verify:core
> npm run docs:check && npm run lint && npm run typecheck && npm run test:run && npm run build


> pokko-fushigi-zukan-app@0.0.0 docs:check
> node tools/check-docs.mjs

WARN
- docs/tasks/design-refresh-status.md: 次回棚卸し目安 (2026-05-15) is in the past
- docs/tasks/backlog.md: 次回棚卸し目安 (2026-05-15) is in the past
- docs/tasks/ui-fix-tasklist.md: 次回棚卸し目安 (2026-05-15) is in the past
- docs/tasks/active/2026-03-17-v1-core-stabilization-plan.md: Review By (2026-05-15) is in the past
- docs/tasks/active/2026-07-19-root-tangle-observation-morph.md: Review By (2026-07-26) is in the past
- docs/tasks/active/2026-07-21-cold-open-value-loop.md: Review By (2026-07-28) is in the past
- docs/tasks/active/2026-07-23-whole-app-brand-coherence.md: Review By (2026-07-30) is in the past
- docs/tasks/active/2026-09-08-island-experience.md: Review By (2026-09-09) is in the past
PASS docs:check

> pokko-fushigi-zukan-app@0.0.0 lint
> eslint .


/Users/yutogasaki/Projects/sansu/src/components/island/IslandMilestone.tsx
  16:17  warning  Fast refresh only works when a file only exports components. Use a new file to share constants or functions between components  react-refresh/only-export-components

✖ 1 problem (0 errors, 1 warning)


> pokko-fushigi-zukan-app@0.0.0 typecheck
> tsc -b --pretty false


> pokko-fushigi-zukan-app@0.0.0 test:run
> vitest run


 RUN  v2.1.9 /Users/yutogasaki/Projects/sansu

 ✓ src/components/island/three/sharedDisplayScene.test.ts (13 tests) 536ms
 ✓ src/domain/explore/__tests__/persistenceRepository.test.ts (38 tests) 692ms
 ✓ src/domain/explore/__tests__/learningPlannerSegment.test.ts (15 tests) 653ms
 ✓ src/domain/island/expressionRepository.test.ts (11 tests) 1199ms
   ✓ expression ownership with the existing learning and photo stores > earns ordinary stars without materializing expression, acquires separately, reloads and resumes the exact same learning plan 500ms
 ✓ src/domain/island/rewardGoalRepository.test.ts (14 tests) 1370ms
   ✓ reward goals and the real island storage boundary > earns the desired furniture through ordinary learning, preserves photographs and old memories, then resumes the same reservation 600ms
 ✓ src/hooks/useStudySession.logic.test.ts (40 tests) 14ms
 ✓ src/domain/math/generators/counting.test.ts (51 tests) 22ms
 ✓ src/hooks/blockGenerators.test.ts (32 tests) 20ms
 ✓ src/domain/island/sharedMemories.test.ts (14 tests) 61ms
 ✓ src/components/island/three/sharedActivities.test.ts (23 tests) 515ms
 ✓ src/domain/explore/__tests__/reducer.test.ts (29 tests) 18ms
Browserslist: browsers data (caniuse-lite) is 8 months old. Please run:
  npx update-browserslist-db@latest
  Why you should do it regularly: https://github.com/browserslist/update-db#readme
 ✓ src/components/island/three/residentRig.test.ts (38 tests) 3997ms
   ✓ resident local rig and furniture contact > bench supports each resident at the real surface through all rotations 488ms
   ✓ resident local rig and furniture contact > swing supports each resident at the real surface through all rotations 364ms
   ✓ resident local rig and furniture contact > mushroom supports each resident at the real surface through all rotations 373ms
   ✓ resident interest stays a removable layer on the real rig > otter keeps real feet, root, seat and shoulder joints on rotated ordinary objects 1021ms
 ✓ src/domain/island/island.test.ts (19 tests) 3266ms
   ✓ island frozen learning sets > reserves three introductory questions, then six familiar questions, and restores the exact plan 521ms
   ✓ island frozen learning sets > keeps wrong answers on the same problem and assistance sticky without fabricating mastery 529ms
   ✓ island frozen learning sets > supports mixed vocabulary sets and applies vocabulary progression only to independent answers 731ms
   ✓ island frozen learning sets > preserves fraction multi-input and stepwise written arithmetic in complete reserved plans 845ms
 ✓ src/components/island/three/workshopScene.test.ts (22 tests) 601ms
 ✓ tools/expression-audio/audio-analysis.test.mjs (53 tests) 5270ms
   ✓ insect-band classification rejects absent insects and actual wind or water even when made quiet 399ms
   ✓ raw02 loop prefix positions are missing first-pitch evidence, not proof of an overlapping loop 385ms
   ✓ one missing first-pitch sample or final required sample fails without shortening either window 579ms
   ✓ one-sample and wrong-sign native offsets fail instead of choosing a better waveform lag 340ms
   ✓ unknown, nonfinite, fractional and mismatched native metadata fail rather than falling back to signal alignment 308ms
   ✓ real-answer cue history can exceed 256 sources, while the finite source cap still cannot block native playback or close 1028ms
 ✓ src/domain/explore/__tests__/g0NumberVessel.test.ts (13 tests) 8ms
 ✓ src/components/domain/LearningAnswerForm.defer.test.tsx (31 tests) 61ms
 ✓ src/domain/math/planner.test.ts (35 tests) 15ms
 ✓ src/domain/island/workshop.test.ts (14 tests) 93ms
 ✓ src/domain/logic.test.ts (26 tests) 26ms
 ✓ src/components/island/three/livingRuntime.test.ts (18 tests) 1773ms
 ✓ src/components/island/three/sharedJobController.test.ts (23 tests) 3776ms
   ✓ shared work after-render and actual object continuity > borrows the actual hand, lamp and receiver for framing without turning strict camera diagnostics into a save gate 672ms
   ✓ shared work after-render and actual object continuity > revisits the remembered actual target with otter after its display is stored 349ms
 ✓ src/components/island/IslandAnswerForm.test.tsx (38 tests) 648ms
   ✓ Island problem semantic presentation > has a curated equivalent for every symbol actually emitted by the current math generators 522ms
 ✓ src/domain/algorithms/srs.test.ts (60 tests) 12ms
 ✓ src/domain/island/photosRepository.test.ts (11 tests) 907ms
 ✓ src/components/island/useIslandCustomization.test.ts (27 tests) 667ms
 ✓ src/domain/island/learningObservationCommit.test.ts (28 tests) 1396ms
 ✓ src/domain/island/experienceRepository.test.ts (12 tests) 4526ms
   ✓ owned atomic experience persistence > rolls back a failed layout application receipt including all positions, cosmetics and optional expression state 2102ms
   ✓ saved layout application against the current earned world > keeps real later learning/growth, earned new items, spent stars and the saved next plan when restoring an old layout 1957ms
 ✓ src/domain/island/sharedMemoriesRepository.test.ts (9 tests) 1071ms
   ✓ shared memory persistence and learning boundaries > keeps the twelve-item shelf bounded while saving the full thirteenth result, then re-collects it without changing first time/order 347ms
 ✓ src/components/island/islandWorkshopQueue.test.ts (20 tests) 126ms
 ✓ src/domain/island/learningContinuity.test.ts (13 tests) 2717ms
   ✓ island learning continuity > shares review opportunities across 6-question 'math' sets 501ms
   ✓ island learning continuity > shares review opportunities across 3-question 'mix' sets 329ms
   ✓ island learning continuity > does not disguise unselected pending checks as ordinary Due across repeated short sets 605ms
 ✓ src/domain/island/workshopLayout.test.ts (17 tests) 24ms
 ✓ src/components/island/useIslandExperience.test.ts (16 tests) 1273ms
 ✓ src/domain/island/workshopRepository.test.ts (9 tests) 841ms
 ✓ src/domain/island/learningKeepsakesRepository.test.ts (10 tests) 1235ms
   ✓ atomic owned learning keepsakes > earns first and five-section awards through real learning, changes only shelf+receipt, and preserves the same reservation 548ms
 ✓ src/domain/island/customizationRepository.test.ts (16 tests) 903ms
 ✓ src/domain/island/expression.test.ts (16 tests) 22ms
 ✓ src/domain/island/growthRepository.test.ts (11 tests) 2841ms
   ✓ owned atomic living island persistence > aborts growth, snapshot, answer, profile and completion together then saves each once on retry 1838ms
   ✓ owned atomic living island persistence > saves old appearances independently of earned growth and never rewrites album snapshots or user placement 399ms
 ✓ src/components/island/useIslandSharedMemories.test.ts (13 tests) 1369ms
 ✓ src/domain/park/park.test.ts (131 tests) 442ms
 ✓ src/domain/explore/__tests__/learningSegmentPersistence.test.ts (7 tests) 149ms
 ✓ src/components/island/three/residentInteraction.test.ts (21 tests) 331ms
 ✓ src/domain/learning/attemptPersistence.test.ts (24 tests) 877ms
 ✓ src/components/island/three/growthVisuals.test.ts (21 tests) 1404ms
 ✓ src/components/island/useIslandPhotos.test.ts (15 tests) 783ms
 ✓ src/components/island/three/sharedActivityFraming.test.ts (26 tests) 20484ms
   ✓ body identity keeps the actual articulated tail > otter retains tail surfaces in every held pose without borrowing head or arm surfaces 441ms
   ✓ one side view contains the complete shared delivery > 'flower' fits all quarter-turn chair directions and phone/tablet stage shapes 1483ms
   ✓ one side view contains the complete shared delivery > 'star' fits all quarter-turn chair directions and phone/tablet stage shapes 1257ms
   ✓ one side view contains the complete shared delivery > 'bubble' fits all quarter-turn chair directions and phone/tablet stage shapes 1735ms
   ✓ one side view contains the complete shared delivery > scores actual held poses for '624 star spectator' across every phase without touching the live rigs 1312ms
   ✓ one side view contains the complete shared delivery > scores actual held poses for '484 star self-occlusion' across every phase without touching the live rigs 790ms
   ✓ one side view contains the complete shared delivery > scores actual held poses for '484 bubble self-occlusion' across every phase without touching the live rigs 1072ms
   ✓ one side view contains the complete shared delivery > keeps each subject readable in the recorded 0875 'phone star' scene 726ms
   ✓ one side view contains the complete shared delivery > keeps each subject readable in the recorded 0875 'tablet star' scene 574ms
   ✓ one side view contains the complete shared delivery > keeps each subject readable in the recorded 0875 'phone flower' scene 648ms
   ✓ one side view contains the complete shared delivery > keeps each subject readable in the recorded 0875 'tablet flower' scene 516ms
   ✓ one side view contains the complete shared delivery > keeps each subject readable in the recorded 0875 'phone bubble' scene 496ms
   ✓ one side view contains the complete shared delivery > keeps each subject readable in the recorded 0875 'tablet bubble' scene 533ms
   ✓ one side view contains the complete shared delivery > selects a legal fixed presentation for cdc5 phone without inventing readability 657ms
   ✓ one side view contains the complete shared delivery > selects a legal fixed presentation for cdc5 tablet without inventing readability 642ms
   ✓ one side view contains the complete shared delivery > selects a legal fixed presentation for cdc5 obstructed without inventing readability 1697ms
   ✓ recorded 5d7 subjects cannot borrow visibility from later poses > 'phone-flower' preserves a legal readable presentation 588ms
   ✓ recorded 5d7 subjects cannot borrow visibility from later poses > 'phone-star' preserves a legal readable presentation 444ms
   ✓ recorded 5d7 subjects cannot borrow visibility from later poses > 'phone-bubble' preserves a legal readable presentation 644ms
   ✓ recorded 5d7 subjects cannot borrow visibility from later poses > 'tablet-flower' preserves a legal readable presentation 712ms
   ✓ recorded 5d7 subjects cannot borrow visibility from later poses > 'tablet-star' preserves a legal readable presentation 814ms
   ✓ recorded 5d7 subjects cannot borrow visibility from later poses > 'tablet-bubble' preserves a legal readable presentation 1061ms
   ✓ recorded 5d7 subjects cannot borrow visibility from later poses > 'tablet-fox-flower' preserves a legal readable presentation 1468ms
 ✓ src/domain/island/furnitureRepository.test.ts (11 tests) 2504ms
   ✓ atomic optional furniture acquisition > earns stars through ordinary answers, acquires telescope, reloads and resumes the same learning reservation 887ms
   ✓ atomic optional furniture acquisition > earns stars through ordinary answers, acquires hammock, reloads and resumes the same learning reservation 502ms
   ✓ atomic optional furniture acquisition > earns stars through ordinary answers, acquires tea-table, reloads and resumes the same learning reservation 904ms
 ✓ src/domain/user/repository.test.ts (9 tests) 132ms
 ✓ src/components/island/three/navigation.test.ts (19 tests) 323ms
 ✓ src/components/island/three/runtimeExpressionEnvironment.test.ts (10 tests) 13339ms
   ✓ runtime environment/flag ownership boundary > restores occlusion then seasonal materials before appearance and growth rebuild, using the same camera and rig roots 1636ms
   ✓ runtime environment/flag ownership boundary > shows the actual trim even with default identity, reports its actual visibility, and keeps old memories bare 1198ms
   ✓ runtime environment/flag ownership boundary > does not overwrite captured look/flag/environment state or the learning camera when hidden learning receives a saved scene 708ms
   ✓ runtime environment/flag ownership boundary > restores each saved free look on the same three rigs after removing raincoat 627ms
   ✓ runtime environment/flag ownership boundary > restores each saved free look on the same three rigs after removing star-beret 657ms
   ✓ runtime environment/flag ownership boundary > cancels the actual walk and clears live foot marks on learning 1792ms
   ✓ runtime environment/flag ownership boundary > cancels the actual walk and clears live foot marks on exit 2478ms
   ✓ runtime environment/flag ownership boundary > cancels the actual walk and clears live foot marks on selection-change 2223ms
   ✓ runtime environment/flag ownership boundary > does not pass a fresh walk request to the controller while the document is hidden 1144ms
   ✓ runtime environment/flag ownership boundary > releases seasonal clones before the world can dispose their source materials 876ms
 ✓ src/domain/explore/__tests__/problemAdapter.test.ts (38 tests) 102ms
 ✓ src/domain/explore/__tests__/learningPlanner.test.ts (8 tests) 544ms
 ✓ src/domain/explore/__tests__/g0NumberSuika.test.ts (32 tests) 94ms
 ✓ src/domain/island/learningSession.test.ts (10 tests) 1467ms
   ✓ Island answer receipt and the next reserved section > automatically grows after the first three questions, then crosses six questions with zero reward interruptions 357ms
 ✓ src/components/island/three/sharedActivityController.test.ts (20 tests) 3414ms
   ✓ physical sharing lifecycle > flower travels from the source through two actual residents without crossing bodies 403ms
 ✓ src/components/island/useIslandExpression.test.ts (9 tests) 306ms
 ✓ src/domain/test/printability.test.ts (22 tests) 59ms
 ✓ src/domain/island/customizationAppearanceRepository.test.ts (8 tests) 613ms
 ✓ src/hooks/learningProgression.integration.test.ts (12 tests) 10448ms
   ✓ learning progression from real generated questions > reaches 70% promotion through generated normal blocks and persisted answers 9839ms
   ✓ learning progression from real generated questions > holds the old math test range when the persisted 30th answer promotes the main level 353ms
 ✓ src/components/explore/ExploreProblemPanel.test.tsx (16 tests) 153ms
 ✓ src/domain/explore/__tests__/g0Whitebox.test.ts (13 tests) 46ms
 ✓ src/components/island/three/sharedDisplayFraming.test.ts (11 tests) 10810ms
   ✓ shared photo actual scene sightlines > clears the photographed tree at (.20, -.60), π/2 on 'phone' without hiding or relocating it 1886ms
   ✓ shared photo actual scene sightlines > clears the photographed tree at (.20, -.60), π/2 on 'tablet' without hiding or relocating it 1583ms
   ✓ shared photo actual scene sightlines > keeps every actual saved work part readable at aspect 1.1016949152542372 2051ms
   ✓ shared photo actual scene sightlines > keeps every actual saved work part readable at aspect 1.786046511627907 2038ms
   ✓ shared photo actual scene sightlines > uses transformed world geometry and caches a stable near view without repeating rays 1012ms
   ✓ shared photo actual scene sightlines > responds to a real resident entering the chosen sightline and keeps that view when it clears 1004ms
   ✓ shared photo actual scene sightlines > ignores invisible and fully transparent meshes, but reports an opaque enclosure as unreadable 1105ms
 ✓ src/components/island/three/sharedDisplayFrameBoundary.test.ts (5 tests) 6709ms
   ✓ shared job completion releases the display camera > uses the same job candidate for capture, clears it on learning/hidden and returns to the unchanged static display selector 1430ms
   ✓ shared job completion releases the display camera > keeps pending work and clears the actual work parts only after commit and settle at 390px (commit first=false) 1170ms
   ✓ shared job completion releases the display camera > keeps pending work and clears the actual work parts only after commit and settle at 390px (commit first=true) 1392ms
   ✓ shared job completion releases the display camera > keeps pending work and clears the actual work parts only after commit and settle at 768px (commit first=false) 1442ms
   ✓ shared job completion releases the display camera > keeps pending work and clears the actual work parts only after commit and settle at 768px (commit first=true) 1274ms
 ✓ src/domain/island/appearance.test.ts (12 tests) 973ms
   ✓ one wallet, eighteen parts, three completed recipes > charges each component once for every prior-ownership subset, independent of purchase order 873ms
 ✓ src/domain/island/progressiveSupport.test.ts (13 tests) 625ms
 ✓ src/domain/learning/evidence.test.ts (16 tests) 67ms
 ✓ src/domain/island/experience.test.ts (19 tests) 81ms
 ✓ src/domain/island/growth.test.ts (11 tests) 118ms
 ✓ src/components/island/three/runtimeFurnitureClearance.test.ts (5 tests) 23714ms
   ✓ runtime trial preparation waits for actual saved-furniture clearance > keeps the recorded rabbit walking, then resolves and uses the same choice from the real endpoint 6301ms
   ✓ runtime trial preparation waits for actual saved-furniture clearance > starts newly required clearance before trial preparation on the same runtime update 1642ms
   ✓ runtime trial preparation waits for actual saved-furniture clearance > discards the old waiting iterator on learning without moving the rabbit to finish 1369ms
   ✓ runtime trial preparation waits for actual saved-furniture clearance > discards the old waiting iterator on exit without moving the rabbit to finish 2533ms
   ✓ runtime trial preparation waits for actual saved-furniture clearance > discards the old waiting iterator on reselection without moving the rabbit to finish 11866ms
 ✓ src/components/island/three/treeCanopyGeometry.test.ts (10 tests) 2137ms
   ✓ sculpted moon-garden canopy > retains one closed outward surface with finite unit normals and a welded lighting seam 422ms
   ✓ sculpted moon-garden canopy > keeps rooted growth, light contact and yellow dots through an owned-theme round trip 433ms
 ✓ src/components/island/three/optionalFurnitureController.test.ts (37 tests) 25328ms
   ✓ optional tools use the actual bodies and bounded furniture > starts the walk clock only after its first actual rendered frame (reduced=false) 1027ms
   ✓ optional tools use the actual bodies and bounded furniture > cancels a prepared walk without borrowing its render clock for the next invitation 409ms
   ✓ optional tools use the actual bodies and bounded furniture > telescope uses selected otter with visible actual contacts 513ms
   ✓ optional tools use the actual bodies and bounded furniture > telescope uses selected rabbit with visible actual contacts 579ms
   ✓ optional tools use the actual bodies and bounded furniture > telescope uses selected fox with visible actual contacts 454ms
   ✓ optional tools use the actual bodies and bounded furniture > hammock uses selected otter with visible actual contacts 652ms
   ✓ optional tools use the actual bodies and bounded furniture > hammock uses selected rabbit with visible actual contacts 509ms
   ✓ optional tools use the actual bodies and bounded furniture > hammock uses selected fox with visible actual contacts 363ms
   ✓ optional tools use the actual bodies and bounded furniture > tea-table uses selected otter with visible actual contacts 2172ms
   ✓ optional tools use the actual bodies and bounded furniture > tea-table uses selected rabbit with visible actual contacts 1066ms
   ✓ optional tools use the actual bodies and bounded furniture > tea-table uses selected fox with visible actual contacts 1015ms
   ✓ optional tools use the actual bodies and bounded furniture > requires actual rendered contact before transferring the cup 518ms
   ✓ optional tools use the actual bodies and bounded furniture > telescope keeps contact and real framing at rotation 1.5707963267948966 in both motion modes 362ms
   ✓ optional tools use the actual bodies and bounded furniture > telescope keeps contact and real framing at rotation 3.141592653589793 in both motion modes 366ms
   ✓ optional tools use the actual bodies and bounded furniture > telescope keeps contact and real framing at rotation 4.71238898038469 in both motion modes 648ms
   ✓ optional tools use the actual bodies and bounded furniture > hammock keeps contact and real framing at rotation 1.5707963267948966 in both motion modes 676ms
   ✓ optional tools use the actual bodies and bounded furniture > hammock keeps contact and real framing at rotation 3.141592653589793 in both motion modes 592ms
   ✓ optional tools use the actual bodies and bounded furniture > hammock keeps contact and real framing at rotation 4.71238898038469 in both motion modes 730ms
   ✓ optional tools use the actual bodies and bounded furniture > tea-table keeps contact and real framing at rotation 1.5707963267948966 in both motion modes 908ms
   ✓ optional tools use the actual bodies and bounded furniture > tea-table keeps contact and real framing at rotation 3.141592653589793 in both motion modes 905ms
   ✓ optional tools use the actual bodies and bounded furniture > tea-table keeps contact and real framing at rotation 4.71238898038469 in both motion modes 808ms
   ✓ optional tools use the actual bodies and bounded furniture > tea passes one real cup from otter to rabbit with both hands touching 1022ms
   ✓ optional tools use the actual bodies and bounded furniture > tea passes one real cup from otter to fox with both hands touching 975ms
   ✓ optional tools use the actual bodies and bounded furniture > tea passes one real cup from rabbit to otter with both hands touching 754ms
   ✓ optional tools use the actual bodies and bounded furniture > tea passes one real cup from rabbit to fox with both hands touching 852ms
   ✓ optional tools use the actual bodies and bounded furniture > tea passes one real cup from fox to otter with both hands touching 846ms
   ✓ optional tools use the actual bodies and bounded furniture > tea passes one real cup from fox to rabbit with both hands touching 900ms
   ✓ optional tools use the actual bodies and bounded furniture > does not walk through a display covering the destination, and restores a cancelled actor clear of newly placed displays 333ms
   ✓ optional tools use the actual bodies and bounded furniture > routes the actual fox tail around an independent obstacle and the stationary residents 2482ms
   ✓ optional tools use the actual bodies and bounded furniture > telescope cancellation drops a borrowed action without replay or changing owned poses 333ms
   ✓ optional tools use the actual bodies and bounded furniture > tea-table cancellation drops a borrowed action without replay or changing owned poses 347ms
 ✓ src/components/island/three/roofSurface.test.ts (6 tests) 5801ms
   ✓ default roof material prototype > keeps opaque, deterministic broad colors continuous across both texture edges 1022ms
   ✓ default roof material prototype > delivers the mapped face and all four seams through the actual scenery builder without leaking into other styles 3293ms
   ✓ default roof material prototype > restores an actual placement clone before retiring the roof pool on an explicit-style switch 1455ms
 ✓ src/domain/math/numberSenseProgress.test.ts (32 tests) 28ms
 ✓ src/components/island/IslandLearningKeepsakes.test.tsx (15 tests) 324ms
 ✓ src/components/island/useIslandLearningKeepsakes.test.ts (11 tests) 446ms
 ✓ src/components/island/three/appearanceRendering.test.ts (11 tests) 34969ms
   ✓ independently equipped actual island surfaces > maps the biscuit surface onto unchanged level land and retires its shared texture once 2640ms
   ✓ independently equipped actual island surfaces > starry changes each actual slot while retaining every other slot and rooted identity 3538ms
   ✓ independently equipped actual island surfaces > candy changes each actual slot while retaining every other slot and rooted identity 4519ms
   ✓ independently equipped actual island surfaces > crystal changes each actual slot while retaining every other slot and rooted identity 4856ms
   ✓ independently equipped actual island surfaces > resolves the same explicit mix independently of legacy theme history, including accents 2788ms
   ✓ independently equipped actual island surfaces > keeps actual level ground and both bridge decks through three full looks and old restoration 8045ms
   ✓ independently equipped actual island surfaces > only retires changed-slot resources and disposes each visible owned resource once 2257ms
   ✓ independently equipped actual island surfaces > distinguishes hidden expanded bridge meshes from currently visible geometry 1492ms
   ✓ independently equipped actual island surfaces > starry fits its actual distant silhouettes in the chosen overview at each land stage 1715ms
   ✓ independently equipped actual island surfaces > candy fits its actual distant silhouettes in the chosen overview at each land stage 1667ms
   ✓ independently equipped actual island surfaces > crystal fits its actual distant silhouettes in the chosen overview at each land stage 1448ms
 ✓ src/components/island/three/grassSurface.test.ts (9 tests) 1750ms
   ✓ default mint lawn bump surface > keeps the visible cap texture and retires it once on purchase, restore and exit 933ms
 ✓ src/components/island/three/natureObservationFrame.test.ts (22 tests) 62423ms
   ✓ explicit nature observation framing > rejects qualified-03/06 saved phone cameras and a visible but subpixel frontal face (reduced=false) 3379ms
   ✓ explicit nature observation framing > rejects qualified-03/06 saved phone cameras and a visible but subpixel frontal face (reduced=true) 2415ms
   ✓ explicit nature observation framing > separates butterfly in the actual qualified-03 layout from the unchanged rabbit throughout its flight (1.0103626943005182/false) 1316ms
   ✓ explicit nature observation framing > separates butterfly in the actual qualified-03 layout from the unchanged rabbit throughout its flight (1.0103626943005182/true) 1432ms
   ✓ explicit nature observation framing > separates butterfly in the actual qualified-03 layout from the unchanged rabbit throughout its flight (1.6340425531914893/false) 1339ms
   ✓ explicit nature observation framing > separates butterfly in the actual qualified-03 layout from the unchanged rabbit throughout its flight (1.6340425531914893/true) 1215ms
   ✓ explicit nature observation framing > separates ribbon-butterfly in the actual qualified-03 layout from the unchanged rabbit throughout its flight (1.0103626943005182/false) 1394ms
   ✓ explicit nature observation framing > separates ribbon-butterfly in the actual qualified-03 layout from the unchanged rabbit throughout its flight (1.0103626943005182/true) 1566ms
   ✓ explicit nature observation framing > separates ribbon-butterfly in the actual qualified-03 layout from the unchanged rabbit throughout its flight (1.6340425531914893/false) 2459ms
   ✓ explicit nature observation framing > separates ribbon-butterfly in the actual qualified-03 layout from the unchanged rabbit throughout its flight (1.6340425531914893/true) 2223ms
   ✓ explicit nature observation framing > holds a butterfly covered in every candidate and recovers without moving its host or residents 2879ms
   ✓ explicit nature observation framing > shows the actual eyes and beak at the rotated mushroom from qualified-03/06 without moving any model (reduced=false) 7475ms
   ✓ explicit nature observation framing > shows the actual eyes and beak at the rotated mushroom from qualified-03/06 without moving any model (reduced=true) 8506ms
   ✓ explicit nature observation framing > keeps a landed or hovering bird readable at host yaw 0 in a single fixed observation camera 3149ms
   ✓ explicit nature observation framing > keeps a landed or hovering bird readable at host yaw 1.5707963267948966 in a single fixed observation camera 1963ms
   ✓ explicit nature observation framing > keeps a landed or hovering bird readable at host yaw 3.141592653589793 in a single fixed observation camera 1858ms
   ✓ explicit nature observation framing > keeps a landed or hovering bird readable at host yaw -2.356194490192345 in a single fixed observation camera 2269ms
   ✓ explicit nature observation framing > chooses another front angle when real foreground geometry covers the face and never declares a covered face readable 15570ms
 ✓ src/components/island/islandWorkshopAudio.test.ts (12 tests) 318ms
 ✓ src/components/island/three/connectedTerrain.test.ts (10 tests) 51793ms
   ✓ connected terrain exterior > adds a supported central depth only at maturity without repeating the main decorative lobes 314ms
   ✓ connected terrain exterior > returns finite immutable matching rings and caches only plain coordinates 422ms
   ✓ connected terrain exterior > supports every old ellipse and candidate connector on one y=0 cap at level 1 626ms
   ✓ connected terrain exterior > supports every old ellipse and candidate connector on one y=0 cap at level 2 2131ms
   ✓ connected terrain exterior > fills only the nested external layer bands and leaves no shore through the connecting floor 2326ms
   ✓ connected terrain exterior > proves band nesting at every linear breakpoint and actual surface support between the boundaries 4033ms
   ✓ connected terrain exterior > keeps world UVs, slot material identity and borrowed textures across every existing style 41529ms
 ✓ src/components/island/three/cosmeticScenery.test.ts (19 tests) 53513ms
   ✓ owned cosmetic scenery > leaves the moon-garden legacy scene geometry and rooted tree exactly as authored 1445ms
   ✓ owned cosmetic scenery > leaves the starry legacy scene geometry and rooted tree exactly as authored 1157ms
   ✓ owned cosmetic scenery > leaves the candy legacy scene geometry and rooted tree exactly as authored 1321ms
   ✓ owned cosmetic scenery > leaves the crystal legacy scene geometry and rooted tree exactly as authored 1652ms
   ✓ owned cosmetic scenery > changes real canopy silhouettes and house geometry, beyond recoloring 2241ms
   ✓ owned cosmetic scenery > moon-garden preserves true ground, light anchors and growth through every accent 5550ms
   ✓ owned cosmetic scenery > starry preserves true ground, light anchors and growth through every accent 4730ms
   ✓ owned cosmetic scenery > candy preserves true ground, light anchors and growth through every accent 5809ms
   ✓ owned cosmetic scenery > crystal preserves true ground, light anchors and growth through every accent 6764ms
   ✓ owned cosmetic scenery > keeps crystal shore silhouettes clear of all land, bridge, resident and furniture footprints after expansion 1293ms
   ✓ owned cosmetic scenery > disposes each owned geometry, material and texture once without touching resident materials 12402ms
   ✓ owned cosmetic scenery > fits 'moon-garden' theme at grown=false in the same home camera on phone and tablet 1422ms
   ✓ owned cosmetic scenery > fits 'moon-garden' theme at grown=true in the same home camera on phone and tablet 1419ms
   ✓ owned cosmetic scenery > fits 'starry' theme at grown=false in the same home camera on phone and tablet 661ms
   ✓ owned cosmetic scenery > fits 'starry' theme at grown=true in the same home camera on phone and tablet 1506ms
   ✓ owned cosmetic scenery > fits 'candy' theme at grown=false in the same home camera on phone and tablet 602ms
   ✓ owned cosmetic scenery > fits 'candy' theme at grown=true in the same home camera on phone and tablet 1388ms
   ✓ owned cosmetic scenery > fits 'crystal' theme at grown=false in the same home camera on phone and tablet 550ms
   ✓ owned cosmetic scenery > fits 'crystal' theme at grown=true in the same home camera on phone and tablet 1599ms
 ✓ src/domain/math/writtenArithmetic.test.ts (38 tests) 369ms
 ✓ src/domain/learning/independentProgress.integration.test.ts (12 tests) 892ms
 ✓ tools/island-expression-audio-focused-audit.test.mjs (12 tests) 88ms
 ✓ src/domain/island/rewardGoal.test.ts (13 tests) 107ms
 ✓ src/components/island/three/personalScenery.test.ts (11 tests) 4338ms
   ✓ house-mounted personal identity > moon-garden leaves the actual nameplate and roof flag visible from the home camera direction 1498ms
   ✓ house-mounted personal identity > starry leaves the actual nameplate and roof flag visible from the home camera direction 1079ms
   ✓ house-mounted personal identity > candy leaves the actual nameplate and roof flag visible from the home camera direction 868ms
   ✓ house-mounted personal identity > crystal leaves the actual nameplate and roof flag visible from the home camera direction 665ms
 ✓ src/domain/learningRepository.test.ts (14 tests) 61ms
 ✓ src/domain/user/onboarding.test.ts (20 tests) 2157ms
   ✓ explicit first learning setup > starts beyond q_div for both second and sixth graders without inventing answer evidence 354ms
 ✓ src/components/island/three/natureVisuals.test.ts (8 tests) 522ms
 ✓ src/components/island/three/workshopPresentation.test.ts (14 tests) 2452ms
   ✓ borrowing the live world for workshop presentation > keeps 'otter' supported through waiting, walk cancellation and reentry (reduced=false) 418ms
   ✓ borrowing the live world for workshop presentation > walks selected otter outside the board, renders exact hand contact before run, then restores its actual pose 545ms
   ✓ borrowing the live world for workshop presentation > walks selected fox outside the board, renders exact hand contact before run, then restores its actual pose 304ms
 ✓ src/domain/island/learningKeepsakes.test.ts (32 tests) 26ms
 ✓ src/components/island/three/flagFraming.test.ts (7 tests) 15736ms
   ✓ inspection of the actual island flag > keeps identity and trim in front of actual mature house shapes for legacy and independent styles 15491ms
 ✓ src/components/challenge/useChallengeSession.test.tsx (9 tests) 1023ms
   ✓ challenge controller lifecycle > keeps finalization held after unmount until its write settles 325ms
   ✓ challenge controller lifecycle > finalizes once at the monotonic deadline and leaves unanswered problems uncounted 352ms
 ✓ src/domain/island/sceneStyle.test.ts (6 tests) 27ms
 ✓ src/components/island/three/furnitureClearanceController.test.ts (9 tests) 3227ms
   ✓ saved furniture clearance runs physical moves in sequence > moves only the current resident, keeps waiting occupancy, and reaches each preflighted endpoint 362ms
   ✓ saved furniture clearance runs physical moves in sequence > reports a blocked layout without moving anyone or repeatedly issuing captions 406ms
   ✓ saved furniture clearance runs physical moves in sequence > contains the whole current bodies and every future route before the second resident starts 1490ms
 ✓ src/domain/island/learningObservation.test.ts (19 tests) 13ms
 ✓ src/components/island/useIslandRewardGoal.test.ts (11 tests) 534ms
 ✓ src/domain/explore/__tests__/g0ChainShot.test.ts (12 tests) 10ms
 ✓ src/domain/learning/unitPlanning.integration.test.ts (14 tests) 527ms
 ✓ src/components/island/three/residentTail.test.ts (4 tests) 3310ms
   ✓ the same actual tail has a reversible sitting joint > otter: original standing shape, clear backboards and standing borrowed pose 913ms
   ✓ the same actual tail has a reversible sitting joint > rabbit: original standing shape, clear backboards and standing borrowed pose 457ms
   ✓ the same actual tail has a reversible sitting joint > keeps the recorded star handoff visible past the real fox tail in every shared phase 1846ms
 ✓ src/components/island/useIslandFurniture.test.ts (10 tests) 393ms
 ✓ src/domain/challenge/repository.test.ts (14 tests) 1202ms
 ✓ src/components/island/three/runtimePhotography.test.ts (13 tests) 12021ms
   ✓ current-scene photography boundary > renders before encoding without resetting the current actor or camera 1117ms
   ✓ current-scene photography boundary > photographs a real house keepsake in the existing island scene at 390×354 865ms
   ✓ current-scene photography boundary > photographs a real house keepsake in the existing island scene at 768×430 1005ms
   ✓ current-scene photography boundary > cannot render or encode a hidden scene 774ms
   ✓ current-scene photography boundary > cannot render or encode a offscreen scene 1100ms
   ✓ current-scene photography boundary > cannot render or encode a learning scene 818ms
   ✓ current-scene photography boundary > cannot render or encode a lost scene 872ms
   ✓ current-scene photography boundary > cannot render or encode a disposed scene 1036ms
   ✓ current-scene photography boundary > tracks the actual otter and cap before capture without changing its pose 953ms
   ✓ current-scene photography boundary > tracks the actual rabbit and cap before capture without changing its pose 855ms
   ✓ current-scene photography boundary > tracks the actual fox and cap before capture without changing its pose 653ms
   ✓ display photo uses the actual scene before encoding > checks live tree occlusion before a 390×354 capture 1095ms
   ✓ display photo uses the actual scene before encoding > checks live tree occlusion before a 768×430 capture 877ms
 ✓ src/components/island/three/sharedActivityVisuals.test.ts (12 tests) 216ms
 ✓ src/components/island/islandAmbienceAudio.test.ts (11 tests) 236ms
 ✓ src/components/island/useIslandMilestoneNotice.test.ts (15 tests) 10ms
 ✓ src/domain/park/writtenArithmeticIntegration.test.ts (25 tests) 288ms
 ✓ src/components/island/life/useIslandLife.test.ts (12 tests) 800ms
 ✓ src/components/island/three/learningKeepsakeScenery.test.ts (5 tests) 1229ms
   ✓ a finite room for actual learning keepsakes > physically supports thirteen separate trophies and wall-mounts three papers within a bounded static room 932ms
 ✓ src/domain/explore/__tests__/learningSegment.test.ts (20 tests) 8ms
 ✓ src/components/island/three/optionalFurnitureFraming.test.ts (6 tests) 12058ms
   ✓ optional tool close views keep the physical cause visible > keeps the same tea cup and tabletop visible through quaternion-restored handoff at 1.3202856387199153 1533ms
   ✓ optional tool close views keep the physical cause visible > keeps the same tea cup and tabletop visible through quaternion-restored handoff at 2.1429131970179185 923ms
   ✓ optional tool close views keep the physical cause visible > frames the real hammock cloth past the house roof at 1.3220338983050848 4570ms
   ✓ optional tool close views keep the physical cause visible > frames the real hammock cloth past the house roof at 2.0210526315789474 3376ms
   ✓ optional tool close views keep the physical cause visible > keeps the same front-facing selection through a walk and restores every actual pose after camera inspection 1651ms
 ✓ src/domain/explore/__tests__/wagerRun.test.ts (19 tests) 5ms
 ✓ src/components/island/three/sharedJobFraming.test.ts (6 tests) 61335ms
   ✓ actual shared job sightlines > replaces the recorded back view with both actual paws and the same held object at aspect 1.3066202090592334 11746ms
   ✓ actual shared job sightlines > replaces the recorded back view with both actual paws and the same held object at aspect 1.786046511627907 14645ms
   ✓ actual shared job sightlines > improves the lamp view and exposes actual receiver triangles without hiding residual occlusion at aspect 1.3066202090592334 13349ms
   ✓ actual shared job sightlines > improves the lamp view and exposes actual receiver triangles without hiding residual occlusion at aspect 1.786046511627907 13196ms
   ✓ actual shared job sightlines > retains its selected contact angle through moving bounds without full searches or GPU allocations 5094ms
   ✓ actual shared job sightlines > keeps an unreadable view honest and caps reselection during continuous occlusion 3303ms
 ✓ src/components/island/three/optionalFurnitureRuntime.test.ts (8 tests) 3243ms
   ✓ optional furniture runtime boundaries > background/offscreen pause restores the actual rig and drops both deferred commands and the borrowed model 530ms
   ✓ incremental trial preparation uses actual controller preflights > retains a Try during search, executes it once after preparation, and preserves the same pose through fresh UI state objects 388ms
   ✓ incremental trial preparation uses actual controller preflights > drops a queued Try when backgrounded and requires a new invitation after foreground preparation 578ms
   ✓ incremental trial preparation uses actual controller preflights > exit cancels the queued preparation before the old iterator or model can be reused 347ms
   ✓ incremental trial preparation uses actual controller preflights > different-kind cancels the queued preparation before the old iterator or model can be reused 692ms
 ✓ src/components/island/three/residentOutfit.test.ts (13 tests) 2471ms
   ✓ optional attached resident outfits > otter preserves every original mesh, body proportion, fixed scarf and hand/seat/foot anchor through all appearances 780ms
   ✓ optional attached resident outfits > otter keeps caps clear of the front-facing eyes, nose, mouth and both inner ears 309ms
   ✓ optional attached resident outfits > otter bounds every actual optional vertex before its first selection and keeps it close to the original proportions 659ms
 ✓ src/domain/levelProgression.test.ts (10 tests) 1976ms
   ✓ evidence required for level progression > uses the same math evidence in the atomic writer and Study service 1724ms
 ✓ src/domain/island/furniture.test.ts (11 tests) 73ms
 ✓ src/components/island/three/furniture.test.ts (17 tests) 650ms
   ✓ furniture physical contracts > keeps bench geometry, including the strongest life/use pose, within saved placement bounds 315ms
 ✓ src/domain/explore/__tests__/observation.test.ts (11 tests) 4ms
 ✓ src/components/island/three/sceneFraming.test.ts (15 tests) 7233ms
   ✓ frozen learning frame after free play > contains earned shores in matching album cameras and the home view at 390×190, chapter +0 501ms
   ✓ frozen learning frame after free play > contains earned shores in matching album cameras and the home view at 390×190, chapter 1 539ms
   ✓ frozen learning frame after free play > contains earned shores in matching album cameras and the home view at 390×190, chapter 2 830ms
   ✓ frozen learning frame after free play > contains earned shores in matching album cameras and the home view at 390×190, chapter undefined 731ms
   ✓ frozen learning frame after free play > contains earned shores in matching album cameras and the home view at 768×400, chapter 1 590ms
   ✓ frozen learning frame after free play > contains earned shores in matching album cameras and the home view at 768×400, chapter 2 1481ms
   ✓ frozen learning frame after free play > contains earned shores in matching album cameras and the home view at 768×400, chapter undefined 951ms
   ✓ frozen learning frame after free play > fits standing, bench and lantern residents at 390x136 without moving their roots 445ms
 ✓ src/components/island/three/cameraPanFraming.test.ts (12 tests) 2083ms
   ✓ real normal-island runtime framing > keeps the new central floor in the actual pan regions and reachable at 390×380 722ms
   ✓ real normal-island runtime framing > keeps the new central floor in the actual pan regions and reachable at 768×470 344ms
   ✓ real normal-island runtime framing > constrains extreme swipes to the earned world, expansion 2 463ms
 ✓ src/hooks/blockGenerators.progression.test.ts (13 tests) 54ms
 ✓ src/components/island/three/workshopResidentFraming.test.ts (8 tests) 980ms
   ✓ the actual workshop resident contact camera > keeps 'otter', its cap and real source contact visible through layout 'A' 418ms
 ✓ src/components/island/IslandLearningSupport.test.tsx (18 tests) 228ms
 ✓ src/components/island/IslandCustomization.test.tsx (9 tests) 204ms
 ✓ src/components/island/three/terrainProfile.test.ts (9 tests) 2031ms
   ✓ shore garden terrain keeps saved physical land > main keeps old ellipse centers, chords and boundary samples on the exact flat floor 321ms
   ✓ shore garden terrain keeps saved physical land > east keeps old ellipse centers, chords and boundary samples on the exact flat floor 302ms
   ✓ shore garden terrain keeps saved physical land > keeps western physical bridge/props identical while its terrain is not an eastern mirror 713ms
   ✓ shore garden terrain keeps saved physical land > the common envelope contains every actual cap, beach, cliff and shallow vertex under world rotation 388ms
 ✓ src/components/island/three/furnitureClearance.test.ts (9 tests) 715ms
   ✓ saved furniture gives standing residents room to step aside > is deterministic and leaves an enclosed resident blocked without moving its saved furniture 628ms
 ✓ src/domain/learning/pilotRepository.test.ts (6 tests) 322ms
 ✓ src/domain/island/subjectSelection.test.ts (10 tests) 78ms
 ✓ src/components/island/three/islandCameraControls.test.ts (11 tests) 9ms
 ✓ src/components/explore/DiscoveryReveal.test.ts (7 tests) 29ms
 ✓ tools/island-expression-visual-matrix-audit.test.mjs (7 tests) 65ms
 ✓ src/domain/islandLife/activities.test.ts (7 tests) 428ms
 ✓ src/components/island/useIslandLearningObservation.test.ts (10 tests) 44ms
 ✓ src/domain/english/planner.test.ts (14 tests) 17ms
 ✓ src/components/island/three/westNavigation.test.ts (10 tests) 296ms
 ✓ tools/island-reward-goal-audit.test.mjs (9 tests) 32ms
 ✓ src/domain/island/subjectPreference.test.ts (5 tests) 1026ms
   ✓ Island next-section choice persistence > keeps the exact question and learning state, survives reload, is idempotent, and applies to one section only 496ms
 ✓ src/domain/islandLife/simulation.test.ts (11 tests) 531ms
 ✓ src/pwa.test.ts (12 tests) 293ms
 ✓ src/domain/explore/__tests__/runCheckpoint.test.ts (7 tests) 11ms
 ✓ src/pwaUpdateUtils.test.ts (43 tests) 12ms
 ✓ src/domain/test/trigger.test.ts (8 tests) 8ms
 ✓ src/pages/Explore.test.ts (9 tests) 3ms
 ✓ src/components/island/three/sharedActivityOcclusion.test.ts (9 tests) 43ms
 ✓ src/domain/learning/mathCatalog.test.ts (6 tests) 98ms
 ✓ src/domain/island/experienceAppearance.test.ts (5 tests) 18ms
 ✓ src/components/island/three/worldPalette.test.ts (4 tests) 218ms
 ✓ src/components/island/IslandAlbum.test.tsx (4 tests) 51ms
 ✓ src/components/island/islandAlbumPresentation.test.tsx (4 tests) 82ms
 ✓ src/domain/test/paperTestRepository.test.ts (6 tests) 336ms
 ✓ src/components/island/three/geometry.test.ts (8 tests) 3661ms
   ✓ island sculpted geometry > keeps the static scenery and tree within a bounded mesh and triangle budget 3214ms
 ✓ src/components/island/IslandExpression.test.tsx (5 tests) 92ms
 ✓ src/components/island/islandPhotoCapture.test.ts (11 tests) 22ms
 ✓ src/components/explore/ExplorePathChoice.test.tsx (5 tests) 34ms
 ✓ src/components/island/tutorial/useIslandTutorial.test.ts (6 tests) 10ms
 ✓ src/components/island/IslandRewardGoal.test.tsx (7 tests) 193ms
 ✓ src/domain/explore/__tests__/discoveryPage.test.ts (9 tests) 8ms
 ✓ src/components/explore/rootPullPresentation.test.ts (10 tests) 10ms
 ✓ src/domain/learning/unitPractice.test.ts (7 tests) 31ms
 ✓ src/components/island/IslandGrowth.test.tsx (6 tests) 122ms
 ✓ src/domain/math/generators/advanced.test.ts (10 tests) 61ms
 ✓ src/components/island/IslandHomeActions.test.tsx (6 tests) 306ms
 ✓ src/components/island/three/optionalFurnitureTrial.test.ts (8 tests) 104873ms
   ✓ borrowed tools choose an actually usable legal trial location > rechecks the chosen resident using the same borrowed model and retains a usable position on reselection 910ms
   ✓ borrowed tools choose an actually usable legal trial location > uses the new connecting floor for the formerly blocked furniture-03 hammock without moving saved furniture 2334ms
   ✓ borrowed tools choose an actually usable legal trial location > keeps the furniture-02 narrow passage blocked for the actual body, then accepts only a child-requested usable preview 9814ms
   ✓ borrowed tools choose an actually usable legal trial location > drops an old explicit search on movement, lifecycle pause and foreground resume 435ms
   ✓ borrowed tools choose an actually usable legal trial location > telescope preflights every selected resident then retains the same real model through sequential trials 18760ms
   ✓ borrowed tools choose an actually usable legal trial location > hammock preflights every selected resident then retains the same real model through sequential trials 14202ms
   ✓ borrowed tools choose an actually usable legal trial location > tea-table preflights every selected resident then retains the same real model through sequential trials 58241ms
 ✓ src/domain/challenge/engine.test.ts (17 tests) 6973ms
   ✓ challenge source v1 > covers all 45 ordered pairs, balances each block, exhausts bags, and avoids repeated/reversed neighbors 6959ms
 ✓ src/domain/island/pacing.test.ts (5 tests) 103ms
 ✓ src/components/island/three/expressionEnvironment.test.ts (7 tests) 29603ms
   ✓ reversible expression environment on the existing world > moon-garden preserves geometry, growth, ground hits and all original material references through every period/season 7084ms
   ✓ reversible expression environment on the existing world > starry preserves geometry, growth, ground hits and all original material references through every period/season 7190ms
   ✓ reversible expression environment on the existing world > candy preserves geometry, growth, ground hits and all original material references through every period/season 7153ms
   ✓ reversible expression environment on the existing world > crystal preserves geometry, growth, ground hits and all original material references through every period/season 6263ms
   ✓ reversible expression environment on the existing world > reuses same-selection resources, disposes retired clones once, and restores the newest theme after growth/material regeneration 1907ms
 ✓ src/components/island/three/placementOcclusion.test.ts (8 tests) 1544ms
   ✓ editing-only preview visibility > reveals bench behind a resident and restores original materials on cancel 394ms
   ✓ editing-only preview visibility > keeps the real phone-placement tree opaque and fades only obstructing scenery pieces 339ms
 ✓ src/components/island/three/expressionFootTrails.test.ts (3 tests) 815ms
   ✓ foot marks come from actual planted feet > follows real stride contact, keeps 24 fixed slots, expires while idle, and never creates marks from an idle timer 308ms
 ✓ src/components/explore/PaintedEncounterLineage.test.tsx (5 tests) 113ms
 ✓ src/domain/explore/__tests__/encounters.test.ts (7 tests) 14ms
 ✓ src/components/island/IslandExpressionFlag.test.tsx (2 tests) 165ms
 ✓ src/components/domain/PrintableTestPreview.test.tsx (6 tests) 249ms
 ✓ src/domain/explore/__tests__/rapidLoop.test.ts (6 tests) 10ms
 ✓ src/domain/learning/context.test.ts (6 tests) 106ms
 ✓ src/domain/explore/__tests__/rapidLoopEligibility.test.ts (27 tests) 7ms
 ✓ src/components/island/three/expressionResidentVisuals.test.ts (12 tests) 5952ms
   ✓ expressions stay attached to the original residents > otter shows both real patterns with every free/paid outfit while preserving the original face, limbs and contacts 499ms
   ✓ expressions stay attached to the original residents > telescope preserves otter real contacts in raincoat and beret 501ms
   ✓ expressions stay attached to the original residents > telescope preserves rabbit real contacts in raincoat and beret 365ms
   ✓ expressions stay attached to the original residents > telescope preserves fox real contacts in raincoat and beret 476ms
   ✓ expressions stay attached to the original residents > hammock preserves otter real contacts in raincoat and beret 420ms
   ✓ expressions stay attached to the original residents > hammock preserves fox real contacts in raincoat and beret 459ms
   ✓ expressions stay attached to the original residents > tea-table preserves otter real contacts in raincoat and beret 779ms
   ✓ expressions stay attached to the original residents > tea-table preserves rabbit real contacts in raincoat and beret 1149ms
   ✓ expressions stay attached to the original residents > tea-table preserves fox real contacts in raincoat and beret 887ms
 ✓ src/domain/math/studyPresentation.test.ts (9 tests) 11ms
 ✓ src/components/island/islandAlbumMemory.test.ts (7 tests) 20ms
 ✓ src/components/island/three/livingActivities.test.ts (5 tests) 5ms
 ✓ src/components/island/three/homeViewFraming.test.ts (16 tests) 15923ms
   ✓ layout-owned close phone home > enlarges nearby life while retaining both residents and the house, without entering manual camera mode 1310ms
   ✓ layout-owned close phone home > keeps the first deliberate zoom continuous relative to the closer base frame 1099ms
   ✓ layout-owned close phone home > leaves the existing 768x900 framing unchanged 752ms
   ✓ layout-owned close phone home > leaves the existing 1024x600 framing unchanged 1019ms
   ✓ layout-owned close phone home > leaves the existing 390x330 framing unchanged 873ms
   ✓ layout-owned close phone home > does not alter the dedicated or overview frame: {"districtFocus":"all"} 783ms
   ✓ layout-owned close phone home > does not alter the dedicated or overview frame: {"districtFocus":"east"} 827ms
   ✓ layout-owned close phone home > does not alter the dedicated or overview frame: {"districtFocus":"west"} 1015ms
   ✓ layout-owned close phone home > does not alter the dedicated or overview frame: {"photographing":true} 1028ms
   ✓ layout-owned close phone home > does not alter the dedicated or overview frame: {"readOnly":true} 824ms
   ✓ layout-owned close phone home > does not alter the dedicated or overview frame: {"readOnly":true,"comparisonHabitat":"garden"} 821ms
   ✓ layout-owned close phone home > does not alter the dedicated or overview frame: {"learning":true} 902ms
   ✓ layout-owned close phone home > does not alter the dedicated or overview frame: {"preview":{"id":"move","kind":"flower","position":{"x":0,"z":1},"rotation":0}} 859ms
   ✓ layout-owned close phone home > does not alter the dedicated or overview frame: {"playRequest":{"id":"replay","itemId":"flower"}} 1648ms
   ✓ layout-owned close phone home > returns from the whole-island view to the same close home frame 1092ms
   ✓ layout-owned close phone home > lets an automatic shared activity keep its authored camera with manual mode still off 1068ms
 ✓ src/components/island/three/appearanceFraming.test.ts (6 tests) 18708ms
   ✓ appearance viewing uses fixed real-target cameras > keeps the entire central tree in frame with the same matrix for every style and maturity at aspect 1.1016949152542372 7106ms
   ✓ appearance viewing uses fixed real-target cameras > keeps the entire central tree in frame with the same matrix for every style and maturity at aspect 1.786046511627907 6387ms
   ✓ appearance viewing uses fixed real-target cameras > wall, roof and window use one fixed house view without hiding a resident, furniture or display 5121ms
 ✓ src/domain/math/generators/subtraction.test.ts (10 tests) 9ms
 ✓ src/utils/audio.test.ts (8 tests) 46ms
 ✓ src/domain/island/customization.test.ts (20 tests) 22ms
 ✓ src/components/dev/suika/NumberSuikaStage.test.tsx (10 tests) 68ms
 ✓ src/domain/math/answerCompletion.test.ts (13 tests) 727ms
   ✓ immediate answer-cell completion > can fill every generated numeric shape without Enter or knowing the right digits 720ms
 ✓ src/domain/learning/englishCatalog.test.ts (5 tests) 429ms
   ✓ English learning unit inventory > maps all 1,184 saved item IDs exactly once without moving their legacy level 324ms
 ✓ src/components/ikimono/fuwafuwaDailyConversation.test.ts (4 tests) 5ms
 ✓ src/domain/battle/engine.test.ts (10 tests) 8ms
 ✓ src/components/island/life/residentMotion.test.ts (4 tests) 2357ms
   ✓ rendered activity geometry > renders a derived ground walk without requiring a furniture mesh 883ms
   ✓ rendered activity geometry > keeps bodies on their moving seat and disables the motion in reduced mode 633ms
   ✓ rendered activity geometry > returns a happy hop to the same ground and retains the icon without jumping in reduced mode 535ms
   ✓ rendered activity geometry > uses the same reply clock for a rabbit tilt and keeps the reduced pose still 305ms
 ✓ src/components/island/three/learningReaction.test.ts (12 tests) 13ms
 ✓ src/domain/math/generators/addition.test.ts (10 tests) 45ms
 ✓ src/components/island/islandDiscoveryGuide.test.ts (7 tests) 14ms
 ✓ src/components/dev/g0v2/G0MechanicRemixStage.test.tsx (4 tests) 36ms
 ✓ src/domain/island/learningChecks.test.ts (14 tests) 25ms
 ✓ src/domain/island/homeJourney.test.ts (4 tests) 376ms
 ✓ src/domain/islandLife/repository.test.ts (5 tests) 83ms
 ✓ src/components/island/three/islandCameraAnchor.test.ts (4 tests) 6ms
 ✓ src/prototypes/pittari/engine.test.ts (18 tests) 15ms
 ✓ src/components/dev/g0/G0WhiteboxStage.test.tsx (6 tests) 61ms
 ✓ src/components/explore/ReturnSummary.test.tsx (5 tests) 158ms
 ✓ src/domain/island/catalogExpansion.test.ts (3 tests) 12ms
 ✓ src/components/island/three/runtimeExpressionResidents.test.ts (3 tests) 6475ms
   ✓ expression rendering stays optional inside a read-only scene > pause restores the actual resident, clears every live mark and consumes the interrupted request 3019ms
   ✓ expression rendering stays optional inside a read-only scene > changing reduced motion schedules the owned temporary rig instead of resetting it through ordinary updates 1824ms
   ✓ expression rendering stays optional inside a read-only scene > frames the actual read-only trial and releases that camera on learning and exit 1632ms
 ✓ src/domain/math/profileProgress.test.ts (67 tests) 22ms
 ✓ src/components/island/learningGuidance.test.ts (13 tests) 28ms
 ✓ src/domain/math/generators/division.test.ts (5 tests) 43ms
 ✓ tools/island-qualified-audit.test.mjs (12 tests) 68ms
 ✓ src/components/island/life/landscape.test.ts (4 tests) 397ms
 ✓ src/components/island/three/sharedJobActor.test.ts (3 tests) 634ms
 ✓ src/components/island/three/residentInterest.test.ts (11 tests) 22ms
 ✓ src/domain/island/landGeometry.test.ts (4 tests) 125ms
 ✓ src/utils/tts.test.ts (6 tests) 21ms
 ✓ src/domain/english/listening.test.ts (4 tests) 7ms
 ✓ src/domain/test/paperTest.test.ts (4 tests) 6ms
 ✓ src/utils/pdfGenerator.test.ts (5 tests) 7ms
 ✓ src/domain/island/photos.test.ts (3 tests) 19ms
 ✓ src/components/island/learningFeedback.test.ts (7 tests) 84ms
 ✓ src/components/island/IslandMilestone.test.tsx (6 tests) 113ms
 ✓ src/components/domain/answerCompletion.test.tsx (5 tests) 81ms
 ✓ src/components/domain/WrittenArithmeticGrid.test.tsx (4 tests) 42ms
 ✓ src/components/island/three/residentRoaming.test.ts (5 tests) 72ms
 ✓ src/components/island/three/usualPlaceRuntime.test.ts (3 tests) 6ms
 ✓ src/components/island/three/placementPreview.test.ts (3 tests) 262ms
 ✓ src/domain/learning/independentProgress.test.ts (17 tests) 6ms
 ✓ src/components/island/three/sharedActivityContinuity.test.ts (12 tests) 6133ms
   ✓ shared props remain attached while the real resident poses change phase > 'flower' 'left/left' keeps actual holding paws and the prop continuous across every handoff boundary 691ms
   ✓ shared props remain attached while the real resident poses change phase > 'flower' 'left/right' keeps actual holding paws and the prop continuous across every handoff boundary 344ms
   ✓ shared props remain attached while the real resident poses change phase > 'flower' 'right/left' keeps actual holding paws and the prop continuous across every handoff boundary 469ms
   ✓ shared props remain attached while the real resident poses change phase > 'flower' 'right/right' keeps actual holding paws and the prop continuous across every handoff boundary 446ms
   ✓ shared props remain attached while the real resident poses change phase > 'star' 'left/left' keeps actual holding paws and the prop continuous across every handoff boundary 336ms
   ✓ shared props remain attached while the real resident poses change phase > 'star' 'left/right' keeps actual holding paws and the prop continuous across every handoff boundary 534ms
   ✓ shared props remain attached while the real resident poses change phase > 'star' 'right/left' keeps actual holding paws and the prop continuous across every handoff boundary 527ms
   ✓ shared props remain attached while the real resident poses change phase > 'star' 'right/right' keeps actual holding paws and the prop continuous across every handoff boundary 303ms
   ✓ shared props remain attached while the real resident poses change phase > 'bubble' 'left/left' keeps actual holding paws and the prop continuous across every handoff boundary 753ms
   ✓ shared props remain attached while the real resident poses change phase > 'bubble' 'left/right' keeps actual holding paws and the prop continuous across every handoff boundary 598ms
   ✓ shared props remain attached while the real resident poses change phase > 'bubble' 'right/left' keeps actual holding paws and the prop continuous across every handoff boundary 647ms
   ✓ shared props remain attached while the real resident poses change phase > 'bubble' 'right/right' keeps actual holding paws and the prop continuous across every handoff boundary 483ms
 ✓ src/components/explore/snapRootPresentation.test.ts (5 tests) 11ms
 ✓ src/components/explore/RootPullOpeningArt.test.tsx (8 tests) 65ms
 ✓ src/domain/islandLife/roaming.test.ts (4 tests) 4ms
 ✓ src/components/island/islandWorkshopRequest.test.ts (6 tests) 123ms
 ✓ src/domain/stats/repository.test.ts (1 test) 13ms
 ✓ src/components/island/islandCustomizationRequest.test.ts (4 tests) 6ms
 ✓ src/components/island/three/connectedScenery.test.ts (3 tests) 5616ms
   ✓ one connected island across growth and appearance changes > replaces only terrain at unlocks, keeping the home, bridges and texture owner alive 2591ms
   ✓ one connected island across growth and appearance changes > supports all original and connecting floors once at level 1 1386ms
   ✓ one connected island across growth and appearance changes > supports all original and connecting floors once at level 2 1639ms
 ✓ src/domain/explore/__tests__/generator.test.ts (2 tests) 807ms
   ✓ createExploreMap > keeps every generated node reachable across multiple seeds 799ms
 ✓ src/domain/island/navigation.test.ts (12 tests) 2ms
 ✓ src/domain/island/visitors.test.ts (4 tests) 12ms
 ✓ src/components/island/useIslandDiscoveries.test.ts (4 tests) 10ms
 ✓ src/components/island/three/waterSurface.test.ts (6 tests) 13362ms
   ✓ static ocean and shallow-water resources > keeps simultaneous palettes and other slots independent at floor level 0 3230ms
   ✓ static ocean and shallow-water resources > keeps simultaneous palettes and other slots independent at floor level 1 2637ms
   ✓ static ocean and shallow-water resources > keeps simultaneous palettes and other slots independent at floor level 2 3780ms
   ✓ static ocean and shallow-water resources > reuses and retires water resources without textures at floor level 0 1057ms
   ✓ static ocean and shallow-water resources > reuses and retires water resources without textures at floor level 1 1163ms
   ✓ static ocean and shallow-water resources > reuses and retires water resources without textures at floor level 2 1487ms
 ✓ src/components/island/islandExperienceRequest.test.ts (4 tests) 4ms
 ✓ src/components/island/IslandPhotos.test.tsx (5 tests) 76ms
 ✓ src/components/island/three/homePresentation.test.ts (3 tests) 177ms
 ✓ src/components/ikimono/lifecycle.test.ts (5 tests) 12ms
 ✓ src/components/explore/FireflyFlowerEncounterArt.test.tsx (8 tests) 33ms
 ✓ src/domain/stats/aggregation.test.ts (3 tests) 4ms
 ✓ src/domain/park/englishPlanning.test.ts (7 tests) 626ms
 ✓ src/components/explore/MakimodonEncounterArt.test.tsx (8 tests) 53ms
 ✓ src/domain/island/livingSettings.test.ts (4 tests) 9ms
 ✓ src/components/island/three/residentPortraitFraming.test.ts (6 tests) 776ms
   ✓ actual resident outfit portrait > shows otter face, ears and feet at aspect 1.5918367346938775 without changing its pose 406ms
 ✓ src/domain/explore/__tests__/openingExperience.test.ts (5 tests) 2ms
 ✓ src/components/island/three/growthNavigation.test.ts (2 tests) 1048ms
   ✓ automatically grown places support real resident life > keeps all seven anchor objects legal and reachable through the complete chapter 1027ms
 ✓ tools/asset-policy.test.mjs (19 tests) 8ms
 ✓ src/components/island/life/placement.test.ts (3 tests) 1539ms
   ✓ placement preview > keeps a resident on the real seat while a copy is previewed elsewhere 1272ms
 ✓ src/domain/math/generators/fraction.test.ts (6 tests) 4ms
 ✓ src/domain/math/hissanEngine.test.ts (8 tests) 4ms
 ✓ src/components/island/IslandDirectActions.test.tsx (3 tests) 23ms
 ✓ src/domain/math/additionProgress.test.ts (9 tests) 15ms
 ✓ src/components/island/islandExpansionPreview.test.ts (4 tests) 4ms
 ✓ src/domain/island/tutorialState.test.ts (5 tests) 7ms
 ✓ src/domain/islandLife/terminalFacts.test.ts (1 test) 233ms
 ✓ src/components/island/islandCustomizationPreview.test.ts (4 tests) 4ms
 ✓ src/components/island/IslandFurniturePlacement.test.tsx (3 tests) 25ms
 ✓ src/domain/test/testSet.test.ts (3 tests) 68ms
 ✓ src/domain/english/examples.test.ts (3 tests) 204ms
 ✓ src/components/explore/makimodonPresentation.test.ts (4 tests) 3ms
 ✓ src/components/ikimono/fuwafuwaSpeech.test.ts (6 tests) 4ms
 ✓ src/components/island/visualLearningGuidance.test.ts (6 tests) 8ms
 ✓ src/domain/math/writtenPlaceValue.test.ts (10 tests) 7ms
 ✓ src/components/Footer.test.tsx (9 tests) 161ms
 ✓ src/components/island/islandGrowthPreview.test.ts (3 tests) 5ms
 ✓ src/components/explore/ResearchBookStage.test.tsx (3 tests) 48ms
 ✓ src/domain/explore/__tests__/rewardPresentation.test.ts (7 tests) 3ms
 ✓ src/components/island/three/residentFabric.test.ts (3 tests) 4945ms
   ✓ one cloth resident in the shared island > keeps atlas UVs through body/head batching and every articulated hand/foot 4536ms
 ✓ src/components/explore/rapidTrailPresentation.test.ts (4 tests) 5ms
 ✓ src/domain/explore/__tests__/suikaQuantity.test.ts (7 tests) 3ms
 ✓ src/domain/explore/__tests__/attemptIdentity.test.ts (8 tests) 5ms
 ✓ src/domain/explore/__tests__/rewards.test.ts (5 tests) 4ms
 ✓ src/domain/park/learningContinuation.test.ts (3 tests) 52ms
 ✓ src/domain/explore/__tests__/g0MechanicMetrics.test.ts (2 tests) 5ms
 ✓ src/pwaUpdateRecovery.test.ts (3 tests) 6ms
 ✓ src/components/island/islandFurnitureTrial.test.ts (5 tests) 11ms
 ✓ src/components/island/life/observationCue.test.ts (3 tests) 4ms
 ✓ src/components/ikimono/hitokoto.test.ts (5 tests) 4ms
 ✓ src/components/ikimono/fuwafuwaAlbumCopy.test.ts (3 tests) 3ms
 ✓ tools/learning-unit-report.test.mjs (2 tests) 77ms
 ✓ src/domain/english/generator.test.ts (4 tests) 2684ms
   ✓ English catalog and choices > every word produces four unique rendered choices (kanji=false) 1351ms
   ✓ English catalog and choices > every word produces four unique rendered choices (kanji=true) 1330ms
 ✓ src/components/island/homeJourney/interior.test.ts (5 tests) 1652ms
   ✓ the growing home and its real interior > keeps the room and camera within the same basic house at 0 answers 568ms
   ✓ the growing home and its real interior > keeps the room and camera within the same basic house at 9 answers 375ms
   ✓ the growing home and its real interior > keeps the room and camera within the same basic house at 33 answers 407ms
 ✓ src/components/island/three/homeWalk.test.ts (3 tests) 360ms
 ✓ src/components/island/islandStarReceiptEligibility.test.ts (3 tests) 3ms
 ✓ src/domain/math/subtractionProgress.test.ts (5 tests) 8ms
 ✓ src/domain/explore/__tests__/runStructure.test.ts (3 tests) 8ms
 ✓ src/components/island/islandDistrictView.test.ts (5 tests) 4ms
 ✓ src/domain/learning/runtimeUnitPractice.test.ts (9 tests) 12ms
 ✓ src/domain/math/sequenceProgress.test.ts (5 tests) 5ms
 ✓ src/components/island/life/residentWalk.test.ts (6 tests) 23ms
 ✓ src/components/island/IslandWelcome.test.tsx (2 tests) 27ms
 ✓ src/domain/learning/reviewBudget.test.ts (7 tests) 13ms
 ✓ src/domain/explore/__tests__/encounterPhase.test.ts (7 tests) 3ms
 ✓ src/domain/math/fractionInput.test.ts (3 tests) 4ms
 ✓ src/components/explore/PokkoVisualLineage.test.tsx (5 tests) 33ms
 ✓ src/components/island/IslandRewards.test.tsx (2 tests) 24ms
 ✓ src/domain/math/numberEntry.test.ts (4 tests) 317ms
   ✓ keeps every generated decimal answer enterable across the catalog 313ms
 ✓ src/components/island/three/workshopGround.test.ts (1 test) 393ms
   ✓ the actual triangulated workshop sand > matches the final batched sand triangles across the west lane and rejects the old entry 393ms
 ✓ src/domain/benchmark/coldOpenFixedTen.test.ts (2 tests) 5ms
 ✓ src/components/island/homeJourney/delivery.test.ts (4 tests) 5ms
 ✓ src/components/island/homeJourney/growthReveal.test.ts (4 tests) 3ms
 ✓ src/domain/math/comparisonProgress.test.ts (5 tests) 3ms
 ✓ src/hooks/useLearningSessionLease.test.ts (1 test) 10ms
 ✓ src/components/domain/answerConfirmGuidance.test.ts (2 tests) 17ms
 ✓ src/domain/islandLife/production.test.ts (2 tests) 64ms
 ✓ src/components/explore/AuthoredEncounterArt.test.tsx (6 tests) 40ms
 ✓ src/components/ikimono/fuwafuwaMilestones.test.ts (4 tests) 2ms
 ✓ src/components/dev/devStudySelection.test.ts (2 tests) 5ms
 ✓ src/domain/explore/__tests__/fixedTenBenchmark.test.ts (2 tests) 8ms
 ✓ src/components/island/life/growthCue.test.ts (3 tests) 4ms
 ✓ src/domain/explore/__tests__/replay.test.ts (3 tests) 5ms
 ✓ src/components/ikimono/sceneText.test.ts (3 tests) 4ms
 ✓ src/domain/learning/reviewPolicy.test.ts (5 tests) 6ms
 ✓ src/components/island/life/growthStatus.test.ts (3 tests) 52ms
 ✓ src/utils/learningDay.test.ts (5 tests) 8ms
 ✓ src/domain/math/writtenInput.test.ts (3 tests) 3ms
 ✓ src/components/island/homeJourney/contacts.test.ts (1 test) 3ms
 ✓ src/domain/island/studyRoute.test.ts (16 tests) 3ms
 ✓ src/components/ikimono/ikimonoMotion.test.ts (3 tests) 4ms
 ✓ src/components/island/three/sharedCarryRoute.test.ts (2 tests) 4ms
 ✓ src/components/ui/modalLayerManager.test.ts (2 tests) 5ms
 ✓ src/components/home/homeMagicEnergy.test.ts (2 tests) 4ms
 ✓ src/components/gate/arithmeticGate.test.ts (3 tests) 6ms
 ✓ src/components/LaunchRoute.test.tsx (4 tests) 64ms
 ✓ src/domain/island/feature.test.ts (6 tests) 5ms
 ✓ src/components/island/life/identity.test.ts (1 test) 823ms
   ✓ reserves patchwork for Pokomoko and gives the otter natural fur 822ms
 ✓ src/domain/island/expansion.test.ts (2 tests) 4ms
 ✓ src/components/island/three/westScenery.test.ts (1 test) 352ms
   ✓ western island scenery > renders upward-facing land and bridge planks at the western navigation coordinates 350ms
 ✓ src/components/domain/NumberFieldsLayout.test.tsx (4 tests) 32ms
 ✓ src/components/island/islandDirectTargets.test.ts (2 tests) 2ms
 ✓ src/components/ikimono/IkimonoArtwork.test.tsx (2 tests) 45ms
 ✓ src/utils/theme.test.ts (4 tests) 4ms
 ✓ src/components/explore/RootPullDiscoveryReveal.test.tsx (1 test) 26ms
 ✓ src/components/explore/MakimodonResearchArt.test.tsx (2 tests) 33ms
 ✓ src/components/island/IslandProsePrompt.test.tsx (3 tests) 12ms
 ✓ src/domain/math/hissanTypes.test.ts (2 tests) 3ms
 ✓ src/components/explore/PokkoBaseArt.test.tsx (1 test) 17ms
 ✓ src/components/island/life/rewardCue.test.ts (3 tests) 1ms
 ✓ src/components/island/homeJourney/scene.test.ts (3 tests) 627ms
   ✓ home journey authored growth > keeps the same home identity while adding the stage 0 structure 367ms
 ✓ src/components/explore/exploreAnswerInput.test.ts (3 tests) 2ms
 ✓ src/domain/math/deterministicGeneration.test.ts (2 tests) 36ms
 ✓ src/components/explore/DiscoveryPageArt.test.tsx (1 test) 16ms
 ✓ src/components/island/three/homeInteriorCamera.test.ts (11 tests) 78711ms
   ✓ a perspective camera inside the same closed house > places the real room floor above the unchanged exterior foundation at aspect 1.3220338983050848 1276ms
   ✓ a perspective camera inside the same closed house > places the real room floor above the unchanged exterior foundation at aspect 2.0210526315789474 797ms
   ✓ a perspective camera inside the same closed house > encloses the viewport, shows living objects and all sixteen awards at 390×295, actual cottage=false 26646ms
   ✓ a perspective camera inside the same closed house > encloses the viewport, shows living objects and all sixteen awards at 768×380, actual cottage=false 26370ms
   ✓ a perspective camera inside the same closed house > encloses the viewport, shows living objects and all sixteen awards at 390×295, actual cottage=true 16791ms
   ✓ a perspective camera inside the same closed house > encloses the viewport, shows living objects and all sixteen awards at 768×380, actual cottage=true 6249ms
 ✓ src/components/island/three/expressionResidentWalk.test.ts (16 tests) 73320ms
   ✓ explicit expression trial uses the actual feet and a bounded legal walk > leaves the actual mature default bench before otter trial, reduced=false 12190ms
   ✓ explicit expression trial uses the actual feet and a bounded legal walk > leaves the actual mature default bench before rabbit trial, reduced=false 5106ms
   ✓ explicit expression trial uses the actual feet and a bounded legal walk > leaves the actual mature default bench before fox trial, reduced=false 7235ms
   ✓ explicit expression trial uses the actual feet and a bounded legal walk > leaves the actual mature default bench before otter trial, reduced=true 12274ms
   ✓ explicit expression trial uses the actual feet and a bounded legal walk > leaves the actual mature default bench before rabbit trial, reduced=true 5664ms
   ✓ explicit expression trial uses the actual feet and a bounded legal walk > leaves the actual mature default bench before fox trial, reduced=true 7376ms
   ✓ explicit expression trial uses the actual feet and a bounded legal walk > cancellation during preparing restores the same seated rig and stops pending departure 842ms
   ✓ explicit expression trial uses the actual feet and a bounded legal walk > cancellation during departing restores the same seated rig and stops pending departure 3778ms
   ✓ explicit expression trial uses the actual feet and a bounded legal walk > cancellation during walking restores the same seated rig and stops pending departure 3608ms
   ✓ explicit expression trial uses the actual feet and a bounded legal walk > otter, reduced=false: same rig lands and cancels without moving furniture 5941ms
   ✓ explicit expression trial uses the actual feet and a bounded legal walk > rabbit, reduced=false: same rig lands and cancels without moving furniture 1992ms
   ✓ explicit expression trial uses the actual feet and a bounded legal walk > fox, reduced=false: same rig lands and cancels without moving furniture 1773ms
   ✓ explicit expression trial uses the actual feet and a bounded legal walk > otter, reduced=true: same rig lands and cancels without moving furniture 2038ms
   ✓ explicit expression trial uses the actual feet and a bounded legal walk > rabbit, reduced=true: same rig lands and cancels without moving furniture 1805ms
   ✓ explicit expression trial uses the actual feet and a bounded legal walk > fox, reduced=true: same rig lands and cancels without moving furniture 1600ms

 Test Files  348 passed (348)
      Tests  3652 passed (3652)
   Start at  19:55:14
   Duration  147.79s (transform 6.81s, setup 0ms, collect 234.49s, tests 934.99s, environment 120ms, prepare 27.82s)


> pokko-fushigi-zukan-app@0.0.0 build
> tsc -b && vite build && npm run assets:check

vite v7.3.1 building client environment for production...
transforming...
Browserslist: browsers data (caniuse-lite) is 8 months old. Please run:
  npx update-browserslist-db@latest
  Why you should do it regularly: https://github.com/browserslist/update-db#readme
✓ 3620 modules transformed.
Generated an empty chunk: "pdf".
rendering chunks...
computing gzip size...
dist/version.json                                     0.42 kB │ gzip:   0.25 kB
dist/index.html                                       1.58 kB │ gzip:   0.72 kB
dist/assets/NotoSansJP-C_ziqpoc.woff2                13.06 kB
dist/assets/IslandWelcome-BJp8Sa-m.css                2.05 kB │ gzip:   0.72 kB
dist/assets/Island-DyYOUQ1e.css                      28.98 kB │ gzip:   5.63 kB
dist/assets/IslandLife-Bn9mcgHc.css                  32.17 kB │ gzip:   5.29 kB
dist/assets/Island-C9Lfi2K9.css                     101.39 kB │ gzip:  16.08 kB
dist/assets/index-BJRhExpm.css                      240.61 kB │ gzip:  40.97 kB
dist/assets/pdf-l0sNRNKZ.js                           0.00 kB │ gzip:   0.02 kB
dist/assets/repository-oDZWDBo1.js                    0.52 kB │ gzip:   0.34 kB
dist/assets/IslandWelcome-DeYuBdeo.js                 1.94 kB │ gzip:   1.04 kB
dist/assets/IslandOnboarding-_dUsXk_O.js              3.45 kB │ gzip:   1.50 kB
dist/assets/icons-0qlLF7mG.js                        27.08 kB │ gzip:  10.03 kB
dist/assets/audio-DwtSHwBT.js                        36.13 kB │ gzip:   9.75 kB
dist/assets/islandFurniturePlacement-BjyvtD7x.js     42.09 kB │ gzip:  12.16 kB
dist/assets/react-DcHpdqMy.js                        48.53 kB │ gzip:  17.24 kB
dist/assets/IslandLife-C4YbymDA.js                   59.06 kB │ gzip:  22.14 kB
dist/assets/Island-C-YGo8eY.js                       68.13 kB │ gzip:  21.41 kB
dist/assets/data-DHx4MMMe.js                         96.36 kB │ gzip:  32.45 kB
dist/assets/motion-iLBaTeAD.js                      119.65 kB │ gzip:  39.54 kB
dist/assets/Island-CVLXiebd.js                      313.32 kB │ gzip:  92.49 kB
dist/assets/runtime-BkbNAyMk.js                     344.39 kB │ gzip: 107.77 kB
dist/assets/charts-Dqb-tBNT.js                      371.57 kB │ gzip: 108.42 kB
dist/assets/residentInterest-DxIxMNvy.js            634.51 kB │ gzip: 170.33 kB
dist/assets/index-DpffxIvR.js                     1,062.00 kB │ gzip: 298.62 kB

(!) Some chunks are larger than 500 kB after minification. Consider:
- Using dynamic import() to code-split the application
- Use build.rollupOptions.output.manualChunks to improve chunking: https://rollupjs.org/configuration-options/#output-manualchunks
- Adjust chunk size limit for this warning via build.chunkSizeWarningLimit.
✓ built in 5.76s

PWA v1.2.0
mode      generateSW
precache  98 entries (4677.11 KiB)
files generated
  dist/sw.js
  dist/workbox-1d305bb8.js

> pokko-fushigi-zukan-app@0.0.0 assets:check
> node tools/check-asset-budget.mjs

PASS assets:check
- PWA precache: 98 unique files, 10.71 MiB / 12.00 MiB
- Explore artwork: 27 production files, 4.92 MiB / 8.00 MiB
- Production-input contract: docs/design only; absent from public and precache
