
> pokko-fushigi-zukan-app@0.0.0 verify:core
> npm run docs:check && npm run lint && npm run typecheck && npm run test:run && npm run build


> pokko-fushigi-zukan-app@0.0.0 docs:check
> node tools/check-docs.mjs

WARN
- docs/tasks/design-refresh-status.md: 次回棚卸し目安 (2026-05-15) is in the past
- docs/tasks/backlog.md: 次回棚卸し目安 (2026-05-15) is in the past
- docs/tasks/ui-fix-tasklist.md: 次回棚卸し目安 (2026-05-15) is in the past
- docs/tasks/active/2026-03-17-v1-core-stabilization-plan.md: Review By (2026-05-15) is in the past
- docs/tasks/active/2026-07-19-root-tangle-observation-morph.md: Review By (2026-07-26) is in the past
- docs/tasks/active/2026-07-21-cold-open-value-loop.md: Review By (2026-07-28) is in the past
- docs/tasks/active/2026-07-23-whole-app-brand-coherence.md: Review By (2026-07-30) is in the past
PASS docs:check

> pokko-fushigi-zukan-app@0.0.0 lint
> eslint .


/private/tmp/sansu-patchwork-20260908/src/components/island/IslandMilestone.tsx
  17:17  warning  Fast refresh only works when a file only exports components. Use a new file to share constants or functions between components  react-refresh/only-export-components

✖ 1 problem (0 errors, 1 warning)


> pokko-fushigi-zukan-app@0.0.0 typecheck
> tsc -b --pretty false


> pokko-fushigi-zukan-app@0.0.0 test:run
> vitest run


 RUN  v2.1.9 /private/tmp/sansu-patchwork-20260908

 ✓ src/domain/math/generators/counting.test.ts (51 tests) 21ms
 ✓ src/components/island/three/sharedActivities.test.ts (23 tests) 705ms
 ✓ src/hooks/useStudySession.logic.test.ts (40 tests) 24ms
 ✓ src/domain/explore/__tests__/reducer.test.ts (29 tests) 27ms
 ✓ src/hooks/blockGenerators.test.ts (32 tests) 20ms
 ✓ src/domain/explore/__tests__/g0NumberVessel.test.ts (13 tests) 8ms
 ✓ src/domain/explore/__tests__/persistenceRepository.test.ts (38 tests) 679ms
 ✓ src/domain/explore/__tests__/learningPlannerSegment.test.ts (15 tests) 763ms
 ✓ src/domain/math/planner.test.ts (35 tests) 29ms
 ✓ src/domain/algorithms/srs.test.ts (60 tests) 11ms
 ✓ src/domain/logic.test.ts (26 tests) 9ms
Browserslist: browsers data (caniuse-lite) is 8 months old. Please run:
  npx update-browserslist-db@latest
  Why you should do it regularly: https://github.com/browserslist/update-db#readme
 ✓ src/components/island/IslandAnswerForm.test.tsx (38 tests) 484ms
   ✓ Island problem semantic presentation > has a curated equivalent for every symbol actually emitted by the current math generators 381ms
 ✓ src/domain/explore/__tests__/learningSegmentPersistence.test.ts (7 tests) 133ms
 ✓ src/domain/park/park.test.ts (131 tests) 279ms
 ✓ src/components/island/three/residentRig.test.ts (38 tests) 4465ms
   ✓ resident local rig and furniture contact > bench supports each resident at the real surface through all rotations 525ms
   ✓ resident local rig and furniture contact > swing supports each resident at the real surface through all rotations 432ms
   ✓ resident local rig and furniture contact > mushroom supports each resident at the real surface through all rotations 413ms
   ✓ resident interest stays a removable layer on the real rig > otter keeps real feet, root, seat and shoulder joints on rotated ordinary objects 858ms
 ✓ src/domain/island/learningObservationCommit.test.ts (28 tests) 1333ms
 ✓ src/domain/island/island.test.ts (19 tests) 2961ms
   ✓ island frozen learning sets > reserves three introductory questions, then six familiar questions, and restores the exact plan 859ms
   ✓ island frozen learning sets > keeps wrong answers on the same problem and assistance sticky without fabricating mastery 487ms
   ✓ island frozen learning sets > supports mixed vocabulary sets and applies vocabulary progression only to independent answers 732ms
   ✓ island frozen learning sets > preserves fraction multi-input and stepwise written arithmetic in complete reserved plans 586ms
 ✓ src/domain/learning/attemptPersistence.test.ts (24 tests) 531ms
 ✓ src/domain/explore/__tests__/g0NumberSuika.test.ts (32 tests) 57ms
 ✓ src/components/island/three/growthVisuals.test.ts (17 tests) 745ms
 ✓ src/domain/explore/__tests__/learningPlanner.test.ts (8 tests) 252ms
 ✓ src/domain/explore/__tests__/problemAdapter.test.ts (38 tests) 39ms
 ✓ src/domain/explore/__tests__/g0Whitebox.test.ts (13 tests) 12ms
 ✓ src/domain/test/printability.test.ts (22 tests) 9ms
 ✓ src/domain/island/learningContinuity.test.ts (13 tests) 2580ms
   ✓ island learning continuity > shares review opportunities across 6-question 'math' sets 430ms
   ✓ island learning continuity > shares review opportunities across 3-question 'math' sets 311ms
   ✓ island learning continuity > shares review opportunities across 3-question 'mix' sets 349ms
   ✓ island learning continuity > does not disguise unselected pending checks as ordinary Due across repeated short sets 631ms
 ✓ src/domain/learning/evidence.test.ts (16 tests) 63ms
 ✓ src/domain/math/numberSenseProgress.test.ts (32 tests) 8ms
 ✓ src/components/island/three/navigation.test.ts (17 tests) 38ms
 ✓ src/domain/island/learningSession.test.ts (10 tests) 1192ms
 ✓ src/components/island/three/sharedActivityController.test.ts (20 tests) 2392ms
   ✓ physical sharing lifecycle > flower travels from the source through two actual residents without crossing bodies 319ms
 ✓ src/components/explore/ExploreProblemPanel.test.tsx (16 tests) 52ms
 ✓ src/domain/user/repository.test.ts (9 tests) 5ms
 ✓ src/components/island/three/residentInteraction.test.ts (16 tests) 86ms
 ✓ src/domain/island/growthRepository.test.ts (9 tests) 833ms
 ✓ src/domain/learningRepository.test.ts (14 tests) 17ms
 ✓ src/domain/island/progressiveSupport.test.ts (13 tests) 550ms
 ✓ src/domain/explore/__tests__/g0ChainShot.test.ts (12 tests) 7ms
 ✓ src/domain/island/learningObservation.test.ts (19 tests) 4ms
 ✓ src/domain/math/writtenArithmetic.test.ts (36 tests) 163ms
 ✓ src/components/island/three/sharedActivityVisuals.test.ts (12 tests) 155ms
 ✓ src/components/island/three/livingRuntime.test.ts (12 tests) 781ms
 ✓ src/components/island/three/furnitureClearanceController.test.ts (9 tests) 1772ms
   ✓ saved furniture clearance runs physical moves in sequence > contains the whole current bodies and every future route before the second resident starts 951ms
 ✓ src/domain/explore/__tests__/wagerRun.test.ts (19 tests) 9ms
 ✓ src/domain/learning/unitPlanning.integration.test.ts (14 tests) 507ms
 ✓ src/domain/learning/independentProgress.integration.test.ts (6 tests) 240ms
 ✓ src/components/island/three/furniture.test.ts (14 tests) 199ms
 ✓ src/domain/explore/__tests__/observation.test.ts (11 tests) 4ms
 ✓ src/domain/explore/__tests__/learningSegment.test.ts (20 tests) 4ms
 ✓ src/domain/park/writtenArithmeticIntegration.test.ts (25 tests) 228ms
 ✓ src/domain/user/onboarding.test.ts (11 tests) 324ms
 ✓ src/domain/island/growth.test.ts (7 tests) 39ms
 ✓ src/hooks/blockGenerators.progression.test.ts (13 tests) 34ms
 ✓ src/domain/levelProgression.test.ts (10 tests) 865ms
   ✓ evidence required for level progression > uses the same math evidence in the atomic writer and Study service 752ms
 ✓ src/components/island/three/sceneFraming.test.ts (9 tests) 1061ms
 ✓ src/components/island/three/furnitureClearance.test.ts (9 tests) 350ms
   ✓ saved furniture gives standing residents room to step aside > is deterministic and leaves an enclosed resident blocked without moving its saved furniture 303ms
 ✓ src/domain/island/subjectSelection.test.ts (10 tests) 25ms
 ✓ src/domain/learning/pilotRepository.test.ts (6 tests) 242ms
 ✓ src/domain/english/planner.test.ts (14 tests) 14ms
 ✓ src/components/island/useIslandLearningObservation.test.ts (10 tests) 7ms
 ✓ src/pwaUpdateUtils.test.ts (43 tests) 5ms
 ✓ src/components/explore/DiscoveryReveal.test.ts (7 tests) 30ms
 ✓ src/domain/test/trigger.test.ts (8 tests) 7ms
 ✓ src/components/island/three/sharedActivityOcclusion.test.ts (9 tests) 10ms
 ✓ src/domain/explore/__tests__/runCheckpoint.test.ts (7 tests) 4ms
 ✓ src/components/island/three/worldPalette.test.ts (4 tests) 87ms
 ✓ src/domain/island/subjectPreference.test.ts (5 tests) 532ms
 ✓ src/domain/explore/__tests__/discoveryPage.test.ts (9 tests) 4ms
 ✓ src/components/island/IslandLearningSupport.test.tsx (17 tests) 158ms
 ✓ src/components/explore/rootPullPresentation.test.ts (10 tests) 7ms
 ✓ src/domain/learning/mathCatalog.test.ts (6 tests) 30ms
 ✓ src/components/island/three/westNavigation.test.ts (9 tests) 30ms
 ✓ src/domain/learning/unitPractice.test.ts (7 tests) 24ms
 ✓ src/domain/math/generators/advanced.test.ts (10 tests) 15ms
 ✓ src/pages/Explore.test.ts (9 tests) 6ms
 ✓ src/components/explore/ExplorePathChoice.test.tsx (5 tests) 24ms
 ✓ src/domain/test/paperTestRepository.test.ts (6 tests) 183ms
 ✓ src/components/island/three/geometry.test.ts (8 tests) 1659ms
   ✓ island sculpted geometry > keeps the static scenery and tree within a bounded mesh and triangle budget 1554ms
 ✓ src/components/island/three/placementOcclusion.test.ts (8 tests) 796ms
 ✓ src/domain/explore/__tests__/rapidLoopEligibility.test.ts (27 tests) 8ms
 ✓ src/components/domain/PrintableTestPreview.test.tsx (6 tests) 66ms
 ✓ src/components/island/IslandAlbum.test.tsx (3 tests) 33ms
 ✓ src/domain/math/generators/subtraction.test.ts (10 tests) 7ms
 ✓ src/domain/explore/__tests__/encounters.test.ts (7 tests) 5ms
 ✓ src/components/dev/suika/NumberSuikaStage.test.tsx (10 tests) 22ms
 ✓ src/domain/learning/englishCatalog.test.ts (5 tests) 97ms
 ✓ src/domain/explore/__tests__/rapidLoop.test.ts (6 tests) 6ms
 ✓ src/components/ikimono/fuwafuwaDailyConversation.test.ts (4 tests) 4ms
 ✓ src/components/explore/PaintedEncounterLineage.test.tsx (5 tests) 27ms
 ✓ src/components/island/three/learningReaction.test.ts (12 tests) 3ms
 ✓ src/domain/learning/context.test.ts (6 tests) 31ms
 ✓ src/domain/math/generators/addition.test.ts (10 tests) 7ms
 ✓ src/components/dev/g0v2/G0MechanicRemixStage.test.tsx (4 tests) 34ms
 ✓ src/components/island/three/livingActivities.test.ts (5 tests) 4ms
 ✓ src/domain/battle/engine.test.ts (10 tests) 12ms
 ✓ src/prototypes/pittari/engine.test.ts (18 tests) 12ms
 ✓ src/components/dev/g0/G0WhiteboxStage.test.tsx (6 tests) 13ms
 ✓ src/hooks/learningProgression.integration.test.ts (12 tests) 11074ms
   ✓ learning progression from real generated questions > reaches 70% promotion through generated normal blocks and persisted answers 10311ms
   ✓ learning progression from real generated questions > holds the old math test range when the persisted 30th answer promotes the main level 485ms
 ✓ src/components/park/sceneGeometry.test.ts (5 tests) 14ms
 ✓ src/domain/island/learningChecks.test.ts (14 tests) 9ms
 ✓ src/components/island/islandAlbumMemory.test.ts (5 tests) 5ms
 ✓ src/components/park/three/choreography.test.ts (6 tests) 17ms
 ✓ src/domain/math/generators/division.test.ts (5 tests) 22ms
 ✓ src/components/island/IslandGrowth.test.tsx (4 tests) 32ms
 ✓ src/components/island/three/residentInterest.test.ts (11 tests) 10ms
 ✓ src/utils/tts.test.ts (6 tests) 5ms
 ✓ src/domain/test/paperTest.test.ts (4 tests) 3ms
 ✓ src/utils/pdfGenerator.test.ts (5 tests) 7ms
 ✓ src/components/island/three/placementPreview.test.ts (3 tests) 49ms
 ✓ src/components/explore/snapRootPresentation.test.ts (5 tests) 3ms
 ✓ src/domain/learning/independentProgress.test.ts (17 tests) 3ms
 ✓ src/components/explore/RootPullOpeningArt.test.tsx (8 tests) 16ms
 ✓ src/components/explore/ReturnSummary.test.tsx (5 tests) 93ms
 ✓ src/domain/math/profileProgress.test.ts (67 tests) 66ms
 ✓ src/components/explore/FireflyFlowerEncounterArt.test.tsx (8 tests) 12ms
 ✓ src/domain/explore/__tests__/generator.test.ts (2 tests) 481ms
   ✓ createExploreMap > keeps every generated node reachable across multiple seeds 465ms
 ✓ src/components/ikimono/lifecycle.test.ts (5 tests) 5ms
 ✓ src/components/island/learningFeedback.test.ts (6 tests) 4ms
 ✓ src/components/explore/MakimodonEncounterArt.test.tsx (8 tests) 30ms
 ✓ src/domain/stats/repository.test.ts (1 test) 13ms
 ✓ src/domain/explore/__tests__/openingExperience.test.ts (5 tests) 3ms
 ✓ tools/asset-policy.test.mjs (19 tests) 5ms
 ✓ src/domain/math/generators/fraction.test.ts (6 tests) 5ms
 ✓ src/domain/stats/aggregation.test.ts (3 tests) 5ms
 ✓ src/components/island/useIslandDiscoveries.test.ts (4 tests) 9ms
 ✓ src/domain/math/hissanEngine.test.ts (8 tests) 3ms
 ❯ src/components/island/three/sharedActivityFraming.test.ts (23 tests | 2 failed) 18725ms
   × one side view contains the complete shared delivery > 'flower' fits all quarter-turn chair directions and phone/tablet stage shapes 755ms
     → expected -4.699999999999999 to be greater than or equal to -1e-10
   ✓ one side view contains the complete shared delivery > 'star' fits all quarter-turn chair directions and phone/tablet stage shapes 1855ms
   × one side view contains the complete shared delivery > 'bubble' fits all quarter-turn chair directions and phone/tablet stage shapes 341ms
     → expected -4.699999999999999 to be greater than or equal to -1e-10
   ✓ one side view contains the complete shared delivery > scores actual held poses for '624 star spectator' across every phase without touching the live rigs 844ms
   ✓ one side view contains the complete shared delivery > scores actual held poses for '484 star self-occlusion' across every phase without touching the live rigs 622ms
   ✓ one side view contains the complete shared delivery > scores actual held poses for '484 bubble self-occlusion' across every phase without touching the live rigs 1368ms
   ✓ one side view contains the complete shared delivery > keeps each subject readable in the recorded 0875 'phone star' scene 863ms
   ✓ one side view contains the complete shared delivery > keeps each subject readable in the recorded 0875 'tablet star' scene 733ms
   ✓ one side view contains the complete shared delivery > keeps each subject readable in the recorded 0875 'phone flower' scene 503ms
   ✓ one side view contains the complete shared delivery > keeps each subject readable in the recorded 0875 'tablet flower' scene 646ms
   ✓ one side view contains the complete shared delivery > keeps each subject readable in the recorded 0875 'phone bubble' scene 572ms
   ✓ one side view contains the complete shared delivery > keeps each subject readable in the recorded 0875 'tablet bubble' scene 572ms
   ✓ one side view contains the complete shared delivery > selects a legal fixed presentation for cdc5 phone without inventing readability 1002ms
   ✓ one side view contains the complete shared delivery > selects a legal fixed presentation for cdc5 tablet without inventing readability 984ms
   ✓ one side view contains the complete shared delivery > selects a legal fixed presentation for cdc5 obstructed without inventing readability 1722ms
   ✓ recorded 5d7 subjects cannot borrow visibility from later poses > 'phone-flower' preserves a legal readable presentation 598ms
   ✓ recorded 5d7 subjects cannot borrow visibility from later poses > 'phone-star' preserves a legal readable presentation 431ms
   ✓ recorded 5d7 subjects cannot borrow visibility from later poses > 'phone-bubble' preserves a legal readable presentation 681ms
   ✓ recorded 5d7 subjects cannot borrow visibility from later poses > 'tablet-flower' preserves a legal readable presentation 592ms
   ✓ recorded 5d7 subjects cannot borrow visibility from later poses > 'tablet-star' preserves a legal readable presentation 415ms
   ✓ recorded 5d7 subjects cannot borrow visibility from later poses > 'tablet-bubble' preserves a legal readable presentation 698ms
   ✓ recorded 5d7 subjects cannot borrow visibility from later poses > 'tablet-fox-flower' preserves a legal readable presentation 1924ms
 ✓ src/domain/math/additionProgress.test.ts (9 tests) 2ms
 ✓ src/components/island/three/growthNavigation.test.ts (2 tests) 503ms
   ✓ automatically grown places support real resident life > keeps all seven anchor objects legal and reachable through the complete chapter 410ms
 ✓ src/components/explore/makimodonPresentation.test.ts (4 tests) 3ms
 ✓ src/components/ikimono/fuwafuwaSpeech.test.ts (6 tests) 5ms
 ✓ src/domain/park/englishPlanning.test.ts (7 tests) 493ms
 ✓ src/domain/explore/__tests__/rewardPresentation.test.ts (7 tests) 2ms
 ✓ src/components/explore/rapidTrailPresentation.test.ts (4 tests) 3ms
 ✓ src/domain/explore/__tests__/suikaQuantity.test.ts (7 tests) 4ms
 ✓ src/domain/explore/__tests__/attemptIdentity.test.ts (8 tests) 5ms
 ✓ src/components/island/IslandMilestone.test.tsx (4 tests) 21ms
 ✓ src/components/island/three/sharedActivityContinuity.test.ts (12 tests) 3872ms
   ✓ shared props remain attached while the real resident poses change phase > 'flower' 'left/left' keeps actual holding paws and the prop continuous across every handoff boundary 360ms
   ✓ shared props remain attached while the real resident poses change phase > 'flower' 'right/left' keeps actual holding paws and the prop continuous across every handoff boundary 302ms
   ✓ shared props remain attached while the real resident poses change phase > 'star' 'left/left' keeps actual holding paws and the prop continuous across every handoff boundary 380ms
   ✓ shared props remain attached while the real resident poses change phase > 'star' 'left/right' keeps actual holding paws and the prop continuous across every handoff boundary 331ms
   ✓ shared props remain attached while the real resident poses change phase > 'star' 'right/left' keeps actual holding paws and the prop continuous across every handoff boundary 332ms
   ✓ shared props remain attached while the real resident poses change phase > 'bubble' 'left/left' keeps actual holding paws and the prop continuous across every handoff boundary 345ms
   ✓ shared props remain attached while the real resident poses change phase > 'bubble' 'left/right' keeps actual holding paws and the prop continuous across every handoff boundary 477ms
   ✓ shared props remain attached while the real resident poses change phase > 'bubble' 'right/left' keeps actual holding paws and the prop continuous across every handoff boundary 402ms
 ✓ src/domain/explore/__tests__/rewards.test.ts (5 tests) 4ms
 ✓ src/domain/test/testSet.test.ts (3 tests) 59ms
 ✓ src/domain/explore/__tests__/g0MechanicMetrics.test.ts (2 tests) 4ms
 ✓ src/components/domain/WrittenArithmeticGrid.test.tsx (3 tests) 10ms
 ✓ src/components/ikimono/hitokoto.test.ts (5 tests) 13ms
 ✓ src/components/ikimono/fuwafuwaAlbumCopy.test.ts (3 tests) 3ms
 ✓ src/domain/math/subtractionProgress.test.ts (5 tests) 3ms
 ✓ src/domain/explore/__tests__/runStructure.test.ts (3 tests) 1ms
 ✓ tools/learning-unit-report.test.mjs (2 tests) 98ms
 ✓ src/domain/learning/runtimeUnitPractice.test.ts (9 tests) 8ms
 ✓ src/components/island/learningGuidance.test.ts (3 tests) 4ms
 ✓ src/domain/park/learningContinuation.test.ts (3 tests) 24ms
 ✓ src/components/island/IslandWelcome.test.tsx (2 tests) 9ms
 ✓ src/domain/math/sequenceProgress.test.ts (5 tests) 2ms
 ✓ src/domain/learning/reviewBudget.test.ts (7 tests) 4ms
 ✓ src/components/explore/ResearchBookStage.test.tsx (3 tests) 15ms
 ✓ src/domain/explore/__tests__/encounterPhase.test.ts (7 tests) 1ms
 ✓ src/domain/benchmark/coldOpenFixedTen.test.ts (2 tests) 3ms
 ✓ src/domain/math/comparisonProgress.test.ts (5 tests) 2ms
 ✓ src/domain/english/generator.test.ts (4 tests) 1848ms
   ✓ English catalog and choices > every word produces four unique rendered choices (kanji=false) 937ms
   ✓ English catalog and choices > every word produces four unique rendered choices (kanji=true) 909ms
 ✓ src/components/island/three/residentFabric.test.ts (3 tests) 3620ms
   ✓ one cloth resident in the shared island > keeps atlas UVs through body/head batching and every articulated hand/foot 3450ms
 ✓ src/components/ikimono/fuwafuwaMilestones.test.ts (4 tests) 2ms
 ✓ src/components/explore/PokkoVisualLineage.test.tsx (5 tests) 18ms
 ✓ src/components/explore/AuthoredEncounterArt.test.tsx (6 tests) 23ms
 ✓ src/components/dev/devStudySelection.test.ts (2 tests) 4ms
 ✓ src/domain/island/studyRoute.test.ts (16 tests) 2ms
 ✓ src/components/ikimono/sceneText.test.ts (3 tests) 1ms
 ✓ src/components/ikimono/ikimonoMotion.test.ts (3 tests) 3ms
 ✓ src/components/ui/modalLayerManager.test.ts (2 tests) 2ms
 ✓ src/components/gate/arithmeticGate.test.ts (3 tests) 4ms
 ✓ src/components/home/homeMagicEnergy.test.ts (2 tests) 2ms
 ✓ src/components/island/three/westScenery.test.ts (1 test) 153ms
 ✓ src/domain/island/feature.test.ts (6 tests) 3ms
 ✓ src/domain/explore/__tests__/fixedTenBenchmark.test.ts (2 tests) 18ms
 ✓ src/domain/learning/reviewPolicy.test.ts (5 tests) 21ms
 ✓ src/utils/theme.test.ts (4 tests) 4ms
 ✓ src/utils/learningDay.test.ts (5 tests) 16ms
 ✓ src/components/ikimono/IkimonoArtwork.test.tsx (2 tests) 16ms
 ✓ src/components/explore/RootPullDiscoveryReveal.test.tsx (1 test) 19ms
 ✓ src/domain/explore/__tests__/replay.test.ts (3 tests) 2ms
 ✓ src/domain/math/hissanTypes.test.ts (2 tests) 3ms
 ✓ src/components/explore/PokkoBaseArt.test.tsx (1 test) 10ms
 ✓ src/components/explore/MakimodonResearchArt.test.tsx (2 tests) 13ms
 ✓ src/components/explore/exploreAnswerInput.test.ts (3 tests) 1ms
 ✓ src/domain/math/deterministicGeneration.test.ts (2 tests) 22ms
 ✓ src/components/explore/DiscoveryPageArt.test.tsx (1 test) 9ms

⎯⎯⎯⎯⎯⎯⎯ Failed Tests 2 ⎯⎯⎯⎯⎯⎯⎯

 FAIL  src/components/island/three/sharedActivityFraming.test.ts > one side view contains the complete shared delivery > 'flower' fits all quarter-turn chair directions and phone/tablet stage shapes
 FAIL  src/components/island/three/sharedActivityFraming.test.ts > one side view contains the complete shared delivery > 'bubble' fits all quarter-turn chair directions and phone/tablet stage shapes
AssertionError: expected -4.699999999999999 to be greater than or equal to -1e-10
 ❯ src/components/island/three/sharedActivityFraming.test.ts:85:77
     83|                     const horizontal = new THREE.Vector3(0, 0, 1).appl…
     84|                     expect(Math.abs(horizontal.dot(front))).toBeLessTh…
     85|                     expect(horizontal.dot(new THREE.Vector3(4.7, 0, 13…
       |                                                                             ^
     86|                     const elevation = new THREE.Vector3(0, 0, 1).apply…
     87|                     expect(elevation.y / Math.hypot(elevation.x, eleva…

⎯⎯⎯⎯⎯⎯⎯⎯⎯⎯⎯⎯⎯⎯⎯⎯⎯⎯⎯⎯⎯⎯⎯⎯[1/2]⎯

 Test Files  1 failed | 182 passed (183)
      Tests  2 failed | 2129 passed (2131)
   Start at  13:49:21
   Duration  23.55s (transform 4.17s, setup 0ms, collect 98.09s, tests 74.20s, environment 23ms, prepare 8.61s)

