
 RUN  v2.1.9 /private/tmp/sansu-patchwork-20260908

stdout | src/components/island/three/sharedActivityFraming.test.ts > one side view contains the complete shared delivery > 'flower' fits all quarter-turn chair directions and phone/tablet stage shapes
{
  kind: 'flower',
  rotation: 0,
  sign: 1,
  bodySeparationPx: 82.42219481781504,
  minimum: 1,
  total: 1,
  preference: 0.06712080594683634
}
{
  kind: 'flower',
  rotation: 0,
  sign: -1,
  bodySeparationPx: 82.42219481781504,
  minimum: 1,
  total: 1,
  preference: 0.13287919405316367
}
{
  kind: 'flower',
  rotation: 0,
  sign: 1,
  bodySeparationPx: 53.04326272610514,
  minimum: 1,
  total: 1,
  preference: 0.06712080594683634
}
{
  kind: 'flower',
  rotation: 0,
  sign: -1,
  bodySeparationPx: 60.604592371432545,
  minimum: 1,
  total: 1,
  preference: 0.13287919405316367
}

stdout | src/components/island/three/sharedActivityFraming.test.ts > one side view contains the complete shared delivery > 'star' fits all quarter-turn chair directions and phone/tablet stage shapes
{
  kind: 'star',
  rotation: 0,
  sign: 1,
  bodySeparationPx: 82.55761206338227,
  minimum: 1,
  total: 1,
  preference: 0.06712080594683634
}
{
  kind: 'star',
  rotation: 0,
  sign: -1,
  bodySeparationPx: 82.55761206338227,
  minimum: 1,
  total: 1,
  preference: 0.13287919405316367
}
{
  kind: 'star',
  rotation: 0,
  sign: 1,
  bodySeparationPx: 51.5110308443947,
  minimum: 1,
  total: 1,
  preference: 0.06712080594683634
}
{
  kind: 'star',
  rotation: 0,
  sign: -1,
  bodySeparationPx: 58.84498535649885,
  minimum: 1,
  total: 1,
  preference: 0.13287919405316367
}
{
  kind: 'star',
  rotation: 1.5707963267948966,
  sign: 1,
  bodySeparationPx: 82.55761206338227,
  minimum: 1,
  total: 1,
  preference: 0.005559761762189497
}
{
  kind: 'star',
  rotation: 1.5707963267948966,
  sign: -1,
  bodySeparationPx: 82.55761206338227,
  minimum: 1,
  total: 1,
  preference: 0.1944402382378105
}
{
  kind: 'star',
  rotation: 1.5707963267948966,
  sign: 1,
  bodySeparationPx: 58.844985356498874,
  minimum: 1,
  total: 1,
  preference: 0.005559761762189497
}
{
  kind: 'star',
  rotation: 1.5707963267948966,
  sign: -1,
  bodySeparationPx: 51.51103084439469,
  minimum: 1,
  total: 1,
  preference: 0.1944402382378105
}
{
  kind: 'star',
  rotation: 3.141592653589793,
  sign: 1,
  bodySeparationPx: 82.55761206338227,
  minimum: 1,
  total: 1,
  preference: 0.06712080594683634
}
{
  kind: 'star',
  rotation: 3.141592653589793,
  sign: -1,
  bodySeparationPx: 82.55761206338227,
  minimum: 1,
  total: 1,
  preference: 0.13287919405316367
}
{
  kind: 'star',
  rotation: 3.141592653589793,
  sign: 1,
  bodySeparationPx: 58.84498535649888,
  minimum: 1,
  total: 1,
  preference: 0.06712080594683634
}
{
  kind: 'star',
  rotation: 3.141592653589793,
  sign: -1,
  bodySeparationPx: 51.5110308443947,
  minimum: 1,
  total: 1,
  preference: 0.13287919405316367
}
{
  kind: 'star',
  rotation: 4.71238898038469,
  sign: 1,
  bodySeparationPx: 82.55761206338227,
  minimum: 1,
  total: 1,
  preference: 0.005559761762189508
}
{
  kind: 'star',
  rotation: 4.71238898038469,
  sign: -1,
  bodySeparationPx: 82.55761206338227,
  minimum: 1,
  total: 1,
  preference: 0.1944402382378105
}
{
  kind: 'star',
  rotation: 4.71238898038469,
  sign: 1,
  bodySeparationPx: 51.51103084439469,
  minimum: 1,
  total: 1,
  preference: 0.005559761762189508
}
{
  kind: 'star',
  rotation: 4.71238898038469,
  sign: -1,
  bodySeparationPx: 58.844985356498874,
  minimum: 1,
  total: 1,
  preference: 0.1944402382378105
}

stdout | src/components/island/three/sharedActivityFraming.test.ts > one side view contains the complete shared delivery > 'bubble' fits all quarter-turn chair directions and phone/tablet stage shapes
{
  kind: 'bubble',
  rotation: 0,
  sign: 1,
  bodySeparationPx: 82.42219481781504,
  minimum: 1,
  total: 1,
  preference: 0.06712080594683634
}
{
  kind: 'bubble',
  rotation: 0,
  sign: -1,
  bodySeparationPx: 82.42219481781504,
  minimum: 1,
  total: 1,
  preference: 0.13287919405316367
}
{
  kind: 'bubble',
  rotation: 0,
  sign: 1,
  bodySeparationPx: 53.04326272610514,
  minimum: 1,
  total: 1,
  preference: 0.06712080594683634
}
{
  kind: 'bubble',
  rotation: 0,
  sign: -1,
  bodySeparationPx: 60.604592371432545,
  minimum: 1,
  total: 1,
  preference: 0.13287919405316367
}

 ❯ src/components/island/three/sharedActivityFraming.test.ts (23 tests | 2 failed | 20 skipped) 2176ms
   × one side view contains the complete shared delivery > 'flower' fits all quarter-turn chair directions and phone/tablet stage shapes 448ms
     → expected -4.699999999999999 to be greater than or equal to -1e-10
   ✓ one side view contains the complete shared delivery > 'star' fits all quarter-turn chair directions and phone/tablet stage shapes 1564ms
   × one side view contains the complete shared delivery > 'bubble' fits all quarter-turn chair directions and phone/tablet stage shapes 163ms
     → expected -4.699999999999999 to be greater than or equal to -1e-10

⎯⎯⎯⎯⎯⎯⎯ Failed Tests 2 ⎯⎯⎯⎯⎯⎯⎯

 FAIL  src/components/island/three/sharedActivityFraming.test.ts > one side view contains the complete shared delivery > 'flower' fits all quarter-turn chair directions and phone/tablet stage shapes
 FAIL  src/components/island/three/sharedActivityFraming.test.ts > one side view contains the complete shared delivery > 'bubble' fits all quarter-turn chair directions and phone/tablet stage shapes
AssertionError: expected -4.699999999999999 to be greater than or equal to -1e-10
 ❯ src/components/island/three/sharedActivityFraming.test.ts:85:77
     83|                     const horizontal = new THREE.Vector3(0, 0, 1).appl…
     84|                     expect(Math.abs(horizontal.dot(front))).toBeLessTh…
     85|                     expect(horizontal.dot(new THREE.Vector3(4.7, 0, 13…
       |                                                                             ^
     86|                     const elevation = new THREE.Vector3(0, 0, 1).apply…
     87|                     expect(elevation.y / Math.hypot(elevation.x, eleva…

⎯⎯⎯⎯⎯⎯⎯⎯⎯⎯⎯⎯⎯⎯⎯⎯⎯⎯⎯⎯⎯⎯⎯⎯[1/2]⎯

 Test Files  1 failed (1)
      Tests  2 failed | 1 passed | 20 skipped (23)
   Start at  13:51:41
   Duration  3.21s (transform 274ms, setup 0ms, collect 415ms, tests 2.18s, environment 0ms, prepare 74ms)

