
> pokko-fushigi-zukan-app@0.0.0 build
> tsc -b && node tools/build-app.mjs && npm run assets:check

vite v7.3.1 building client environment for production...
transforming...
Browserslist: browsers data (caniuse-lite) is 8 months old. Please run:
  npx update-browserslist-db@latest
  Why you should do it regularly: https://github.com/browserslist/update-db#readme
✓ 3853 modules transformed.
Generated an empty chunk: "pdf".
rendering chunks...
computing gzip size...
dist/version.json                                      0.53 kB │ gzip:   0.30 kB
dist/index.html                                        1.58 kB │ gzip:   0.72 kB
dist/assets/town-prop-bench-FdKjOSai.png               9.13 kB
dist/assets/NotoSansJP-C_ziqpoc.woff2                 13.06 kB
dist/assets/town-prop-flowers-BOUxk4Bw.png            13.80 kB
dist/assets/town-rabbit-carrying-RfQ1w-aH.png         14.24 kB
dist/assets/town-rabbit-giving-CnJ9JmwQ.png           14.58 kB
dist/assets/town-rabbit-receiving-DUoJoWgV.png        14.72 kB
dist/assets/town-rabbit-idle-Bh01hjGD.png             14.90 kB
dist/assets/catalog-MsWF2Ofo.png                      18.20 kB
dist/assets/town-prop-home-B1P8AAtr.png               19.39 kB
dist/assets/town-prop-tree-Yw3JP1Jo.png               20.27 kB
dist/assets/town-otter-carrying-CNTvBDdk.png          21.45 kB
dist/assets/town-otter-giving-C4wtqVhT.png            21.71 kB
dist/assets/town-otter-receiving-hjH-v6Y1.png         21.99 kB
dist/assets/town-otter-idle-BshfulWh.png              22.12 kB
dist/assets/town-pokomoko-carrying-B6igduKw.png       25.49 kB
dist/assets/town-pokomoko-giving-BOi7RcKv.png         26.51 kB
dist/assets/town-pokomoko-idle-hYR2u8GP.png           26.67 kB
dist/assets/flower-bloom-original-Bhc8ZRS8.png        27.17 kB
dist/assets/town-pokomoko-receiving-CKZT-N1L.png      27.25 kB
dist/assets/pokomoko-original-8wLdjUXI.png            31.15 kB
dist/assets/catalog-C9jTiRjH.png                      32.80 kB
dist/assets/dela-gothic-one-tzEOUe9y.woff2            39.87 kB
dist/assets/zen-maru-gothic-black-DnteofP1.woff2      51.44 kB
dist/assets/basis_transcoder-o4Hde_L7.js              57.53 kB
dist/assets/far-geometry-Di-gBAev.glb                 62.40 kB
dist/assets/pokomoko-learning-poses-B-Jfr41M.webp     70.07 kB
dist/assets/far-CbQUffpN.glb                          70.37 kB
dist/assets/far-geometry-C2nCL94K.glb                 90.88 kB
dist/assets/far-geometry-DTfZ_trK.glb                127.57 kB
dist/assets/far-iUTsXLLh.glb                         130.80 kB
dist/assets/far-geometry-BV4Tmqez.glb                136.54 kB
dist/assets/far-BNsdfYHM.glb                         147.90 kB
dist/assets/lifeUpdate.worker-CM27oivT.js            189.06 kB
dist/assets/near-Bt9PwG61.glb                        209.47 kB
dist/assets/far-geometry-B5GXTTw0.glb                226.28 kB
dist/assets/near-3yaftuce.glb                        293.84 kB
dist/assets/near-B8znkHvM.glb                        306.04 kB
dist/assets/far-Zj6wZqfp.glb                         309.89 kB
dist/assets/far-geometry-CUf7iENq.glb                325.53 kB
dist/assets/near-CuR2H6Uc.glb                        443.91 kB
dist/assets/basis_transcoder-VXdx5NbI.wasm           527.33 kB │ gzip: 247.62 kB
dist/assets/near-CMx7NApC.glb                      1,568.14 kB
dist/assets/near-B3PvBOT3.glb                      1,642.36 kB
dist/assets/near-C_b32qsb.glb                      1,706.40 kB
dist/assets/near-l6ZZxCWq.glb                      1,759.80 kB
dist/assets/near-DoEuBhay.glb                      1,924.85 kB
dist/assets/near-7GK7mDBY.glb                      1,983.43 kB
dist/assets/IslandSharedMemories-CxXlpls3.css          1.54 kB │ gzip:   0.57 kB
dist/assets/IslandFurniture-7NZ9dhCz.css               1.57 kB │ gzip:   0.55 kB
dist/assets/LifeMemories-Cia3-2wk.css                  1.58 kB │ gzip:   0.56 kB
dist/assets/IslandDiscoveryGuide-DpYKYTkf.css          2.05 kB │ gzip:   0.75 kB
dist/assets/IslandWelcome-BJp8Sa-m.css                 2.05 kB │ gzip:   0.72 kB
dist/assets/IslandExpression-BAzaKUz5.css              2.18 kB │ gzip:   0.68 kB
dist/assets/life-observation-DvQvywiD.css              2.49 kB │ gzip:   0.83 kB
dist/assets/IslandWorkshop-KxE1cutE.css                4.47 kB │ gzip:   1.24 kB
dist/assets/IslandStage-BctzDSoi.css                   4.83 kB │ gzip:   1.38 kB
dist/assets/IslandExperiencePanel-Cn-0xXmE.css         6.01 kB │ gzip:   1.33 kB
dist/assets/IslandPhotos-Dz-XgAxv.css                  6.54 kB │ gzip:   1.60 kB
dist/assets/IslandCustomization-BKdIHMdQ.css           7.08 kB │ gzip:   1.62 kB
dist/assets/NatureTown-CusrCJWB.css                   12.17 kB │ gzip:   3.48 kB
dist/assets/Explore-C0qQ-HMA.css                      13.06 kB │ gzip:   2.95 kB
dist/assets/fantasy-DwjcEg9C.css                      13.29 kB │ gzip:   3.01 kB
dist/assets/Island-DVCPJhVi.css                       27.09 kB │ gzip:   5.16 kB
dist/assets/IslandLife-BUQUXQcT.css                   48.05 kB │ gzip:   7.68 kB
dist/assets/Island--8yAcwj_.css                      124.88 kB │ gzip:  17.71 kB
dist/assets/index-BjaW6z7G.css                       250.73 kB │ gzip:  41.74 kB
dist/assets/pdf-l0sNRNKZ.js                            0.00 kB │ gzip:   0.02 kB
dist/assets/random-CfHspBLG.js                         0.30 kB │ gzip:   0.23 kB
dist/assets/utils-B-dksMZM.js                          0.37 kB │ gzip:   0.24 kB
dist/assets/homeJourney-BkBsv3V2.js                    0.95 kB │ gzip:   0.58 kB
dist/assets/LifeHouseExterior-DvZ0tyF2.js              1.25 kB │ gzip:   0.74 kB
dist/assets/IslandWelcome-D1a2ibN9.js                  2.07 kB │ gzip:   1.10 kB
dist/assets/IslandRewardGoal-BsoahwHR.js               2.14 kB │ gzip:   0.97 kB
dist/assets/LifeResidentPortrait-DD7z-xNB.js           2.33 kB │ gzip:   1.28 kB
dist/assets/IslandWorkReplay-BWLWxSNd.js               2.44 kB │ gzip:   0.92 kB
dist/assets/footprint-Dmjybz7N.js                      3.32 kB │ gzip:   1.69 kB
dist/assets/IslandOnboarding-Ch80G9zy.js               3.52 kB │ gzip:   1.53 kB
dist/assets/IslandDiscoveryGuide-ClSalJkR.js           4.11 kB │ gzip:   1.73 kB
dist/assets/IslandFurniture-A2lEiy_2.js                4.70 kB │ gzip:   1.77 kB
dist/assets/scene-DFL4aIlX.js                          6.34 kB │ gzip:   2.96 kB
dist/assets/geometry-84K3wZiO.js                       6.63 kB │ gzip:   2.81 kB
dist/assets/IslandStage-CQNJpCAj.js                    6.69 kB │ gzip:   2.72 kB
dist/assets/IslandAlbum-BNYXM9vN.js                    8.50 kB │ gzip:   3.20 kB
dist/assets/LifeObservation-Ck2rb7Kc.js                8.86 kB │ gzip:   3.01 kB
dist/assets/HomeJourneyPreview-CbI5ZTHt.js             9.23 kB │ gzip:   4.39 kB
dist/assets/IslandCustomization-BhgxaIrd.js            9.84 kB │ gzip:   3.32 kB
dist/assets/IslandExpression-CBkl40gk.js               9.84 kB │ gzip:   3.25 kB
dist/assets/PokomokoLearningActor-CuGVqKK_.js          9.91 kB │ gzip:   4.43 kB
dist/assets/IslandExperiencePanel-DrNibTzR.js          9.97 kB │ gzip:   3.05 kB
dist/assets/IslandPhotos-DORQL8Ex.js                  10.09 kB │ gzip:   3.25 kB
dist/assets/LifeMemories-Bma02y-C.js                  10.43 kB │ gzip:   3.73 kB
dist/assets/IslandStage-D-rHB2Si.js                   10.43 kB │ gzip:   3.91 kB
dist/assets/itemGeometry-e9CFOK3j.js                  10.84 kB │ gzip:   4.44 kB
dist/assets/fantasy-D7sJFugl.js                       10.97 kB │ gzip:   4.06 kB
dist/assets/IslandSharedMemories-B30E3daM.js          11.99 kB │ gzip:   3.60 kB
dist/assets/homeInteriorCamera-D3gQKdWa.js            12.15 kB │ gzip:   4.64 kB
dist/assets/IslandWorkshop-B5t-A1gn.js                12.67 kB │ gzip:   3.60 kB
dist/assets/repository-dl4vDNOK.js                    23.36 kB │ gzip:   9.40 kB
dist/assets/Stats-CNrUGnI3.js                         28.93 kB │ gzip:   9.69 kB
dist/assets/LifeWorld-BibFobDD.js                     29.08 kB │ gzip:  11.01 kB
dist/assets/icons-BNwr5zv6.js                         29.67 kB │ gzip:  10.82 kB
dist/assets/life-observation-v2XqbMkS.js              33.79 kB │ gzip:  12.44 kB
dist/assets/audio-DwtSHwBT.js                         36.13 kB │ gzip:   9.75 kB
dist/assets/scenery-CnAvv7Ts.js                       40.37 kB │ gzip:  15.98 kB
dist/assets/islandFurniturePlacement-DSTxW9E8.js      42.09 kB │ gzip:  12.18 kB
dist/assets/react-DcHpdqMy.js                         48.53 kB │ gzip:  17.24 kB
dist/assets/NatureTown-RkSEwlON.js                    50.78 kB │ gzip:  17.83 kB
dist/assets/IslandLife-eC4un6KH.js                    52.80 kB │ gzip:  17.34 kB
dist/assets/Island-DK7horuD.js                        52.94 kB │ gzip:  16.32 kB
dist/assets/waterMagic-CdJls4dv.js                    64.60 kB │ gzip:  25.02 kB
dist/assets/repository-DYukcoP4.js                    90.73 kB │ gzip:  24.92 kB
dist/assets/data-CYRvWfdS.js                          96.37 kB │ gzip:  32.45 kB
dist/assets/runtimeAssets-Btkg23jG.js                109.90 kB │ gzip:  40.37 kB
dist/assets/motion-iLBaTeAD.js                       119.65 kB │ gzip:  39.54 kB
dist/assets/Explore-DkYndW4V.js                      209.52 kB │ gzip:  59.73 kB
dist/assets/Island-CuygQCKj.js                       253.58 kB │ gzip:  80.51 kB
dist/assets/runtime-DHVafb6f.js                      333.03 kB │ gzip: 103.85 kB
dist/assets/charts-B2Phfr4C.js                       371.25 kB │ gzip: 108.31 kB
dist/assets/RoundedBoxGeometry-JRFCzNas.js           629.36 kB │ gzip: 163.77 kB
dist/assets/index-BsPxgEMX.js                        843.85 kB │ gzip: 237.65 kB

(!) Some chunks are larger than 500 kB after minification. Consider:
- Using dynamic import() to code-split the application
- Use build.rollupOptions.output.manualChunks to improve chunking: https://rollupjs.org/configuration-options/#output-manualchunks
- Adjust chunk size limit for this warning via build.chunkSizeWarningLimit.
✓ built in 7.44s

PWA v1.2.0
mode      generateSW
precache  167 entries (5012.67 KiB)
files generated
  dist/sw.js
  dist/workbox-1d305bb8.js
warnings
  One of the glob patterns doesn't match any files. Please remove or fix the following: {
  "globDirectory": "/Users/yutogasaki/Projects/sansu/dist",
  "globPattern": "assets/pokomoko-arcade-poses-*.webp",
  "globIgnores": [
    "visual-tests/**/*",
    "fonts/NotoSansJP-Japanese.woff2",
    "sw.js",
    "workbox-*.js"
  ]
}
  One of the glob patterns doesn't match any files. Please remove or fix the following: {
  "globDirectory": "/Users/yutogasaki/Projects/sansu/dist",
  "globPattern": "assets/pokomoko-arcade-rim-*.webp",
  "globIgnores": [
    "visual-tests/**/*",
    "fonts/NotoSansJP-Japanese.woff2",
    "sw.js",
    "workbox-*.js"
  ]
}


> pokko-fushigi-zukan-app@0.0.0 assets:check
> node tools/check-asset-budget.mjs

PASS assets:check
- PWA precache: 167 unique files, 8.52 MiB / 12.00 MiB
- Explore artwork: 27 production files, 2.97 MiB / 8.00 MiB
- Production-input contract: docs/design only; absent from public and precache
