
> pokko-fushigi-zukan-app@0.0.0 verify:core
> npm run docs:check && npm run lint && npm run typecheck && npm run test:run && npm run build


> pokko-fushigi-zukan-app@0.0.0 docs:check
> node tools/check-docs.mjs

WARN
- docs/tasks/design-refresh-status.md: 次回棚卸し目安 (2026-05-15) is in the past
- docs/tasks/backlog.md: 次回棚卸し目安 (2026-05-15) is in the past
- docs/tasks/ui-fix-tasklist.md: 次回棚卸し目安 (2026-05-15) is in the past
- docs/tasks/active/2026-03-17-v1-core-stabilization-plan.md: Review By (2026-05-15) is in the past
- docs/tasks/active/2026-07-19-root-tangle-observation-morph.md: Review By (2026-07-26) is in the past
- docs/tasks/active/2026-07-21-cold-open-value-loop.md: Review By (2026-07-28) is in the past
- docs/tasks/active/2026-07-23-whole-app-brand-coherence.md: Review By (2026-07-30) is in the past
- docs/tasks/active/2026-09-07-experience-improvements.md: Review By (2026-09-14) is in the past
- docs/tasks/active/2026-09-08-island-experience-coverage.md: Review By (2026-09-15) is in the past
- docs/tasks/active/2026-09-08-island-experience-remaining-audit.md: Review By (2026-09-15) is in the past
- docs/tasks/active/2026-09-08-island-experience-workshop-plan.md: Review By (2026-09-15) is in the past
- docs/tasks/active/2026-09-08-island-experience.md: Review By (2026-09-09) is in the past
- docs/tasks/active/2026-09-09-home-journey-preview.md: Review By (2026-09-16) is in the past
PASS docs:check

> pokko-fushigi-zukan-app@0.0.0 lint
> eslint .


/private/var/folders/0z/bq5m0r1x4_59p55yrw1mx6fr0000gn/T/sansu-home-production-rrczedlc/src/components/island/IslandMilestone.tsx
  16:17  warning  Fast refresh only works when a file only exports components. Use a new file to share constants or functions between components  react-refresh/only-export-components

✖ 1 problem (0 errors, 1 warning)


> pokko-fushigi-zukan-app@0.0.0 typecheck
> tsc -b --pretty false


> pokko-fushigi-zukan-app@0.0.0 test:run
> vitest run


 RUN  v2.1.9 /private/var/folders/0z/bq5m0r1x4_59p55yrw1mx6fr0000gn/T/sansu-home-production-rrczedlc

 ✓ src/components/island/three/sharedDisplayScene.test.ts (13 tests) 663ms
 ✓ src/domain/explore/__tests__/persistenceRepository.test.ts (38 tests) 681ms
 ✓ src/domain/explore/__tests__/learningPlannerSegment.test.ts (15 tests) 578ms
 ✓ src/domain/island/expressionRepository.test.ts (11 tests) 1301ms
   ✓ expression ownership with the existing learning and photo stores > earns ordinary stars without materializing expression, acquires separately, reloads and resumes the exact same learning plan 501ms
 ✓ src/hooks/useStudySession.logic.test.ts (40 tests) 17ms
 ✓ src/domain/island/rewardGoalRepository.test.ts (14 tests) 1375ms
   ✓ reward goals and the real island storage boundary > earns the desired furniture through ordinary learning, preserves photographs and old memories, then resumes the same reservation 647ms
 ✓ src/hooks/blockGenerators.test.ts (32 tests) 16ms
 ✓ src/domain/math/generators/counting.test.ts (51 tests) 18ms
 ✓ src/domain/island/sharedMemories.test.ts (14 tests) 50ms
 ✓ src/components/island/three/sharedActivities.test.ts (23 tests) 481ms
 ✓ src/domain/explore/__tests__/reducer.test.ts (29 tests) 7ms
Browserslist: browsers data (caniuse-lite) is 8 months old. Please run:
  npx update-browserslist-db@latest
  Why you should do it regularly: https://github.com/browserslist/update-db#readme
 ✓ src/domain/island/island.test.ts (19 tests) 3007ms
   ✓ island frozen learning sets > reserves three introductory questions, then six familiar questions, and restores the exact plan 641ms
   ✓ island frozen learning sets > keeps wrong answers on the same problem and assistance sticky without fabricating mastery 381ms
   ✓ island frozen learning sets > supports mixed vocabulary sets and applies vocabulary progression only to independent answers 624ms
   ✓ island frozen learning sets > preserves fraction multi-input and stepwise written arithmetic in complete reserved plans 851ms
 ✓ src/components/island/three/workshopScene.test.ts (22 tests) 524ms
 ✓ src/components/island/three/residentRig.test.ts (38 tests) 3887ms
   ✓ resident local rig and furniture contact > bench supports each resident at the real surface through all rotations 507ms
   ✓ resident local rig and furniture contact > swing supports each resident at the real surface through all rotations 335ms
   ✓ resident local rig and furniture contact > mushroom supports each resident at the real surface through all rotations 412ms
   ✓ resident interest stays a removable layer on the real rig > otter keeps real feet, root, seat and shoulder joints on rotated ordinary objects 865ms
 ✓ src/components/domain/LearningAnswerForm.defer.test.tsx (31 tests) 34ms
 ✓ src/domain/explore/__tests__/g0NumberVessel.test.ts (13 tests) 13ms
 ✓ tools/expression-audio/audio-analysis.test.mjs (53 tests) 5340ms
   ✓ evening acceptance measures its insect band and all three 2-second calls at native sample rates 324ms
   ✓ insect-band classification rejects absent insects and actual wind or water even when made quiet 441ms
   ✓ raw02 loop prefix positions are missing first-pitch evidence, not proof of an overlapping loop 434ms
   ✓ one missing first-pitch sample or final required sample fails without shortening either window 656ms
   ✓ one-sample and wrong-sign native offsets fail instead of choosing a better waveform lag 301ms
   ✓ real-answer cue history can exceed 256 sources, while the finite source cap still cannot block native playback or close 939ms
 ✓ src/domain/math/planner.test.ts (35 tests) 35ms
 ✓ src/domain/island/workshop.test.ts (14 tests) 67ms
 ✓ src/domain/logic.test.ts (26 tests) 17ms
 ✓ src/components/island/three/livingRuntime.test.ts (18 tests) 1527ms
 ✓ src/components/island/three/sharedJobController.test.ts (23 tests) 3243ms
   ✓ shared work after-render and actual object continuity > borrows the actual hand, lamp and receiver for framing without turning strict camera diagnostics into a save gate 552ms
 ✓ src/components/island/IslandAnswerForm.test.tsx (38 tests) 523ms
   ✓ Island problem semantic presentation > has a curated equivalent for every symbol actually emitted by the current math generators 446ms
 ✓ src/domain/algorithms/srs.test.ts (60 tests) 10ms
 ✓ src/domain/island/photosRepository.test.ts (11 tests) 829ms
 ✓ src/components/island/useIslandCustomization.test.ts (27 tests) 625ms
 ✓ src/domain/island/learningObservationCommit.test.ts (28 tests) 1246ms
 ✓ src/domain/island/sharedMemoriesRepository.test.ts (9 tests) 798ms
 ✓ src/domain/island/experienceRepository.test.ts (12 tests) 4207ms
   ✓ owned atomic experience persistence > rolls back a failed layout application receipt including all positions, cosmetics and optional expression state 2134ms
   ✓ saved layout application against the current earned world > keeps real later learning/growth, earned new items, spent stars and the saved next plan when restoring an old layout 1483ms
 ✓ src/components/island/islandWorkshopQueue.test.ts (20 tests) 111ms
 ✓ src/domain/island/learningContinuity.test.ts (13 tests) 2547ms
   ✓ island learning continuity > shares review opportunities across 6-question 'math' sets 323ms
   ✓ island learning continuity > shares review opportunities across 3-question 'mix' sets 383ms
   ✓ island learning continuity > does not disguise unselected pending checks as ordinary Due across repeated short sets 627ms
 ✓ src/domain/island/workshopLayout.test.ts (17 tests) 20ms
 ✓ src/domain/island/workshopRepository.test.ts (9 tests) 654ms
 ✓ src/components/island/useIslandExperience.test.ts (16 tests) 1238ms
 ✓ src/domain/island/learningKeepsakesRepository.test.ts (10 tests) 1190ms
   ✓ atomic owned learning keepsakes > earns first and five-section awards through real learning, changes only shelf+receipt, and preserves the same reservation 485ms
   ✓ atomic owned learning keepsakes > a bulk retry after more real learning cannot automatically display newly eligible keepsakes 333ms
 ✓ src/domain/island/expression.test.ts (16 tests) 18ms
 ✓ src/domain/island/customizationRepository.test.ts (16 tests) 875ms
 ✓ src/domain/island/growthRepository.test.ts (11 tests) 2548ms
   ✓ owned atomic living island persistence > aborts growth, snapshot, answer, profile and completion together then saves each once on retry 1802ms
 ✓ src/components/island/useIslandSharedMemories.test.ts (13 tests) 1153ms
 ✓ src/domain/explore/__tests__/learningSegmentPersistence.test.ts (7 tests) 208ms
 ✓ src/domain/park/park.test.ts (131 tests) 404ms
 ✓ src/components/island/three/residentInteraction.test.ts (21 tests) 256ms
 ✓ src/domain/learning/attemptPersistence.test.ts (24 tests) 729ms
 ✓ src/components/island/three/growthVisuals.test.ts (21 tests) 621ms
 ✓ src/components/island/three/sharedActivityFraming.test.ts (26 tests) 15167ms
   ✓ body identity keeps the actual articulated tail > otter retains tail surfaces in every held pose without borrowing head or arm surfaces 501ms
   ✓ one side view contains the complete shared delivery > 'flower' fits all quarter-turn chair directions and phone/tablet stage shapes 1279ms
   ✓ one side view contains the complete shared delivery > 'star' fits all quarter-turn chair directions and phone/tablet stage shapes 941ms
   ✓ one side view contains the complete shared delivery > 'bubble' fits all quarter-turn chair directions and phone/tablet stage shapes 1245ms
   ✓ one side view contains the complete shared delivery > scores actual held poses for '624 star spectator' across every phase without touching the live rigs 1033ms
   ✓ one side view contains the complete shared delivery > scores actual held poses for '484 star self-occlusion' across every phase without touching the live rigs 631ms
   ✓ one side view contains the complete shared delivery > scores actual held poses for '484 bubble self-occlusion' across every phase without touching the live rigs 1140ms
   ✓ one side view contains the complete shared delivery > keeps each subject readable in the recorded 0875 'phone star' scene 523ms
   ✓ one side view contains the complete shared delivery > keeps each subject readable in the recorded 0875 'tablet star' scene 512ms
   ✓ one side view contains the complete shared delivery > keeps each subject readable in the recorded 0875 'phone flower' scene 343ms
   ✓ one side view contains the complete shared delivery > keeps each subject readable in the recorded 0875 'tablet flower' scene 351ms
   ✓ one side view contains the complete shared delivery > keeps each subject readable in the recorded 0875 'phone bubble' scene 425ms
   ✓ one side view contains the complete shared delivery > keeps each subject readable in the recorded 0875 'tablet bubble' scene 413ms
   ✓ one side view contains the complete shared delivery > selects a legal fixed presentation for cdc5 phone without inventing readability 514ms
   ✓ one side view contains the complete shared delivery > selects a legal fixed presentation for cdc5 tablet without inventing readability 627ms
   ✓ one side view contains the complete shared delivery > selects a legal fixed presentation for cdc5 obstructed without inventing readability 1210ms
   ✓ recorded 5d7 subjects cannot borrow visibility from later poses > 'phone-flower' preserves a legal readable presentation 445ms
   ✓ recorded 5d7 subjects cannot borrow visibility from later poses > 'phone-star' preserves a legal readable presentation 340ms
   ✓ recorded 5d7 subjects cannot borrow visibility from later poses > 'phone-bubble' preserves a legal readable presentation 540ms
   ✓ recorded 5d7 subjects cannot borrow visibility from later poses > 'tablet-flower' preserves a legal readable presentation 480ms
   ✓ recorded 5d7 subjects cannot borrow visibility from later poses > 'tablet-star' preserves a legal readable presentation 404ms
   ✓ recorded 5d7 subjects cannot borrow visibility from later poses > 'tablet-bubble' preserves a legal readable presentation 434ms
   ✓ recorded 5d7 subjects cannot borrow visibility from later poses > 'tablet-fox-flower' preserves a legal readable presentation 656ms
 ✓ src/components/island/useIslandPhotos.test.ts (15 tests) 777ms
 ✓ src/components/island/three/navigation.test.ts (19 tests) 72ms
 ✓ src/domain/user/repository.test.ts (9 tests) 388ms
   ✓ getActiveProfile > deletes all IndexedDB rows owned by a profile and selects the next profile 374ms
 ✓ src/components/island/three/runtimeExpressionEnvironment.test.ts (10 tests) 8393ms
   ✓ runtime environment/flag ownership boundary > restores occlusion then seasonal materials before appearance and growth rebuild, using the same camera and rig roots 1411ms
   ✓ runtime environment/flag ownership boundary > shows the actual trim even with default identity, reports its actual visibility, and keeps old memories bare 1037ms
   ✓ runtime environment/flag ownership boundary > does not overwrite captured look/flag/environment state or the learning camera when hidden learning receives a saved scene 506ms
   ✓ runtime environment/flag ownership boundary > restores each saved free look on the same three rigs after removing raincoat 467ms
   ✓ runtime environment/flag ownership boundary > restores each saved free look on the same three rigs after removing star-beret 518ms
   ✓ runtime environment/flag ownership boundary > cancels the actual walk and clears live foot marks on learning 1097ms
   ✓ runtime environment/flag ownership boundary > cancels the actual walk and clears live foot marks on exit 1200ms
   ✓ runtime environment/flag ownership boundary > cancels the actual walk and clears live foot marks on selection-change 1113ms
   ✓ runtime environment/flag ownership boundary > does not pass a fresh walk request to the controller while the document is hidden 495ms
   ✓ runtime environment/flag ownership boundary > releases seasonal clones before the world can dispose their source materials 548ms
 ✓ src/domain/island/furnitureRepository.test.ts (11 tests) 2446ms
   ✓ atomic optional furniture acquisition > earns stars through ordinary answers, acquires telescope, reloads and resumes the same learning reservation 877ms
   ✓ atomic optional furniture acquisition > earns stars through ordinary answers, acquires hammock, reloads and resumes the same learning reservation 465ms
   ✓ atomic optional furniture acquisition > earns stars through ordinary answers, acquires tea-table, reloads and resumes the same learning reservation 848ms
 ✓ src/domain/explore/__tests__/problemAdapter.test.ts (38 tests) 42ms
 ✓ src/domain/explore/__tests__/learningPlanner.test.ts (8 tests) 414ms
 ✓ src/domain/explore/__tests__/g0NumberSuika.test.ts (32 tests) 48ms
 ✓ src/domain/island/learningSession.test.ts (10 tests) 1215ms
 ✓ src/components/island/three/sharedActivityController.test.ts (20 tests) 1805ms
 ✓ src/domain/test/printability.test.ts (22 tests) 17ms
 ✓ src/components/island/useIslandExpression.test.ts (9 tests) 276ms
 ✓ src/domain/island/customizationAppearanceRepository.test.ts (8 tests) 349ms
 ✓ src/components/explore/ExploreProblemPanel.test.tsx (16 tests) 74ms
 ✓ src/components/island/three/sharedDisplayFraming.test.ts (11 tests) 6200ms
   ✓ shared photo actual scene sightlines > clears the photographed tree at (.20, -.60), π/2 on 'phone' without hiding or relocating it 833ms
   ✓ shared photo actual scene sightlines > clears the photographed tree at (.20, -.60), π/2 on 'tablet' without hiding or relocating it 706ms
   ✓ shared photo actual scene sightlines > keeps every actual saved work part readable at aspect 1.1016949152542372 1554ms
   ✓ shared photo actual scene sightlines > keeps every actual saved work part readable at aspect 1.786046511627907 1229ms
   ✓ shared photo actual scene sightlines > uses transformed world geometry and caches a stable near view without repeating rays 562ms
   ✓ shared photo actual scene sightlines > responds to a real resident entering the chosen sightline and keeps that view when it clears 698ms
   ✓ shared photo actual scene sightlines > ignores invisible and fully transparent meshes, but reports an opaque enclosure as unreadable 546ms
 ✓ src/domain/explore/__tests__/g0Whitebox.test.ts (13 tests) 13ms
 ✓ src/hooks/learningProgression.integration.test.ts (12 tests) 11040ms
   ✓ learning progression from real generated questions > reaches 70% promotion through generated normal blocks and persisted answers 10416ms
   ✓ learning progression from real generated questions > holds the old math test range when the persisted 30th answer promotes the main level 330ms
 ✓ src/components/island/three/sharedDisplayFrameBoundary.test.ts (5 tests) 3132ms
   ✓ shared job completion releases the display camera > uses the same job candidate for capture, clears it on learning/hidden and returns to the unchanged static display selector 744ms
   ✓ shared job completion releases the display camera > keeps pending work and clears the actual work parts only after commit and settle at 390px (commit first=false) 651ms
   ✓ shared job completion releases the display camera > keeps pending work and clears the actual work parts only after commit and settle at 390px (commit first=true) 571ms
   ✓ shared job completion releases the display camera > keeps pending work and clears the actual work parts only after commit and settle at 768px (commit first=false) 603ms
   ✓ shared job completion releases the display camera > keeps pending work and clears the actual work parts only after commit and settle at 768px (commit first=true) 561ms
 ✓ src/domain/island/appearance.test.ts (12 tests) 227ms
 ✓ src/domain/island/progressiveSupport.test.ts (13 tests) 623ms
 ✓ src/domain/learning/evidence.test.ts (16 tests) 71ms
 ✓ src/domain/island/experience.test.ts (19 tests) 12ms
 ✓ src/components/island/three/runtimeFurnitureClearance.test.ts (5 tests) 10684ms
   ✓ runtime trial preparation waits for actual saved-furniture clearance > keeps the recorded rabbit walking, then resolves and uses the same choice from the real endpoint 2580ms
   ✓ runtime trial preparation waits for actual saved-furniture clearance > starts newly required clearance before trial preparation on the same runtime update 765ms
   ✓ runtime trial preparation waits for actual saved-furniture clearance > discards the old waiting iterator on learning without moving the rabbit to finish 668ms
   ✓ runtime trial preparation waits for actual saved-furniture clearance > discards the old waiting iterator on exit without moving the rabbit to finish 564ms
   ✓ runtime trial preparation waits for actual saved-furniture clearance > discards the old waiting iterator on reselection without moving the rabbit to finish 6106ms
 ✓ src/domain/island/growth.test.ts (11 tests) 32ms
 ✓ src/components/island/three/treeCanopyGeometry.test.ts (10 tests) 866ms
 ✓ src/components/island/three/connectedTerrain.test.ts (10 tests) 23326ms
   ✓ connected terrain exterior > returns finite immutable matching rings and caches only plain coordinates 334ms
   ✓ connected terrain exterior > supports every old ellipse and candidate connector on one y=0 cap at level 1 476ms
   ✓ connected terrain exterior > supports every old ellipse and candidate connector on one y=0 cap at level 2 1015ms
   ✓ connected terrain exterior > fills only the nested external layer bands and leaves no shore through the connecting floor 1409ms
   ✓ connected terrain exterior > proves band nesting at every linear breakpoint and actual surface support between the boundaries 1884ms
   ✓ connected terrain exterior > keeps world UVs, slot material identity and borrowed textures across every existing style 17806ms
 ✓ src/components/island/three/roofSurface.test.ts (6 tests) 2151ms
   ✓ default roof material prototype > keeps opaque, deterministic broad colors continuous across both texture edges 323ms
   ✓ default roof material prototype > delivers the mapped face and all four seams through the actual scenery builder without leaking into other styles 1285ms
   ✓ default roof material prototype > restores an actual placement clone before retiring the roof pool on an explicit-style switch 528ms
 ✓ src/components/island/useIslandLearningKeepsakes.test.ts (11 tests) 256ms
 ✓ src/domain/math/numberSenseProgress.test.ts (32 tests) 11ms
 ✓ src/domain/islandLife/discoveryJournal.test.ts (13 tests) 150ms
 ✓ src/components/island/IslandLearningKeepsakes.test.tsx (15 tests) 146ms
 ✓ src/components/island/three/appearanceRendering.test.ts (11 tests) 15901ms
   ✓ independently equipped actual island surfaces > maps the biscuit surface onto unchanged level land and retires its shared texture once 1217ms
   ✓ independently equipped actual island surfaces > starry changes each actual slot while retaining every other slot and rooted identity 1797ms
   ✓ independently equipped actual island surfaces > candy changes each actual slot while retaining every other slot and rooted identity 1985ms
   ✓ independently equipped actual island surfaces > crystal changes each actual slot while retaining every other slot and rooted identity 1759ms
   ✓ independently equipped actual island surfaces > resolves the same explicit mix independently of legacy theme history, including accents 1422ms
   ✓ independently equipped actual island surfaces > keeps actual level ground and both bridge decks through three full looks and old restoration 3542ms
   ✓ independently equipped actual island surfaces > only retires changed-slot resources and disposes each visible owned resource once 932ms
   ✓ independently equipped actual island surfaces > distinguishes hidden expanded bridge meshes from currently visible geometry 708ms
   ✓ independently equipped actual island surfaces > starry fits its actual distant silhouettes in the chosen overview at each land stage 859ms
   ✓ independently equipped actual island surfaces > candy fits its actual distant silhouettes in the chosen overview at each land stage 997ms
   ✓ independently equipped actual island surfaces > crystal fits its actual distant silhouettes in the chosen overview at each land stage 682ms
 ✓ src/components/island/three/natureObservationFrame.test.ts (22 tests) 35396ms
   ✓ explicit nature observation framing > rejects qualified-03/06 saved phone cameras and a visible but subpixel frontal face (reduced=false) 2776ms
   ✓ explicit nature observation framing > rejects qualified-03/06 saved phone cameras and a visible but subpixel frontal face (reduced=true) 2142ms
   ✓ explicit nature observation framing > separates butterfly in the actual qualified-03 layout from the unchanged rabbit throughout its flight (1.0103626943005182/false) 958ms
   ✓ explicit nature observation framing > separates butterfly in the actual qualified-03 layout from the unchanged rabbit throughout its flight (1.0103626943005182/true) 1100ms
   ✓ explicit nature observation framing > separates butterfly in the actual qualified-03 layout from the unchanged rabbit throughout its flight (1.6340425531914893/false) 1203ms
   ✓ explicit nature observation framing > separates butterfly in the actual qualified-03 layout from the unchanged rabbit throughout its flight (1.6340425531914893/true) 892ms
   ✓ explicit nature observation framing > separates ribbon-butterfly in the actual qualified-03 layout from the unchanged rabbit throughout its flight (1.0103626943005182/false) 1149ms
   ✓ explicit nature observation framing > separates ribbon-butterfly in the actual qualified-03 layout from the unchanged rabbit throughout its flight (1.0103626943005182/true) 1065ms
   ✓ explicit nature observation framing > separates ribbon-butterfly in the actual qualified-03 layout from the unchanged rabbit throughout its flight (1.6340425531914893/false) 1350ms
   ✓ explicit nature observation framing > separates ribbon-butterfly in the actual qualified-03 layout from the unchanged rabbit throughout its flight (1.6340425531914893/true) 922ms
   ✓ explicit nature observation framing > holds a butterfly covered in every candidate and recovers without moving its host or residents 1633ms
   ✓ explicit nature observation framing > shows the actual eyes and beak at the rotated mushroom from qualified-03/06 without moving any model (reduced=false) 4707ms
   ✓ explicit nature observation framing > shows the actual eyes and beak at the rotated mushroom from qualified-03/06 without moving any model (reduced=true) 3758ms
   ✓ explicit nature observation framing > keeps a landed or hovering bird readable at host yaw 0 in a single fixed observation camera 984ms
   ✓ explicit nature observation framing > keeps a landed or hovering bird readable at host yaw 1.5707963267948966 in a single fixed observation camera 941ms
   ✓ explicit nature observation framing > keeps a landed or hovering bird readable at host yaw 3.141592653589793 in a single fixed observation camera 881ms
   ✓ explicit nature observation framing > keeps a landed or hovering bird readable at host yaw -2.356194490192345 in a single fixed observation camera 1059ms
   ✓ explicit nature observation framing > chooses another front angle when real foreground geometry covers the face and never declares a covered face readable 7871ms
 ✓ src/components/island/three/grassSurface.test.ts (9 tests) 901ms
   ✓ default mint lawn bump surface > keeps the visible cap texture and retires it once on purchase, restore and exit 563ms
 ✓ src/components/island/three/optionalFurnitureController.test.ts (37 tests) 11218ms
   ✓ optional tools use the actual bodies and bounded furniture > tea-table uses selected otter with visible actual contacts 600ms
   ✓ optional tools use the actual bodies and bounded furniture > tea-table uses selected rabbit with visible actual contacts 777ms
   ✓ optional tools use the actual bodies and bounded furniture > tea-table uses selected fox with visible actual contacts 708ms
   ✓ optional tools use the actual bodies and bounded furniture > tea-table keeps contact and real framing at rotation 1.5707963267948966 in both motion modes 395ms
   ✓ optional tools use the actual bodies and bounded furniture > tea-table keeps contact and real framing at rotation 3.141592653589793 in both motion modes 362ms
   ✓ optional tools use the actual bodies and bounded furniture > tea-table keeps contact and real framing at rotation 4.71238898038469 in both motion modes 360ms
   ✓ optional tools use the actual bodies and bounded furniture > tea passes one real cup from otter to rabbit with both hands touching 386ms
   ✓ optional tools use the actual bodies and bounded furniture > tea passes one real cup from otter to fox with both hands touching 461ms
   ✓ optional tools use the actual bodies and bounded furniture > tea passes one real cup from rabbit to otter with both hands touching 416ms
   ✓ optional tools use the actual bodies and bounded furniture > tea passes one real cup from rabbit to fox with both hands touching 370ms
   ✓ optional tools use the actual bodies and bounded furniture > tea passes one real cup from fox to otter with both hands touching 462ms
   ✓ optional tools use the actual bodies and bounded furniture > tea passes one real cup from fox to rabbit with both hands touching 417ms
   ✓ optional tools use the actual bodies and bounded furniture > routes the actual fox tail around an independent obstacle and the stationary residents 954ms
 ✓ src/components/island/islandWorkshopAudio.test.ts (12 tests) 138ms
 ✓ src/domain/learning/independentProgress.integration.test.ts (12 tests) 422ms
 ✓ src/domain/math/writtenArithmetic.test.ts (38 tests) 93ms
 ✓ src/components/island/three/cosmeticScenery.test.ts (19 tests) 27494ms
   ✓ owned cosmetic scenery > leaves the moon-garden legacy scene geometry and rooted tree exactly as authored 1233ms
   ✓ owned cosmetic scenery > leaves the starry legacy scene geometry and rooted tree exactly as authored 960ms
   ✓ owned cosmetic scenery > leaves the candy legacy scene geometry and rooted tree exactly as authored 951ms
   ✓ owned cosmetic scenery > leaves the crystal legacy scene geometry and rooted tree exactly as authored 766ms
   ✓ owned cosmetic scenery > changes real canopy silhouettes and house geometry, beyond recoloring 1201ms
   ✓ owned cosmetic scenery > moon-garden preserves true ground, light anchors and growth through every accent 2690ms
   ✓ owned cosmetic scenery > starry preserves true ground, light anchors and growth through every accent 3093ms
   ✓ owned cosmetic scenery > candy preserves true ground, light anchors and growth through every accent 2698ms
   ✓ owned cosmetic scenery > crystal preserves true ground, light anchors and growth through every accent 2566ms
   ✓ owned cosmetic scenery > keeps crystal shore silhouettes clear of all land, bridge, resident and furniture footprints after expansion 661ms
   ✓ owned cosmetic scenery > disposes each owned geometry, material and texture once without touching resident materials 5913ms
   ✓ owned cosmetic scenery > fits 'moon-garden' theme at grown=false in the same home camera on phone and tablet 414ms
   ✓ owned cosmetic scenery > fits 'moon-garden' theme at grown=true in the same home camera on phone and tablet 764ms
   ✓ owned cosmetic scenery > fits 'starry' theme at grown=false in the same home camera on phone and tablet 372ms
   ✓ owned cosmetic scenery > fits 'starry' theme at grown=true in the same home camera on phone and tablet 795ms
   ✓ owned cosmetic scenery > fits 'candy' theme at grown=false in the same home camera on phone and tablet 398ms
   ✓ owned cosmetic scenery > fits 'candy' theme at grown=true in the same home camera on phone and tablet 862ms
   ✓ owned cosmetic scenery > fits 'crystal' theme at grown=false in the same home camera on phone and tablet 421ms
   ✓ owned cosmetic scenery > fits 'crystal' theme at grown=true in the same home camera on phone and tablet 731ms
 ✓ src/domain/islandLife/relationObservation.test.ts (13 tests) 146ms
 ✓ tools/island-expression-audio-focused-audit.test.mjs (12 tests) 27ms
 ✓ src/domain/island/rewardGoal.test.ts (13 tests) 23ms
 ✓ src/domain/learningRepository.test.ts (14 tests) 21ms
 ✓ src/components/island/three/personalScenery.test.ts (11 tests) 2007ms
   ✓ house-mounted personal identity > moon-garden leaves the actual nameplate and roof flag visible from the home camera direction 628ms
   ✓ house-mounted personal identity > starry leaves the actual nameplate and roof flag visible from the home camera direction 423ms
   ✓ house-mounted personal identity > candy leaves the actual nameplate and roof flag visible from the home camera direction 476ms
   ✓ house-mounted personal identity > crystal leaves the actual nameplate and roof flag visible from the home camera direction 391ms
 ✓ src/components/island/three/workshopPresentation.test.ts (14 tests) 1238ms
 ✓ src/components/island/three/natureVisuals.test.ts (8 tests) 244ms
 ✓ src/components/island/three/flagFraming.test.ts (7 tests) 6691ms
   ✓ inspection of the actual island flag > keeps identity and trim in front of actual mature house shapes for legacy and independent styles 6619ms
 ✓ src/domain/island/learningKeepsakes.test.ts (32 tests) 17ms
 ✓ src/domain/user/onboarding.test.ts (20 tests) 2075ms
   ✓ explicit first learning setup > starts beyond q_div for both second and sixth graders without inventing answer evidence 406ms
 ✓ src/components/challenge/useChallengeSession.test.tsx (9 tests) 572ms
 ✓ src/domain/island/sceneStyle.test.ts (6 tests) 18ms
 ✓ src/components/island/three/furnitureClearanceController.test.ts (9 tests) 1561ms
   ✓ saved furniture clearance runs physical moves in sequence > contains the whole current bodies and every future route before the second resident starts 766ms
 ✓ src/domain/island/learningObservation.test.ts (19 tests) 12ms
 ✓ src/components/island/useIslandRewardGoal.test.ts (11 tests) 230ms
 ✓ src/domain/explore/__tests__/g0ChainShot.test.ts (12 tests) 12ms
 ✓ src/domain/learning/unitPlanning.integration.test.ts (14 tests) 507ms
 ✓ src/components/island/three/residentTail.test.ts (4 tests) 1558ms
   ✓ the same actual tail has a reversible sitting joint > otter: original standing shape, clear backboards and standing borrowed pose 511ms
   ✓ the same actual tail has a reversible sitting joint > keeps the recorded star handoff visible past the real fox tail in every shared phase 857ms
 ✓ src/components/island/three/sharedJobFraming.test.ts (6 tests) 26654ms
   ✓ actual shared job sightlines > replaces the recorded back view with both actual paws and the same held object at aspect 1.3066202090592334 5983ms
   ✓ actual shared job sightlines > replaces the recorded back view with both actual paws and the same held object at aspect 1.786046511627907 4690ms
   ✓ actual shared job sightlines > improves the lamp view and exposes actual receiver triangles without hiding residual occlusion at aspect 1.3066202090592334 5992ms
   ✓ actual shared job sightlines > improves the lamp view and exposes actual receiver triangles without hiding residual occlusion at aspect 1.786046511627907 5280ms
   ✓ actual shared job sightlines > retains its selected contact angle through moving bounds without full searches or GPU allocations 2491ms
   ✓ actual shared job sightlines > keeps an unreadable view honest and caps reselection during continuous occlusion 2218ms
 ✓ src/domain/islandLife/relationSelection.test.ts (11 tests) 130ms
 ✓ src/components/island/useIslandFurniture.test.ts (10 tests) 218ms
 ✓ src/components/island/life/useIslandLife.test.ts (12 tests) 823ms
 ✓ src/components/island/three/runtimePhotography.test.ts (13 tests) 5828ms
   ✓ current-scene photography boundary > renders before encoding without resetting the current actor or camera 543ms
   ✓ current-scene photography boundary > photographs a real house keepsake in the existing island scene at 390×354 412ms
   ✓ current-scene photography boundary > photographs a real house keepsake in the existing island scene at 768×430 382ms
   ✓ current-scene photography boundary > cannot render or encode a hidden scene 469ms
   ✓ current-scene photography boundary > cannot render or encode a offscreen scene 429ms
   ✓ current-scene photography boundary > cannot render or encode a learning scene 515ms
   ✓ current-scene photography boundary > cannot render or encode a lost scene 452ms
   ✓ current-scene photography boundary > cannot render or encode a disposed scene 496ms
   ✓ current-scene photography boundary > tracks the actual otter and cap before capture without changing its pose 539ms
   ✓ current-scene photography boundary > tracks the actual rabbit and cap before capture without changing its pose 414ms
   ✓ current-scene photography boundary > tracks the actual fox and cap before capture without changing its pose 381ms
   ✓ display photo uses the actual scene before encoding > checks live tree occlusion before a 390×354 capture 403ms
   ✓ display photo uses the actual scene before encoding > checks live tree occlusion before a 768×430 capture 392ms
 ✓ src/domain/challenge/repository.test.ts (14 tests) 739ms
 ✓ src/components/island/three/sharedActivityVisuals.test.ts (12 tests) 110ms
 ✓ src/components/island/islandAmbienceAudio.test.ts (11 tests) 137ms
 ✓ src/components/island/useIslandMilestoneNotice.test.ts (15 tests) 11ms
 ✓ src/domain/park/writtenArithmeticIntegration.test.ts (25 tests) 207ms
 ✓ src/domain/explore/__tests__/learningSegment.test.ts (20 tests) 7ms
 ✓ src/components/island/three/learningKeepsakeScenery.test.ts (5 tests) 642ms
   ✓ a finite room for actual learning keepsakes > physically supports thirteen separate trophies and wall-mounts three papers within a bounded static room 500ms
 ✓ src/components/island/three/optionalFurnitureRuntime.test.ts (8 tests) 1194ms
 ✓ src/domain/explore/__tests__/wagerRun.test.ts (19 tests) 9ms
 ✓ src/components/island/three/optionalFurnitureFraming.test.ts (6 tests) 5760ms
   ✓ optional tool close views keep the physical cause visible > keeps the same tea cup and tabletop visible through quaternion-restored handoff at 1.3202856387199153 636ms
   ✓ optional tool close views keep the physical cause visible > keeps the same tea cup and tabletop visible through quaternion-restored handoff at 2.1429131970179185 575ms
   ✓ optional tool close views keep the physical cause visible > frames the real hammock cloth past the house roof at 1.3220338983050848 1896ms
   ✓ optional tool close views keep the physical cause visible > frames the real hammock cloth past the house roof at 2.0210526315789474 1767ms
   ✓ optional tool close views keep the physical cause visible > keeps the same front-facing selection through a walk and restores every actual pose after camera inspection 882ms
 ✓ src/domain/islandLife/facilityTrips.test.ts (10 tests) 162ms
 ✓ src/domain/levelProgression.test.ts (10 tests) 859ms
   ✓ evidence required for level progression > uses the same math evidence in the atomic writer and Study service 738ms
 ✓ src/components/island/three/residentOutfit.test.ts (13 tests) 984ms
   ✓ optional attached resident outfits > otter preserves every original mesh, body proportion, fixed scarf and hand/seat/foot anchor through all appearances 342ms
 ✓ src/domain/island/furniture.test.ts (11 tests) 21ms
 ✓ src/components/island/three/sceneFraming.test.ts (15 tests) 3156ms
   ✓ frozen learning frame after free play > contains earned shores in matching album cameras and the home view at 390×190, chapter +0 327ms
   ✓ frozen learning frame after free play > contains earned shores in matching album cameras and the home view at 390×190, chapter 1 374ms
   ✓ frozen learning frame after free play > contains earned shores in matching album cameras and the home view at 390×190, chapter 2 377ms
   ✓ frozen learning frame after free play > contains earned shores in matching album cameras and the home view at 390×190, chapter undefined 321ms
   ✓ frozen learning frame after free play > contains earned shores in matching album cameras and the home view at 768×400, chapter 2 382ms
   ✓ frozen learning frame after free play > contains earned shores in matching album cameras and the home view at 768×400, chapter undefined 347ms
 ✓ src/components/island/three/cameraPanFraming.test.ts (12 tests) 1059ms
 ✓ src/components/island/three/furniture.test.ts (17 tests) 259ms
 ✓ src/domain/explore/__tests__/observation.test.ts (11 tests) 3ms
 ✓ src/domain/natureTown/simulation.test.ts (14 tests) 3171ms
   ✓ Nature Town deterministic simulation > SIM-06/07/11 conserves all food for 20 active minutes and deterministic save continuation 2604ms
   ✓ Nature Town deterministic simulation > SIM-10 protects carried food when destination is moved 330ms
 ✓ src/components/island/IslandLearningSupport.test.tsx (18 tests) 70ms
 ✓ src/domain/natureTown/acceptanceGrowthRandom.test.ts (6 tests) 716ms
   ✓ NT-3 growth and random boundaries (diagnostic fixtures) > RNG-05/07 evaluates once per interval despite repainting, failures, weather and full visitor slots 369ms
 ✓ src/hooks/blockGenerators.progression.test.ts (13 tests) 43ms
 ✓ src/components/island/three/workshopResidentFraming.test.ts (8 tests) 614ms
 ✓ src/components/island/IslandCustomization.test.tsx (9 tests) 71ms
 ✓ src/components/island/three/optionalFurnitureTrial.test.ts (8 tests) 50439ms
   ✓ borrowed tools choose an actually usable legal trial location > rechecks the chosen resident using the same borrowed model and retains a usable position on reselection 992ms
   ✓ borrowed tools choose an actually usable legal trial location > uses the new connecting floor for the formerly blocked furniture-03 hammock without moving saved furniture 1897ms
   ✓ borrowed tools choose an actually usable legal trial location > keeps the furniture-02 narrow passage blocked for the actual body, then accepts only a child-requested usable preview 7235ms
   ✓ borrowed tools choose an actually usable legal trial location > drops an old explicit search on movement, lifecycle pause and foreground resume 330ms
   ✓ borrowed tools choose an actually usable legal trial location > telescope preflights every selected resident then retains the same real model through sequential trials 10367ms
   ✓ borrowed tools choose an actually usable legal trial location > hammock preflights every selected resident then retains the same real model through sequential trials 5176ms
   ✓ borrowed tools choose an actually usable legal trial location > tea-table preflights every selected resident then retains the same real model through sequential trials 24352ms
 ✓ src/components/island/three/terrainProfile.test.ts (9 tests) 1427ms
   ✓ shore garden terrain keeps saved physical land > main keeps old ellipse centers, chords and boundary samples on the exact flat floor 307ms
   ✓ shore garden terrain keeps saved physical land > keeps western physical bridge/props identical while its terrain is not an eastern mirror 463ms
 ✓ src/components/explore/DiscoveryReveal.test.ts (7 tests) 39ms
 ✓ src/domain/learning/pilotRepository.test.ts (6 tests) 286ms
 ✓ src/components/island/three/furnitureClearance.test.ts (9 tests) 549ms
   ✓ saved furniture gives standing residents room to step aside > is deterministic and leaves an enclosed resident blocked without moving its saved furniture 501ms
 ✓ src/components/island/three/islandCameraControls.test.ts (11 tests) 7ms
 ✓ src/domain/natureTown/acceptanceSimulation.test.ts (6 tests) 264ms
 ✓ tools/island-expression-visual-matrix-audit.test.mjs (7 tests) 28ms
 ✓ src/domain/island/subjectSelection.test.ts (10 tests) 18ms
 ✓ src/components/island/three/westNavigation.test.ts (10 tests) 161ms
 ✓ src/domain/islandLife/activities.test.ts (7 tests) 387ms
 ✓ src/components/island/useIslandLearningObservation.test.ts (10 tests) 3ms
 ✓ src/domain/english/planner.test.ts (14 tests) 17ms
 ✓ tools/island-reward-goal-audit.test.mjs (9 tests) 29ms
 ✓ src/pwa.test.ts (12 tests) 85ms
 ✓ src/domain/islandLife/simulation.test.ts (11 tests) 478ms
 ✓ src/domain/explore/__tests__/runCheckpoint.test.ts (7 tests) 8ms
 ✓ src/domain/island/subjectPreference.test.ts (5 tests) 718ms
   ✓ Island next-section choice persistence > keeps the exact question and learning state, survives reload, is idempotent, and applies to one section only 313ms
 ✓ src/pwaUpdateUtils.test.ts (43 tests) 4ms
 ✓ src/domain/test/trigger.test.ts (8 tests) 6ms
 ✓ src/components/island/three/sharedActivityOcclusion.test.ts (9 tests) 10ms
 ✓ src/domain/learning/mathCatalog.test.ts (6 tests) 47ms
 ✓ src/pages/Explore.test.ts (9 tests) 6ms
 ✓ src/components/island/three/worldPalette.test.ts (4 tests) 112ms
 ✓ src/domain/island/experienceAppearance.test.ts (5 tests) 14ms
 ✓ src/components/island/IslandAlbum.test.tsx (4 tests) 33ms
 ✓ src/domain/test/paperTestRepository.test.ts (6 tests) 160ms
 ✓ src/components/island/islandAlbumPresentation.test.tsx (4 tests) 37ms
 ✓ src/components/island/life/facilityRelations.test.ts (6 tests) 1187ms
   ✓ presented facility relations > stands back for care beside an ordinary flower visitor while old snapshots retain the sniff distance 656ms
 ✓ src/components/island/three/geometry.test.ts (8 tests) 1892ms
   ✓ island sculpted geometry > keeps the static scenery and tree within a bounded mesh and triangle budget 1707ms
 ✓ src/components/island/life/encounterObservation.test.ts (5 tests) 1403ms
   ✓ requires actual ordinary presentation and explicit input, and coalesces repeated input 412ms
   ✓ preserves the gesture across a same-layout mesh rebuild without counting the GPU gap as visible time 339ms
 ✓ src/components/island/life/worldShadowPresentation.test.ts (4 tests) 449ms
 ✓ src/components/explore/ExplorePathChoice.test.tsx (5 tests) 22ms
 ✓ src/components/island/life/residentMotion.test.ts (5 tests) 845ms
 ✓ src/components/island/islandPhotoCapture.test.ts (11 tests) 23ms
 ✓ src/components/island/IslandExpression.test.tsx (5 tests) 43ms
 ✓ src/components/island/tutorial/useIslandTutorial.test.ts (6 tests) 6ms
 ✓ src/domain/explore/__tests__/discoveryPage.test.ts (9 tests) 6ms
 ✓ src/components/island/IslandRewardGoal.test.tsx (7 tests) 52ms
 ✓ src/domain/islandLife/economyMigration.test.ts (7 tests) 255ms
 ✓ src/components/island/life/runtimeAssets.test.ts (6 tests) 16ms
 ✓ src/components/explore/rootPullPresentation.test.ts (10 tests) 3ms
 ✓ src/domain/islandLife/diagonalMigration.test.ts (4 tests) 218ms
 ✓ src/domain/islandLife/landRules.test.ts (6 tests) 145ms
 ✓ src/domain/learning/unitPractice.test.ts (7 tests) 26ms
 ✓ src/components/island/IslandGrowth.test.tsx (6 tests) 29ms
 ✓ src/domain/math/generators/advanced.test.ts (10 tests) 24ms
 ✓ src/domain/islandLife/economyRepository.test.ts (5 tests) 570ms
 ✓ src/components/island/IslandHomeActions.test.tsx (6 tests) 83ms
 ✓ src/domain/challenge/engine.test.ts (17 tests) 3448ms
   ✓ challenge source v1 > covers all 45 ordered pairs, balances each block, exhausts bags, and avoids repeated/reversed neighbors 3417ms
 ✓ src/domain/islandLife/placementUndo.test.ts (6 tests) 170ms
 ✓ src/domain/islandLife/playTours.test.ts (9 tests) 17ms
 ✓ src/components/island/three/expressionEnvironment.test.ts (7 tests) 15692ms
   ✓ reversible expression environment on the existing world > moon-garden preserves geometry, growth, ground hits and all original material references through every period/season 3782ms
   ✓ reversible expression environment on the existing world > starry preserves geometry, growth, ground hits and all original material references through every period/season 3725ms
   ✓ reversible expression environment on the existing world > candy preserves geometry, growth, ground hits and all original material references through every period/season 3748ms
   ✓ reversible expression environment on the existing world > crystal preserves geometry, growth, ground hits and all original material references through every period/season 3231ms
   ✓ reversible expression environment on the existing world > reuses same-selection resources, disposes retired clones once, and restores the newest theme after growth/material regeneration 1203ms
 ✓ src/domain/island/pacing.test.ts (5 tests) 14ms
 ✓ src/components/island/three/placementOcclusion.test.ts (8 tests) 1047ms
 ✓ src/components/island/three/expressionFootTrails.test.ts (3 tests) 425ms
 ✓ src/domain/islandLife/placementMigration.test.ts (4 tests) 152ms
 ✓ src/components/explore/PaintedEncounterLineage.test.tsx (5 tests) 26ms
 ✓ src/components/island/three/homeViewFraming.test.ts (16 tests) 7699ms
   ✓ layout-owned close phone home > enlarges nearby life while retaining both residents and the house, without entering manual camera mode 779ms
   ✓ layout-owned close phone home > keeps the first deliberate zoom continuous relative to the closer base frame 513ms
   ✓ layout-owned close phone home > leaves the existing 768x900 framing unchanged 465ms
   ✓ layout-owned close phone home > leaves the existing 1024x600 framing unchanged 455ms
   ✓ layout-owned close phone home > leaves the existing 390x330 framing unchanged 435ms
   ✓ layout-owned close phone home > does not alter the dedicated or overview frame: {"districtFocus":"all"} 432ms
   ✓ layout-owned close phone home > does not alter the dedicated or overview frame: {"districtFocus":"east"} 412ms
   ✓ layout-owned close phone home > does not alter the dedicated or overview frame: {"districtFocus":"west"} 471ms
   ✓ layout-owned close phone home > does not alter the dedicated or overview frame: {"photographing":true} 397ms
   ✓ layout-owned close phone home > does not alter the dedicated or overview frame: {"readOnly":true} 455ms
   ✓ layout-owned close phone home > does not alter the dedicated or overview frame: {"readOnly":true,"comparisonHabitat":"garden"} 466ms
   ✓ layout-owned close phone home > does not alter the dedicated or overview frame: {"learning":true} 569ms
   ✓ layout-owned close phone home > does not alter the dedicated or overview frame: {"preview":{"id":"move","kind":"flower","position":{"x":0,"z":1},"rotation":0}} 479ms
   ✓ layout-owned close phone home > does not alter the dedicated or overview frame: {"playRequest":{"id":"replay","itemId":"flower"}} 452ms
   ✓ layout-owned close phone home > returns from the whole-island view to the same close home frame 516ms
   ✓ layout-owned close phone home > lets an automatic shared activity keep its authored camera with manual mode still off 402ms
 ✓ src/components/island/life/readingObservation.test.ts (5 tests) 1566ms
   ✓ requires ordinary R5 presentation and both visible book orientations 403ms
   ✓ cancels when the real reader leaves or its layout changes 399ms
   ✓ keeps the orientation through a mesh rebuild without crediting an unseen gap 305ms
 ✓ src/domain/islandLife/cadence.test.ts (8 tests) 324ms
 ✓ src/domain/explore/__tests__/encounters.test.ts (7 tests) 4ms
 ✓ src/components/island/three/appearanceFraming.test.ts (6 tests) 9276ms
   ✓ appearance viewing uses fixed real-target cameras > keeps the entire central tree in frame with the same matrix for every style and maturity at aspect 1.1016949152542372 3963ms
   ✓ appearance viewing uses fixed real-target cameras > keeps the entire central tree in frame with the same matrix for every style and maturity at aspect 1.786046511627907 3577ms
   ✓ appearance viewing uses fixed real-target cameras > wall, roof and window use one fixed house view without hiding a resident, furniture or display 1677ms
 ✓ src/components/island/three/expressionResidentVisuals.test.ts (12 tests) 2741ms
   ✓ expressions stay attached to the original residents > otter shows both real patterns with every free/paid outfit while preserving the original face, limbs and contacts 344ms
   ✓ expressions stay attached to the original residents > telescope preserves rabbit real contacts in raincoat and beret 339ms
   ✓ expressions stay attached to the original residents > telescope preserves fox real contacts in raincoat and beret 300ms
   ✓ expressions stay attached to the original residents > tea-table preserves rabbit real contacts in raincoat and beret 347ms
   ✓ expressions stay attached to the original residents > tea-table preserves fox real contacts in raincoat and beret 373ms
 ✓ src/domain/explore/__tests__/rapidLoopEligibility.test.ts (27 tests) 5ms
 ✓ src/components/island/IslandExpressionFlag.test.tsx (2 tests) 9ms
 ✓ src/components/domain/PrintableTestPreview.test.tsx (6 tests) 51ms
 ✓ src/domain/explore/__tests__/rapidLoop.test.ts (6 tests) 8ms
 ✓ src/domain/math/studyPresentation.test.ts (9 tests) 14ms
 ✓ src/domain/islandLife/heroVisit.test.ts (5 tests) 147ms
 ✓ src/domain/islandLife/walkingSpace.test.ts (7 tests) 50ms
 ✓ src/domain/learning/context.test.ts (6 tests) 46ms
 ✓ src/domain/islandLife/plantsWater.test.ts (5 tests) 163ms
 ✓ src/components/island/islandAlbumMemory.test.ts (7 tests) 7ms
 ✓ src/components/island/life/relationGaze.test.ts (9 tests) 2138ms
   ✓ same-seat R1/R3 gaze > turns pokomoko toward a young plant without moving its seat contact 501ms
   ✓ same-seat R1/R3 gaze > turns otter toward a young plant without moving its seat contact 372ms
 ✓ src/domain/island/customization.test.ts (20 tests) 17ms
 ✓ src/components/island/life/placement.test.ts (5 tests) 1056ms
   ✓ placement preview > keeps a resident on the real seat while a copy is previewed elsewhere 530ms
 ✓ src/components/island/three/livingActivities.test.ts (5 tests) 8ms
 ✓ src/domain/islandLife/cadenceMigration.test.ts (4 tests) 180ms
 ✓ src/domain/math/answerCompletion.test.ts (13 tests) 203ms
 ✓ src/domain/islandLife/discovery.test.ts (6 tests) 18ms
 ✓ src/components/island/life/extendedGround.test.ts (7 tests) 1729ms
   ✓ rendered groves and water retain exact cells and readable connections > can see sapling x 3 with its real connecting ground 370ms
   ✓ rendered groves and water retain exact cells and readable connections > keeps water comparison head focus when a reduced-motion memory is replayed with normal motion 336ms
 ✓ src/domain/math/generators/subtraction.test.ts (10 tests) 8ms
 ✓ src/domain/islandLife/sandbox.test.ts (3 tests) 317ms
 ✓ src/utils/audio.test.ts (8 tests) 42ms
 ✓ src/domain/battle/engine.test.ts (10 tests) 4ms
 ✓ src/components/dev/suika/NumberSuikaStage.test.tsx (10 tests) 34ms
 ✓ src/components/island/life/landscape.test.ts (5 tests) 224ms
 ✓ src/domain/learning/englishCatalog.test.ts (5 tests) 121ms
 ✓ src/components/island/life/gatheringVisibility.test.ts (6 tests) 1285ms
   ✓ rendered gathering evidence > requires visible real items, connecting ground and an unobstructed viewport (growth=0) 382ms
 ✓ src/components/ikimono/fuwafuwaDailyConversation.test.ts (4 tests) 2ms
 ✓ src/domain/islandLife/heroVisitMigration.test.ts (3 tests) 196ms
 ✓ src/components/island/three/learningReaction.test.ts (12 tests) 5ms
stdout | src/domain/islandLife/replaySnapshot.test.ts > persistent replay acceleration > survives cold reopen and matches full replay after 1 and 7 days, purchases and new facts
snapshot benchmark {"hours":24,"fullMs":7.647208000000035,"restoreMs":0.9074999999999704,"snapshotBytes":6126}

stdout | src/domain/islandLife/replaySnapshot.test.ts > persistent replay acceleration > survives cold reopen and matches full replay after 1 and 7 days, purchases and new facts
snapshot benchmark {"hours":168,"fullMs":5.3417499999999905,"restoreMs":1.11933300000004,"snapshotBytes":6127}

stdout | src/domain/islandLife/replaySnapshot.test.ts > persistent replay acceleration > survives cold reopen and matches full replay after 1 and 7 days, purchases and new facts
snapshot benchmark {"hours":168.0000002777778,"fullMs":2.7045000000000528,"restoreMs":2.108249999999998,"snapshotBytes":6127}

 ✓ src/domain/islandLife/replaySnapshot.test.ts (2 tests) 314ms
 ✓ src/domain/islandLife/observationVisit.test.ts (5 tests) 23ms
 ✓ src/domain/math/generators/addition.test.ts (10 tests) 4ms
 ✓ src/components/island/three/runtimeExpressionResidents.test.ts (3 tests) 2786ms
   ✓ expression rendering stays optional inside a read-only scene > pause restores the actual resident, clears every live mark and consumes the interrupted request 988ms
   ✓ expression rendering stays optional inside a read-only scene > changing reduced motion schedules the owned temporary rig instead of resetting it through ordinary updates 941ms
   ✓ expression rendering stays optional inside a read-only scene > frames the actual read-only trial and releases that camera on learning and exit 856ms
 ✓ src/domain/island/learningChecks.test.ts (14 tests) 7ms
 ✓ src/domain/islandLife/picnicTable.test.ts (5 tests) 36ms
 ✓ src/components/island/islandDiscoveryGuide.test.ts (7 tests) 11ms
 ✓ src/domain/island/homeJourney.test.ts (4 tests) 407ms
 ✓ src/domain/islandLife/purchases.test.ts (5 tests) 89ms
 ✓ src/components/explore/ReturnSummary.test.tsx (5 tests) 54ms
 ✓ src/components/island/life/useLiveDiscovery.test.ts (3 tests) 107ms
 ✓ src/components/dev/g0v2/G0MechanicRemixStage.test.tsx (4 tests) 26ms
 ✓ src/domain/natureTown/learning.test.ts (3 tests) 334ms
 ✓ src/domain/math/profileProgress.test.ts (67 tests) 27ms
 ✓ src/domain/islandLife/windArch.test.ts (4 tests) 63ms
 ✓ src/components/island/life/relationObservation.test.ts (2 tests) 877ms
   ✓ rendered explicit resident selection > looks at the actual swing user without changing either resident or the bench seat 571ms
   ✓ rendered explicit resident selection > selects another mature tree for one table user while the partner retains their original tree 305ms
 ✓ src/components/island/life/encounterVisual.test.ts (4 tests) 190ms
 ✓ src/domain/islandLife/isolation.test.ts (5 tests) 44ms
 ✓ src/components/island/three/islandCameraAnchor.test.ts (4 tests) 11ms
 ✓ src/domain/islandLife/waterMagic.test.ts (5 tests) 27ms
 ✓ src/components/island/life/liveRelations.test.ts (5 tests) 1370ms
   ✓ live rendered bench relations > tracks the actual swing occupant and separates a later visit to the same bench 484ms
 ✓ src/domain/islandLife/tourMigration.test.ts (5 tests) 179ms
 ✓ src/components/dev/g0/G0WhiteboxStage.test.tsx (6 tests) 16ms
 ✓ src/domain/islandLife/readingEncounter.test.ts (10 tests) 14ms
 ✓ src/prototypes/pittari/engine.test.ts (18 tests) 8ms
 ✓ src/components/island/three/sharedActivityContinuity.test.ts (12 tests) 2779ms
   ✓ shared props remain attached while the real resident poses change phase > 'flower' 'left/left' keeps actual holding paws and the prop continuous across every handoff boundary 427ms
 ✓ src/domain/island/catalogExpansion.test.ts (3 tests) 11ms
 ✓ src/components/island/learningGuidance.test.ts (13 tests) 4ms
 ✓ src/domain/islandLife/playTourSimulation.test.ts (7 tests) 3099ms
   ✓ authoritative GP3 time and interruption > keeps all three residents circulating during a long absence 2958ms
 ✓ src/components/island/three/waterSurface.test.ts (6 tests) 6369ms
   ✓ static ocean and shallow-water resources > keeps simultaneous palettes and other slots independent at floor level 0 1215ms
   ✓ static ocean and shallow-water resources > keeps simultaneous palettes and other slots independent at floor level 1 1511ms
   ✓ static ocean and shallow-water resources > keeps simultaneous palettes and other slots independent at floor level 2 1706ms
   ✓ static ocean and shallow-water resources > reuses and retires water resources without textures at floor level 0 435ms
   ✓ static ocean and shallow-water resources > reuses and retires water resources without textures at floor level 1 637ms
   ✓ static ocean and shallow-water resources > reuses and retires water resources without textures at floor level 2 863ms
 ✓ src/domain/islandLife/discoveryRecall.test.ts (4 tests) 21ms
 ✓ src/domain/islandLife/placementClearance.test.ts (3 tests) 32ms
 ✓ src/components/island/three/sharedJobActor.test.ts (3 tests) 306ms
 ✓ src/components/island/life/roamingPresentation.test.ts (5 tests) 62ms
 ✓ src/domain/math/generators/division.test.ts (5 tests) 21ms
 ✓ src/components/domain/answerCompletion.test.tsx (5 tests) 35ms
 ✓ src/domain/islandLife/facilities.test.ts (2 tests) 180ms
 ✓ tools/island-qualified-audit.test.mjs (12 tests) 22ms
 ✓ src/domain/islandLife/extendedGatherings.test.ts (4 tests) 21ms
 ✓ src/domain/island/landGeometry.test.ts (4 tests) 112ms
 ✓ src/domain/islandLife/repository.test.ts (5 tests) 2119ms
   ✓ independent life persistence > never awards a diagnostic time jump twice and recovers from backward clock 1938ms
 ✓ src/components/island/three/residentInterest.test.ts (11 tests) 10ms
 ✓ src/utils/tts.test.ts (6 tests) 6ms
 ✓ src/domain/english/listening.test.ts (4 tests) 6ms
 ✓ src/domain/test/paperTest.test.ts (4 tests) 6ms
 ✓ src/utils/pdfGenerator.test.ts (5 tests) 4ms
 ✓ src/components/island/learningFeedback.test.ts (7 tests) 2ms
 ✓ src/domain/island/photos.test.ts (3 tests) 12ms
 ✓ src/components/island/IslandMilestone.test.tsx (6 tests) 11ms
 ✓ src/components/domain/WrittenArithmeticGrid.test.tsx (4 tests) 14ms
 ✓ src/components/island/life/windArch.test.ts (3 tests) 1638ms
   ✓ wind and arch rendered geometry > rotates only in normal motion and freezes the recorded mode 491ms
   ✓ wind and arch rendered geometry > lets all existing residents pass along four cardinal lines without touching any arch triangle bounds 1027ms
 ✓ src/components/island/three/usualPlaceRuntime.test.ts (3 tests) 7ms
 ✓ src/components/island/three/placementPreview.test.ts (3 tests) 71ms
 ✓ src/components/island/three/residentRoaming.test.ts (5 tests) 14ms
 ✓ src/components/island/islandWorkshopRequest.test.ts (6 tests) 8ms
 ✓ src/domain/learning/independentProgress.test.ts (17 tests) 6ms
 ✓ src/components/island/three/connectedScenery.test.ts (3 tests) 2685ms
   ✓ one connected island across growth and appearance changes > replaces only terrain at unlocks, keeping the home, bridges and texture owner alive 1382ms
   ✓ one connected island across growth and appearance changes > supports all original and connecting floors once at level 1 521ms
   ✓ one connected island across growth and appearance changes > supports all original and connecting floors once at level 2 781ms
 ✓ src/components/island/life/picnicMotion.test.ts (4 tests) 757ms
   ✓ real picnic seats and ordinary use > keeps separate seat contact and shows the current users snack (two=false) 317ms
 ✓ src/components/island/life/sandbox.test.ts (4 tests) 933ms
 ✓ src/components/explore/snapRootPresentation.test.ts (5 tests) 2ms
 ✓ src/components/explore/RootPullOpeningArt.test.tsx (8 tests) 12ms
 ✓ src/domain/stats/repository.test.ts (1 test) 4ms
 ✓ src/components/natureTown/editing.test.ts (4 tests) 32ms
 ✓ src/components/island/life/readingBookPose.test.ts (3 tests) 8ms
 ✓ src/components/island/islandCustomizationRequest.test.ts (4 tests) 5ms
 ✓ src/domain/islandLife/roaming.test.ts (4 tests) 10ms
 ✓ src/components/island/life/presentationClock.test.ts (5 tests) 11ms
 ✓ src/domain/explore/__tests__/generator.test.ts (2 tests) 292ms
 ✓ src/components/island/life/canopySculptStudy.test.ts (4 tests) 1896ms
   ✓ loads three closed, connected meshes and preserves the traced foreground volume 1887ms
 ✓ src/components/island/useIslandDiscoveries.test.ts (4 tests) 12ms
 ✓ src/domain/island/visitors.test.ts (4 tests) 5ms
 ✓ src/components/island/life/canopyGroundStudy.test.ts (6 tests) 4ms
 ✓ src/domain/island/navigation.test.ts (12 tests) 4ms
 ✓ src/components/island/islandExperienceRequest.test.ts (4 tests) 4ms
 ✓ src/domain/stats/aggregation.test.ts (3 tests) 5ms
 ✓ src/domain/islandLife/footstepMagic.test.ts (3 tests) 6ms
 ✓ src/components/island/IslandPhotos.test.tsx (5 tests) 31ms
 ✓ src/components/island/life/facilities.test.ts (4 tests) 1269ms
   ✓ facility entrance uses > shows one held book or tools at the entrance for pokomoko 416ms
   ✓ facility entrance uses > shows one held book or tools at the entrance for rabbit 301ms
 ✓ src/domain/park/englishPlanning.test.ts (7 tests) 287ms
 ✓ src/domain/natureTown/repository.test.ts (5 tests) 114ms
 ✓ src/domain/islandLife/waterBench.test.ts (4 tests) 23ms
 ✓ src/components/island/three/homePresentation.test.ts (3 tests) 70ms
 ✓ src/components/explore/FireflyFlowerEncounterArt.test.tsx (8 tests) 20ms
 ✓ src/components/ikimono/lifecycle.test.ts (5 tests) 4ms
 ✓ src/components/island/life/gatheringCollector.test.ts (3 tests) 234ms
 ✓ src/components/explore/MakimodonEncounterArt.test.tsx (8 tests) 25ms
 ✓ src/domain/island/livingSettings.test.ts (4 tests) 10ms
 ✓ src/components/island/three/growthNavigation.test.ts (2 tests) 505ms
   ✓ automatically grown places support real resident life > keeps all seven anchor objects legal and reachable through the complete chapter 485ms
 ✓ src/domain/explore/__tests__/openingExperience.test.ts (5 tests) 2ms
 ✓ src/components/island/three/residentPortraitFraming.test.ts (6 tests) 402ms
 ✓ tools/asset-policy.test.mjs (19 tests) 7ms
 ✓ src/domain/islandLife/terminalFacts.test.ts (1 test) 202ms
 ✓ src/domain/test/testSet.test.ts (3 tests) 59ms
 ✓ src/components/island/IslandDirectActions.test.tsx (3 tests) 13ms
 ✓ src/domain/islandLife/capabilities.test.ts (3 tests) 71ms
 ✓ src/domain/math/generators/fraction.test.ts (6 tests) 8ms
 ✓ src/domain/math/hissanEngine.test.ts (8 tests) 3ms
 ✓ src/domain/natureTown/growthJourney.test.ts (2 tests) 713ms
   ✓ grows from the starter through real supply, retained offer, admission and increased demand 694ms
 ✓ src/components/island/three/residentFabric.test.ts (3 tests) 2317ms
   ✓ one cloth resident in the shared island > keeps atlas UVs through body/head batching and every articulated hand/foot 2146ms
 ✓ src/domain/math/additionProgress.test.ts (9 tests) 3ms
 ✓ src/components/natureTown/livingPresentation.test.ts (2 tests) 515ms
   ✓ emits actual pickup and dropoff endpoints once, while preserving food conservation 512ms
 ✓ src/components/island/life/sceneBudget.test.ts (3 tests) 982ms
   ✓ keeps 100 placed items within the scene allocation budget 426ms
 ✓ src/components/island/visualLearningGuidance.test.ts (6 tests) 6ms
 ✓ src/domain/islandLife/economyRules.test.ts (12 tests) 7ms
 ✓ src/components/island/islandExpansionPreview.test.ts (4 tests) 2ms
 ✓ src/domain/island/tutorialState.test.ts (5 tests) 3ms
 ✓ src/components/island/life/footstepPresentation.test.ts (1 test) 317ms
   ✓ uses actual grounded moving feet, never emits while stopped, and bounds trail lifetime and ownership 317ms
 ✓ src/components/island/islandCustomizationPreview.test.ts (4 tests) 5ms
 ✓ src/components/explore/ResearchBookStage.test.tsx (3 tests) 16ms
 ✓ src/components/island/IslandFurniturePlacement.test.tsx (3 tests) 12ms
 ✓ src/domain/islandLife/groupEncounters.test.ts (3 tests) 30ms
 ✓ src/components/explore/makimodonPresentation.test.ts (4 tests) 4ms
 ✓ src/domain/english/examples.test.ts (3 tests) 119ms
 ✓ src/components/island/life/LifeCatalogPages.test.tsx (3 tests) 6ms
 ✓ src/components/ikimono/fuwafuwaSpeech.test.ts (6 tests) 2ms
 ✓ src/components/Footer.test.tsx (9 tests) 33ms
 ✓ src/components/island/life/lifePersistenceMessage.test.ts (4 tests) 3ms
 ✓ src/domain/islandLife/shadowMagic.test.ts (3 tests) 11ms
 ✓ src/domain/park/learningContinuation.test.ts (3 tests) 16ms
 ✓ src/components/island/life/canopyMaterialStudy.test.ts (3 tests) 12ms
 ✓ src/components/island/life/stateProjection.test.ts (3 tests) 33ms
 ✓ src/domain/math/writtenPlaceValue.test.ts (10 tests) 7ms
 ✓ src/components/island/islandGrowthPreview.test.ts (3 tests) 6ms
 ✓ src/domain/english/generator.test.ts (4 tests) 1102ms
   ✓ English catalog and choices > every word produces four unique rendered choices (kanji=false) 539ms
   ✓ English catalog and choices > every word produces four unique rendered choices (kanji=true) 561ms
 ✓ src/components/explore/rapidTrailPresentation.test.ts (4 tests) 2ms
 ✓ src/domain/explore/__tests__/rewardPresentation.test.ts (7 tests) 3ms
 ✓ src/domain/explore/__tests__/suikaQuantity.test.ts (7 tests) 2ms
 ✓ src/components/island/life/plantMagic.test.ts (2 tests) 12ms
 ✓ src/domain/natureTown/routing.test.ts (3 tests) 91ms
 ✓ src/domain/explore/__tests__/attemptIdentity.test.ts (8 tests) 5ms
 ✓ src/domain/explore/__tests__/rewards.test.ts (5 tests) 4ms
 ✓ src/components/island/life/growthStatus.test.ts (4 tests) 5ms
 ✓ src/domain/explore/__tests__/g0MechanicMetrics.test.ts (2 tests) 2ms
 ✓ src/components/island/homeJourney/interior.test.ts (5 tests) 887ms
   ✓ the growing home and its real interior > keeps the room and camera within the same basic house at 0 answers 310ms
 ✓ src/components/island/islandFurnitureTrial.test.ts (5 tests) 14ms
 ✓ src/components/island/life/canopyShoreStudy.test.ts (3 tests) 15ms
 ✓ src/components/island/life/facilityTrips.test.ts (3 tests) 2615ms
   ✓ continuous held work and captured transport > keeps pokomoko and its prop through collection, real walking and use without changing the feet 1026ms
   ✓ continuous held work and captured transport > keeps rabbit and its prop through collection, real walking and use without changing the feet 845ms
   ✓ continuous held work and captured transport > keeps otter and its prop through collection, real walking and use without changing the feet 744ms
 ✓ src/pwaUpdateRecovery.test.ts (3 tests) 9ms
 ✓ src/components/island/life/observationCue.test.ts (3 tests) 4ms
 ✓ src/components/explore/PokkoVisualLineage.test.tsx (5 tests) 17ms
 ✓ src/components/ikimono/hitokoto.test.ts (5 tests) 5ms
 ✓ src/components/island/life/residentShadow.test.ts (3 tests) 782ms
   ✓ pokomoko: only the copied shadow waves, and normal shape and cast flags return 378ms
 ✓ src/components/island/life/placementWait.test.ts (7 tests) 8ms
 ✓ tools/learning-unit-report.test.mjs (2 tests) 109ms
 ✓ src/components/island/life/plantsWaterGeometry.test.ts (2 tests) 34ms
 ✓ src/components/island/three/homeWalk.test.ts (3 tests) 242ms
 ✓ src/components/ikimono/fuwafuwaAlbumCopy.test.ts (3 tests) 2ms
 ✓ src/components/island/three/homeInteriorCamera.test.ts (11 tests) 40505ms
   ✓ a perspective camera inside the same closed house > places the real room floor above the unchanged exterior foundation at aspect 1.3220338983050848 570ms
   ✓ a perspective camera inside the same closed house > places the real room floor above the unchanged exterior foundation at aspect 2.0210526315789474 417ms
   ✓ a perspective camera inside the same closed house > encloses the viewport, shows living objects and all sixteen awards at 390×295, actual cottage=false 10058ms
   ✓ a perspective camera inside the same closed house > encloses the viewport, shows living objects and all sixteen awards at 768×380, actual cottage=false 10767ms
   ✓ a perspective camera inside the same closed house > encloses the viewport, shows living objects and all sixteen awards at 390×295, actual cottage=true 9193ms
   ✓ a perspective camera inside the same closed house > encloses the viewport, shows living objects and all sixteen awards at 768×380, actual cottage=true 9237ms
 ✓ tools/asset-pipeline/run_batch.test.mjs (4 tests) 3ms
 ✓ src/components/island/islandStarReceiptEligibility.test.ts (3 tests) 2ms
 ✓ src/domain/math/subtractionProgress.test.ts (5 tests) 4ms
 ✓ src/components/island/islandDistrictView.test.ts (5 tests) 3ms
 ✓ src/domain/islandLife/growthIntegration.test.ts (2 tests) 62ms
 ✓ src/domain/explore/__tests__/runStructure.test.ts (3 tests) 4ms
 ✓ src/domain/math/numberEntry.test.ts (4 tests) 173ms
 ✓ src/domain/learning/runtimeUnitPractice.test.ts (9 tests) 10ms
 ✓ src/components/island/life/residentWalk.test.ts (6 tests) 30ms
 ✓ src/components/island/life/canopyAtmosphereStudy.test.ts (2 tests) 7ms
 ✓ src/domain/math/sequenceProgress.test.ts (5 tests) 5ms
 ✓ src/domain/learning/reviewBudget.test.ts (7 tests) 2ms
 ✓ src/domain/math/fractionInput.test.ts (3 tests) 4ms
 ✓ src/components/island/IslandWelcome.test.tsx (2 tests) 11ms
 ✓ src/domain/explore/__tests__/encounterPhase.test.ts (7 tests) 3ms
 ✓ src/components/island/IslandRewards.test.tsx (2 tests) 12ms
 ✓ src/domain/benchmark/coldOpenFixedTen.test.ts (2 tests) 2ms
 ✓ src/components/island/three/workshopGround.test.ts (1 test) 127ms
 ✓ src/components/island/homeJourney/delivery.test.ts (4 tests) 2ms
 ✓ src/hooks/useLearningSessionLease.test.ts (1 test) 9ms
 ✓ src/domain/math/comparisonProgress.test.ts (5 tests) 3ms
 ✓ src/components/island/homeJourney/growthReveal.test.ts (4 tests) 2ms
 ✓ src/components/domain/answerConfirmGuidance.test.ts (2 tests) 10ms
 ✓ src/domain/explore/__tests__/fixedTenBenchmark.test.ts (2 tests) 2ms
 ✓ src/components/explore/AuthoredEncounterArt.test.tsx (6 tests) 17ms
 ✓ src/domain/islandLife/production.test.ts (2 tests) 51ms
 ✓ src/domain/learning/reviewPolicy.test.ts (5 tests) 3ms
 ✓ src/domain/explore/__tests__/replay.test.ts (3 tests) 4ms
 ✓ src/components/ikimono/fuwafuwaMilestones.test.ts (4 tests) 3ms
 ✓ src/utils/learningDay.test.ts (5 tests) 4ms
 ✓ src/components/dev/devStudySelection.test.ts (2 tests) 5ms
 ✓ src/components/island/life/growthCue.test.ts (3 tests) 2ms
 ✓ src/components/ikimono/sceneText.test.ts (3 tests) 3ms
 ✓ src/components/island/life/runtimeAssetSlots.test.ts (2 tests) 3ms
 ✓ src/components/island/homeJourney/contacts.test.ts (1 test) 2ms
 ✓ src/domain/math/writtenInput.test.ts (3 tests) 3ms
 ✓ src/domain/island/studyRoute.test.ts (16 tests) 7ms
 ✓ src/components/ikimono/ikimonoMotion.test.ts (3 tests) 3ms
 ✓ src/components/ui/modalLayerManager.test.ts (2 tests) 3ms
 ✓ src/components/island/three/sharedCarryRoute.test.ts (2 tests) 5ms
 ✓ src/components/LaunchRoute.test.tsx (4 tests) 10ms
 ✓ src/components/natureTown/residentPose.test.ts (1 test) 503ms
   ✓ uses committed pickup/dropoff without replaying gestures after movement, expiry or reload 502ms
 ✓ src/components/gate/arithmeticGate.test.ts (3 tests) 5ms
 ✓ src/components/island/three/westScenery.test.ts (1 test) 143ms
 ✓ src/components/home/homeMagicEnergy.test.ts (2 tests) 1ms
 ✓ src/domain/island/feature.test.ts (6 tests) 5ms
 ✓ src/domain/island/expansion.test.ts (2 tests) 4ms
 ✓ src/components/island/life/runtimeAssetLod.test.ts (3 tests) 5ms
 ✓ src/components/domain/NumberFieldsLayout.test.tsx (4 tests) 5ms
 ✓ src/components/ikimono/IkimonoArtwork.test.tsx (2 tests) 19ms
 ✓ src/components/explore/MakimodonResearchArt.test.tsx (2 tests) 36ms
 ✓ src/components/island/islandDirectTargets.test.ts (2 tests) 5ms
 ✓ src/utils/theme.test.ts (4 tests) 7ms
 ✓ src/components/explore/RootPullDiscoveryReveal.test.tsx (1 test) 24ms
 ✓ src/components/island/life/waterMagic.test.ts (1 test) 3ms
 ✓ tools/island-e2e-helpers.test.mjs (3 tests) 3ms
 ✓ src/components/island/IslandProsePrompt.test.tsx (3 tests) 8ms
 ✓ src/components/explore/PokkoBaseArt.test.tsx (1 test) 9ms
 ✓ src/domain/math/hissanTypes.test.ts (2 tests) 3ms
 ✓ src/components/island/life/rewardCue.test.ts (3 tests) 3ms
 ✓ src/domain/math/deterministicGeneration.test.ts (2 tests) 28ms
 ✓ src/components/island/homeJourney/scene.test.ts (3 tests) 454ms
 ✓ src/components/explore/exploreAnswerInput.test.ts (3 tests) 1ms
 ✓ src/components/explore/DiscoveryPageArt.test.tsx (1 test) 10ms
 ✓ src/components/island/three/expressionResidentWalk.test.ts (16 tests) 41850ms
   ✓ explicit expression trial uses the actual feet and a bounded legal walk > leaves the actual mature default bench before otter trial, reduced=false 5561ms
   ✓ explicit expression trial uses the actual feet and a bounded legal walk > leaves the actual mature default bench before rabbit trial, reduced=false 1759ms
   ✓ explicit expression trial uses the actual feet and a bounded legal walk > leaves the actual mature default bench before fox trial, reduced=false 3886ms
   ✓ explicit expression trial uses the actual feet and a bounded legal walk > leaves the actual mature default bench before otter trial, reduced=true 5174ms
   ✓ explicit expression trial uses the actual feet and a bounded legal walk > leaves the actual mature default bench before rabbit trial, reduced=true 2378ms
   ✓ explicit expression trial uses the actual feet and a bounded legal walk > leaves the actual mature default bench before fox trial, reduced=true 3262ms
   ✓ explicit expression trial uses the actual feet and a bounded legal walk > cancellation during preparing restores the same seated rig and stops pending departure 369ms
   ✓ explicit expression trial uses the actual feet and a bounded legal walk > cancellation during departing restores the same seated rig and stops pending departure 1905ms
   ✓ explicit expression trial uses the actual feet and a bounded legal walk > cancellation during walking restores the same seated rig and stops pending departure 1663ms
   ✓ explicit expression trial uses the actual feet and a bounded legal walk > otter, reduced=false: same rig lands and cancels without moving furniture 3121ms
   ✓ explicit expression trial uses the actual feet and a bounded legal walk > rabbit, reduced=false: same rig lands and cancels without moving furniture 2710ms
   ✓ explicit expression trial uses the actual feet and a bounded legal walk > fox, reduced=false: same rig lands and cancels without moving furniture 2409ms
   ✓ explicit expression trial uses the actual feet and a bounded legal walk > otter, reduced=true: same rig lands and cancels without moving furniture 3213ms
   ✓ explicit expression trial uses the actual feet and a bounded legal walk > rabbit, reduced=true: same rig lands and cancels without moving furniture 2780ms
   ✓ explicit expression trial uses the actual feet and a bounded legal walk > fox, reduced=true: same rig lands and cancels without moving furniture 1579ms
 ✓ src/components/island/life/identity.test.ts (2 tests) 15820ms
   ✓ keeps every resident mesh, fabric, transform and walking pose identical across C3 and legacy scenery 15564ms

 Test Files  438 passed (438)
      Tests  4084 passed (4084)
   Start at  10:49:53
   Duration  91.38s (transform 7.80s, setup 0ms, collect 130.60s, tests 554.96s, environment 63ms, prepare 19.18s)


> pokko-fushigi-zukan-app@0.0.0 build
> tsc -b && vite build && npm run assets:check

vite v7.3.1 building client environment for production...
transforming...
Browserslist: browsers data (caniuse-lite) is 8 months old. Please run:
  npx update-browserslist-db@latest
  Why you should do it regularly: https://github.com/browserslist/update-db#readme
✓ 3800 modules transformed.
Generated an empty chunk: "pdf".
rendering chunks...
computing gzip size...
dist/version.json                                     0.43 kB │ gzip:   0.26 kB
dist/index.html                                       1.58 kB │ gzip:   0.72 kB
dist/assets/town-prop-bench-FdKjOSai.png              9.13 kB
dist/assets/NotoSansJP-C_ziqpoc.woff2                13.06 kB
dist/assets/town-prop-flowers-BOUxk4Bw.png           13.80 kB
dist/assets/town-rabbit-carrying-RfQ1w-aH.png        14.24 kB
dist/assets/town-rabbit-giving-CnJ9JmwQ.png          14.58 kB
dist/assets/town-rabbit-receiving-DUoJoWgV.png       14.72 kB
dist/assets/town-rabbit-idle-Bh01hjGD.png            14.90 kB
dist/assets/town-prop-home-B1P8AAtr.png              19.39 kB
dist/assets/town-prop-tree-Yw3JP1Jo.png              20.27 kB
dist/assets/town-otter-carrying-CNTvBDdk.png         21.45 kB
dist/assets/town-otter-giving-C4wtqVhT.png           21.71 kB
dist/assets/town-otter-receiving-hjH-v6Y1.png        21.99 kB
dist/assets/town-otter-idle-BshfulWh.png             22.12 kB
dist/assets/town-pokomoko-carrying-B6igduKw.png      25.49 kB
dist/assets/town-pokomoko-giving-BOi7RcKv.png        26.51 kB
dist/assets/town-pokomoko-idle-hYR2u8GP.png          26.67 kB
dist/assets/flower-bloom-original-Bhc8ZRS8.png       27.17 kB
dist/assets/town-pokomoko-receiving-CKZT-N1L.png     27.25 kB
dist/assets/pokomoko-original-8wLdjUXI.png           31.15 kB
dist/assets/basis_transcoder-o4Hde_L7.js             57.53 kB
dist/assets/far-geometry-Di-gBAev.glb                62.40 kB
dist/assets/far-CbQUffpN.glb                         70.37 kB
dist/assets/far-geometry-C2nCL94K.glb                90.88 kB
dist/assets/far-geometry-DTfZ_trK.glb               127.57 kB
dist/assets/far-iUTsXLLh.glb                        130.80 kB
dist/assets/far-geometry-BV4Tmqez.glb               136.54 kB
dist/assets/far-BNsdfYHM.glb                        147.90 kB
dist/assets/near-Bt9PwG61.glb                       209.47 kB
dist/assets/far-geometry-B5GXTTw0.glb               226.28 kB
dist/assets/near-3yaftuce.glb                       293.84 kB
dist/assets/near-B8znkHvM.glb                       306.04 kB
dist/assets/far-Zj6wZqfp.glb                        309.89 kB
dist/assets/far-geometry-CUf7iENq.glb               325.53 kB
dist/assets/near-CuR2H6Uc.glb                       443.91 kB
dist/assets/basis_transcoder-VXdx5NbI.wasm          527.33 kB │ gzip: 247.62 kB
dist/assets/near-CMx7NApC.glb                     1,568.14 kB
dist/assets/near-B3PvBOT3.glb                     1,642.36 kB
dist/assets/near-C_b32qsb.glb                     1,706.40 kB
dist/assets/near-l6ZZxCWq.glb                     1,759.80 kB
dist/assets/near-DoEuBhay.glb                     1,924.85 kB
dist/assets/near-7GK7mDBY.glb                     1,983.43 kB
dist/assets/IslandWelcome-BJp8Sa-m.css                2.05 kB │ gzip:   0.72 kB
dist/assets/NatureTown-CsBT-ZpQ.css                  11.84 kB │ gzip:   3.30 kB
dist/assets/Island-DyYOUQ1e.css                      28.98 kB │ gzip:   5.63 kB
dist/assets/IslandLife-CLEYrgoy.css                  60.47 kB │ gzip:   9.41 kB
dist/assets/Island-C9Lfi2K9.css                     101.39 kB │ gzip:  16.08 kB
dist/assets/index-DHsEbQWW.css                      240.92 kB │ gzip:  41.01 kB
dist/assets/pdf-l0sNRNKZ.js                           0.00 kB │ gzip:   0.02 kB
dist/assets/homeJourney-AsyulGtB.js                   0.83 kB │ gzip:   0.52 kB
dist/assets/IslandWelcome-BZ2TDIi1.js                 1.95 kB │ gzip:   1.04 kB
dist/assets/footprint-BGabKAZq.js                     3.26 kB │ gzip:   1.68 kB
dist/assets/IslandOnboarding-DttPMgmj.js              3.45 kB │ gzip:   1.50 kB
dist/assets/LifeResidentPortrait-CuKvqda5.js         17.35 kB │ gzip:   7.43 kB
dist/assets/repository-DgDP_aaa.js                   23.36 kB │ gzip:   9.39 kB
dist/assets/icons-DlAJqBvX.js                        28.54 kB │ gzip:  10.48 kB
dist/assets/audio-DwtSHwBT.js                        36.13 kB │ gzip:   9.75 kB
dist/assets/islandFurniturePlacement-6L50biOh.js     42.09 kB │ gzip:  12.16 kB
dist/assets/residentInterest-CuaO6yUQ.js             46.78 kB │ gzip:  18.23 kB
dist/assets/react-DcHpdqMy.js                        48.53 kB │ gzip:  17.24 kB
dist/assets/NatureTown-BsMAPHhT.js                   50.72 kB │ gzip:  17.81 kB
dist/assets/Island-C6w-ufXY.js                       68.17 kB │ gzip:  21.44 kB
dist/assets/repository-D_nsiW48.js                   74.19 kB │ gzip:  20.57 kB
dist/assets/data-CYRvWfdS.js                         96.37 kB │ gzip:  32.45 kB
dist/assets/runtimeAssets-B6ijKwr2.js               108.82 kB │ gzip:  39.94 kB
dist/assets/motion-iLBaTeAD.js                      119.65 kB │ gzip:  39.54 kB
dist/assets/IslandLife-DGmDNYDH.js                  170.25 kB │ gzip:  57.00 kB
dist/assets/Island-Bn1kiuSU.js                      300.31 kB │ gzip:  88.80 kB
dist/assets/runtime-CVPty3VL.js                     344.38 kB │ gzip: 107.72 kB
dist/assets/charts-Dqb-tBNT.js                      371.57 kB │ gzip: 108.42 kB
dist/assets/RoundedBoxGeometry-SRscFZ8v.js          627.12 kB │ gzip: 163.15 kB
dist/assets/index-DiwmnieI.js                     1,063.48 kB │ gzip: 299.15 kB

(!) Some chunks are larger than 500 kB after minification. Consider:
- Using dynamic import() to code-split the application
- Use build.rollupOptions.output.manualChunks to improve chunking: https://rollupjs.org/configuration-options/#output-manualchunks
- Adjust chunk size limit for this warning via build.chunkSizeWarningLimit.
✓ built in 6.59s

PWA v1.2.0
mode      generateSW
precache  125 entries (5545.34 KiB)
files generated
  dist/sw.js
  dist/workbox-486909bb.js

> pokko-fushigi-zukan-app@0.0.0 assets:check
> node tools/check-asset-budget.mjs

PASS assets:check
- PWA precache: 125 unique files, 11.56 MiB / 12.00 MiB
- Explore artwork: 27 production files, 4.92 MiB / 8.00 MiB
- Production-input contract: docs/design only; absent from public and precache
