vite v7.3.1 building client environment for production...
transforming...
Browserslist: browsers data (caniuse-lite) is 9 months old. Please run:
  npx update-browserslist-db@latest
  Why you should do it regularly: https://github.com/browserslist/update-db#readme
✓ 3978 modules transformed.
Generated an empty chunk: "pdf".
rendering chunks...
computing gzip size...
dist-classic-graphics-b/version.json                                      0.52 kB │ gzip:   0.29 kB
dist-classic-graphics-b/index.html                                        3.89 kB │ gzip:   1.72 kB
dist-classic-graphics-b/assets/town-prop-bench-FdKjOSai.png               9.13 kB
dist-classic-graphics-b/assets/NotoSansJP-C_ziqpoc.woff2                 13.06 kB
dist-classic-graphics-b/assets/town-prop-flowers-BOUxk4Bw.png            13.80 kB
dist-classic-graphics-b/assets/town-rabbit-carrying-RfQ1w-aH.png         14.24 kB
dist-classic-graphics-b/assets/town-rabbit-giving-CnJ9JmwQ.png           14.58 kB
dist-classic-graphics-b/assets/town-rabbit-receiving-DUoJoWgV.png        14.72 kB
dist-classic-graphics-b/assets/town-rabbit-idle-Bh01hjGD.png             14.90 kB
dist-classic-graphics-b/assets/catalog-MsWF2Ofo.png                      18.20 kB
dist-classic-graphics-b/assets/town-prop-home-B1P8AAtr.png               19.39 kB
dist-classic-graphics-b/assets/town-prop-tree-Yw3JP1Jo.png               20.27 kB
dist-classic-graphics-b/assets/town-otter-carrying-CNTvBDdk.png          21.45 kB
dist-classic-graphics-b/assets/town-otter-giving-C4wtqVhT.png            21.71 kB
dist-classic-graphics-b/assets/town-otter-receiving-hjH-v6Y1.png         21.99 kB
dist-classic-graphics-b/assets/town-otter-idle-BshfulWh.png              22.12 kB
dist-classic-graphics-b/assets/town-pokomoko-carrying-B6igduKw.png       25.49 kB
dist-classic-graphics-b/assets/town-pokomoko-giving-BOi7RcKv.png         26.51 kB
dist-classic-graphics-b/assets/town-pokomoko-idle-hYR2u8GP.png           26.67 kB
dist-classic-graphics-b/assets/flower-bloom-original-Bhc8ZRS8.png        27.17 kB
dist-classic-graphics-b/assets/town-pokomoko-receiving-CKZT-N1L.png      27.25 kB
dist-classic-graphics-b/assets/syncProjection.worker-DQ2emBBO.js         29.48 kB
dist-classic-graphics-b/assets/pokomoko-original-8wLdjUXI.png            31.15 kB
dist-classic-graphics-b/assets/catalog-C9jTiRjH.png                      32.80 kB
dist-classic-graphics-b/assets/dela-gothic-one-tzEOUe9y.woff2            39.87 kB
dist-classic-graphics-b/assets/zen-maru-gothic-black-DnteofP1.woff2      51.44 kB
dist-classic-graphics-b/assets/basis_transcoder-o4Hde_L7.js              57.53 kB
dist-classic-graphics-b/assets/far-geometry-Di-gBAev.glb                 62.40 kB
dist-classic-graphics-b/assets/lifeMigration.worker-DRo0A9q_.js          69.57 kB
dist-classic-graphics-b/assets/pokomoko-learning-poses-B-Jfr41M.webp     70.07 kB
dist-classic-graphics-b/assets/far-CbQUffpN.glb                          70.37 kB
dist-classic-graphics-b/assets/far-geometry-C2nCL94K.glb                 90.88 kB
dist-classic-graphics-b/assets/far-geometry-DTfZ_trK.glb                127.57 kB
dist-classic-graphics-b/assets/far-iUTsXLLh.glb                         130.80 kB
dist-classic-graphics-b/assets/far-geometry-BV4Tmqez.glb                136.54 kB
dist-classic-graphics-b/assets/far-BNsdfYHM.glb                         147.90 kB
dist-classic-graphics-b/assets/lifeUpdate.worker-Hoq18J-E.js            189.18 kB
dist-classic-graphics-b/assets/near-Bt9PwG61.glb                        209.47 kB
dist-classic-graphics-b/assets/far-geometry-B5GXTTw0.glb                226.28 kB
dist-classic-graphics-b/assets/near-3yaftuce.glb                        293.84 kB
dist-classic-graphics-b/assets/near-B8znkHvM.glb                        306.04 kB
dist-classic-graphics-b/assets/far-Zj6wZqfp.glb                         309.89 kB
dist-classic-graphics-b/assets/far-geometry-CUf7iENq.glb                325.53 kB
dist-classic-graphics-b/assets/near-CuR2H6Uc.glb                        443.91 kB
dist-classic-graphics-b/assets/basis_transcoder-VXdx5NbI.wasm           527.33 kB │ gzip: 247.62 kB
dist-classic-graphics-b/assets/near-CMx7NApC.glb                      1,568.14 kB
dist-classic-graphics-b/assets/near-B3PvBOT3.glb                      1,642.36 kB
dist-classic-graphics-b/assets/near-C_b32qsb.glb                      1,706.40 kB
dist-classic-graphics-b/assets/near-l6ZZxCWq.glb                      1,759.80 kB
dist-classic-graphics-b/assets/near-DoEuBhay.glb                      1,924.85 kB
dist-classic-graphics-b/assets/near-7GK7mDBY.glb                      1,983.43 kB
dist-classic-graphics-b/assets/IslandSharedMemories-CxXlpls3.css          1.54 kB │ gzip:   0.57 kB
dist-classic-graphics-b/assets/IslandFurniture-7NZ9dhCz.css               1.57 kB │ gzip:   0.55 kB
dist-classic-graphics-b/assets/LifeMemories-Cia3-2wk.css                  1.58 kB │ gzip:   0.56 kB
dist-classic-graphics-b/assets/IslandDiscoveryGuide-DpYKYTkf.css          2.05 kB │ gzip:   0.75 kB
dist-classic-graphics-b/assets/IslandWelcome-BJp8Sa-m.css                 2.05 kB │ gzip:   0.72 kB
dist-classic-graphics-b/assets/IslandExpression-BAzaKUz5.css              2.18 kB │ gzip:   0.68 kB
dist-classic-graphics-b/assets/life-observation-DvQvywiD.css              2.49 kB │ gzip:   0.83 kB
dist-classic-graphics-b/assets/Stats-Dbi260P-.css                         4.39 kB │ gzip:   1.12 kB
dist-classic-graphics-b/assets/IslandWorkshop-KxE1cutE.css                4.47 kB │ gzip:   1.24 kB
dist-classic-graphics-b/assets/IslandStage-BctzDSoi.css                   4.83 kB │ gzip:   1.38 kB
dist-classic-graphics-b/assets/IslandExperiencePanel-Cn-0xXmE.css         6.01 kB │ gzip:   1.33 kB
dist-classic-graphics-b/assets/IslandPhotos-Dz-XgAxv.css                  6.54 kB │ gzip:   1.60 kB
dist-classic-graphics-b/assets/GrowingIsland-DqsVmHjt.css                 6.88 kB │ gzip:   1.76 kB
dist-classic-graphics-b/assets/IslandCustomization-BKdIHMdQ.css           7.08 kB │ gzip:   1.62 kB
dist-classic-graphics-b/assets/NatureTown-CusrCJWB.css                   12.17 kB │ gzip:   3.48 kB
dist-classic-graphics-b/assets/Explore-C0qQ-HMA.css                      13.06 kB │ gzip:   2.95 kB
dist-classic-graphics-b/assets/growing-CTISOAqj.css                      15.76 kB │ gzip:   3.57 kB
dist-classic-graphics-b/assets/Island-DVCPJhVi.css                       27.09 kB │ gzip:   5.16 kB
dist-classic-graphics-b/assets/IslandLife-twUpqDIC.css                   61.34 kB │ gzip:   9.76 kB
dist-classic-graphics-b/assets/Island-cvkB2oyq.css                      136.73 kB │ gzip:  19.28 kB
dist-classic-graphics-b/assets/index-WKa8UAgL.css                       293.78 kB │ gzip:  48.37 kB
dist-classic-graphics-b/assets/pdf-l0sNRNKZ.js                            0.00 kB │ gzip:   0.02 kB
dist-classic-graphics-b/assets/feature-DTknTrpN.js                        0.04 kB │ gzip:   0.06 kB
dist-classic-graphics-b/assets/utils-B-dksMZM.js                          0.37 kB │ gzip:   0.24 kB
dist-classic-graphics-b/assets/createIslandRenderer-LZ64FGFi.js           0.43 kB │ gzip:   0.28 kB
dist-classic-graphics-b/assets/progressRepository-DBIpiSat.js             0.65 kB │ gzip:   0.37 kB
dist-classic-graphics-b/assets/useGardenTime-hvwMA9lq.js                  0.71 kB │ gzip:   0.39 kB
dist-classic-graphics-b/assets/lighting-U3a9i1i7.js                       0.79 kB │ gzip:   0.44 kB
dist-classic-graphics-b/assets/homeJourney-BkBsv3V2.js                    0.95 kB │ gzip:   0.58 kB
dist-classic-graphics-b/assets/repository-CQ7AegzF.js                     1.20 kB │ gzip:   0.68 kB
dist-classic-graphics-b/assets/random-BDr3YF07.js                         1.62 kB │ gzip:   1.03 kB
dist-classic-graphics-b/assets/RoundedBoxGeometry-DCb4BlEq.js             1.72 kB │ gzip:   0.81 kB
dist-classic-graphics-b/assets/room-DdZh6lRq.js                           1.74 kB │ gzip:   0.98 kB
dist-classic-graphics-b/assets/IslandWelcome-DuV98RTH.js                  2.07 kB │ gzip:   1.09 kB
dist-classic-graphics-b/assets/LifeResidentPortrait-D6v3q0Lx.js           2.33 kB │ gzip:   1.28 kB
dist-classic-graphics-b/assets/Learn-CTTaIoyG.js                          2.39 kB │ gzip:   1.23 kB
dist-classic-graphics-b/assets/IslandWorkReplay-D63VK4q3.js               2.44 kB │ gzip:   0.92 kB
dist-classic-graphics-b/assets/GrowingHouseGuide-DF3eAeNf.js              2.71 kB │ gzip:   1.33 kB
dist-classic-graphics-b/assets/footprint-Bvl4RY7E.js                      2.98 kB │ gzip:   1.55 kB
dist-classic-graphics-b/assets/IslandOnboarding-od3EleGu.js               3.57 kB │ gzip:   1.56 kB
dist-classic-graphics-b/assets/guideMemoryPictures-BzhFZKss.js            4.05 kB │ gzip:   2.07 kB
dist-classic-graphics-b/assets/IslandDiscoveryGuide-BJ25F11k.js           4.25 kB │ gzip:   1.79 kB
dist-classic-graphics-b/assets/IslandFurniture-BjoJnbiC.js                4.79 kB │ gzip:   1.81 kB
dist-classic-graphics-b/assets/scene-Csa9v9CH.js                          6.38 kB │ gzip:   2.98 kB
dist-classic-graphics-b/assets/geometry-eggg_qBh.js                       6.67 kB │ gzip:   2.84 kB
dist-classic-graphics-b/assets/IslandStage-BoQqd2Lk.js                    6.69 kB │ gzip:   2.72 kB
dist-classic-graphics-b/assets/IslandAlbum-Dy0GvmQU.js                    8.63 kB │ gzip:   3.25 kB
dist-classic-graphics-b/assets/friendRig-WAgT_-j5.js                      8.74 kB │ gzip:   3.14 kB
dist-classic-graphics-b/assets/LifeObservation-eGpLyZ1J.js                8.92 kB │ gzip:   3.03 kB
dist-classic-graphics-b/assets/HomeJourneyPreview-GPrTieJZ.js             9.43 kB │ gzip:   4.48 kB
dist-classic-graphics-b/assets/IslandCustomization-Dp16HCwJ.js            9.92 kB │ gzip:   3.36 kB
dist-classic-graphics-b/assets/IslandExpression-O_MurYwz.js               9.94 kB │ gzip:   3.29 kB
dist-classic-graphics-b/assets/IslandExperiencePanel-Ba425TJ3.js          9.97 kB │ gzip:   3.05 kB
dist-classic-graphics-b/assets/PokomokoLearningActor-Idyla9ba.js         10.08 kB │ gzip:   4.50 kB
dist-classic-graphics-b/assets/IslandPhotos-93PSaDAw.js                  10.23 kB │ gzip:   3.30 kB
dist-classic-graphics-b/assets/LifeMemories-Bju2EiU4.js                  10.51 kB │ gzip:   3.77 kB
dist-classic-graphics-b/assets/flowerGeometry-D_ljYhZj.js                10.79 kB │ gzip:   4.49 kB
dist-classic-graphics-b/assets/IslandStage-Ds_MPCqw.js                   10.80 kB │ gzip:   4.07 kB
dist-classic-graphics-b/assets/itemGeometry-D5xwNRRL.js                  10.83 kB │ gzip:   4.43 kB
dist-classic-graphics-b/assets/IslandSharedMemories-DyCjvzXn.js          12.12 kB │ gzip:   3.66 kB
dist-classic-graphics-b/assets/IslandWorkshop-DU8eiVcw.js                12.67 kB │ gzip:   3.60 kB
dist-classic-graphics-b/assets/menuMiniatures-_wkdiWOh.js                13.02 kB │ gzip:   5.27 kB
dist-classic-graphics-b/assets/cottage-CJ1XvKYK.js                       13.34 kB │ gzip:   5.97 kB
dist-classic-graphics-b/assets/homeInteriorCamera-Dh_SW6qX.js            19.49 kB │ gzip:   7.29 kB
dist-classic-graphics-b/assets/repository-BY1T7Z6a.js                    21.81 kB │ gzip:   8.33 kB
dist-classic-graphics-b/assets/LifeWorld-C1VIg4yF.js                     29.20 kB │ gzip:  10.98 kB
dist-classic-graphics-b/assets/icons-KHSRnDXp.js                         30.91 kB │ gzip:  11.29 kB
dist-classic-graphics-b/assets/Stats-Dndfnryg.js                         32.25 kB │ gzip:  10.73 kB
dist-classic-graphics-b/assets/GrowingWorld-N9UzPoNG.js                  33.46 kB │ gzip:  13.07 kB
dist-classic-graphics-b/assets/life-observation-edH7VZXo.js              33.79 kB │ gzip:  12.43 kB
dist-classic-graphics-b/assets/audio-DwtSHwBT.js                         36.13 kB │ gzip:   9.75 kB
dist-classic-graphics-b/assets/residentInterest-SbC2y9uu.js              40.36 kB │ gzip:  16.00 kB
dist-classic-graphics-b/assets/islandFurniturePlacement-nA02aB1N.js      42.09 kB │ gzip:  12.18 kB
dist-classic-graphics-b/assets/react-DcHpdqMy.js                         48.53 kB │ gzip:  17.24 kB
dist-classic-graphics-b/assets/NatureTown-gsn25VRJ.js                    50.85 kB │ gzip:  17.86 kB
dist-classic-graphics-b/assets/scene-Dj9NgSxW.js                         52.65 kB │ gzip:  20.51 kB
dist-classic-graphics-b/assets/Island-CYV-3dt1.js                        52.94 kB │ gzip:  16.32 kB
dist-classic-graphics-b/assets/GrowingIsland-cC3QOc6y.js                 54.24 kB │ gzip:  18.06 kB
dist-classic-graphics-b/assets/IslandLife-FCWUfPY_.js                    64.41 kB │ gzip:  21.04 kB
dist-classic-graphics-b/assets/data-CYRvWfdS.js                          96.37 kB │ gzip:  32.45 kB
dist-classic-graphics-b/assets/runtimeAssets-CKNx0dkI.js                110.06 kB │ gzip:  40.44 kB
dist-classic-graphics-b/assets/repository-YgwkoOh8.js                   117.01 kB │ gzip:  35.89 kB
dist-classic-graphics-b/assets/motion-iLBaTeAD.js                       119.65 kB │ gzip:  39.54 kB
dist-classic-graphics-b/assets/growing-hLvgegsN.js                      185.89 kB │ gzip: 136.00 kB
dist-classic-graphics-b/assets/Explore-DCqoKa-j.js                      209.48 kB │ gzip:  59.73 kB
dist-classic-graphics-b/assets/Island-J1slVatd.js                       275.93 kB │ gzip:  87.31 kB
dist-classic-graphics-b/assets/runtime-B3TvfO0n.js                      333.80 kB │ gzip: 104.09 kB
dist-classic-graphics-b/assets/charts-B2Phfr4C.js                       371.25 kB │ gzip: 108.31 kB
dist-classic-graphics-b/assets/residentRig-CpLbN-uo.js                  627.69 kB │ gzip: 163.13 kB
dist-classic-graphics-b/assets/index-Burd93G_.js                        890.26 kB │ gzip: 252.77 kB

(!) Some chunks are larger than 500 kB after minification. Consider:
- Using dynamic import() to code-split the application
- Use build.rollupOptions.output.manualChunks to improve chunking: https://rollupjs.org/configuration-options/#output-manualchunks
- Adjust chunk size limit for this warning via build.chunkSizeWarningLimit.
✓ built in 6.02s

PWA v1.2.0
mode      generateSW
precache  186 entries (5610.55 KiB)
files generated
  dist-classic-graphics-b/sw.js
  dist-classic-graphics-b/workbox-486909bb.js
warnings
  One of the glob patterns doesn't match any files. Please remove or fix the following: {
  "globDirectory": "/private/var/folders/0z/bq5m0r1x4_59p55yrw1mx6fr0000gn/T/sansu-edge-candidate-eivolf/dist-classic-graphics-b",
  "globPattern": "assets/pokomoko-arcade-poses-*.webp",
  "globIgnores": [
    "visual-tests/**/*",
    "fonts/NotoSansJP-Japanese.woff2",
    "sw.js",
    "workbox-*.js"
  ]
}
  One of the glob patterns doesn't match any files. Please remove or fix the following: {
  "globDirectory": "/private/var/folders/0z/bq5m0r1x4_59p55yrw1mx6fr0000gn/T/sansu-edge-candidate-eivolf/dist-classic-graphics-b",
  "globPattern": "assets/pokomoko-arcade-rim-*.webp",
  "globIgnores": [
    "visual-tests/**/*",
    "fonts/NotoSansJP-Japanese.woff2",
    "sw.js",
    "workbox-*.js"
  ]
}

